Archive member included to satisfy reference by file (symbol)

d:/mounriver_studio/toolchain/risc-v embedded gcc12/bin/../lib/gcc/riscv-none-elf/12.2.0/../../../../riscv-none-elf/lib\libm_nano.a(lib_a-wf_sqrt.o)
                              ./User/imu_quaternion.o (sqrtf)
d:/mounriver_studio/toolchain/risc-v embedded gcc12/bin/../lib/gcc/riscv-none-elf/12.2.0/../../../../riscv-none-elf/lib\libm_nano.a(lib_a-ef_sqrt.o)
                              d:/mounriver_studio/toolchain/risc-v embedded gcc12/bin/../lib/gcc/riscv-none-elf/12.2.0/../../../../riscv-none-elf/lib\libm_nano.a(lib_a-wf_sqrt.o) (__ieee754_sqrtf)
d:/mounriver_studio/toolchain/risc-v embedded gcc12/bin/../lib/gcc/riscv-none-elf/12.2.0/../../../../riscv-none-elf/lib\libprintfloat.a(printfloat.o)
                              ./User/usbd_compatibility_hid.o (putchar)
d:/mounriver_studio/toolchain/risc-v embedded gcc12/bin/../lib/gcc/riscv-none-elf/12.2.0\libgcc.a(_divdi3.o)
                              ./User/hd_rumble2.o (__divdi3)
d:/mounriver_studio/toolchain/risc-v embedded gcc12/bin/../lib/gcc/riscv-none-elf/12.2.0\libgcc.a(_udivdi3.o)
                              ./User/hd_rumble2.o (__udivdi3)
d:/mounriver_studio/toolchain/risc-v embedded gcc12/bin/../lib/gcc/riscv-none-elf/12.2.0\libgcc.a(_umoddi3.o)
                              d:/mounriver_studio/toolchain/risc-v embedded gcc12/bin/../lib/gcc/riscv-none-elf/12.2.0/../../../../riscv-none-elf/lib\libprintfloat.a(printfloat.o) (__umoddi3)
d:/mounriver_studio/toolchain/risc-v embedded gcc12/bin/../lib/gcc/riscv-none-elf/12.2.0\libgcc.a(adddf3.o)
                              ./User/imu_quaternion.o (__adddf3)
d:/mounriver_studio/toolchain/risc-v embedded gcc12/bin/../lib/gcc/riscv-none-elf/12.2.0\libgcc.a(divdf3.o)
                              ./User/imu_quaternion.o (__divdf3)
d:/mounriver_studio/toolchain/risc-v embedded gcc12/bin/../lib/gcc/riscv-none-elf/12.2.0\libgcc.a(ledf2.o)
                              d:/mounriver_studio/toolchain/risc-v embedded gcc12/bin/../lib/gcc/riscv-none-elf/12.2.0/../../../../riscv-none-elf/lib\libprintfloat.a(printfloat.o) (__ltdf2)
d:/mounriver_studio/toolchain/risc-v embedded gcc12/bin/../lib/gcc/riscv-none-elf/12.2.0\libgcc.a(muldf3.o)
                              ./User/imu_quaternion.o (__muldf3)
d:/mounriver_studio/toolchain/risc-v embedded gcc12/bin/../lib/gcc/riscv-none-elf/12.2.0\libgcc.a(subdf3.o)
                              ./User/imu_quaternion.o (__subdf3)
d:/mounriver_studio/toolchain/risc-v embedded gcc12/bin/../lib/gcc/riscv-none-elf/12.2.0\libgcc.a(floatsidf.o)
                              ./User/imu_quaternion.o (__floatsidf)
d:/mounriver_studio/toolchain/risc-v embedded gcc12/bin/../lib/gcc/riscv-none-elf/12.2.0\libgcc.a(floatunsidf.o)
                              ./User/imu_quaternion.o (__floatunsidf)
d:/mounriver_studio/toolchain/risc-v embedded gcc12/bin/../lib/gcc/riscv-none-elf/12.2.0\libgcc.a(fixdfdi.o)
                              d:/mounriver_studio/toolchain/risc-v embedded gcc12/bin/../lib/gcc/riscv-none-elf/12.2.0/../../../../riscv-none-elf/lib\libprintfloat.a(printfloat.o) (__fixdfdi)
d:/mounriver_studio/toolchain/risc-v embedded gcc12/bin/../lib/gcc/riscv-none-elf/12.2.0\libgcc.a(floatdidf.o)
                              d:/mounriver_studio/toolchain/risc-v embedded gcc12/bin/../lib/gcc/riscv-none-elf/12.2.0/../../../../riscv-none-elf/lib\libprintfloat.a(printfloat.o) (__floatdidf)
d:/mounriver_studio/toolchain/risc-v embedded gcc12/bin/../lib/gcc/riscv-none-elf/12.2.0\libgcc.a(addsf3.o)
                              ./User/imu_quaternion.o (__addsf3)
d:/mounriver_studio/toolchain/risc-v embedded gcc12/bin/../lib/gcc/riscv-none-elf/12.2.0\libgcc.a(divsf3.o)
                              ./User/conf.o (__divsf3)
d:/mounriver_studio/toolchain/risc-v embedded gcc12/bin/../lib/gcc/riscv-none-elf/12.2.0\libgcc.a(gesf2.o)
                              ./User/imu_quaternion.o (__gtsf2)
d:/mounriver_studio/toolchain/risc-v embedded gcc12/bin/../lib/gcc/riscv-none-elf/12.2.0\libgcc.a(lesf2.o)
                              d:/mounriver_studio/toolchain/risc-v embedded gcc12/bin/../lib/gcc/riscv-none-elf/12.2.0/../../../../riscv-none-elf/lib\libm_nano.a(lib_a-ef_sqrt.o) (__lesf2)
d:/mounriver_studio/toolchain/risc-v embedded gcc12/bin/../lib/gcc/riscv-none-elf/12.2.0\libgcc.a(mulsf3.o)
                              ./User/imu.o (__mulsf3)
d:/mounriver_studio/toolchain/risc-v embedded gcc12/bin/../lib/gcc/riscv-none-elf/12.2.0\libgcc.a(subsf3.o)
                              ./User/imu_quaternion.o (__subsf3)
d:/mounriver_studio/toolchain/risc-v embedded gcc12/bin/../lib/gcc/riscv-none-elf/12.2.0\libgcc.a(unordsf2.o)
                              d:/mounriver_studio/toolchain/risc-v embedded gcc12/bin/../lib/gcc/riscv-none-elf/12.2.0/../../../../riscv-none-elf/lib\libm_nano.a(lib_a-wf_sqrt.o) (__unordsf2)
d:/mounriver_studio/toolchain/risc-v embedded gcc12/bin/../lib/gcc/riscv-none-elf/12.2.0\libgcc.a(fixsfsi.o)
[...]
Memory Configuration

Name             Origin             Length             Attributes
FLASH            0x0000000000000000 0x0000000000010000 xr
RAM              0x0000000020000000 0x0000000000005000 xrw
*default*        0x0000000000000000 0xffffffffffffffff

Linker script and memory map

LOAD ./User/ch32v10x_it.o
LOAD ./User/ch32v10x_usbfs_device.o
LOAD ./User/conf.o
LOAD ./User/flash.o
LOAD ./User/global_api.o
LOAD ./User/gpio_adc.o
LOAD ./User/gpio_digit.o
LOAD ./User/hd_rumble.o
LOAD ./User/hd_rumble2.o
LOAD ./User/hd_rumble_high_accuracy.o
LOAD ./User/i2c.o
LOAD ./User/imu.o
LOAD ./User/imu_quaternion.o
LOAD ./User/main.o
LOAD ./User/ns_com.o
LOAD ./User/ns_com_mux.o
LOAD ./User/pwr.o
LOAD ./User/ring_buffer.o
LOAD ./User/spi.o
LOAD ./User/system_ch32v10x.o
LOAD ./User/tick.o
LOAD ./User/uart_com.o
LOAD ./User/usb_desc.o
LOAD ./User/usbd_compatibility_hid.o
LOAD ./Startup/startup_ch32v10x.o
LOAD ./Peripheral/src/ch32v10x_adc.o
LOAD ./Peripheral/src/ch32v10x_bkp.o
LOAD ./Peripheral/src/ch32v10x_crc.o
LOAD ./Peripheral/src/ch32v10x_dbgmcu.o
LOAD ./Peripheral/src/ch32v10x_dma.o
LOAD ./Peripheral/src/ch32v10x_exti.o
LOAD ./Peripheral/src/ch32v10x_flash.o
LOAD ./Peripheral/src/ch32v10x_gpio.o
LOAD ./Peripheral/src/ch32v10x_i2c.o
LOAD ./Peripheral/src/ch32v10x_iwdg.o
LOAD ./Peripheral/src/ch32v10x_misc.o
LOAD ./Peripheral/src/ch32v10x_pwr.o
LOAD ./Peripheral/src/ch32v10x_rcc.o
LOAD ./Peripheral/src/ch32v10x_rtc.o
LOAD ./Peripheral/src/ch32v10x_spi.o
LOAD ./Peripheral/src/ch32v10x_tim.o
LOAD ./Peripheral/src/ch32v10x_usart.o
LOAD ./Peripheral/src/ch32v10x_usb.o
LOAD ./Peripheral/src/ch32v10x_usb_host.o
LOAD ./Peripheral/src/ch32v10x_wwdg.o
LOAD ./Debug/debug.o
LOAD ./Core/core_riscv.o
LOAD d:/mounriver_studio/toolchain/risc-v embedded gcc12/bin/../lib/gcc/riscv-none-elf/12.2.0/../../../../riscv-none-elf/lib\libm_nano.a
LOAD d:/mounriver_studio/toolchain/risc-v embedded gcc12/bin/../lib/gcc/riscv-none-elf/12.2.0/../../../../riscv-none-elf/lib\libprintfloat.a
LOAD d:/mounriver_studio/toolchain/risc-v embedded gcc12/bin/../lib/gcc/riscv-none-elf/12.2.0\libgcc.a
LOAD d:/mounriver_studio/toolchain/risc-v embedded gcc12/bin/../lib/gcc/riscv-none-elf/12.2.0/../../../../riscv-none-elf/lib\libg_nano.a
LOAD d:/mounriver_studio/toolchain/risc-v embedded gcc12/bin/../lib/gcc/riscv-none-elf/12.2.0/../../../../riscv-none-elf/lib\libc_nano.a
LOAD d:/mounriver_studio/toolchain/risc-v embedded gcc12/bin/../lib/gcc/riscv-none-elf/12.2.0\libgcc.a
START GROUP
LOAD d:/mounriver_studio/toolchain/risc-v embedded gcc12/bin/../lib/gcc/riscv-none-elf/12.2.0\libgcc.a
LOAD d:/mounriver_studio/toolchain/risc-v embedded gcc12/bin/../lib/gcc/riscv-none-elf/12.2.0/../../../../riscv-none-elf/lib\libc_nano.a
LOAD d:/mounriver_studio/toolchain/risc-v embedded gcc12/bin/../lib/gcc/riscv-none-elf/12.2.0/../../../../riscv-none-elf/lib\libnosys.a
END GROUP
START GROUP
LOAD d:/mounriver_studio/toolchain/risc-v embedded gcc12/bin/../lib/gcc/riscv-none-elf/12.2.0\libgcc.a
LOAD d:/mounriver_studio/toolchain/risc-v embedded gcc12/bin/../lib/gcc/riscv-none-elf/12.2.0/../../../../riscv-none-elf/lib\libc_nano.a
LOAD d:/mounriver_studio/toolchain/risc-v embedded gcc12/bin/../lib/gcc/riscv-none-elf/12.2.0/../../../../riscv-none-elf/lib\libnosys.a
END GROUP
                0x0000000000000800                __stack_size = 0x800
                [!provide]                        PROVIDE (_stack_size = __stack_size)

.init           0x0000000000000000       0x38
                0x0000000000000000                _sinit = .
                0x0000000000000000                . = ALIGN (0x4)
 *(SORT_NONE(.init))
 .init          0x0000000000000000       0x38 ./Startup/startup_ch32v10x.o
                0x0000000000000000                _start
                0x0000000000000038                . = ALIGN (0x4)
                0x0000000000000038                _einit = .

.vector         0x0000000000000038      0x108
 *(.vector)
 .vector        0x0000000000000038       0xf0 ./Startup/startup_ch32v10x.o
                0x0000000000000140                . = ALIGN (0x40)
 *fill*         0x0000000000000128       0x18 

.text           0x0000000000000140     0xc12c
                0x0000000000000140                . = ALIGN (0x4)
 *(.text)
 .text          0x0000000000000140       0x60 d:/mounriver_studio/toolchain/risc-v embedded gcc12/bin/../lib/gcc/riscv-none-elf/12.2.0\libgcc.a(save-restore.o)
                0x0000000000000140                __riscv_save_12
                0x0000000000000148                __riscv_save_9
                0x0000000000000148                __riscv_save_11
                0x0000000000000148                __riscv_save_10
                0x0000000000000148                __riscv_save_8
                0x0000000000000156                __riscv_save_4
                0x0000000000000156                __riscv_save_6
                0x0000000000000156                __riscv_save_5
                0x0000000000000156                __riscv_save_7
                0x0000000000000170                __riscv_save_3
                0x0000000000000170                __riscv_save_2
                0x0000000000000170                __riscv_save_1
                0x0000000000000170                __riscv_save_0
                0x000000000000017c                __riscv_restore_12
                0x0000000000000180                __riscv_restore_11
                0x0000000000000180                __riscv_restore_9
                0x0000000000000180                __riscv_restore_10
                0x0000000000000180                __riscv_restore_8
                0x000000000000018a                __riscv_restore_5
                0x000000000000018a                __riscv_restore_7
                0x000000000000018a                __riscv_restore_6
                0x000000000000018a                __riscv_restore_4
                0x0000000000000194                __riscv_restore_3
                0x0000000000000194                __riscv_restore_0
                0x0000000000000194                __riscv_restore_2
                0x0000000000000194                __riscv_restore_1
 .text          0x00000000000001a0       0x16 d:/mounriver_studio/toolchain/risc-v embedded gcc12/bin/../lib/gcc/riscv-none-elf/12.2.0/../../../../riscv-none-elf/lib\libg_nano.a(lib_a-memcpy-asm.o)
                0x00000000000001a0                memcpy
 .text          0x00000000000001b6       0x10 d:/mounriver_studio/toolchain/risc-v embedded gcc12/bin/../lib/gcc/riscv-none-elf/12.2.0/../../../../riscv-none-elf/lib\libg_nano.a(lib_a-memset.o)
                0x00000000000001b6                memset
 *(.text.*)
 .text.NMI_Handler
                0x00000000000001c6        0x2 ./User/ch32v10x_it.o
                0x00000000000001c6                NMI_Handler
 .text.HardFault_Handler
                0x00000000000001c8        0x2 ./User/ch32v10x_it.o
                0x00000000000001c8                HardFault_Handler
 .text.USBFS_RCC_Init
                0x00000000000001ca       0x4a ./User/ch32v10x_usbfs_device.o
                0x00000000000001ca                USBFS_RCC_Init
 .text.USBFS_Device_Endp_Init
                0x0000000000000214       0x3c ./User/ch32v10x_usbfs_device.o
                0x0000000000000214                USBFS_Device_Endp_Init
 .text.USBFS_IRQHandler
                0x0000000000000250      0x772 ./User/ch32v10x_usbfs_device.o
                0x0000000000000250                USBFS_IRQHandler
 .text.USBFS_Device_Init
                0x00000000000009c2       0x94 ./User/ch32v10x_usbfs_device.o
                0x00000000000009c2                USBFS_Device_Init
 .text.conf_read
                0x0000000000000a56       0x3c ./User/conf.o
                0x0000000000000a56                conf_read
 .text.custom_conf_read
                0x0000000000000a92        0xc ./User/conf.o
                0x0000000000000a92                custom_conf_read
 .text.custom_conf_write
                0x0000000000000a9e        0xc ./User/conf.o
                0x0000000000000a9e                custom_conf_write
 .text.pack_fac_conf
                0x0000000000000aaa       0x68 ./User/conf.o
                0x0000000000000aaa                pack_fac_conf
 .text.fac_conf_write
                0x0000000000000b12       0x12 ./User/conf.o
                0x0000000000000b12                fac_conf_write
 .text.conf_write
                0x0000000000000b24       0x4e ./User/conf.o
                0x0000000000000b24                conf_write
 .text.unpack_fac_conf
                0x0000000000000b72      0x210 ./User/conf.o
                0x0000000000000b72                unpack_fac_conf
 .text.fac_conf_read
                0x0000000000000d82       0x1a ./User/conf.o
                0x0000000000000d82                fac_conf_read
 .text.conf_flush
                0x0000000000000d9c       0x4e ./User/conf.o
                0x0000000000000d9c                conf_flush
 .text.conf_init
                0x0000000000000dea      0x1b0 ./User/conf.o
                0x0000000000000dea                conf_init
 .text._flash_write
                0x0000000000000f9a       0x4e ./User/flash.o
                0x0000000000000f9a                _flash_write
 .text.flash_write
                0x0000000000000fe8       0x40 ./User/flash.o
                0x0000000000000fe8                flash_write
 .text.get_raw_flash_buf
                0x0000000000001028        0x6 ./User/flash.o
                0x0000000000001028                get_raw_flash_buf
 .text.raw_flash_write
                0x000000000000102e        0x2 ./User/flash.o
                0x000000000000102e                raw_flash_write
 .text.flash_read
                0x0000000000001030       0x40 ./User/flash.o
                0x0000000000001030                flash_read
 .text.fetch_uint32
                0x0000000000001070       0x18 ./User/global_api.o
                0x0000000000001070                fetch_uint32
 .text.ADC_Function_Init
                0x0000000000001088       0xb2 ./User/gpio_adc.o
                0x0000000000001088                ADC_Function_Init
 .text.DMA_Tx_Init
                0x000000000000113a       0x58 ./User/gpio_adc.o
                0x000000000000113a                DMA_Tx_Init
 .text.adc_init
                0x0000000000001192       0x7c ./User/gpio_adc.o
                0x0000000000001192                adc_init
 .text.gpio_tb_init
                0x000000000000120e       0x80 ./User/gpio_digit.o
                0x000000000000120e                gpio_tb_init
 .text.gpio_init
                0x000000000000128e       0xe0 ./User/gpio_digit.o
                0x000000000000128e                gpio_init
 .text.gpio_read_all
                0x000000000000136e       0x72 ./User/gpio_digit.o
                0x000000000000136e                gpio_read_all
 .text.gpio_read
                0x00000000000013e0       0x54 ./User/gpio_digit.o
                0x00000000000013e0                gpio_read
 .text.hd_rumble_init
                0x0000000000001434      0x14c ./User/hd_rumble.o
                0x0000000000001434                hd_rumble_init
 .text.hd_rumble_set_status
                0x0000000000001580        0xe ./User/hd_rumble.o
                0x0000000000001580                hd_rumble_set_status
 .text.ApplyCommand
                0x000000000000158e       0x3e ./User/hd_rumble2.o
                0x000000000000158e                ApplyCommand
 .text.ApplyAmCommand
                0x00000000000015cc       0x24 ./User/hd_rumble2.o
                0x00000000000015cc                ApplyAmCommand
 .text.ApplyFmCommand
                0x00000000000015f0       0x28 ./User/hd_rumble2.o
                0x00000000000015f0                ApplyFmCommand
 .text.get_hd_rumble_pack
                0x0000000000001618       0x16 ./User/hd_rumble2.o
                0x0000000000001618                get_hd_rumble_pack
 .text.deocde_hd_rumble_format1
                0x000000000000162e       0x60 ./User/hd_rumble2.o
                0x000000000000162e                deocde_hd_rumble_format1
 .text.decode_hd_rumble_format1long
                0x000000000000168e       0x94 ./User/hd_rumble2.o
                0x000000000000168e                decode_hd_rumble_format1long
 .text.decode_hd_rumble_format1full
                0x0000000000001722      0x124 ./User/hd_rumble2.o
                0x0000000000001722                decode_hd_rumble_format1full
 .text.decode_hd_rumble_format2
                0x0000000000001846       0xb8 ./User/hd_rumble2.o
                0x0000000000001846                decode_hd_rumble_format2
 .text.decode_hd_rumble_format2long
                0x00000000000018fe       0xfa ./User/hd_rumble2.o
                0x00000000000018fe                decode_hd_rumble_format2long
 .text.decode_hd_rumble_format3
                0x00000000000019f8      0x128 ./User/hd_rumble2.o
                0x00000000000019f8                decode_hd_rumble_format3
 .text.decode_hd_rumble_multiformat_high_acc
                0x0000000000001b20      0x234 ./User/hd_rumble2.o
                0x0000000000001b20                decode_hd_rumble_multiformat_high_acc
 .text.hd_rumble_high_accurary_init
                0x0000000000001d54       0x76 ./User/hd_rumble_high_accuracy.o
                0x0000000000001d54                hd_rumble_high_accurary_init
 .text.push_waveform
                0x0000000000001dca       0x68 ./User/hd_rumble_high_accuracy.o
                0x0000000000001dca                push_waveform
 .text.push_waveform_into_buffer_task
                0x0000000000001e32      0x104 ./User/hd_rumble_high_accuracy.o
                0x0000000000001e32                push_waveform_into_buffer_task
 .text.step_forward
                0x0000000000001f36       0x40 ./User/hd_rumble_high_accuracy.o
                0x0000000000001f36                step_forward
 .text.rumble_pattern_check
                0x0000000000001f76       0x5c ./User/hd_rumble_high_accuracy.o
                0x0000000000001f76                rumble_pattern_check
 .text.TIM3_IRQHandler
                0x0000000000001fd2      0x224 ./User/hd_rumble_high_accuracy.o
                0x0000000000001fd2                TIM3_IRQHandler
 .text.i2c2_check_error
                0x00000000000021f6       0x32 ./User/i2c.o
                0x00000000000021f6                i2c2_check_error
 .text.i2c2_check_flag
                0x0000000000002228       0x28 ./User/i2c.o
                0x0000000000002228                i2c2_check_flag
 .text.i2c2_check_event
                0x0000000000002250       0x28 ./User/i2c.o
                0x0000000000002250                i2c2_check_event
 .text.I2C2_ER_IRQHandler
                0x0000000000002278       0x2a ./User/i2c.o
                0x0000000000002278                I2C2_ER_IRQHandler
 .text.i2c_software_recovery
                0x00000000000022a2      0x12c ./User/i2c.o
                0x00000000000022a2                i2c_software_recovery
 .text.i2c2_reset
                0x00000000000023ce       0xc8 ./User/i2c.o
                0x00000000000023ce                i2c2_reset
 .text.i2c_hardware_init
                0x0000000000002496      0x13a ./User/i2c.o
                0x0000000000002496                i2c_hardware_init
 .text.i2c_read_start
                0x00000000000025d0      0x14a ./User/i2c.o
                0x00000000000025d0                i2c_read_start
 .text.i2c_read_byte
                0x000000000000271a       0x7e ./User/i2c.o
                0x000000000000271a                i2c_read_byte
 .text.i2c_read_continuous
                0x0000000000002798       0xc4 ./User/i2c.o
                0x0000000000002798                i2c_read_continuous
 .text.i2c_write_byte
                0x000000000000285c      0x11a ./User/i2c.o
                0x000000000000285c                i2c_write_byte
 .text.i2c_init
                0x0000000000002976       0x18 ./User/i2c.o
                0x0000000000002976                i2c_init
 .text.imu_set_reg
                0x000000000000298e       0x34 ./User/imu.o
                0x000000000000298e                imu_set_reg
 .text.imu_read
                0x00000000000029c2       0x4c ./User/imu.o
                0x00000000000029c2                imu_read
 .text.set_imu_awake
                0x0000000000002a0e      0x12a ./User/imu.o
                0x0000000000002a0e                set_imu_awake
 .text.set_imu_sleep
                0x0000000000002b38       0x24 ./User/imu.o
                0x0000000000002b38                set_imu_sleep
 .text.imu_init
                0x0000000000002b5c        0x2 ./User/imu.o
                0x0000000000002b5c                imu_init
 .text.imu_upd  0x0000000000002b5e      0x220 ./User/imu.o
                0x0000000000002b5e                imu_upd
 .text._imu_quat_normalize
                0x0000000000002d7e       0x90 ./User/imu_quaternion.o
                0x0000000000002d7e                _imu_quat_normalize
 .text._imu_rotate_quaternion
                0x0000000000002e0e      0x128 ./User/imu_quaternion.o
                0x0000000000002e0e                _imu_rotate_quaternion
 .text._imu_update_quaternion
                0x0000000000002f36      0x1fe ./User/imu_quaternion.o
                0x0000000000002f36                _imu_update_quaternion
 .text.switch_motion_pack_quat
                0x0000000000003134      0x2b2 ./User/imu_quaternion.o
                0x0000000000003134                switch_motion_pack_quat
 .text.imu_upd2
                0x00000000000033e6       0x44 ./User/imu_quaternion.o
                0x00000000000033e6                imu_upd2
 .text.Var_Init
                0x000000000000342a       0x2c ./User/main.o
                0x000000000000342a                Var_Init
 .text.button_upd_all
                0x0000000000003456       0x18 ./User/main.o
                0x0000000000003456                button_upd_all
 .text.get_peripheral_data_handler
                0x000000000000346e       0x56 ./User/main.o
                0x000000000000346e                get_peripheral_data_handler
 .text.joystick_snapback_filter
                0x00000000000034c4      0x244 ./User/main.o
                0x00000000000034c4                joystick_snapback_filter
 .text.joystick_debounce_task
                0x0000000000003708       0x80 ./User/main.o
                0x0000000000003708                joystick_debounce_task
 .text.send_input_with_uart
                0x0000000000003788       0xbc ./User/main.o
                0x0000000000003788                send_input_with_uart
 .text.imu_read_test
                0x0000000000003844       0x4e ./User/main.o
                0x0000000000003844                imu_read_test
 .text.func_switch_task
                0x0000000000003892      0x13e ./User/main.o
                0x0000000000003892                func_switch_task
 .text.top_timer
                0x00000000000039d0      0x106 ./User/main.o
                0x00000000000039d0                top_timer
 .text.routine_service
                0x0000000000003ad6       0x48 ./User/main.o
                0x0000000000003ad6                routine_service
 .text.set_peripherals_state
                0x0000000000003b1e       0x92 ./User/main.o
                0x0000000000003b1e                set_peripherals_state
 .text.wake_esp32
                0x0000000000003bb0       0x3e ./User/main.o
                0x0000000000003bb0                wake_esp32
 .text.init_all
                0x0000000000003bee      0x11e ./User/main.o
                0x0000000000003bee                init_all
 .text.recv_esp32_connect_control
                0x0000000000003d0c      0x104 ./User/main.o
                0x0000000000003d0c                recv_esp32_connect_control
 .text.recv_rumble_frame
                0x0000000000003e10       0x7e ./User/main.o
                0x0000000000003e10                recv_rumble_frame
 .text.recv_pwr_control
                0x0000000000003e8e       0x52 ./User/main.o
                0x0000000000003e8e                recv_pwr_control
 .text.recv_esp32_pkg
                0x0000000000003ee0       0x2e ./User/main.o
                0x0000000000003ee0                recv_esp32_pkg
 .text.connection_state_handler
                0x0000000000003f0e      0x13a ./User/main.o
                0x0000000000003f0e                connection_state_handler
 .text.startup.main
                0x0000000000004048      0x124 ./User/main.o
                0x0000000000004048                main
 .text.ns_subcommand_set_hci_state
                0x000000000000416c        0x2 ./User/ns_com.o
                0x000000000000416c                ns_subcommand_set_hci_state
 .text.ns_subcommand_set_imu_register
                0x000000000000416e       0x2a ./User/ns_com.o
                0x000000000000416e                ns_subcommand_set_imu_register
 .text.ns_subcommand_reset_mcu
                0x0000000000004198        0x2 ./User/ns_com.o
                0x0000000000004198                ns_subcommand_reset_mcu
 .text.ns_subcommand_set_home_led
                0x000000000000419a        0x2 ./User/ns_com.o
                0x000000000000419a                ns_subcommand_set_home_led
 .text.ns_subcommand_reset_pairing_info
                0x000000000000419c        0x2 ./User/ns_com.o
                0x000000000000419c                ns_subcommand_reset_pairing_info
 .text.pkt_clr  0x000000000000419e       0x16 ./User/ns_com.o
                0x000000000000419e                pkt_clr
 .text.ns_subcommand_set_mcu_conf
                0x00000000000041b4       0x40 ./User/ns_com.o
                0x00000000000041b4                ns_subcommand_set_mcu_conf
 .text.ns_subcommand_default
                0x00000000000041f4       0x38 ./User/ns_com.o
                0x00000000000041f4                ns_subcommand_default
 .text.ns_subcommand_pair_by_wire
                0x000000000000422c       0xac ./User/ns_com.o
                0x000000000000422c                ns_subcommand_pair_by_wire
 .text.ns_subcommand_get_device_info
                0x00000000000042d8       0x9e ./User/ns_com.o
                0x00000000000042d8                ns_subcommand_get_device_info
 .text.ns_subcommand_set_input_mode
                0x0000000000004376       0x5c ./User/ns_com.o
                0x0000000000004376                ns_subcommand_set_input_mode
 .text.ns_subcommand_trigger_buttons_elapsed_time
                0x00000000000043d2       0x46 ./User/ns_com.o
                0x00000000000043d2                ns_subcommand_trigger_buttons_elapsed_time
 .text.ns_subcommand_get_page_list_state
                0x0000000000004418       0x3a ./User/ns_com.o
                0x0000000000004418                ns_subcommand_get_page_list_state
 .text.ns_subcommand_set_shipping_mode
                0x0000000000004452       0x38 ./User/ns_com.o
                0x0000000000004452                ns_subcommand_set_shipping_mode
 .text.ns_subcommand_spi_erase
                0x000000000000448a        0x4 ./User/ns_com.o
                0x000000000000448a                ns_subcommand_spi_erase
 .text.ns_subcommand_enable_mcu_polling
                0x000000000000448e        0x4 ./User/ns_com.o
                0x000000000000448e                ns_subcommand_enable_mcu_polling
 .text.ns_subcommand_disable_mcu_polling
                0x0000000000004492        0x4 ./User/ns_com.o
                0x0000000000004492                ns_subcommand_disable_mcu_polling
 .text.ns_subcommand_spi_read
                0x0000000000004496       0xb2 ./User/ns_com.o
                0x0000000000004496                ns_subcommand_spi_read
 .text.ns_subcommand_spi_write
                0x0000000000004548       0x64 ./User/ns_com.o
                0x0000000000004548                ns_subcommand_spi_write
 .text.ns_subcommand_set_mcu_state
                0x00000000000045ac       0x34 ./User/ns_com.o
                0x00000000000045ac                ns_subcommand_set_mcu_state
 .text.ns_subcommand_attachmend_write
                0x00000000000045e0        0x4 ./User/ns_com.o
                0x00000000000045e0                ns_subcommand_attachmend_write
 .text.ns_subcommand_write_charge_setting
                0x00000000000045e4        0x4 ./User/ns_com.o
                0x00000000000045e4                ns_subcommand_write_charge_setting
 .text.ns_subcommand_attachmend_read
                0x00000000000045e8       0x36 ./User/ns_com.o
                0x00000000000045e8                ns_subcommand_attachmend_read
 .text.ns_subcommand_attachment_state
                0x000000000000461e       0x30 ./User/ns_com.o
                0x000000000000461e                ns_subcommand_attachment_state
 .text.ns_subcommand_get_attachment_info
                0x000000000000464e       0x34 ./User/ns_com.o
                0x000000000000464e                ns_subcommand_get_attachment_info
 .text.ns_subcommand_set_indicate_led
                0x0000000000004682       0x46 ./User/ns_com.o
                0x0000000000004682                ns_subcommand_set_indicate_led
 .text.ns_subcommand_get_indicate_led
                0x00000000000046c8       0x3c ./User/ns_com.o
                0x00000000000046c8                ns_subcommand_get_indicate_led
 .text.ns_subcommand_set_imu_state
                0x0000000000004704       0x4c ./User/ns_com.o
                0x0000000000004704                ns_subcommand_set_imu_state
 .text.ns_subcommand_set_imu_conf
                0x0000000000004750       0x7e ./User/ns_com.o
                0x0000000000004750                ns_subcommand_set_imu_conf
 .text.ns_subcommand_read_imu_register
                0x00000000000047ce       0x76 ./User/ns_com.o
                0x00000000000047ce                ns_subcommand_read_imu_register
 .text.ns_subcommand_set_rumble_state
                0x0000000000004844       0x3e ./User/ns_com.o
                0x0000000000004844                ns_subcommand_set_rumble_state
 .text.ns_subcommand_get_battery_voltage
                0x0000000000004882       0x3a ./User/ns_com.o
                0x0000000000004882                ns_subcommand_get_battery_voltage
 .text.ns_subcommand_read_charge_setting
                0x00000000000048bc       0x38 ./User/ns_com.o
                0x00000000000048bc                ns_subcommand_read_charge_setting
 .text.ns_subcommand_callback_init
                0x00000000000048f4      0x112 ./User/ns_com.o
                0x00000000000048f4                ns_subcommand_callback_init
 .text.ns_rumble_handler
                0x0000000000004a06       0x50 ./User/ns_com_mux.o
                0x0000000000004a06                ns_rumble_handler
 .text.ns_cmd_subcommand_dispatcher
                0x0000000000004a56       0x50 ./User/ns_com_mux.o
                0x0000000000004a56                ns_cmd_subcommand_dispatcher
 .text.ns_mux_usb_handshake_handler
                0x0000000000004aa6       0x9e ./User/ns_com_mux.o
                0x0000000000004aa6                ns_mux_usb_handshake_handler
 .text._calibrate_imu_raw
                0x0000000000004b44       0xc0 ./User/ns_com_mux.o
                0x0000000000004b44                _calibrate_imu_raw
 .text.calibrate_imu
                0x0000000000004c04      0x17a ./User/ns_com_mux.o
                0x0000000000004c04                calibrate_imu
 .text.fw_subcommand_reboot
                0x0000000000004d7e       0x22 ./User/ns_com_mux.o
                0x0000000000004d7e                fw_subcommand_reboot
 .text.ns_mux_init
                0x0000000000004da0       0x3c ./User/ns_com_mux.o
                0x0000000000004da0                ns_mux_init
 .text.ns_send_report
                0x0000000000004ddc       0x12 ./User/ns_com_mux.o
                0x0000000000004ddc                ns_send_report
 .text.hid_send_full64byte_report
                0x0000000000004dee       0x10 ./User/ns_com_mux.o
                0x0000000000004dee                hid_send_full64byte_report
 .text.fw_snd_pkt
                0x0000000000004dfe       0x20 ./User/ns_com_mux.o
                0x0000000000004dfe                fw_snd_pkt
 .text.fw_subcommand_read_setting
                0x0000000000004e1e       0x9a ./User/ns_com_mux.o
                0x0000000000004e1e                fw_subcommand_read_setting
 .text.fw_subcommand_write_setting
                0x0000000000004eb8       0xac ./User/ns_com_mux.o
                0x0000000000004eb8                fw_subcommand_write_setting
 .text.fw_subcommand_read_emulate_rom
                0x0000000000004f64       0x4c ./User/ns_com_mux.o
                0x0000000000004f64                fw_subcommand_read_emulate_rom
 .text.fw_subcommand_write_emulate_rom
                0x0000000000004fb0       0x2e ./User/ns_com_mux.o
                0x0000000000004fb0                fw_subcommand_write_emulate_rom
 .text.fw_subcommand_calibrate_imu
                0x0000000000004fde       0x1e ./User/ns_com_mux.o
                0x0000000000004fde                fw_subcommand_calibrate_imu
 .text.fw_subcommand_calibrate_js_offset
                0x0000000000004ffc       0x66 ./User/ns_com_mux.o
                0x0000000000004ffc                fw_subcommand_calibrate_js_offset
 .text.fw_subcommand_get_status
                0x0000000000005062       0x3c ./User/ns_com_mux.o
                0x0000000000005062                fw_subcommand_get_status
 .text.fw_subcommand_get_version
                0x000000000000509e       0x16 ./User/ns_com_mux.o
                0x000000000000509e                fw_subcommand_get_version
 .text.fw_subcommand_dispatcher
                0x00000000000050b4       0x96 ./User/ns_com_mux.o
                0x00000000000050b4                fw_subcommand_dispatcher
 .text.hid_dispatch
                0x000000000000514a       0x50 ./User/ns_com_mux.o
                0x000000000000514a                hid_dispatch
 .text.setup_exti
                0x000000000000519a       0x9e ./User/pwr.o
                0x000000000000519a                setup_exti
 .text.top_init
                0x0000000000005238       0x2e ./User/pwr.o
                0x0000000000005238                top_init
 .text.set_pwr_mode_stop
                0x0000000000005266       0x54 ./User/pwr.o
                0x0000000000005266                set_pwr_mode_stop
 .text.ring_buffer_init
                0x00000000000052ba       0x46 ./User/ring_buffer.o
                0x00000000000052ba                ring_buffer_init
 .text.ring_buffer_push
                0x0000000000005300      0x116 ./User/ring_buffer.o
                0x0000000000005300                ring_buffer_push
 .text.ring_buffer_pop
                0x0000000000005416       0x4e ./User/ring_buffer.o
                0x0000000000005416                ring_buffer_pop
 .text.SPI_FullDuplex_Init
                0x0000000000005464       0x76 ./User/spi.o
                0x0000000000005464                SPI_FullDuplex_Init
 .text.spi_DMA_Tx_Init
                0x00000000000054da       0x58 ./User/spi.o
                0x00000000000054da                spi_DMA_Tx_Init
 .text.rgb_spi_pkg_gen
                0x0000000000005532       0x54 ./User/spi.o
                0x0000000000005532                rgb_spi_pkg_gen
 .text.set_led_rgb
                0x0000000000005586       0x7e ./User/spi.o
                0x0000000000005586                set_led_rgb
 .text.flush_spi_tx_seq
                0x0000000000005604       0xee ./User/spi.o
                0x0000000000005604                flush_spi_tx_seq
 .text.flush_rgb
                0x00000000000056f2       0x40 ./User/spi.o
                0x00000000000056f2                flush_rgb
 .text.spi_init
                0x0000000000005732       0x5e ./User/spi.o
                0x0000000000005732                spi_init
 .text.DMA1_Channel3_IRQHandler
                0x0000000000005790       0x2e ./User/spi.o
                0x0000000000005790                DMA1_Channel3_IRQHandler
 .text.SetSysClockTo72_HSE
                0x00000000000057be       0xca ./User/system_ch32v10x.o
 .text.SystemInit
                0x0000000000005888       0x4c ./User/system_ch32v10x.o
                0x0000000000005888                SystemInit
 .text.SystemCoreClockUpdate
                0x00000000000058d4       0x86 ./User/system_ch32v10x.o
                0x00000000000058d4                SystemCoreClockUpdate
 .text.SetSysClock
                0x000000000000595a        0xc ./User/system_ch32v10x.o
                0x000000000000595a                SetSysClock
 .text.TIM2_IRQHandler
                0x0000000000005966       0x28 ./User/tick.o
                0x0000000000005966                TIM2_IRQHandler
 .text._systick_init
                0x000000000000598e       0x70 ./User/tick.o
                0x000000000000598e                _systick_init
 .text.SysTick_Init
                0x00000000000059fe       0x24 ./User/tick.o
                0x00000000000059fe                SysTick_Init
 .text.Get_Systick_US
                0x0000000000005a22       0x18 ./User/tick.o
                0x0000000000005a22                Get_Systick_US
 .text.Get_Systick_MS
                0x0000000000005a3a        0x6 ./User/tick.o
                0x0000000000005a3a                Get_Systick_MS
 .text.HighPrecisionTimer_Init
                0x0000000000005a40       0x16 ./User/tick.o
                0x0000000000005a40                HighPrecisionTimer_Init
 .text.execute_blocking_us
                0x0000000000005a56       0x60 ./User/tick.o
                0x0000000000005a56                execute_blocking_us
 .text.Delay_Us
                0x0000000000005ab6       0x4a ./User/tick.o
                0x0000000000005ab6                Delay_Us
 .text.Delay_Ms
                0x0000000000005b00       0x40 ./User/tick.o
                0x0000000000005b00                Delay_Ms
 .text.UART1_DMA_Init
                0x0000000000005b40       0xb2 ./User/uart_com.o
                0x0000000000005b40                UART1_DMA_Init
 .text.UART1_Init
                0x0000000000005bf2       0xce ./User/uart_com.o
                0x0000000000005bf2                UART1_Init
 .text.UART1_DMA_Tx
                0x0000000000005cc0       0x48 ./User/uart_com.o
                0x0000000000005cc0                UART1_DMA_Tx
 .text.UART1_Tx_Service
                0x0000000000005d08       0xbe ./User/uart_com.o
                0x0000000000005d08                UART1_Tx_Service
 .text.ck_uart_cap
                0x0000000000005dc6        0x2 ./User/uart_com.o
                0x0000000000005dc6                ck_uart_cap
 .text.encode_uart_pkt
                0x0000000000005dc8       0x64 ./User/uart_com.o
                0x0000000000005dc8                encode_uart_pkt
 .text.decode_uart_pkt
                0x0000000000005e2c       0x44 ./User/uart_com.o
                0x0000000000005e2c                decode_uart_pkt
 .text.check_uart_pkt
                0x0000000000005e70       0x34 ./User/uart_com.o
                0x0000000000005e70                check_uart_pkt
 .text.UART1_Rx_Service
                0x0000000000005ea4      0x14c ./User/uart_com.o
                0x0000000000005ea4                UART1_Rx_Service
 .text.send_uart_pkt
                0x0000000000005ff0       0x48 ./User/uart_com.o
                0x0000000000005ff0                send_uart_pkt
 .text.ns_set_peripheral_data_getter
                0x0000000000006038        0x6 ./User/usbd_compatibility_hid.o
                0x0000000000006038                ns_set_peripheral_data_getter
 .text.ns_hid_get_packet_timer
                0x000000000000603e       0x3a ./User/usbd_compatibility_hid.o
                0x000000000000603e                ns_hid_get_packet_timer
 .text.rpt_warpper
                0x0000000000006078       0x66 ./User/usbd_compatibility_hid.o
                0x0000000000006078                rpt_warpper
 .text.set_imu_available
                0x00000000000060de        0x6 ./User/usbd_compatibility_hid.o
                0x00000000000060de                set_imu_available
 .text.hid_init
                0x00000000000060e4        0xe ./User/usbd_compatibility_hid.o
                0x00000000000060e4                hid_init
 .text.hid_tx_service
                0x00000000000060f2      0x10c ./User/usbd_compatibility_hid.o
                0x00000000000060f2                hid_tx_service
 .text.hid_rx_service
                0x00000000000061fe      0x134 ./User/usbd_compatibility_hid.o
                0x00000000000061fe                hid_rx_service
 .text.vector_handler
                0x0000000000006332        0x2 ./Startup/startup_ch32v10x.o
                0x0000000000006332                EXTI2_IRQHandler
                0x0000000000006332                TIM1_CC_IRQHandler
                0x0000000000006332                SysTick_Handler
                0x0000000000006332                PVD_IRQHandler
                0x0000000000006332                EXTI3_IRQHandler
                0x0000000000006332                EXTI0_IRQHandler
                0x0000000000006332                I2C2_EV_IRQHandler
                0x0000000000006332                ADC1_2_IRQHandler
                0x0000000000006332                SPI1_IRQHandler
                0x0000000000006332                TAMPER_IRQHandler
                0x0000000000006332                DMA1_Channel4_IRQHandler
                0x0000000000006332                USART3_IRQHandler
                0x0000000000006332                RTC_IRQHandler
                0x0000000000006332                DMA1_Channel7_IRQHandler
                0x0000000000006332                TIM4_IRQHandler
                0x0000000000006332                I2C1_EV_IRQHandler
                0x0000000000006332                DMA1_Channel6_IRQHandler
                0x0000000000006332                RCC_IRQHandler
                0x0000000000006332                TIM1_TRG_COM_IRQHandler
                0x0000000000006332                DMA1_Channel1_IRQHandler
                0x0000000000006332                EXTI15_10_IRQHandler
                0x0000000000006332                EXTI9_5_IRQHandler
                0x0000000000006332                SPI2_IRQHandler
                0x0000000000006332                DMA1_Channel5_IRQHandler
                0x0000000000006332                EXTI4_IRQHandler
                0x0000000000006332                TIM1_UP_IRQHandler
                0x0000000000006332                WWDG_IRQHandler
                0x0000000000006332                SW_Handler
                0x0000000000006332                TIM1_BRK_IRQHandler
                0x0000000000006332                EXTI1_IRQHandler
                0x0000000000006332                RTCAlarm_IRQHandler
                0x0000000000006332                USART2_IRQHandler
                0x0000000000006332                DMA1_Channel2_IRQHandler
                0x0000000000006332                FLASH_IRQHandler
                0x0000000000006332                USART1_IRQHandler
                0x0000000000006332                I2C1_ER_IRQHandler
                0x0000000000006332                USBWakeUp_IRQHandler
 .text.handle_reset
                0x0000000000006334       0x7e ./Startup/startup_ch32v10x.o
                0x0000000000006334                handle_reset
 .text.ADC_DeInit
                0x00000000000063b2       0x2a ./Peripheral/src/ch32v10x_adc.o
                0x00000000000063b2                ADC_DeInit
 .text.ADC_Init
                0x00000000000063dc       0x50 ./Peripheral/src/ch32v10x_adc.o
                0x00000000000063dc                ADC_Init
 .text.ADC_Cmd  0x000000000000642c       0x10 ./Peripheral/src/ch32v10x_adc.o
                0x000000000000642c                ADC_Cmd
 .text.ADC_DMACmd
                0x000000000000643c       0x12 ./Peripheral/src/ch32v10x_adc.o
                0x000000000000643c                ADC_DMACmd
 .text.ADC_ResetCalibration
                0x000000000000644e        0xa ./Peripheral/src/ch32v10x_adc.o
                0x000000000000644e                ADC_ResetCalibration
 .text.ADC_GetResetCalibrationStatus
                0x0000000000006458        0x8 ./Peripheral/src/ch32v10x_adc.o
                0x0000000000006458                ADC_GetResetCalibrationStatus
 .text.ADC_StartCalibration
                0x0000000000006460        0xa ./Peripheral/src/ch32v10x_adc.o
                0x0000000000006460                ADC_StartCalibration
 .text.ADC_GetCalibrationStatus
                0x000000000000646a        0x8 ./Peripheral/src/ch32v10x_adc.o
                0x000000000000646a                ADC_GetCalibrationStatus
 .text.ADC_SoftwareStartConvCmd
                0x0000000000006472       0x18 ./Peripheral/src/ch32v10x_adc.o
                0x0000000000006472                ADC_SoftwareStartConvCmd
 .text.ADC_RegularChannelConfig
                0x000000000000648a       0xb8 ./Peripheral/src/ch32v10x_adc.o
                0x000000000000648a                ADC_RegularChannelConfig
 .text.Get_CalibrationValue
                0x0000000000006542      0x16c ./Peripheral/src/ch32v10x_adc.o
                0x0000000000006542                Get_CalibrationValue
 .text.DMA_DeInit
                0x00000000000066ae       0xfa ./Peripheral/src/ch32v10x_dma.o
                0x00000000000066ae                DMA_DeInit
 .text.DMA_Init
                0x00000000000067a8       0x38 ./Peripheral/src/ch32v10x_dma.o
                0x00000000000067a8                DMA_Init
 .text.DMA_Cmd  0x00000000000067e0       0x14 ./Peripheral/src/ch32v10x_dma.o
                0x00000000000067e0                DMA_Cmd
 .text.DMA_GetCurrDataCounter
                0x00000000000067f4        0x8 ./Peripheral/src/ch32v10x_dma.o
                0x00000000000067f4                DMA_GetCurrDataCounter
 .text.DMA_GetFlagStatus
                0x00000000000067fc       0x20 ./Peripheral/src/ch32v10x_dma.o
                0x00000000000067fc                DMA_GetFlagStatus
 .text.DMA_ClearFlag
                0x000000000000681c       0x1a ./Peripheral/src/ch32v10x_dma.o
                0x000000000000681c                DMA_ClearFlag
 .text.DMA_GetITStatus
                0x0000000000006836        0xc ./Peripheral/src/ch32v10x_dma.o
                0x0000000000006836                DMA_GetITStatus
 .text.DMA_ClearITPendingBit
                0x0000000000006842        0xc ./Peripheral/src/ch32v10x_dma.o
                0x0000000000006842                DMA_ClearITPendingBit
 .text.EXTI_Init
                0x000000000000684e       0x6a ./Peripheral/src/ch32v10x_exti.o
                0x000000000000684e                EXTI_Init
 .text.ROM_ERASE
                0x00000000000068b8       0x6e ./Peripheral/src/ch32v10x_flash.o
 .text.FLASH_ROM_ERASE
                0x0000000000006926      0x10a ./Peripheral/src/ch32v10x_flash.o
                0x0000000000006926                FLASH_ROM_ERASE
 .text.FLASH_ROM_WRITE
                0x0000000000006a30      0x118 ./Peripheral/src/ch32v10x_flash.o
                0x0000000000006a30                FLASH_ROM_WRITE
 .text.GPIO_Init
                0x0000000000006b48       0xc2 ./Peripheral/src/ch32v10x_gpio.o
                0x0000000000006b48                GPIO_Init
 .text.GPIO_ReadInputDataBit
                0x0000000000006c0a        0xa ./Peripheral/src/ch32v10x_gpio.o
                0x0000000000006c0a                GPIO_ReadInputDataBit
 .text.GPIO_SetBits
                0x0000000000006c14        0x4 ./Peripheral/src/ch32v10x_gpio.o
                0x0000000000006c14                GPIO_SetBits
 .text.GPIO_ResetBits
                0x0000000000006c18        0x4 ./Peripheral/src/ch32v10x_gpio.o
                0x0000000000006c18                GPIO_ResetBits
 .text.GPIO_WriteBit
                0x0000000000006c1c        0xa ./Peripheral/src/ch32v10x_gpio.o
                0x0000000000006c1c                GPIO_WriteBit
 .text.GPIO_EXTILineConfig
                0x0000000000006c26       0x2c ./Peripheral/src/ch32v10x_gpio.o
                0x0000000000006c26                GPIO_EXTILineConfig
 .text.I2C_DeInit
                0x0000000000006c52       0x32 ./Peripheral/src/ch32v10x_i2c.o
                0x0000000000006c52                I2C_DeInit
 .text.I2C_Init
                0x0000000000006c84      0x114 ./Peripheral/src/ch32v10x_i2c.o
                0x0000000000006c84                I2C_Init
 .text.I2C_Cmd  0x0000000000006d98       0x1c ./Peripheral/src/ch32v10x_i2c.o
                0x0000000000006d98                I2C_Cmd
 .text.I2C_GenerateSTART
                0x0000000000006db4       0x1e ./Peripheral/src/ch32v10x_i2c.o
                0x0000000000006db4                I2C_GenerateSTART
 .text.I2C_GenerateSTOP
                0x0000000000006dd2       0x1e ./Peripheral/src/ch32v10x_i2c.o
                0x0000000000006dd2                I2C_GenerateSTOP
 .text.I2C_AcknowledgeConfig
                0x0000000000006df0       0x1e ./Peripheral/src/ch32v10x_i2c.o
                0x0000000000006df0                I2C_AcknowledgeConfig
 .text.I2C_SendData
                0x0000000000006e0e        0x6 ./Peripheral/src/ch32v10x_i2c.o
                0x0000000000006e0e                I2C_SendData
 .text.I2C_ReceiveData
                0x0000000000006e14        0xa ./Peripheral/src/ch32v10x_i2c.o
                0x0000000000006e14                I2C_ReceiveData
 .text.I2C_Send7bitAddress
                0x0000000000006e1e       0x14 ./Peripheral/src/ch32v10x_i2c.o
                0x0000000000006e1e                I2C_Send7bitAddress
 .text.I2C_SoftwareResetCmd
                0x0000000000006e32       0x16 ./Peripheral/src/ch32v10x_i2c.o
                0x0000000000006e32                I2C_SoftwareResetCmd
 .text.I2C_NACKPositionConfig
                0x0000000000006e48       0x26 ./Peripheral/src/ch32v10x_i2c.o
                0x0000000000006e48                I2C_NACKPositionConfig
 .text.I2C_CheckEvent
                0x0000000000006e6e       0x1a ./Peripheral/src/ch32v10x_i2c.o
                0x0000000000006e6e                I2C_CheckEvent
 .text.I2C_GetFlagStatus
                0x0000000000006e88       0x32 ./Peripheral/src/ch32v10x_i2c.o
                0x0000000000006e88                I2C_GetFlagStatus
 .text.NVIC_PriorityGroupConfig
                0x0000000000006eba       0x10 ./Peripheral/src/ch32v10x_misc.o
                0x0000000000006eba                NVIC_PriorityGroupConfig
 .text.NVIC_Init
                0x0000000000006eca       0x6e ./Peripheral/src/ch32v10x_misc.o
                0x0000000000006eca                NVIC_Init
 .text.PWR_PVDCmd
                0x0000000000006f38       0x14 ./Peripheral/src/ch32v10x_pwr.o
                0x0000000000006f38                PWR_PVDCmd
 .text.PWR_PVDLevelConfig
                0x0000000000006f4c       0x10 ./Peripheral/src/ch32v10x_pwr.o
                0x0000000000006f4c                PWR_PVDLevelConfig
 .text.PWR_EnterSTOPMode
                0x0000000000006f5c       0x66 ./Peripheral/src/ch32v10x_pwr.o
                0x0000000000006f5c                PWR_EnterSTOPMode
 .text.PWR_GetFlagStatus
                0x0000000000006fc2        0xe ./Peripheral/src/ch32v10x_pwr.o
                0x0000000000006fc2                PWR_GetFlagStatus
 .text.PWR_VDD_SupplyVoltage
                0x0000000000006fd0       0x46 ./Peripheral/src/ch32v10x_pwr.o
                0x0000000000006fd0                PWR_VDD_SupplyVoltage
 .text.RCC_USBCLKConfig
                0x0000000000007016       0x24 ./Peripheral/src/ch32v10x_rcc.o
                0x0000000000007016                RCC_USBCLKConfig
 .text.RCC_ADCCLKConfig
                0x000000000000703a       0x12 ./Peripheral/src/ch32v10x_rcc.o
                0x000000000000703a                RCC_ADCCLKConfig
 .text.RCC_LSICmd
                0x000000000000704c       0x14 ./Peripheral/src/ch32v10x_rcc.o
                0x000000000000704c                RCC_LSICmd
 .text.RCC_GetClocksFreq
                0x0000000000007060       0xbc ./Peripheral/src/ch32v10x_rcc.o
                0x0000000000007060                RCC_GetClocksFreq
 .text.RCC_AHBPeriphClockCmd
                0x000000000000711c       0x1e ./Peripheral/src/ch32v10x_rcc.o
                0x000000000000711c                RCC_AHBPeriphClockCmd
 .text.RCC_APB2PeriphClockCmd
                0x000000000000713a       0x1e ./Peripheral/src/ch32v10x_rcc.o
                0x000000000000713a                RCC_APB2PeriphClockCmd
 .text.RCC_APB1PeriphClockCmd
                0x0000000000007158       0x1e ./Peripheral/src/ch32v10x_rcc.o
                0x0000000000007158                RCC_APB1PeriphClockCmd
 .text.RCC_APB2PeriphResetCmd
                0x0000000000007176       0x1e ./Peripheral/src/ch32v10x_rcc.o
                0x0000000000007176                RCC_APB2PeriphResetCmd
 .text.RCC_APB1PeriphResetCmd
                0x0000000000007194       0x1e ./Peripheral/src/ch32v10x_rcc.o
                0x0000000000007194                RCC_APB1PeriphResetCmd
 .text.RCC_GetFlagStatus
                0x00000000000071b2       0x2e ./Peripheral/src/ch32v10x_rcc.o
                0x00000000000071b2                RCC_GetFlagStatus
 .text.SPI_Init
                0x00000000000071e0       0x5a ./Peripheral/src/ch32v10x_spi.o
                0x00000000000071e0                SPI_Init
 .text.SPI_Cmd  0x000000000000723a       0x1e ./Peripheral/src/ch32v10x_spi.o
                0x000000000000723a                SPI_Cmd
 .text.SPI_I2S_DMACmd
                0x0000000000007258       0x16 ./Peripheral/src/ch32v10x_spi.o
                0x0000000000007258                SPI_I2S_DMACmd
 .text.TIM_TimeBaseInit
                0x000000000000726e       0x78 ./Peripheral/src/ch32v10x_tim.o
                0x000000000000726e                TIM_TimeBaseInit
 .text.TIM_OC1Init
                0x00000000000072e6       0x88 ./Peripheral/src/ch32v10x_tim.o
                0x00000000000072e6                TIM_OC1Init
 .text.TIM_OC3Init
                0x000000000000736e       0xb2 ./Peripheral/src/ch32v10x_tim.o
                0x000000000000736e                TIM_OC3Init
 .text.TIM_OC4Init
                0x0000000000007420       0x82 ./Peripheral/src/ch32v10x_tim.o
                0x0000000000007420                TIM_OC4Init
 .text.TIM_Cmd  0x00000000000074a2       0x1c ./Peripheral/src/ch32v10x_tim.o
                0x00000000000074a2                TIM_Cmd
 .text.TIM_CtrlPWMOutputs
                0x00000000000074be       0x16 ./Peripheral/src/ch32v10x_tim.o
                0x00000000000074be                TIM_CtrlPWMOutputs
 .text.TIM_ITConfig
                0x00000000000074d4       0x16 ./Peripheral/src/ch32v10x_tim.o
                0x00000000000074d4                TIM_ITConfig
 .text.TIM_ARRPreloadConfig
                0x00000000000074ea       0x1e ./Peripheral/src/ch32v10x_tim.o
                0x00000000000074ea                TIM_ARRPreloadConfig
 .text.TIM_OC1PreloadConfig
                0x0000000000007508       0x12 ./Peripheral/src/ch32v10x_tim.o
                0x0000000000007508                TIM_OC1PreloadConfig
 .text.TIM_OC2PreloadConfig
                0x000000000000751a       0x1a ./Peripheral/src/ch32v10x_tim.o
                0x000000000000751a                TIM_OC2PreloadConfig
 .text.TIM_OC3PreloadConfig
                0x0000000000007534       0x12 ./Peripheral/src/ch32v10x_tim.o
                0x0000000000007534                TIM_OC3PreloadConfig
 .text.TIM_OC4PreloadConfig
                0x0000000000007546       0x1a ./Peripheral/src/ch32v10x_tim.o
                0x0000000000007546                TIM_OC4PreloadConfig
 .text.TIM_SetCompare1
                0x0000000000007560        0x6 ./Peripheral/src/ch32v10x_tim.o
                0x0000000000007560                TIM_SetCompare1
 .text.TIM_SetCompare2
                0x0000000000007566        0x6 ./Peripheral/src/ch32v10x_tim.o
                0x0000000000007566                TIM_SetCompare2
 .text.TIM_SetCompare3
                0x000000000000756c        0x6 ./Peripheral/src/ch32v10x_tim.o
                0x000000000000756c                TIM_SetCompare3
 .text.TIM_SetCompare4
                0x0000000000007572        0x6 ./Peripheral/src/ch32v10x_tim.o
                0x0000000000007572                TIM_SetCompare4
 .text.TIM_GetFlagStatus
                0x0000000000007578        0xc ./Peripheral/src/ch32v10x_tim.o
                0x0000000000007578                TIM_GetFlagStatus
 .text.TIM_GetITStatus
                0x0000000000007584       0x1c ./Peripheral/src/ch32v10x_tim.o
                0x0000000000007584                TIM_GetITStatus
 .text.TIM_ClearITPendingBit
                0x00000000000075a0        0xe ./Peripheral/src/ch32v10x_tim.o
                0x00000000000075a0                TIM_ClearITPendingBit
 .text.USART_Init
                0x00000000000075ae       0xa8 ./Peripheral/src/ch32v10x_usart.o
                0x00000000000075ae                USART_Init
 .text.USART_Cmd
                0x0000000000007656       0x1c ./Peripheral/src/ch32v10x_usart.o
                0x0000000000007656                USART_Cmd
 .text.USART_DMACmd
                0x0000000000007672       0x16 ./Peripheral/src/ch32v10x_usart.o
                0x0000000000007672                USART_DMACmd
 .text.USART_GetFlagStatus
                0x0000000000007688        0xc ./Peripheral/src/ch32v10x_usart.o
                0x0000000000007688                USART_GetFlagStatus
 .text.USART_ClearFlag
                0x0000000000007694        0xe ./Peripheral/src/ch32v10x_usart.o
                0x0000000000007694                USART_ClearFlag
 .text.USART_Printf_Init
                0x00000000000076a2        0x2 ./Debug/debug.o
                0x00000000000076a2                USART_Printf_Init
 .text._write   0x00000000000076a4        0x4 ./Debug/debug.o
                0x00000000000076a4                _write
 .text.sqrtf    0x00000000000076a8       0x48 d:/mounriver_studio/toolchain/risc-v embedded gcc12/bin/../lib/gcc/riscv-none-elf/12.2.0/../../../../riscv-none-elf/lib\libm_nano.a(lib_a-wf_sqrt.o)
                0x00000000000076a8                sqrtf
 .text.__ieee754_sqrtf
                0x00000000000076f0      0x114 d:/mounriver_studio/toolchain/risc-v embedded gcc12/bin/../lib/gcc/riscv-none-elf/12.2.0/../../../../riscv-none-elf/lib\libm_nano.a(lib_a-ef_sqrt.o)
                0x00000000000076f0                __ieee754_sqrtf
 .text.printchar
                0x0000000000007804       0x4c d:/mounriver_studio/toolchain/risc-v embedded gcc12/bin/../lib/gcc/riscv-none-elf/12.2.0/../../../../riscv-none-elf/lib\libprintfloat.a(printfloat.o)
                0x0000000000007804                printchar
 .text.prints   0x0000000000007850       0xe0 d:/mounriver_studio/toolchain/risc-v embedded gcc12/bin/../lib/gcc/riscv-none-elf/12.2.0/../../../../riscv-none-elf/lib\libprintfloat.a(printfloat.o)
                0x0000000000007850                prints
 .text.printInt
                0x0000000000007930       0xf4 d:/mounriver_studio/toolchain/risc-v embedded gcc12/bin/../lib/gcc/riscv-none-elf/12.2.0/../../../../riscv-none-elf/lib\libprintfloat.a(printfloat.o)
                0x0000000000007930                printInt
 .text.printLongLongInt
                0x0000000000007a24      0x124 d:/mounriver_studio/toolchain/risc-v embedded gcc12/bin/../lib/gcc/riscv-none-elf/12.2.0/../../../../riscv-none-elf/lib\libprintfloat.a(printfloat.o)
                0x0000000000007a24                printLongLongInt
 .text.printDouble
                0x0000000000007b48      0x100 d:/mounriver_studio/toolchain/risc-v embedded gcc12/bin/../lib/gcc/riscv-none-elf/12.2.0/../../../../riscv-none-elf/lib\libprintfloat.a(printfloat.o)
                0x0000000000007b48                printDouble
 .text.print    0x0000000000007c48      0x356 d:/mounriver_studio/toolchain/risc-v embedded gcc12/bin/../lib/gcc/riscv-none-elf/12.2.0/../../../../riscv-none-elf/lib\libprintfloat.a(printfloat.o)
                0x0000000000007c48                print
 .text.printf   0x0000000000007f9e       0x24 d:/mounriver_studio/toolchain/risc-v embedded gcc12/bin/../lib/gcc/riscv-none-elf/12.2.0/../../../../riscv-none-elf/lib\libprintfloat.a(printfloat.o)
                0x0000000000007f9e                printf
 .text.puts     0x0000000000007fc2       0x54 d:/mounriver_studio/toolchain/risc-v embedded gcc12/bin/../lib/gcc/riscv-none-elf/12.2.0/../../../../riscv-none-elf/lib\libprintfloat.a(printfloat.o)
                0x0000000000007fc2                puts
 .text.__udivdi3
                0x0000000000008016      0x3b0 d:/mounriver_studio/toolchain/risc-v embedded gcc12/bin/../lib/gcc/riscv-none-elf/12.2.0\libgcc.a(_udivdi3.o)
                0x0000000000008016                __udivdi3
 .text.__umoddi3
                0x00000000000083c6      0x39a d:/mounriver_studio/toolchain/risc-v embedded gcc12/bin/../lib/gcc/riscv-none-elf/12.2.0\libgcc.a(_umoddi3.o)
                0x00000000000083c6                __umoddi3
 .text.__adddf3
                0x0000000000008760      0x6e8 d:/mounriver_studio/toolchain/risc-v embedded gcc12/bin/../lib/gcc/riscv-none-elf/12.2.0\libgcc.a(adddf3.o)
                0x0000000000008760                __adddf3
 .text.__divdf3
                0x0000000000008e48      0x5ae d:/mounriver_studio/toolchain/risc-v embedded gcc12/bin/../lib/gcc/riscv-none-elf/12.2.0\libgcc.a(divdf3.o)
                0x0000000000008e48                __divdf3
 .text.__ledf2  0x00000000000093f6       0xbc d:/mounriver_studio/toolchain/risc-v embedded gcc12/bin/../lib/gcc/riscv-none-elf/12.2.0\libgcc.a(ledf2.o)
                0x00000000000093f6                __ledf2
                0x00000000000093f6                __ltdf2
 .text.__muldf3
                0x00000000000094b2      0x54a d:/mounriver_studio/toolchain/risc-v embedded gcc12/bin/../lib/gcc/riscv-none-elf/12.2.0\libgcc.a(muldf3.o)
                0x00000000000094b2                __muldf3
 .text.__subdf3
                0x00000000000099fc      0x736 d:/mounriver_studio/toolchain/risc-v embedded gcc12/bin/../lib/gcc/riscv-none-elf/12.2.0\libgcc.a(subdf3.o)
                0x00000000000099fc                __subdf3
 .text.__floatsidf
                0x000000000000a132       0x70 d:/mounriver_studio/toolchain/risc-v embedded gcc12/bin/../lib/gcc/riscv-none-elf/12.2.0\libgcc.a(floatsidf.o)
                0x000000000000a132                __floatsidf
 .text.__floatunsidf
                0x000000000000a1a2       0x70 d:/mounriver_studio/toolchain/risc-v embedded gcc12/bin/../lib/gcc/riscv-none-elf/12.2.0\libgcc.a(floatunsidf.o)
                0x000000000000a1a2                __floatunsidf
 .text.__fixdfdi
                0x000000000000a212       0xbc d:/mounriver_studio/toolchain/risc-v embedded gcc12/bin/../lib/gcc/riscv-none-elf/12.2.0\libgcc.a(fixdfdi.o)
                0x000000000000a212                __fixdfdi
 .text.__floatdidf
                0x000000000000a2ce      0x1ae d:/mounriver_studio/toolchain/risc-v embedded gcc12/bin/../lib/gcc/riscv-none-elf/12.2.0\libgcc.a(floatdidf.o)
                0x000000000000a2ce                __floatdidf
 .text.__addsf3
                0x000000000000a47c      0x368 d:/mounriver_studio/toolchain/risc-v embedded gcc12/bin/../lib/gcc/riscv-none-elf/12.2.0\libgcc.a(addsf3.o)
                0x000000000000a47c                __addsf3
 .text.__divsf3
                0x000000000000a7e4      0x2ea d:/mounriver_studio/toolchain/risc-v embedded gcc12/bin/../lib/gcc/riscv-none-elf/12.2.0\libgcc.a(divsf3.o)
                0x000000000000a7e4                __divsf3
 .text.__gesf2  0x000000000000aace       0x96 d:/mounriver_studio/toolchain/risc-v embedded gcc12/bin/../lib/gcc/riscv-none-elf/12.2.0\libgcc.a(gesf2.o)
                0x000000000000aace                __gesf2
                0x000000000000aace                __gtsf2
 .text.__lesf2  0x000000000000ab64       0x98 d:/mounriver_studio/toolchain/risc-v embedded gcc12/bin/../lib/gcc/riscv-none-elf/12.2.0\libgcc.a(lesf2.o)
                0x000000000000ab64                __ltsf2
                0x000000000000ab64                __lesf2
 .text.__mulsf3
                0x000000000000abfc      0x2dc d:/mounriver_studio/toolchain/risc-v embedded gcc12/bin/../lib/gcc/riscv-none-elf/12.2.0\libgcc.a(mulsf3.o)
                0x000000000000abfc                __mulsf3
 .text.__subsf3
                0x000000000000aed8      0x38c d:/mounriver_studio/toolchain/risc-v embedded gcc12/bin/../lib/gcc/riscv-none-elf/12.2.0\libgcc.a(subsf3.o)
                0x000000000000aed8                __subsf3
 .text.__unordsf2
                0x000000000000b264       0x3c d:/mounriver_studio/toolchain/risc-v embedded gcc12/bin/../lib/gcc/riscv-none-elf/12.2.0\libgcc.a(unordsf2.o)
                0x000000000000b264                __unordsf2
 .text.__fixsfsi
                0x000000000000b2a0       0x60 d:/mounriver_studio/toolchain/risc-v embedded gcc12/bin/../lib/gcc/riscv-none-elf/12.2.0\libgcc.a(fixsfsi.o)
                0x000000000000b2a0                __fixsfsi
 .text.__floatsisf
                0x000000000000b300       0xcc d:/mounriver_studio/toolchain/risc-v embedded gcc12/bin/../lib/gcc/riscv-none-elf/12.2.0\libgcc.a(floatsisf.o)
                0x000000000000b300                __floatsisf
 .text.__floatdisf
                0x000000000000b3cc      0x146 d:/mounriver_studio/toolchain/risc-v embedded gcc12/bin/../lib/gcc/riscv-none-elf/12.2.0\libgcc.a(floatdisf.o)
                0x000000000000b3cc                __floatdisf
 .text.__truncdfsf2
                0x000000000000b512      0x16c d:/mounriver_studio/toolchain/risc-v embedded gcc12/bin/../lib/gcc/riscv-none-elf/12.2.0\libgcc.a(truncdfsf2.o)
                0x000000000000b512                __truncdfsf2
 .text.__clzsi2
                0x000000000000b67e       0x6e d:/mounriver_studio/toolchain/risc-v embedded gcc12/bin/../lib/gcc/riscv-none-elf/12.2.0\libgcc.a(_clzsi2.o)
                0x000000000000b67e                __clzsi2
 .text.__errno  0x000000000000b6ec        0x6 d:/mounriver_studio/toolchain/risc-v embedded gcc12/bin/../lib/gcc/riscv-none-elf/12.2.0/../../../../riscv-none-elf/lib\libg_nano.a(lib_a-errno.o)
                0x000000000000b6ec                __errno
 *(.rodata)
 *fill*         0x000000000000b6f2        0x2 
 .rodata        0x000000000000b6f4       0x18 ./User/ns_com.o
 *(.rodata*)
 .rodata.USBFS_IRQHandler
                0x000000000000b70c       0x5c ./User/ch32v10x_usbfs_device.o
 .rodata.USBFS_IRQHandler.str1.4
                0x000000000000b768       0x32 ./User/ch32v10x_usbfs_device.o
 *fill*         0x000000000000b79a        0x2 
 .rodata.conf_init.str1.4
                0x000000000000b79c       0x43 ./User/conf.o
 *fill*         0x000000000000b7df        0x1 
 .rodata.adc_init.str1.4
                0x000000000000b7e0       0x17 ./User/gpio_adc.o
 *fill*         0x000000000000b7f7        0x1 
 .rodata.gpio_tb_init.str1.4
                0x000000000000b7f8       0x10 ./User/gpio_digit.o
 .rodata.gpio_init.str1.4
                0x000000000000b808       0x30 ./User/gpio_digit.o
 .rodata.push_waveform.str1.4
                0x000000000000b838       0x1d ./User/hd_rumble_high_accuracy.o
 *fill*         0x000000000000b855        0x3 
 .rodata.i2c2_reset.str1.4
                0x000000000000b858       0x96 ./User/i2c.o
 *fill*         0x000000000000b8ee        0x2 
 .rodata.i2c_hardware_init.str1.4
                0x000000000000b8f0       0x70 ./User/i2c.o
 .rodata.i2c_read_continuous.str1.4
                0x000000000000b960       0x26 ./User/i2c.o
 *fill*         0x000000000000b986        0x2 
 .rodata.imu_read.str1.4
                0x000000000000b988       0x29 ./User/imu.o
 *fill*         0x000000000000b9b1        0x3 
 .rodata.set_imu_awake.str1.4
                0x000000000000b9b4      0x102 ./User/imu.o
 *fill*         0x000000000000bab6        0x2 
 .rodata.imu_upd.str1.4
                0x000000000000bab8        0xe ./User/imu.o
 *fill*         0x000000000000bac6        0x2 
 .rodata.imu_read_test.str1.4
                0x000000000000bac8       0x28 ./User/main.o
 .rodata.top_timer.str1.4
                0x000000000000baf0       0x94 ./User/main.o
 .rodata.init_all.str1.4
                0x000000000000bb84       0x42 ./User/main.o
 *fill*         0x000000000000bbc6        0x2 
 .rodata.recv_esp32_connect_control
                0x000000000000bbc8       0x40 ./User/main.o
 .rodata.connection_state_handler.str1.4
                0x000000000000bc08       0x31 ./User/main.o
 *fill*         0x000000000000bc39        0x3 
 .rodata.main.str1.4
                0x000000000000bc3c       0x1a ./User/main.o
 *fill*         0x000000000000bc56        0x2 
 .rodata.ns_subcommand_set_imu_register.str1.4
                0x000000000000bc58       0x1f ./User/ns_com.o
 *fill*         0x000000000000bc77        0x1 
 .rodata.ns_subcommand_pair_by_wire.str1.4
                0x000000000000bc78       0x23 ./User/ns_com.o
 *fill*         0x000000000000bc9b        0x1 
 .rodata.ns_subcommand_get_device_info.str1.4
                0x000000000000bc9c        0x8 ./User/ns_com.o
                                          0xa (size before relaxing)
 .rodata.ns_subcommand_set_input_mode.str1.4
                0x000000000000bca4       0x19 ./User/ns_com.o
 *fill*         0x000000000000bcbd        0x3 
 .rodata.ns_subcommand_spi_read.str1.4
                0x000000000000bcc0       0x59 ./User/ns_com.o
 *fill*         0x000000000000bd19        0x3 
 .rodata.ns_subcommand_spi_write.str1.4
                0x000000000000bd1c       0x1c ./User/ns_com.o
 .rodata.ns_subcommand_set_imu_state.str1.4
                0x000000000000bd38       0x13 ./User/ns_com.o
 *fill*         0x000000000000bd4b        0x1 
 .rodata.ns_subcommand_set_imu_conf.str1.4
                0x000000000000bd4c       0x15 ./User/ns_com.o
 *fill*         0x000000000000bd61        0x3 
 .rodata.ns_subcommand_read_imu_register.str1.4
                0x000000000000bd64       0x1e ./User/ns_com.o
 *fill*         0x000000000000bd82        0x2 
 .rodata.ns_cmd_subcommand_dispatcher.str1.4
                0x000000000000bd84       0x1f ./User/ns_com_mux.o
 *fill*         0x000000000000bda3        0x1 
 .rodata.ns_mux_usb_handshake_handler.str1.4
                0x000000000000bda4       0x17 ./User/ns_com_mux.o
 *fill*         0x000000000000bdbb        0x1 
 .rodata.ns_mux_usb_handshake_handler
                0x000000000000bdbc       0x18 ./User/ns_com_mux.o
 .rodata.fw_subcommand_read_setting.str1.4
                0x000000000000bdd4        0xd ./User/ns_com_mux.o
 *fill*         0x000000000000bde1        0x3 
 .rodata.fw_subcommand_write_setting.str1.4
                0x000000000000bde4       0x3e ./User/ns_com_mux.o
 *fill*         0x000000000000be22        0x2 
 .rodata.fw_subcommand_dispatcher
                0x000000000000be24       0x1c ./User/ns_com_mux.o
 .rodata.hid_dispatch.str1.4
                0x000000000000be40       0x1b ./User/ns_com_mux.o
 *fill*         0x000000000000be5b        0x1 
 .rodata.set_pwr_mode_stop.str1.4
                0x000000000000be5c        0xe ./User/pwr.o
 *fill*         0x000000000000be6a        0x2 
 .rodata.ring_buffer_push.str1.4
                0x000000000000be6c       0x1c ./User/ring_buffer.o
 .rodata.flush_spi_tx_seq.str1.4
                0x000000000000be88       0x36 ./User/spi.o
 *fill*         0x000000000000bebe        0x2 
 .rodata.spi_init.str1.4
                0x000000000000bec0       0x16 ./User/spi.o
 *fill*         0x000000000000bed6        0x2 
 .rodata.SysTick_Init.str1.4
                0x000000000000bed8       0x13 ./User/tick.o
 *fill*         0x000000000000beeb        0x1 
 .rodata.UART1_Rx_Service.str1.4
                0x000000000000beec       0x15 ./User/uart_com.o
 *fill*         0x000000000000bf01        0x3 
 .rodata.MyDevDescr
                0x000000000000bf04       0x12 ./User/usb_desc.o
                0x000000000000bf04                MyDevDescr
 *fill*         0x000000000000bf16        0x2 
 .rodata.MyHIDReportDesc
                0x000000000000bf18       0xdf ./User/usb_desc.o
                0x000000000000bf18                MyHIDReportDesc
 *fill*         0x000000000000bff7        0x1 
 .rodata.MyManuInfo
                0x000000000000bff8        0xa ./User/usb_desc.o
                0x000000000000bff8                MyManuInfo
 *fill*         0x000000000000c002        0x2 
 .rodata.MyProdInfo
                0x000000000000c004       0x2a ./User/usb_desc.o
                0x000000000000c004                MyProdInfo
 *fill*         0x000000000000c02e        0x2 
 .rodata.MySerNumInfo
                0x000000000000c030       0x16 ./User/usb_desc.o
                0x000000000000c030                MySerNumInfo
 *fill*         0x000000000000c046        0x2 
 .rodata.hid_rx_service.str1.4
                0x000000000000c048       0x33 ./User/usbd_compatibility_hid.o
 *fill*         0x000000000000c07b        0x1 
 .rodata.print.str1.4
                0x000000000000c07c        0x7 d:/mounriver_studio/toolchain/risc-v embedded gcc12/bin/../lib/gcc/riscv-none-elf/12.2.0/../../../../riscv-none-elf/lib\libprintfloat.a(printfloat.o)
 *fill*         0x000000000000c083        0x1 
 .rodata.__divdf3
                0x000000000000c084       0x40 d:/mounriver_studio/toolchain/risc-v embedded gcc12/bin/../lib/gcc/riscv-none-elf/12.2.0\libgcc.a(divdf3.o)
 .rodata.__divsf3
                0x000000000000c0c4       0xa8 d:/mounriver_studio/toolchain/risc-v embedded gcc12/bin/../lib/gcc/riscv-none-elf/12.2.0\libgcc.a(divsf3.o)
 .rodata.__clz_tab
                0x000000000000c16c      0x100 d:/mounriver_studio/toolchain/risc-v embedded gcc12/bin/../lib/gcc/riscv-none-elf/12.2.0\libgcc.a(_clz.o)
                0x000000000000c16c                __clz_tab
 *(.gnu.linkonce.t.*)
                0x000000000000c26c                . = ALIGN (0x4)

.rela.dyn       0x000000000000c26c        0x0
 .rela.init     0x000000000000c26c        0x0 ./User/ch32v10x_it.o
 .rela.vector   0x000000000000c26c        0x0 ./User/ch32v10x_it.o
 .rela.text.handle_reset
                0x000000000000c26c        0x0 ./User/ch32v10x_it.o
 .rela.data.impure_data
                0x000000000000c26c        0x0 ./User/ch32v10x_it.o

.fini           0x000000000000c26c        0x0
 *(SORT_NONE(.fini))
                0x000000000000c26c                . = ALIGN (0x4)
                [!provide]                        PROVIDE (_etext = .)
                [!provide]                        PROVIDE (_eitcm = .)

.preinit_array  0x000000000000c26c        0x0
                [!provide]                        PROVIDE (__preinit_array_start = .)
 *(.preinit_array)
                [!provide]                        PROVIDE (__preinit_array_end = .)

.init_array     0x000000000000c26c        0x0
                [!provide]                        PROVIDE (__init_array_start = .)
 *(SORT_BY_INIT_PRIORITY(.init_array.*) SORT_BY_INIT_PRIORITY(.ctors.*))
 *(.init_array EXCLUDE_FILE(*crtend?.o *crtend.o *crtbegin?.o *crtbegin.o) .ctors)
                [!provide]                        PROVIDE (__init_array_end = .)

.fini_array     0x000000000000c26c        0x0
                [!provide]                        PROVIDE (__fini_array_start = .)
 *(SORT_BY_INIT_PRIORITY(.fini_array.*) SORT_BY_INIT_PRIORITY(.dtors.*))
 *(.fini_array EXCLUDE_FILE(*crtend?.o *crtend.o *crtbegin?.o *crtbegin.o) .dtors)
                [!provide]                        PROVIDE (__fini_array_end = .)

.ctors
 *crtbegin.o(.ctors)
 *crtbegin?.o(.ctors)
 *(EXCLUDE_FILE(*crtend?.o *crtend.o) .ctors)
 *(SORT_BY_NAME(.ctors.*))
 *(.ctors)

.dtors
 *crtbegin.o(.dtors)
 *crtbegin?.o(.dtors)
 *(EXCLUDE_FILE(*crtend?.o *crtend.o) .dtors)
 *(SORT_BY_NAME(.dtors.*))
 *(.dtors)

.dalign         0x0000000020000000        0x0 load address 0x000000000000c26c
                0x0000000020000000                . = ALIGN (0x4)
                0x0000000020000000                PROVIDE (_data_vma = .)

.dlalign        0x000000000000c26c        0x0
                0x000000000000c26c                . = ALIGN (0x4)
                0x000000000000c26c                PROVIDE (_data_lma = .)

.data           0x0000000020000000     0x192c load address 0x000000000000c26c
 *(.gnu.linkonce.r.*)
 *(.data .data.*)
 .data.CommandTable
                0x0000000020000000       0xc0 ./User/hd_rumble2.o
                0x0000000020000000                CommandTable
 .data.freq_exp2_index_lookup_tb
                0x00000000200000c0      0x100 ./User/hd_rumble2.o
                0x00000000200000c0                freq_exp2_index_lookup_tb
 .data.amp_exp2_index_lookup_tb
                0x00000000200001c0      0x100 ./User/hd_rumble2.o
                0x00000000200001c0                amp_exp2_index_lookup_tb
 .data.exp2_lookup_tb
                0x00000000200002c0      0x500 ./User/hd_rumble2.o
                0x00000000200002c0                exp2_lookup_tb
 .data.ccr_lookup_tb
                0x00000000200007c0     0x1000 ./User/hd_rumble_high_accuracy.o
                0x00000000200007c0                ccr_lookup_tb
 .data._imu_quat_state
                0x00000000200017c0       0x1c ./User/imu_quaternion.o
                0x00000000200017c0                _imu_quat_state
 .data.default_et
                0x00000000200017dc        0xe ./User/ns_com.o
                0x00000000200017dc                default_et
 *fill*         0x00000000200017ea        0x2 
 .data.default_device_info
                0x00000000200017ec        0xc ./User/ns_com.o
                0x00000000200017ec                default_device_info
 .data.AHBPrescTable
                0x00000000200017f8       0x10 ./User/system_ch32v10x.o
                0x00000000200017f8                AHBPrescTable
 .data.MyCfgDescr
                0x0000000020001808       0x29 ./User/usb_desc.o
                0x0000000020001808                MyCfgDescr
 *fill*         0x0000000020001831        0x3 
 .data.APBAHBPrescTable
                0x0000000020001834       0x10 ./Peripheral/src/ch32v10x_rcc.o
 .data.impure_data
                0x0000000020001844       0x60 d:/mounriver_studio/toolchain/risc-v embedded gcc12/bin/../lib/gcc/riscv-none-elf/12.2.0/../../../../riscv-none-elf/lib\libg_nano.a(lib_a-impure.o)
 *(.gnu.linkonce.d.*)
                0x00000000200018a8                . = ALIGN (0x8)
 *fill*         0x00000000200018a4        0x4 
                0x00000000200020a8                PROVIDE (__global_pointer$ = (. + 0x800))
 *(.sdata .sdata.*)
 .sdata.rumble_state
                0x00000000200018a8        0x1 ./User/hd_rumble.o
                0x00000000200018a8                rumble_state
 *fill*         0x00000000200018a9        0x3 
 .sdata.hliner  0x00000000200018ac        0x4 ./User/hd_rumble2.o
                0x00000000200018ac                hliner
 .sdata.input_mode
                0x00000000200018b0        0x1 ./User/ns_com.o
                0x00000000200018b0                input_mode
 *fill*         0x00000000200018b1        0x3 
 .sdata.rts_tcnt
                0x00000000200018b4        0x4 ./User/ns_com_mux.o
                0x00000000200018b4                rts_tcnt
 .sdata.spi_rgb_trans
                0x00000000200018b8        0x2 ./User/spi.o
                0x00000000200018b8                spi_rgb_trans
 *fill*         0x00000000200018ba        0x2 
 .sdata.SystemCoreClock
                0x00000000200018bc        0x4 ./User/system_ch32v10x.o
                0x00000000200018bc                SystemCoreClock
 .sdata.ADCPrescTable
                0x00000000200018c0        0x4 ./Peripheral/src/ch32v10x_rcc.o
 .sdata.tiny    0x00000000200018c4        0x4 d:/mounriver_studio/toolchain/risc-v embedded gcc12/bin/../lib/gcc/riscv-none-elf/12.2.0/../../../../riscv-none-elf/lib\libm_nano.a(lib_a-ef_sqrt.o)
 .sdata.one     0x00000000200018c8        0x4 d:/mounriver_studio/toolchain/risc-v embedded gcc12/bin/../lib/gcc/riscv-none-elf/12.2.0/../../../../riscv-none-elf/lib\libm_nano.a(lib_a-ef_sqrt.o)
 .sdata._impure_ptr
                0x00000000200018cc        0x4 d:/mounriver_studio/toolchain/risc-v embedded gcc12/bin/../lib/gcc/riscv-none-elf/12.2.0/../../../../riscv-none-elf/lib\libg_nano.a(lib_a-impure.o)
                0x00000000200018cc                _impure_ptr
 *(.sdata2.*)
 .sdata2.MyLangDescr
                0x00000000200018d0        0x4 ./User/usb_desc.o
                0x00000000200018d0                MyLangDescr
 *(.gnu.linkonce.s.*)
                0x00000000200018d8                . = ALIGN (0x8)
 *fill*         0x00000000200018d4        0x4 
 *(.srodata.cst16)
 *(.srodata.cst8)
 .srodata.cst8  0x00000000200018d8       0x38 ./User/imu_quaternion.o
 *(.srodata.cst4)
 .srodata.cst4  0x0000000020001910        0x4 ./User/conf.o
 .srodata.cst4  0x0000000020001914        0xc ./User/imu_quaternion.o
 .srodata.cst4  0x0000000020001920        0x4 ./User/main.o
 .srodata.cst4  0x0000000020001924        0x8 ./User/ns_com_mux.o
 *(.srodata.cst2)
 *(.srodata .srodata.*)
                0x000000002000192c                . = ALIGN (0x4)
                0x000000002000192c                PROVIDE (_edata = .)

.bss            0x0000000020001930     0x27d0 load address 0x000000000000db98
                0x0000000020001930                . = ALIGN (0x4)
                0x0000000020001930                PROVIDE (_sbss = .)
 *(.sbss*)
 .sbss.USBFS_DevAddr
                0x0000000020001930        0x1 ./User/ch32v10x_usbfs_device.o
                0x0000000020001930                USBFS_DevAddr
 .sbss.USBFS_DevConfig
                0x0000000020001931        0x1 ./User/ch32v10x_usbfs_device.o
                0x0000000020001931                USBFS_DevConfig
 .sbss.USBFS_DevEnumStatus
                0x0000000020001932        0x1 ./User/ch32v10x_usbfs_device.o
                0x0000000020001932                USBFS_DevEnumStatus
 .sbss.USBFS_DevSleepStatus
                0x0000000020001933        0x1 ./User/ch32v10x_usbfs_device.o
                0x0000000020001933                USBFS_DevSleepStatus
 .sbss.USBFS_Endp_Busy
                0x0000000020001934        0x8 ./User/ch32v10x_usbfs_device.o
                0x0000000020001934                USBFS_Endp_Busy
 .sbss.USBFS_HidIdle
                0x000000002000193c        0x1 ./User/ch32v10x_usbfs_device.o
                0x000000002000193c                USBFS_HidIdle
 .sbss.USBFS_HidProtocol
                0x000000002000193d        0x1 ./User/ch32v10x_usbfs_device.o
                0x000000002000193d                USBFS_HidProtocol
 .sbss.USBFS_SetupReqCode
                0x000000002000193e        0x1 ./User/ch32v10x_usbfs_device.o
                0x000000002000193e                USBFS_SetupReqCode
 *fill*         0x000000002000193f        0x1 
 .sbss.USBFS_SetupReqIndex
                0x0000000020001940        0x2 ./User/ch32v10x_usbfs_device.o
                0x0000000020001940                USBFS_SetupReqIndex
 .sbss.USBFS_SetupReqLen
                0x0000000020001942        0x2 ./User/ch32v10x_usbfs_device.o
                0x0000000020001942                USBFS_SetupReqLen
 .sbss.USBFS_SetupReqType
                0x0000000020001944        0x1 ./User/ch32v10x_usbfs_device.o
                0x0000000020001944                USBFS_SetupReqType
 *fill*         0x0000000020001945        0x1 
 .sbss.USBFS_SetupReqValue
                0x0000000020001946        0x2 ./User/ch32v10x_usbfs_device.o
                0x0000000020001946                USBFS_SetupReqValue
 .sbss.pUSBFS_Descr
                0x0000000020001948        0x4 ./User/ch32v10x_usbfs_device.o
                0x0000000020001948                pUSBFS_Descr
 .sbss.fac      0x000000002000194c        0x4 ./User/conf.o
 .sbss.Calibrattion_Val
                0x0000000020001950        0x2 ./User/gpio_adc.o
                0x0000000020001950                Calibrattion_Val
 *fill*         0x0000000020001952        0x2 
 .sbss.adc_data
                0x0000000020001954        0x8 ./User/gpio_adc.o
                0x0000000020001954                adc_data
 .sbss.sample   0x000000002000195c        0x8 ./User/hd_rumble2.o
                0x000000002000195c                sample
 .sbss.m_state  0x0000000020001964        0x8 ./User/hd_rumble2.o
                0x0000000020001964                m_state
 .sbss.global_sample_channel
                0x000000002000196c        0x1 ./User/hd_rumble2.o
                0x000000002000196c                global_sample_channel
 .sbss.decoded_cnt
                0x000000002000196d        0x1 ./User/hd_rumble2.o
                0x000000002000196d                decoded_cnt
 *fill*         0x000000002000196e        0x2 
 .sbss.tim3_counter
                0x0000000020001970        0x4 ./User/hd_rumble_high_accuracy.o
 .sbss.right_low_tick
                0x0000000020001974        0x4 ./User/hd_rumble_high_accuracy.o
 .sbss.right_high_tick
                0x0000000020001978        0x4 ./User/hd_rumble_high_accuracy.o
 .sbss.left_low_tick
                0x000000002000197c        0x4 ./User/hd_rumble_high_accuracy.o
 .sbss.left_high_tick
                0x0000000020001980        0x4 ./User/hd_rumble_high_accuracy.o
 .sbss.tim3_irq_tmp
                0x0000000020001984        0x4 ./User/hd_rumble_high_accuracy.o
 .sbss.right_low_sum
                0x0000000020001988        0x4 ./User/hd_rumble_high_accuracy.o
                0x0000000020001988                right_low_sum
 .sbss.right_high_sum
                0x000000002000198c        0x4 ./User/hd_rumble_high_accuracy.o
                0x000000002000198c                right_high_sum
 .sbss.left_low_sum
                0x0000000020001990        0x4 ./User/hd_rumble_high_accuracy.o
                0x0000000020001990                left_low_sum
 .sbss.left_high_sum
                0x0000000020001994        0x4 ./User/hd_rumble_high_accuracy.o
                0x0000000020001994                left_high_sum
 .sbss.right_low_pos
                0x0000000020001998        0x2 ./User/hd_rumble_high_accuracy.o
                0x0000000020001998                right_low_pos
 .sbss.right_high_pos
                0x000000002000199a        0x2 ./User/hd_rumble_high_accuracy.o
                0x000000002000199a                right_high_pos
 .sbss.left_low_pos
                0x000000002000199c        0x2 ./User/hd_rumble_high_accuracy.o
                0x000000002000199c                left_low_pos
 .sbss.left_high_pos
                0x000000002000199e        0x2 ./User/hd_rumble_high_accuracy.o
                0x000000002000199e                left_high_pos
 .sbss.right_low_buf_stdby
                0x00000000200019a0        0x1 ./User/hd_rumble_high_accuracy.o
                0x00000000200019a0                right_low_buf_stdby
 .sbss.right_high_buf_stdby
                0x00000000200019a1        0x1 ./User/hd_rumble_high_accuracy.o
                0x00000000200019a1                right_high_buf_stdby
 .sbss.left_low_buf_stdby
                0x00000000200019a2        0x1 ./User/hd_rumble_high_accuracy.o
                0x00000000200019a2                left_low_buf_stdby
 .sbss.left_high_buf_stdby
                0x00000000200019a3        0x1 ./User/hd_rumble_high_accuracy.o
                0x00000000200019a3                left_high_buf_stdby
 .sbss.right_low_buf_rdy
                0x00000000200019a4        0x1 ./User/hd_rumble_high_accuracy.o
                0x00000000200019a4                right_low_buf_rdy
 .sbss.right_high_buf_rdy
                0x00000000200019a5        0x1 ./User/hd_rumble_high_accuracy.o
                0x00000000200019a5                right_high_buf_rdy
 .sbss.left_low_buf_rdy
                0x00000000200019a6        0x1 ./User/hd_rumble_high_accuracy.o
                0x00000000200019a6                left_low_buf_rdy
 .sbss.left_high_buf_rdy
                0x00000000200019a7        0x1 ./User/hd_rumble_high_accuracy.o
                0x00000000200019a7                left_high_buf_rdy
 .sbss.right_low_buf
                0x00000000200019a8        0x8 ./User/hd_rumble_high_accuracy.o
                0x00000000200019a8                right_low_buf
 .sbss.right_high_buf
                0x00000000200019b0        0x8 ./User/hd_rumble_high_accuracy.o
                0x00000000200019b0                right_high_buf
 .sbss.left_low_buf
                0x00000000200019b8        0x8 ./User/hd_rumble_high_accuracy.o
                0x00000000200019b8                left_low_buf
 .sbss.left_high_buf
                0x00000000200019c0        0x8 ./User/hd_rumble_high_accuracy.o
                0x00000000200019c0                left_high_buf
 .sbss.right_low
                0x00000000200019c8        0x8 ./User/hd_rumble_high_accuracy.o
                0x00000000200019c8                right_low
 .sbss.right_high
                0x00000000200019d0        0x8 ./User/hd_rumble_high_accuracy.o
                0x00000000200019d0                right_high
 .sbss.left_low
                0x00000000200019d8        0x8 ./User/hd_rumble_high_accuracy.o
                0x00000000200019d8                left_low
 .sbss.left_high
                0x00000000200019e0        0x8 ./User/hd_rumble_high_accuracy.o
                0x00000000200019e0                left_high
 .sbss.i2c_error_code
                0x00000000200019e8        0x1 ./User/i2c.o
                0x00000000200019e8                i2c_error_code
 .sbss.i2c_intr_error
                0x00000000200019e9        0x1 ./User/i2c.o
                0x00000000200019e9                i2c_intr_error
 .sbss.i2c_status
                0x00000000200019ea        0x1 ./User/i2c.o
                0x00000000200019ea                i2c_status
 *fill*         0x00000000200019eb        0x1 
 .sbss.last_reset.4621
                0x00000000200019ec        0x4 ./User/i2c.o
 .sbss.last_upd.0
                0x00000000200019f0        0x4 ./User/imu.o
 .sbss.status.1
                0x00000000200019f4        0x1 ./User/imu.o
 *fill*         0x00000000200019f5        0x3 
 .sbss.rep      0x00000000200019f8        0x4 ./User/imu.o
 .sbss.imu_buf_pos
                0x00000000200019fc        0x1 ./User/imu.o
                0x00000000200019fc                imu_buf_pos
 .sbss.imu_sample_cnt
                0x00000000200019fd        0x1 ./User/imu.o
 *fill*         0x00000000200019fe        0x2 
 .sbss.last_imu_upd
                0x0000000020001a00        0x4 ./User/imu.o
 .sbss.imu_ratio_zf
                0x0000000020001a04        0x4 ./User/imu.o
                0x0000000020001a04                imu_ratio_zf
 .sbss.imu_ratio_yf
                0x0000000020001a08        0x4 ./User/imu.o
                0x0000000020001a08                imu_ratio_yf
 .sbss.imu_ratio_xf
                0x0000000020001a0c        0x4 ./User/imu.o
                0x0000000020001a0c                imu_ratio_xf
 .sbss.imu_mode
                0x0000000020001a10        0x1 ./User/imu.o
                0x0000000020001a10                imu_mode
 .sbss.imu_rdy  0x0000000020001a11        0x1 ./User/imu.o
                0x0000000020001a11                imu_rdy
 .sbss.imu_upd_cnt
                0x0000000020001a12        0x1 ./User/imu.o
                0x0000000020001a12                imu_upd_cnt
 .sbss.pos.2    0x0000000020001a13        0x1 ./User/imu_quaternion.o
 .sbss.timestamp.4
                0x0000000020001a14        0x4 ./User/imu_quaternion.o
 .sbss.prev_timestamp.5
                0x0000000020001a18        0x4 ./User/imu_quaternion.o
 .sbss.sts.0    0x0000000020001a1c        0x1 ./User/main.o
 .sbss.f4.2     0x0000000020001a1d        0x1 ./User/main.o
 .sbss.f3.3     0x0000000020001a1e        0x1 ./User/main.o
 .sbss.f2.4     0x0000000020001a1f        0x1 ./User/main.o
 .sbss.f1.5     0x0000000020001a20        0x1 ./User/main.o
 .sbss.upd.6    0x0000000020001a21        0x1 ./User/main.o
 .sbss.save.7   0x0000000020001a22        0x1 ./User/main.o
 .sbss.id.9     0x0000000020001a23        0x1 ./User/main.o
 .sbss.last_tick.10
                0x0000000020001a24        0x4 ./User/main.o
 .sbss.set.11   0x0000000020001a28        0x1 ./User/main.o
 *fill*         0x0000000020001a29        0x3 
 .sbss.uart_rumble_buf
                0x0000000020001a2c        0x8 ./User/main.o
 .sbss.stop_flag
                0x0000000020001a34        0x1 ./User/main.o
 *fill*         0x0000000020001a35        0x3 
 .sbss.routine_tick
                0x0000000020001a38        0x4 ./User/main.o
 .sbss.test_uart_pkt
                0x0000000020001a3c        0x6 ./User/main.o
 *fill*         0x0000000020001a42        0x2 
 .sbss.top_tick
                0x0000000020001a44        0x4 ./User/main.o
 .sbss.input_update_tick
                0x0000000020001a48        0x4 ./User/main.o
 .sbss.pkt      0x0000000020001a4c        0x6 ./User/main.o
 *fill*         0x0000000020001a52        0x2 
 .sbss.sts_rjoy
                0x0000000020001a54        0x4 ./User/main.o
 .sbss.sts_ljoy
                0x0000000020001a58        0x4 ./User/main.o
 .sbss.sts_button
                0x0000000020001a5c        0x4 ./User/main.o
                0x0000000020001a5c                sts_button
 .sbss.top_trigger
                0x0000000020001a60        0x1 ./User/main.o
 *fill*         0x0000000020001a61        0x3 
 .sbss.imu_conf
                0x0000000020001a64        0x5 ./User/ns_com.o
                0x0000000020001a64                imu_conf
 .sbss.indicate_led_status
                0x0000000020001a69        0x1 ./User/ns_com.o
                0x0000000020001a69                indicate_led_status
 .sbss.fw_red_cnt
                0x0000000020001a6a        0x1 ./User/ns_com_mux.o
 *fill*         0x0000000020001a6b        0x1 
 .sbss.rts_cnt  0x0000000020001a6c        0x4 ./User/ns_com_mux.o
                0x0000000020001a6c                rts_cnt
 .sbss.is_rumble_start
                0x0000000020001a70        0x1 ./User/ns_com_mux.o
                0x0000000020001a70                is_rumble_start
 .sbss.force_esp32_active
                0x0000000020001a71        0x1 ./User/pwr.o
                0x0000000020001a71                force_esp32_active
 *fill*         0x0000000020001a72        0x2 
 .sbss.p.1      0x0000000020001a74        0x3 ./User/spi.o
 *fill*         0x0000000020001a77        0x1 
 .sbss.Systick_MS
                0x0000000020001a78        0x4 ./User/tick.o
                0x0000000020001a78                Systick_MS
 .sbss.inited.4594
                0x0000000020001a7c        0x4 ./User/tick.o
 .sbss.p_us     0x0000000020001a80        0x1 ./User/tick.o
 *fill*         0x0000000020001a81        0x3 
 .sbss.send_buf
                0x0000000020001a84        0x6 ./User/uart_com.o
 *fill*         0x0000000020001a8a        0x2 
 .sbss.rx_filter_buf
                0x0000000020001a8c        0x6 ./User/uart_com.o
                0x0000000020001a8c                rx_filter_buf
 .sbss.rx_ptr   0x0000000020001a92        0x1 ./User/uart_com.o
                0x0000000020001a92                rx_ptr
 *fill*         0x0000000020001a93        0x1 
 .sbss.UART1_Rx_Deal_Ptr
                0x0000000020001a94        0x2 ./User/uart_com.o
                0x0000000020001a94                UART1_Rx_Deal_Ptr
 .sbss.UART1_Rx_RemainLen
                0x0000000020001a96        0x2 ./User/uart_com.o
                0x0000000020001a96                UART1_Rx_RemainLen
 .sbss.UART1_RX_LastCnt
                0x0000000020001a98        0x2 ./User/uart_com.o
                0x0000000020001a98                UART1_RX_LastCnt
 .sbss.UART1_RX_CurCnt
                0x0000000020001a9a        0x2 ./User/uart_com.o
                0x0000000020001a9a                UART1_RX_CurCnt
 .sbss.UART1_Tx_Flag
                0x0000000020001a9c        0x1 ./User/uart_com.o
                0x0000000020001a9c                UART1_Tx_Flag
 *fill*         0x0000000020001a9d        0x1 
 .sbss.UART1_TimeOut
                0x0000000020001a9e        0x2 ./User/uart_com.o
                0x0000000020001a9e                UART1_TimeOut
 .sbss.pkt.0    0x0000000020001aa0        0x8 ./User/usbd_compatibility_hid.o
 .sbss.rep      0x0000000020001aa8        0x4 ./User/usbd_compatibility_hid.o
 .sbss.rpt      0x0000000020001aac        0x4 ./User/usbd_compatibility_hid.o
                0x0000000020001aac                rpt
 .sbss.pkg_typ  0x0000000020001ab0        0x1 ./User/usbd_compatibility_hid.o
                0x0000000020001ab0                pkg_typ
 .sbss.pkg_len  0x0000000020001ab1        0x1 ./User/usbd_compatibility_hid.o
                0x0000000020001ab1                pkg_len
 *fill*         0x0000000020001ab2        0x2 
 .sbss.pkg_ptr  0x0000000020001ab4        0x4 ./User/usbd_compatibility_hid.o
                0x0000000020001ab4                pkg_ptr
 .sbss.ns_hid_pkt_cnt
                0x0000000020001ab8        0x1 ./User/usbd_compatibility_hid.o
 *fill*         0x0000000020001ab9        0x3 
 .sbss.get_peripheral_data
                0x0000000020001abc        0x4 ./User/usbd_compatibility_hid.o
                0x0000000020001abc                get_peripheral_data
 .sbss.HID_Set_Report_Flag
                0x0000000020001ac0        0x1 ./User/usbd_compatibility_hid.o
                0x0000000020001ac0                HID_Set_Report_Flag
 *fill*         0x0000000020001ac1        0x3 
 .sbss.NVIC_Priority_Group
                0x0000000020001ac4        0x4 ./Peripheral/src/ch32v10x_misc.o
                0x0000000020001ac4                NVIC_Priority_Group
 .sbss.pEP1_RAM_Addr
                0x0000000020001ac8        0x4 ./Peripheral/src/ch32v10x_usb.o
                0x0000000020001ac8                pEP1_RAM_Addr
 *(.gnu.linkonce.sb.*)
 *(.bss*)
 .bss.Data_Buffer
                0x0000000020001acc      0x600 ./User/ch32v10x_usbfs_device.o
                0x0000000020001acc                Data_Buffer
 .bss.RingBuffer_Comm
                0x00000000200020cc       0x1c ./User/ch32v10x_usbfs_device.o
                0x00000000200020cc                RingBuffer_Comm
 .bss.USBFS_EP0_Buf
                0x00000000200020e8       0x40 ./User/ch32v10x_usbfs_device.o
                0x00000000200020e8                USBFS_EP0_Buf
 .bss.ep1_data_buffer
                0x0000000020002128      0x200 ./User/ch32v10x_usbfs_device.o
                0x0000000020002128                ep1_data_buffer
 .bss.user_config
                0x0000000020002328       0x7b ./User/conf.o
                0x0000000020002328                user_config
 *fill*         0x00000000200023a3        0x1 
 .bss.user_calibration
                0x00000000200023a4       0x48 ./User/conf.o
                0x00000000200023a4                user_calibration
 .bss.factory_configuration
                0x00000000200023ec       0xb1 ./User/conf.o
                0x00000000200023ec                factory_configuration