Archive member included to satisfy reference by file (symbol)

d:/mounriver_studio/toolchain/risc-v embedded gcc12/bin/../lib/gcc/riscv-none-elf/12.2.0/../../../../riscv-none-elf/lib\libm_nano.a(lib_a-wf_sqrt.o)
                              ./User/imu_quaternion.o (sqrtf)
d:/mounriver_studio/toolchain/risc-v embedded gcc12/bin/../lib/gcc/riscv-none-elf/12.2.0/../../../../riscv-none-elf/lib\libm_nano.a(lib_a-ef_sqrt.o)
                              d:/mounriver_studio/toolchain/risc-v embedded gcc12/bin/../lib/gcc/riscv-none-elf/12.2.0/../../../../riscv-none-elf/lib\libm_nano.a(lib_a-wf_sqrt.o) (__ieee754_sqrtf)
d:/mounriver_studio/toolchain/risc-v embedded gcc12/bin/../lib/gcc/riscv-none-elf/12.2.0/../../../../riscv-none-elf/lib\libprintfloat.a(printfloat.o)
                              ./User/usbd_compatibility_hid.o (putchar)
d:/mounriver_studio/toolchain/risc-v embedded gcc12/bin/../lib/gcc/riscv-none-elf/12.2.0\libgcc.a(_divdi3.o)
                              ./User/hd_rumble2.o (__divdi3)
d:/mounriver_studio/toolchain/risc-v embedded gcc12/bin/../lib/gcc/riscv-none-elf/12.2.0\libgcc.a(_udivdi3.o)
                              ./User/hd_rumble2.o (__udivdi3)
d:/mounriver_studio/toolchain/risc-v embedded gcc12/bin/../lib/gcc/riscv-none-elf/12.2.0\libgcc.a(_umoddi3.o)
                              d:/mounriver_studio/toolchain/risc-v embedded gcc12/bin/../lib/gcc/riscv-none-elf/12.2.0/../../../../riscv-none-elf/lib\libprintfloat.a(printfloat.o) (__umoddi3)
d:/mounriver_studio/toolchain/risc-v embedded gcc12/bin/../lib/gcc/riscv-none-elf/12.2.0\libgcc.a(adddf3.o)
                              ./User/imu_quaternion.o (__adddf3)
d:/mounriver_studio/toolchain/risc-v embedded gcc12/bin/../lib/gcc/riscv-none-elf/12.2.0\libgcc.a(divdf3.o)
                              ./User/imu_quaternion.o (__divdf3)
d:/mounriver_studio/toolchain/risc-v embedded gcc12/bin/../lib/gcc/riscv-none-elf/12.2.0\libgcc.a(ledf2.o)
                              d:/mounriver_studio/toolchain/risc-v embedded gcc12/bin/../lib/gcc/riscv-none-elf/12.2.0/../../../../riscv-none-elf/lib\libprintfloat.a(printfloat.o) (__ltdf2)
d:/mounriver_studio/toolchain/risc-v embedded gcc12/bin/../lib/gcc/riscv-none-elf/12.2.0\libgcc.a(muldf3.o)
                              ./User/imu_quaternion.o (__muldf3)
d:/mounriver_studio/toolchain/risc-v embedded gcc12/bin/../lib/gcc/riscv-none-elf/12.2.0\libgcc.a(subdf3.o)
                              ./User/imu_quaternion.o (__subdf3)
d:/mounriver_studio/toolchain/risc-v embedded gcc12/bin/../lib/gcc/riscv-none-elf/12.2.0\libgcc.a(floatsidf.o)
                              ./User/imu_quaternion.o (__floatsidf)
d:/mounriver_studio/toolchain/risc-v embedded gcc12/bin/../lib/gcc/riscv-none-elf/12.2.0\libgcc.a(floatunsidf.o)
                              ./User/imu_quaternion.o (__floatunsidf)
d:/mounriver_studio/toolchain/risc-v embedded gcc12/bin/../lib/gcc/riscv-none-elf/12.2.0\libgcc.a(fixdfdi.o)
                              d:/mounriver_studio/toolchain/risc-v embedded gcc12/bin/../lib/gcc/riscv-none-elf/12.2.0/../../../../riscv-none-elf/lib\libprintfloat.a(printfloat.o) (__fixdfdi)
d:/mounriver_studio/toolchain/risc-v embedded gcc12/bin/../lib/gcc/riscv-none-elf/12.2.0\libgcc.a(floatdidf.o)
                              d:/mounriver_studio/toolchain/risc-v embedded gcc12/bin/../lib/gcc/riscv-none-elf/12.2.0/../../../../riscv-none-elf/lib\libprintfloat.a(printfloat.o) (__floatdidf)
d:/mounriver_studio/toolchain/risc-v embedded gcc12/bin/../lib/gcc/riscv-none-elf/12.2.0\libgcc.a(addsf3.o)
                              ./User/imu_quaternion.o (__addsf3)
d:/mounriver_studio/toolchain/risc-v embedded gcc12/bin/../lib/gcc/riscv-none-elf/12.2.0\libgcc.a(divsf3.o)
                              ./User/conf.o (__divsf3)
d:/mounriver_studio/toolchain/risc-v embedded gcc12/bin/../lib/gcc/riscv-none-elf/12.2.0\libgcc.a(gesf2.o)
                              ./User/imu_quaternion.o (__gtsf2)
d:/mounriver_studio/toolchain/risc-v embedded gcc12/bin/../lib/gcc/riscv-none-elf/12.2.0\libgcc.a(lesf2.o)
                              d:/mounriver_studio/toolchain/risc-v embedded gcc12/bin/../lib/gcc/riscv-none-elf/12.2.0/../../../../riscv-none-elf/lib\libm_nano.a(lib_a-ef_sqrt.o) (__lesf2)
d:/mounriver_studio/toolchain/risc-v embedded gcc12/bin/../lib/gcc/riscv-none-elf/12.2.0\libgcc.a(mulsf3.o)
                              ./User/imu.o (__mulsf3)
d:/mounriver_studio/toolchain/risc-v embedded gcc12/bin/../lib/gcc/riscv-none-elf/12.2.0\libgcc.a(subsf3.o)
                              ./User/imu_quaternion.o (__subsf3)
d:/mounriver_studio/toolchain/risc-v embedded gcc12/bin/../lib/gcc/riscv-none-elf/12.2.0\libgcc.a(unordsf2.o)
                              d:/mounriver_studio/toolchain/risc-v embedded gcc12/bin/../lib/gcc/riscv-none-elf/12.2.0/../../../../riscv-none-elf/lib\libm_nano.a(lib_a-wf_sqrt.o) (__unordsf2)
d:/mounriver_studio/toolchain/risc-v embedded gcc12/bin/../lib/gcc/riscv-none-elf/12.2.0\libgcc.a(fixsfsi.o)
[...]
Memory Configuration

Name             Origin             Length             Attributes
FLASH            0x0000000000000000 0x0000000000010000 xr
RAM              0x0000000020000000 0x0000000000005000 xrw
*default*        0x0000000000000000 0xffffffffffffffff

Linker script and memory map

LOAD ./User/ch32v10x_it.o
LOAD ./User/ch32v10x_usbfs_device.o
LOAD ./User/conf.o
LOAD ./User/flash.o
LOAD ./User/global_api.o
LOAD ./User/gpio_adc.o
LOAD ./User/gpio_digit.o
LOAD ./User/hd_rumble.o
LOAD ./User/hd_rumble2.o
LOAD ./User/hd_rumble_high_accuracy.o
LOAD ./User/i2c.o
LOAD ./User/imu.o
LOAD ./User/imu_quaternion.o
LOAD ./User/main.o
LOAD ./User/ns_com.o
LOAD ./User/ns_com_mux.o
LOAD ./User/pwr.o
LOAD ./User/ring_buffer.o
LOAD ./User/spi.o
LOAD ./User/system_ch32v10x.o
LOAD ./User/tick.o
LOAD ./User/uart_com.o
LOAD ./User/usb_desc.o
LOAD ./User/usbd_compatibility_hid.o
LOAD ./Startup/startup_ch32v10x.o
LOAD ./Peripheral/src/ch32v10x_adc.o
LOAD ./Peripheral/src/ch32v10x_bkp.o
LOAD ./Peripheral/src/ch32v10x_crc.o
LOAD ./Peripheral/src/ch32v10x_dbgmcu.o
LOAD ./Peripheral/src/ch32v10x_dma.o
LOAD ./Peripheral/src/ch32v10x_exti.o
LOAD ./Peripheral/src/ch32v10x_flash.o
LOAD ./Peripheral/src/ch32v10x_gpio.o
LOAD ./Peripheral/src/ch32v10x_i2c.o
LOAD ./Peripheral/src/ch32v10x_iwdg.o
LOAD ./Peripheral/src/ch32v10x_misc.o
LOAD ./Peripheral/src/ch32v10x_pwr.o
LOAD ./Peripheral/src/ch32v10x_rcc.o
LOAD ./Peripheral/src/ch32v10x_rtc.o
LOAD ./Peripheral/src/ch32v10x_spi.o
LOAD ./Peripheral/src/ch32v10x_tim.o
LOAD ./Peripheral/src/ch32v10x_usart.o
LOAD ./Peripheral/src/ch32v10x_usb.o
LOAD ./Peripheral/src/ch32v10x_usb_host.o
LOAD ./Peripheral/src/ch32v10x_wwdg.o
LOAD ./Debug/debug.o
LOAD ./Core/core_riscv.o
LOAD d:/mounriver_studio/toolchain/risc-v embedded gcc12/bin/../lib/gcc/riscv-none-elf/12.2.0/../../../../riscv-none-elf/lib\libm_nano.a
LOAD d:/mounriver_studio/toolchain/risc-v embedded gcc12/bin/../lib/gcc/riscv-none-elf/12.2.0/../../../../riscv-none-elf/lib\libprintfloat.a
LOAD d:/mounriver_studio/toolchain/risc-v embedded gcc12/bin/../lib/gcc/riscv-none-elf/12.2.0\libgcc.a
LOAD d:/mounriver_studio/toolchain/risc-v embedded gcc12/bin/../lib/gcc/riscv-none-elf/12.2.0/../../../../riscv-none-elf/lib\libg_nano.a
LOAD d:/mounriver_studio/toolchain/risc-v embedded gcc12/bin/../lib/gcc/riscv-none-elf/12.2.0/../../../../riscv-none-elf/lib\libc_nano.a
LOAD d:/mounriver_studio/toolchain/risc-v embedded gcc12/bin/../lib/gcc/riscv-none-elf/12.2.0\libgcc.a
START GROUP
LOAD d:/mounriver_studio/toolchain/risc-v embedded gcc12/bin/../lib/gcc/riscv-none-elf/12.2.0\libgcc.a
LOAD d:/mounriver_studio/toolchain/risc-v embedded gcc12/bin/../lib/gcc/riscv-none-elf/12.2.0/../../../../riscv-none-elf/lib\libc_nano.a
LOAD d:/mounriver_studio/toolchain/risc-v embedded gcc12/bin/../lib/gcc/riscv-none-elf/12.2.0/../../../../riscv-none-elf/lib\libnosys.a
END GROUP
START GROUP
LOAD d:/mounriver_studio/toolchain/risc-v embedded gcc12/bin/../lib/gcc/riscv-none-elf/12.2.0\libgcc.a
LOAD d:/mounriver_studio/toolchain/risc-v embedded gcc12/bin/../lib/gcc/riscv-none-elf/12.2.0/../../../../riscv-none-elf/lib\libc_nano.a
LOAD d:/mounriver_studio/toolchain/risc-v embedded gcc12/bin/../lib/gcc/riscv-none-elf/12.2.0/../../../../riscv-none-elf/lib\libnosys.a
END GROUP
                0x0000000000000800                __stack_size = 0x800
                [!provide]                        PROVIDE (_stack_size = __stack_size)

.init           0x0000000000000000       0x38
                0x0000000000000000                _sinit = .
                0x0000000000000000                . = ALIGN (0x4)
 *(SORT_NONE(.init))
 .init          0x0000000000000000       0x38 ./Startup/startup_ch32v10x.o
                0x0000000000000000                _start
                0x0000000000000038                . = ALIGN (0x4)
                0x0000000000000038                _einit = .

.vector         0x0000000000000038      0x108
 *(.vector)
 .vector        0x0000000000000038       0xf0 ./Startup/startup_ch32v10x.o
                0x0000000000000140                . = ALIGN (0x40)
 *fill*         0x0000000000000128       0x18 

.text           0x0000000000000140     0xbfa8
                0x0000000000000140                . = ALIGN (0x4)
 *(.text)
 .text          0x0000000000000140       0x60 d:/mounriver_studio/toolchain/risc-v embedded gcc12/bin/../lib/gcc/riscv-none-elf/12.2.0\libgcc.a(save-restore.o)
                0x0000000000000140                __riscv_save_12
                0x0000000000000148                __riscv_save_9
                0x0000000000000148                __riscv_save_11
                0x0000000000000148                __riscv_save_10
                0x0000000000000148                __riscv_save_8
                0x0000000000000156                __riscv_save_4
                0x0000000000000156                __riscv_save_6
                0x0000000000000156                __riscv_save_5
                0x0000000000000156                __riscv_save_7
                0x0000000000000170                __riscv_save_3
                0x0000000000000170                __riscv_save_2
                0x0000000000000170                __riscv_save_1
                0x0000000000000170                __riscv_save_0
                0x000000000000017c                __riscv_restore_12
                0x0000000000000180                __riscv_restore_11
                0x0000000000000180                __riscv_restore_9
                0x0000000000000180                __riscv_restore_10
                0x0000000000000180                __riscv_restore_8
                0x000000000000018a                __riscv_restore_5
                0x000000000000018a                __riscv_restore_7
                0x000000000000018a                __riscv_restore_6
                0x000000000000018a                __riscv_restore_4
                0x0000000000000194                __riscv_restore_3
                0x0000000000000194                __riscv_restore_0
                0x0000000000000194                __riscv_restore_2
                0x0000000000000194                __riscv_restore_1
 .text          0x00000000000001a0       0x16 d:/mounriver_studio/toolchain/risc-v embedded gcc12/bin/../lib/gcc/riscv-none-elf/12.2.0/../../../../riscv-none-elf/lib\libg_nano.a(lib_a-memcpy-asm.o)
                0x00000000000001a0                memcpy
 .text          0x00000000000001b6       0x10 d:/mounriver_studio/toolchain/risc-v embedded gcc12/bin/../lib/gcc/riscv-none-elf/12.2.0/../../../../riscv-none-elf/lib\libg_nano.a(lib_a-memset.o)
                0x00000000000001b6                memset
 *(.text.*)
 .text.NMI_Handler
                0x00000000000001c6        0x2 ./User/ch32v10x_it.o
                0x00000000000001c6                NMI_Handler
 .text.HardFault_Handler
                0x00000000000001c8        0x2 ./User/ch32v10x_it.o
                0x00000000000001c8                HardFault_Handler
 .text.USBFS_RCC_Init
                0x00000000000001ca       0x4a ./User/ch32v10x_usbfs_device.o
                0x00000000000001ca                USBFS_RCC_Init
 .text.USBFS_Device_Endp_Init
                0x0000000000000214       0x3c ./User/ch32v10x_usbfs_device.o
                0x0000000000000214                USBFS_Device_Endp_Init
 .text.USBFS_IRQHandler
                0x0000000000000250      0x6f8 ./User/ch32v10x_usbfs_device.o
                0x0000000000000250                USBFS_IRQHandler
 .text.USBFS_Device_Init
                0x0000000000000948       0x96 ./User/ch32v10x_usbfs_device.o
                0x0000000000000948                USBFS_Device_Init
 .text.conf_read
                0x00000000000009de       0x3c ./User/conf.o
                0x00000000000009de                conf_read
 .text.custom_conf_read
                0x0000000000000a1a        0xc ./User/conf.o
                0x0000000000000a1a                custom_conf_read
 .text.custom_conf_write
                0x0000000000000a26        0xc ./User/conf.o
                0x0000000000000a26                custom_conf_write
 .text.pack_fac_conf
                0x0000000000000a32       0x68 ./User/conf.o
                0x0000000000000a32                pack_fac_conf
 .text.fac_conf_write
                0x0000000000000a9a       0x12 ./User/conf.o
                0x0000000000000a9a                fac_conf_write
 .text.conf_write
                0x0000000000000aac       0x4e ./User/conf.o
                0x0000000000000aac                conf_write
 .text.unpack_fac_conf
                0x0000000000000afa      0x210 ./User/conf.o
                0x0000000000000afa                unpack_fac_conf
 .text.fac_conf_read
                0x0000000000000d0a       0x1a ./User/conf.o
                0x0000000000000d0a                fac_conf_read
 .text.conf_flush
                0x0000000000000d24       0x72 ./User/conf.o
                0x0000000000000d24                conf_flush
 .text.conf_init
                0x0000000000000d96      0x1b2 ./User/conf.o
                0x0000000000000d96                conf_init
 .text._flash_write
                0x0000000000000f48       0x4e ./User/flash.o
                0x0000000000000f48                _flash_write
 .text.flash_write
                0x0000000000000f96       0x40 ./User/flash.o
                0x0000000000000f96                flash_write
 .text.get_raw_flash_buf
                0x0000000000000fd6        0x6 ./User/flash.o
                0x0000000000000fd6                get_raw_flash_buf
 .text.raw_flash_write
                0x0000000000000fdc        0x2 ./User/flash.o
                0x0000000000000fdc                raw_flash_write
 .text.flash_read
                0x0000000000000fde       0x40 ./User/flash.o
                0x0000000000000fde                flash_read
 .text.fetch_uint32
                0x000000000000101e       0x18 ./User/global_api.o
                0x000000000000101e                fetch_uint32
 .text.ADC_Function_Init
                0x0000000000001036       0xb2 ./User/gpio_adc.o
                0x0000000000001036                ADC_Function_Init
 .text.DMA_Tx_Init
                0x00000000000010e8       0x58 ./User/gpio_adc.o
                0x00000000000010e8                DMA_Tx_Init
 .text.adc_init
                0x0000000000001140       0x7c ./User/gpio_adc.o
                0x0000000000001140                adc_init
 .text.gpio_tb_init
                0x00000000000011bc       0x80 ./User/gpio_digit.o
                0x00000000000011bc                gpio_tb_init
 .text.gpio_init
                0x000000000000123c       0xe0 ./User/gpio_digit.o
                0x000000000000123c                gpio_init
 .text.gpio_read_all
                0x000000000000131c       0x72 ./User/gpio_digit.o
                0x000000000000131c                gpio_read_all
 .text.gpio_read
                0x000000000000138e       0x54 ./User/gpio_digit.o
                0x000000000000138e                gpio_read
 .text.hd_rumble_init
                0x00000000000013e2      0x14c ./User/hd_rumble.o
                0x00000000000013e2                hd_rumble_init
 .text.hd_rumble_set_status
                0x000000000000152e        0xe ./User/hd_rumble.o
                0x000000000000152e                hd_rumble_set_status
 .text.ApplyCommand
                0x000000000000153c       0x3e ./User/hd_rumble2.o
                0x000000000000153c                ApplyCommand
 .text.ApplyAmCommand
                0x000000000000157a       0x24 ./User/hd_rumble2.o
                0x000000000000157a                ApplyAmCommand
 .text.ApplyFmCommand
                0x000000000000159e       0x28 ./User/hd_rumble2.o
                0x000000000000159e                ApplyFmCommand
 .text.get_hd_rumble_pack
                0x00000000000015c6       0x16 ./User/hd_rumble2.o
                0x00000000000015c6                get_hd_rumble_pack
 .text.deocde_hd_rumble_format1
                0x00000000000015dc       0x60 ./User/hd_rumble2.o
                0x00000000000015dc                deocde_hd_rumble_format1
 .text.decode_hd_rumble_format1long
                0x000000000000163c       0x94 ./User/hd_rumble2.o
                0x000000000000163c                decode_hd_rumble_format1long
 .text.decode_hd_rumble_format1full
                0x00000000000016d0      0x124 ./User/hd_rumble2.o
                0x00000000000016d0                decode_hd_rumble_format1full
 .text.decode_hd_rumble_format2
                0x00000000000017f4       0xb8 ./User/hd_rumble2.o
                0x00000000000017f4                decode_hd_rumble_format2
 .text.decode_hd_rumble_format2long
                0x00000000000018ac       0xfa ./User/hd_rumble2.o
                0x00000000000018ac                decode_hd_rumble_format2long
 .text.decode_hd_rumble_format3
                0x00000000000019a6      0x128 ./User/hd_rumble2.o
                0x00000000000019a6                decode_hd_rumble_format3
 .text.decode_hd_rumble_multiformat_high_acc
                0x0000000000001ace      0x234 ./User/hd_rumble2.o
                0x0000000000001ace                decode_hd_rumble_multiformat_high_acc
 .text.hd_rumble_high_accurary_init
                0x0000000000001d02       0x76 ./User/hd_rumble_high_accuracy.o
                0x0000000000001d02                hd_rumble_high_accurary_init
 .text.push_waveform
                0x0000000000001d78       0x68 ./User/hd_rumble_high_accuracy.o
                0x0000000000001d78                push_waveform
 .text.push_waveform_into_buffer_task
                0x0000000000001de0      0x104 ./User/hd_rumble_high_accuracy.o
                0x0000000000001de0                push_waveform_into_buffer_task
 .text.step_forward
                0x0000000000001ee4       0x40 ./User/hd_rumble_high_accuracy.o
                0x0000000000001ee4                step_forward
 .text.rumble_pattern_check
                0x0000000000001f24       0x5c ./User/hd_rumble_high_accuracy.o
                0x0000000000001f24                rumble_pattern_check
 .text.TIM3_IRQHandler
                0x0000000000001f80      0x224 ./User/hd_rumble_high_accuracy.o
                0x0000000000001f80                TIM3_IRQHandler
 .text.i2c2_check_error
                0x00000000000021a4       0x32 ./User/i2c.o
                0x00000000000021a4                i2c2_check_error
 .text.i2c2_check_flag
                0x00000000000021d6       0x28 ./User/i2c.o
                0x00000000000021d6                i2c2_check_flag
 .text.i2c2_check_event
                0x00000000000021fe       0x28 ./User/i2c.o
                0x00000000000021fe                i2c2_check_event
 .text.I2C2_ER_IRQHandler
                0x0000000000002226       0x2a ./User/i2c.o
                0x0000000000002226                I2C2_ER_IRQHandler
 .text.i2c_software_recovery
                0x0000000000002250      0x11e ./User/i2c.o
                0x0000000000002250                i2c_software_recovery
 .text.i2c2_reset
                0x000000000000236e       0xc6 ./User/i2c.o
                0x000000000000236e                i2c2_reset
 .text.i2c_hardware_init
                0x0000000000002434      0x134 ./User/i2c.o
                0x0000000000002434                i2c_hardware_init
 .text.i2c_read_start
                0x0000000000002568      0x142 ./User/i2c.o
                0x0000000000002568                i2c_read_start
 .text.i2c_read_byte
                0x00000000000026aa       0x7a ./User/i2c.o
                0x00000000000026aa                i2c_read_byte
 .text.i2c_read_continuous
                0x0000000000002724       0xbc ./User/i2c.o
                0x0000000000002724                i2c_read_continuous
 .text.i2c_write_byte
                0x00000000000027e0      0x116 ./User/i2c.o
                0x00000000000027e0                i2c_write_byte
 .text.i2c_init
                0x00000000000028f6       0x10 ./User/i2c.o
                0x00000000000028f6                i2c_init
 .text.imu_set_reg
                0x0000000000002906       0x34 ./User/imu.o
                0x0000000000002906                imu_set_reg
 .text.imu_read
                0x000000000000293a       0x4c ./User/imu.o
                0x000000000000293a                imu_read
 .text.set_imu_awake
                0x0000000000002986      0x12a ./User/imu.o
                0x0000000000002986                set_imu_awake
 .text.set_imu_sleep
                0x0000000000002ab0       0x24 ./User/imu.o
                0x0000000000002ab0                set_imu_sleep
 .text.imu_init
                0x0000000000002ad4        0x2 ./User/imu.o
                0x0000000000002ad4                imu_init
 .text.imu_upd  0x0000000000002ad6      0x22c ./User/imu.o
                0x0000000000002ad6                imu_upd
 .text._imu_quat_normalize
                0x0000000000002d02       0x90 ./User/imu_quaternion.o
                0x0000000000002d02                _imu_quat_normalize
 .text._imu_rotate_quaternion
                0x0000000000002d92      0x128 ./User/imu_quaternion.o
                0x0000000000002d92                _imu_rotate_quaternion
 .text._imu_update_quaternion
                0x0000000000002eba      0x1fe ./User/imu_quaternion.o
                0x0000000000002eba                _imu_update_quaternion
 .text.switch_motion_pack_quat
                0x00000000000030b8      0x2b2 ./User/imu_quaternion.o
                0x00000000000030b8                switch_motion_pack_quat
 .text.imu_upd2
                0x000000000000336a       0x44 ./User/imu_quaternion.o
                0x000000000000336a                imu_upd2
 .text.Var_Init
                0x00000000000033ae       0x2c ./User/main.o
                0x00000000000033ae                Var_Init
 .text.button_upd_all
                0x00000000000033da       0x1e ./User/main.o
                0x00000000000033da                button_upd_all
 .text.get_peripheral_data_handler
                0x00000000000033f8       0x56 ./User/main.o
                0x00000000000033f8                get_peripheral_data_handler
 .text.joystick_snapback_filter
                0x000000000000344e      0x21c ./User/main.o
                0x000000000000344e                joystick_snapback_filter
 .text.joystick_debounce_task
                0x000000000000366a       0x80 ./User/main.o
                0x000000000000366a                joystick_debounce_task
 .text.send_input_with_uart
                0x00000000000036ea       0xbc ./User/main.o
                0x00000000000036ea                send_input_with_uart
 .text.imu_read_test
                0x00000000000037a6       0x4e ./User/main.o
                0x00000000000037a6                imu_read_test
 .text.func_switch_task
                0x00000000000037f4      0x1cc ./User/main.o
                0x00000000000037f4                func_switch_task
 .text.top_timer
                0x00000000000039c0      0x106 ./User/main.o
                0x00000000000039c0                top_timer
 .text.start_connect
                0x0000000000003ac6       0x60 ./User/main.o
                0x0000000000003ac6                start_connect
 .text.routine_service
                0x0000000000003b26       0x56 ./User/main.o
                0x0000000000003b26                routine_service
 .text.set_peripherals_state
                0x0000000000003b7c       0x92 ./User/main.o
                0x0000000000003b7c                set_peripherals_state
 .text.wake_esp32
                0x0000000000003c0e       0x2a ./User/main.o
                0x0000000000003c0e                wake_esp32
 .text.init_all
                0x0000000000003c38      0x128 ./User/main.o
                0x0000000000003c38                init_all
 .text.recv_esp32_connect_control
                0x0000000000003d60      0x104 ./User/main.o
                0x0000000000003d60                recv_esp32_connect_control
 .text.recv_rumble_frame
                0x0000000000003e64       0x7e ./User/main.o
                0x0000000000003e64                recv_rumble_frame
 .text.recv_pwr_control
                0x0000000000003ee2       0x52 ./User/main.o
                0x0000000000003ee2                recv_pwr_control
 .text.recv_esp32_pkg
                0x0000000000003f34       0x30 ./User/main.o
                0x0000000000003f34                recv_esp32_pkg
 .text.connection_state_handler
                0x0000000000003f64      0x116 ./User/main.o
                0x0000000000003f64                connection_state_handler
 .text.startup.main
                0x000000000000407a      0x124 ./User/main.o
                0x000000000000407a                main
 .text.ns_subcommand_set_hci_state
                0x000000000000419e        0x2 ./User/ns_com.o
                0x000000000000419e                ns_subcommand_set_hci_state
 .text.ns_subcommand_set_imu_register
                0x00000000000041a0       0x2a ./User/ns_com.o
                0x00000000000041a0                ns_subcommand_set_imu_register
 .text.ns_subcommand_reset_mcu
                0x00000000000041ca        0x2 ./User/ns_com.o
                0x00000000000041ca                ns_subcommand_reset_mcu
 .text.ns_subcommand_set_home_led
                0x00000000000041cc        0x2 ./User/ns_com.o
                0x00000000000041cc                ns_subcommand_set_home_led
 .text.ns_subcommand_reset_pairing_info
                0x00000000000041ce        0x2 ./User/ns_com.o
                0x00000000000041ce                ns_subcommand_reset_pairing_info
 .text.pkt_clr  0x00000000000041d0       0x16 ./User/ns_com.o
                0x00000000000041d0                pkt_clr
 .text.ns_subcommand_set_mcu_conf
                0x00000000000041e6       0x40 ./User/ns_com.o
                0x00000000000041e6                ns_subcommand_set_mcu_conf
 .text.ns_subcommand_default
                0x0000000000004226       0x38 ./User/ns_com.o
                0x0000000000004226                ns_subcommand_default
 .text.ns_subcommand_pair_by_wire
                0x000000000000425e       0xac ./User/ns_com.o
                0x000000000000425e                ns_subcommand_pair_by_wire
 .text.ns_subcommand_get_device_info
                0x000000000000430a       0xac ./User/ns_com.o
                0x000000000000430a                ns_subcommand_get_device_info
 .text.ns_subcommand_set_input_mode
                0x00000000000043b6       0x5c ./User/ns_com.o
                0x00000000000043b6                ns_subcommand_set_input_mode
 .text.ns_subcommand_trigger_buttons_elapsed_time
                0x0000000000004412       0x46 ./User/ns_com.o
                0x0000000000004412                ns_subcommand_trigger_buttons_elapsed_time
 .text.ns_subcommand_get_page_list_state
                0x0000000000004458       0x3a ./User/ns_com.o
                0x0000000000004458                ns_subcommand_get_page_list_state
 .text.ns_subcommand_set_shipping_mode
                0x0000000000004492       0x38 ./User/ns_com.o
                0x0000000000004492                ns_subcommand_set_shipping_mode
 .text.ns_subcommand_spi_erase
                0x00000000000044ca        0x4 ./User/ns_com.o
                0x00000000000044ca                ns_subcommand_spi_erase
 .text.ns_subcommand_enable_mcu_polling
                0x00000000000044ce        0x4 ./User/ns_com.o
                0x00000000000044ce                ns_subcommand_enable_mcu_polling
 .text.ns_subcommand_disable_mcu_polling
                0x00000000000044d2        0x4 ./User/ns_com.o
                0x00000000000044d2                ns_subcommand_disable_mcu_polling
 .text.ns_subcommand_spi_read
                0x00000000000044d6       0xb2 ./User/ns_com.o
                0x00000000000044d6                ns_subcommand_spi_read
 .text.ns_subcommand_spi_write
                0x0000000000004588       0x64 ./User/ns_com.o
                0x0000000000004588                ns_subcommand_spi_write
 .text.ns_subcommand_set_mcu_state
                0x00000000000045ec       0x34 ./User/ns_com.o
                0x00000000000045ec                ns_subcommand_set_mcu_state
 .text.ns_subcommand_attachmend_write
                0x0000000000004620        0x4 ./User/ns_com.o
                0x0000000000004620                ns_subcommand_attachmend_write
 .text.ns_subcommand_write_charge_setting
                0x0000000000004624        0x4 ./User/ns_com.o
                0x0000000000004624                ns_subcommand_write_charge_setting
 .text.ns_subcommand_attachmend_read
                0x0000000000004628       0x36 ./User/ns_com.o
                0x0000000000004628                ns_subcommand_attachmend_read
 .text.ns_subcommand_attachment_state
                0x000000000000465e       0x30 ./User/ns_com.o
                0x000000000000465e                ns_subcommand_attachment_state
 .text.ns_subcommand_get_attachment_info
                0x000000000000468e       0x34 ./User/ns_com.o
                0x000000000000468e                ns_subcommand_get_attachment_info
 .text.ns_subcommand_set_indicate_led
                0x00000000000046c2       0x46 ./User/ns_com.o
                0x00000000000046c2                ns_subcommand_set_indicate_led
 .text.ns_subcommand_get_indicate_led
                0x0000000000004708       0x3c ./User/ns_com.o
                0x0000000000004708                ns_subcommand_get_indicate_led
 .text.ns_subcommand_set_imu_state
                0x0000000000004744       0x4c ./User/ns_com.o
                0x0000000000004744                ns_subcommand_set_imu_state
 .text.ns_subcommand_set_imu_conf
                0x0000000000004790       0x7e ./User/ns_com.o
                0x0000000000004790                ns_subcommand_set_imu_conf
 .text.ns_subcommand_read_imu_register
                0x000000000000480e       0x76 ./User/ns_com.o
                0x000000000000480e                ns_subcommand_read_imu_register
 .text.ns_subcommand_set_rumble_state
                0x0000000000004884       0x3e ./User/ns_com.o
                0x0000000000004884                ns_subcommand_set_rumble_state
 .text.ns_subcommand_get_battery_voltage
                0x00000000000048c2       0x3a ./User/ns_com.o
                0x00000000000048c2                ns_subcommand_get_battery_voltage
 .text.ns_subcommand_read_charge_setting
                0x00000000000048fc       0x38 ./User/ns_com.o
                0x00000000000048fc                ns_subcommand_read_charge_setting
 .text.ns_subcommand_callback_init
                0x0000000000004934      0x112 ./User/ns_com.o
                0x0000000000004934                ns_subcommand_callback_init
 .text.ns_rumble_handler
                0x0000000000004a46       0x50 ./User/ns_com_mux.o
                0x0000000000004a46                ns_rumble_handler
 .text.ns_cmd_subcommand_dispatcher
                0x0000000000004a96       0x50 ./User/ns_com_mux.o
                0x0000000000004a96                ns_cmd_subcommand_dispatcher
 .text.ns_mux_usb_handshake_handler
                0x0000000000004ae6       0x9e ./User/ns_com_mux.o
                0x0000000000004ae6                ns_mux_usb_handshake_handler
 .text._calibrate_imu_raw
                0x0000000000004b84       0xc0 ./User/ns_com_mux.o
                0x0000000000004b84                _calibrate_imu_raw
 .text.calibrate_imu
                0x0000000000004c44      0x17a ./User/ns_com_mux.o
                0x0000000000004c44                calibrate_imu
 .text.fw_subcommand_reboot
                0x0000000000004dbe       0x22 ./User/ns_com_mux.o
                0x0000000000004dbe                fw_subcommand_reboot
 .text.ns_mux_init
                0x0000000000004de0       0x3c ./User/ns_com_mux.o
                0x0000000000004de0                ns_mux_init
 .text.ns_send_report
                0x0000000000004e1c       0x12 ./User/ns_com_mux.o
                0x0000000000004e1c                ns_send_report
 .text.hid_send_full64byte_report
                0x0000000000004e2e       0x10 ./User/ns_com_mux.o
                0x0000000000004e2e                hid_send_full64byte_report
 .text.fw_snd_pkt
                0x0000000000004e3e       0x20 ./User/ns_com_mux.o
                0x0000000000004e3e                fw_snd_pkt
 .text.fw_subcommand_read_setting
                0x0000000000004e5e       0x9a ./User/ns_com_mux.o
                0x0000000000004e5e                fw_subcommand_read_setting
 .text.fw_subcommand_write_setting
                0x0000000000004ef8       0xac ./User/ns_com_mux.o
                0x0000000000004ef8                fw_subcommand_write_setting
 .text.fw_subcommand_read_emulate_rom
                0x0000000000004fa4       0x4c ./User/ns_com_mux.o
                0x0000000000004fa4                fw_subcommand_read_emulate_rom
 .text.fw_subcommand_write_emulate_rom
                0x0000000000004ff0       0x2e ./User/ns_com_mux.o
                0x0000000000004ff0                fw_subcommand_write_emulate_rom
 .text.fw_subcommand_calibrate_imu
                0x000000000000501e       0x1e ./User/ns_com_mux.o
                0x000000000000501e                fw_subcommand_calibrate_imu
 .text.fw_subcommand_calibrate_js_offset
                0x000000000000503c       0x66 ./User/ns_com_mux.o
                0x000000000000503c                fw_subcommand_calibrate_js_offset
 .text.fw_subcommand_get_status
                0x00000000000050a2       0x3c ./User/ns_com_mux.o
                0x00000000000050a2                fw_subcommand_get_status
 .text.fw_subcommand_get_version
                0x00000000000050de       0x16 ./User/ns_com_mux.o
                0x00000000000050de                fw_subcommand_get_version
 .text.fw_subcommand_dispatcher
                0x00000000000050f4       0x96 ./User/ns_com_mux.o
                0x00000000000050f4                fw_subcommand_dispatcher
 .text.hid_dispatch
                0x000000000000518a       0x50 ./User/ns_com_mux.o
                0x000000000000518a                hid_dispatch
 .text.setup_exti
                0x00000000000051da       0x9e ./User/pwr.o
                0x00000000000051da                setup_exti
 .text.top_init
                0x0000000000005278       0x2e ./User/pwr.o
                0x0000000000005278                top_init
 .text.set_pwr_mode_stop
                0x00000000000052a6       0x54 ./User/pwr.o
                0x00000000000052a6                set_pwr_mode_stop
 .text.ring_buffer_init
                0x00000000000052fa       0x46 ./User/ring_buffer.o
                0x00000000000052fa                ring_buffer_init
 .text.ring_buffer_push
                0x0000000000005340       0xa8 ./User/ring_buffer.o
                0x0000000000005340                ring_buffer_push
 .text.ring_buffer_pop
                0x00000000000053e8       0x50 ./User/ring_buffer.o
                0x00000000000053e8                ring_buffer_pop
 .text.SPI_FullDuplex_Init
                0x0000000000005438       0x76 ./User/spi.o
                0x0000000000005438                SPI_FullDuplex_Init
 .text.spi_DMA_Tx_Init
                0x00000000000054ae       0x58 ./User/spi.o
                0x00000000000054ae                spi_DMA_Tx_Init
 .text.rgb_spi_pkg_gen
                0x0000000000005506       0x54 ./User/spi.o
                0x0000000000005506                rgb_spi_pkg_gen
 .text.set_led_rgb
                0x000000000000555a       0x7e ./User/spi.o
                0x000000000000555a                set_led_rgb
 .text.flush_spi_tx_seq
                0x00000000000055d8       0xee ./User/spi.o
                0x00000000000055d8                flush_spi_tx_seq
 .text.flush_rgb
                0x00000000000056c6       0x40 ./User/spi.o
                0x00000000000056c6                flush_rgb
 .text.spi_init
                0x0000000000005706       0x5e ./User/spi.o
                0x0000000000005706                spi_init
 .text.DMA1_Channel3_IRQHandler
                0x0000000000005764       0x2e ./User/spi.o
                0x0000000000005764                DMA1_Channel3_IRQHandler
 .text.SetSysClockTo72_HSE
                0x0000000000005792       0xca ./User/system_ch32v10x.o
 .text.SystemInit
                0x000000000000585c       0x4c ./User/system_ch32v10x.o
                0x000000000000585c                SystemInit
 .text.SystemCoreClockUpdate
                0x00000000000058a8       0x86 ./User/system_ch32v10x.o
                0x00000000000058a8                SystemCoreClockUpdate
 .text.SetSysClock
                0x000000000000592e        0xc ./User/system_ch32v10x.o
                0x000000000000592e                SetSysClock
 .text.TIM2_IRQHandler
                0x000000000000593a       0x28 ./User/tick.o
                0x000000000000593a                TIM2_IRQHandler
 .text._systick_init
                0x0000000000005962       0x70 ./User/tick.o
                0x0000000000005962                _systick_init
 .text.SysTick_Init
                0x00000000000059d2       0x24 ./User/tick.o
                0x00000000000059d2                SysTick_Init
 .text.Get_Systick_US
                0x00000000000059f6       0x18 ./User/tick.o
                0x00000000000059f6                Get_Systick_US
 .text.Get_Systick_MS
                0x0000000000005a0e        0x6 ./User/tick.o
                0x0000000000005a0e                Get_Systick_MS
 .text.HighPrecisionTimer_Init
                0x0000000000005a14       0x16 ./User/tick.o
                0x0000000000005a14                HighPrecisionTimer_Init
 .text.execute_blocking_us
                0x0000000000005a2a       0x60 ./User/tick.o
                0x0000000000005a2a                execute_blocking_us
 .text.Delay_Us
                0x0000000000005a8a       0x4a ./User/tick.o
                0x0000000000005a8a                Delay_Us
 .text.Delay_Ms
                0x0000000000005ad4       0x40 ./User/tick.o
                0x0000000000005ad4                Delay_Ms
 .text.UART1_DMA_Init
                0x0000000000005b14       0xb2 ./User/uart_com.o
                0x0000000000005b14                UART1_DMA_Init
 .text.UART1_Init
                0x0000000000005bc6       0xce ./User/uart_com.o
                0x0000000000005bc6                UART1_Init
 .text.UART1_DMA_Tx
                0x0000000000005c94       0x48 ./User/uart_com.o
                0x0000000000005c94                UART1_DMA_Tx
 .text.UART1_Tx_Service
                0x0000000000005cdc       0xbe ./User/uart_com.o
                0x0000000000005cdc                UART1_Tx_Service
 .text.encode_uart_pkt
                0x0000000000005d9a       0x64 ./User/uart_com.o
                0x0000000000005d9a                encode_uart_pkt
 .text.decode_uart_pkt
                0x0000000000005dfe       0x44 ./User/uart_com.o
                0x0000000000005dfe                decode_uart_pkt
 .text.check_uart_pkt
                0x0000000000005e42       0x34 ./User/uart_com.o
                0x0000000000005e42                check_uart_pkt
 .text.UART1_Rx_Service
                0x0000000000005e76      0x14c ./User/uart_com.o
                0x0000000000005e76                UART1_Rx_Service
 .text.send_uart_pkt
                0x0000000000005fc2       0x48 ./User/uart_com.o
                0x0000000000005fc2                send_uart_pkt
 .text.ns_set_peripheral_data_getter
                0x000000000000600a        0x6 ./User/usbd_compatibility_hid.o
                0x000000000000600a                ns_set_peripheral_data_getter
 .text.ns_hid_get_packet_timer
                0x0000000000006010       0x3a ./User/usbd_compatibility_hid.o
                0x0000000000006010                ns_hid_get_packet_timer
 .text.rpt_warpper
                0x000000000000604a       0x66 ./User/usbd_compatibility_hid.o
                0x000000000000604a                rpt_warpper
 .text.set_imu_available
                0x00000000000060b0        0x6 ./User/usbd_compatibility_hid.o
                0x00000000000060b0                set_imu_available
 .text.hid_init
                0x00000000000060b6        0xe ./User/usbd_compatibility_hid.o
                0x00000000000060b6                hid_init
 .text.hid_tx_service
                0x00000000000060c4      0x10c ./User/usbd_compatibility_hid.o
                0x00000000000060c4                hid_tx_service
 .text.hid_rx_service
                0x00000000000061d0      0x134 ./User/usbd_compatibility_hid.o
                0x00000000000061d0                hid_rx_service
 .text.vector_handler
                0x0000000000006304        0x2 ./Startup/startup_ch32v10x.o
                0x0000000000006304                EXTI2_IRQHandler
                0x0000000000006304                TIM1_CC_IRQHandler
                0x0000000000006304                SysTick_Handler
                0x0000000000006304                PVD_IRQHandler
                0x0000000000006304                EXTI3_IRQHandler
                0x0000000000006304                EXTI0_IRQHandler
                0x0000000000006304                I2C2_EV_IRQHandler
                0x0000000000006304                ADC1_2_IRQHandler
                0x0000000000006304                SPI1_IRQHandler
                0x0000000000006304                TAMPER_IRQHandler
                0x0000000000006304                DMA1_Channel4_IRQHandler
                0x0000000000006304                USART3_IRQHandler
                0x0000000000006304                RTC_IRQHandler
                0x0000000000006304                DMA1_Channel7_IRQHandler
                0x0000000000006304                TIM4_IRQHandler
                0x0000000000006304                I2C1_EV_IRQHandler
                0x0000000000006304                DMA1_Channel6_IRQHandler
                0x0000000000006304                RCC_IRQHandler
                0x0000000000006304                TIM1_TRG_COM_IRQHandler
                0x0000000000006304                DMA1_Channel1_IRQHandler
                0x0000000000006304                EXTI15_10_IRQHandler
                0x0000000000006304                EXTI9_5_IRQHandler
                0x0000000000006304                SPI2_IRQHandler
                0x0000000000006304                DMA1_Channel5_IRQHandler
                0x0000000000006304                EXTI4_IRQHandler
                0x0000000000006304                TIM1_UP_IRQHandler
                0x0000000000006304                WWDG_IRQHandler
                0x0000000000006304                SW_Handler
                0x0000000000006304                TIM1_BRK_IRQHandler
                0x0000000000006304                EXTI1_IRQHandler
                0x0000000000006304                RTCAlarm_IRQHandler
                0x0000000000006304                USART2_IRQHandler
                0x0000000000006304                DMA1_Channel2_IRQHandler
                0x0000000000006304                FLASH_IRQHandler
                0x0000000000006304                USART1_IRQHandler
                0x0000000000006304                I2C1_ER_IRQHandler
                0x0000000000006304                USBWakeUp_IRQHandler
 .text.handle_reset
                0x0000000000006306       0x7e ./Startup/startup_ch32v10x.o
                0x0000000000006306                handle_reset
 .text.ADC_DeInit
                0x0000000000006384       0x2a ./Peripheral/src/ch32v10x_adc.o
                0x0000000000006384                ADC_DeInit
 .text.ADC_Init
                0x00000000000063ae       0x50 ./Peripheral/src/ch32v10x_adc.o
                0x00000000000063ae                ADC_Init
 .text.ADC_Cmd  0x00000000000063fe       0x10 ./Peripheral/src/ch32v10x_adc.o
                0x00000000000063fe                ADC_Cmd
 .text.ADC_DMACmd
                0x000000000000640e       0x12 ./Peripheral/src/ch32v10x_adc.o
                0x000000000000640e                ADC_DMACmd
 .text.ADC_ResetCalibration
                0x0000000000006420        0xa ./Peripheral/src/ch32v10x_adc.o
                0x0000000000006420                ADC_ResetCalibration
 .text.ADC_GetResetCalibrationStatus
                0x000000000000642a        0x8 ./Peripheral/src/ch32v10x_adc.o
                0x000000000000642a                ADC_GetResetCalibrationStatus
 .text.ADC_StartCalibration
                0x0000000000006432        0xa ./Peripheral/src/ch32v10x_adc.o
                0x0000000000006432                ADC_StartCalibration
 .text.ADC_GetCalibrationStatus
                0x000000000000643c        0x8 ./Peripheral/src/ch32v10x_adc.o
                0x000000000000643c                ADC_GetCalibrationStatus
 .text.ADC_SoftwareStartConvCmd
                0x0000000000006444       0x18 ./Peripheral/src/ch32v10x_adc.o
                0x0000000000006444                ADC_SoftwareStartConvCmd
 .text.ADC_RegularChannelConfig
                0x000000000000645c       0xb8 ./Peripheral/src/ch32v10x_adc.o
                0x000000000000645c                ADC_RegularChannelConfig
 .text.Get_CalibrationValue
                0x0000000000006514      0x16c ./Peripheral/src/ch32v10x_adc.o
                0x0000000000006514                Get_CalibrationValue
 .text.DMA_DeInit
                0x0000000000006680       0xfa ./Peripheral/src/ch32v10x_dma.o
                0x0000000000006680                DMA_DeInit
 .text.DMA_Init
                0x000000000000677a       0x38 ./Peripheral/src/ch32v10x_dma.o
                0x000000000000677a                DMA_Init
 .text.DMA_Cmd  0x00000000000067b2       0x14 ./Peripheral/src/ch32v10x_dma.o
                0x00000000000067b2                DMA_Cmd
 .text.DMA_GetCurrDataCounter
                0x00000000000067c6        0x8 ./Peripheral/src/ch32v10x_dma.o
                0x00000000000067c6                DMA_GetCurrDataCounter
 .text.DMA_GetFlagStatus
                0x00000000000067ce       0x20 ./Peripheral/src/ch32v10x_dma.o
                0x00000000000067ce                DMA_GetFlagStatus
 .text.DMA_ClearFlag
                0x00000000000067ee       0x1a ./Peripheral/src/ch32v10x_dma.o
                0x00000000000067ee                DMA_ClearFlag
 .text.DMA_GetITStatus
                0x0000000000006808        0xc ./Peripheral/src/ch32v10x_dma.o
                0x0000000000006808                DMA_GetITStatus
 .text.DMA_ClearITPendingBit
                0x0000000000006814        0xc ./Peripheral/src/ch32v10x_dma.o
                0x0000000000006814                DMA_ClearITPendingBit
 .text.EXTI_Init
                0x0000000000006820       0x6a ./Peripheral/src/ch32v10x_exti.o
                0x0000000000006820                EXTI_Init
 .text.ROM_ERASE
                0x000000000000688a       0x6e ./Peripheral/src/ch32v10x_flash.o
 .text.FLASH_ROM_ERASE
                0x00000000000068f8      0x10a ./Peripheral/src/ch32v10x_flash.o
                0x00000000000068f8                FLASH_ROM_ERASE
 .text.FLASH_ROM_WRITE
                0x0000000000006a02      0x118 ./Peripheral/src/ch32v10x_flash.o
                0x0000000000006a02                FLASH_ROM_WRITE
 .text.GPIO_Init
                0x0000000000006b1a       0xc2 ./Peripheral/src/ch32v10x_gpio.o
                0x0000000000006b1a                GPIO_Init
 .text.GPIO_ReadInputDataBit
                0x0000000000006bdc        0xa ./Peripheral/src/ch32v10x_gpio.o
                0x0000000000006bdc                GPIO_ReadInputDataBit
 .text.GPIO_SetBits
                0x0000000000006be6        0x4 ./Peripheral/src/ch32v10x_gpio.o
                0x0000000000006be6                GPIO_SetBits
 .text.GPIO_ResetBits
                0x0000000000006bea        0x4 ./Peripheral/src/ch32v10x_gpio.o
                0x0000000000006bea                GPIO_ResetBits
 .text.GPIO_EXTILineConfig
                0x0000000000006bee       0x2c ./Peripheral/src/ch32v10x_gpio.o
                0x0000000000006bee                GPIO_EXTILineConfig
 .text.I2C_DeInit
                0x0000000000006c1a       0x32 ./Peripheral/src/ch32v10x_i2c.o
                0x0000000000006c1a                I2C_DeInit
 .text.I2C_Init
                0x0000000000006c4c      0x114 ./Peripheral/src/ch32v10x_i2c.o
                0x0000000000006c4c                I2C_Init
 .text.I2C_Cmd  0x0000000000006d60       0x1c ./Peripheral/src/ch32v10x_i2c.o
                0x0000000000006d60                I2C_Cmd
 .text.I2C_GenerateSTART
                0x0000000000006d7c       0x1e ./Peripheral/src/ch32v10x_i2c.o
                0x0000000000006d7c                I2C_GenerateSTART
 .text.I2C_GenerateSTOP
                0x0000000000006d9a       0x1e ./Peripheral/src/ch32v10x_i2c.o
                0x0000000000006d9a                I2C_GenerateSTOP
 .text.I2C_AcknowledgeConfig
                0x0000000000006db8       0x1e ./Peripheral/src/ch32v10x_i2c.o
                0x0000000000006db8                I2C_AcknowledgeConfig
 .text.I2C_SendData
                0x0000000000006dd6        0x6 ./Peripheral/src/ch32v10x_i2c.o
                0x0000000000006dd6                I2C_SendData
 .text.I2C_ReceiveData
                0x0000000000006ddc        0xa ./Peripheral/src/ch32v10x_i2c.o
                0x0000000000006ddc                I2C_ReceiveData
 .text.I2C_Send7bitAddress
                0x0000000000006de6       0x14 ./Peripheral/src/ch32v10x_i2c.o
                0x0000000000006de6                I2C_Send7bitAddress
 .text.I2C_SoftwareResetCmd
                0x0000000000006dfa       0x16 ./Peripheral/src/ch32v10x_i2c.o
                0x0000000000006dfa                I2C_SoftwareResetCmd
 .text.I2C_NACKPositionConfig
                0x0000000000006e10       0x26 ./Peripheral/src/ch32v10x_i2c.o
                0x0000000000006e10                I2C_NACKPositionConfig
 .text.I2C_CheckEvent
                0x0000000000006e36       0x1a ./Peripheral/src/ch32v10x_i2c.o
                0x0000000000006e36                I2C_CheckEvent
 .text.I2C_GetFlagStatus
                0x0000000000006e50       0x32 ./Peripheral/src/ch32v10x_i2c.o
                0x0000000000006e50                I2C_GetFlagStatus
 .text.NVIC_PriorityGroupConfig
                0x0000000000006e82       0x10 ./Peripheral/src/ch32v10x_misc.o
                0x0000000000006e82                NVIC_PriorityGroupConfig
 .text.NVIC_Init
                0x0000000000006e92       0x6e ./Peripheral/src/ch32v10x_misc.o
                0x0000000000006e92                NVIC_Init
 .text.PWR_PVDCmd
                0x0000000000006f00       0x14 ./Peripheral/src/ch32v10x_pwr.o
                0x0000000000006f00                PWR_PVDCmd
 .text.PWR_PVDLevelConfig
                0x0000000000006f14       0x10 ./Peripheral/src/ch32v10x_pwr.o
                0x0000000000006f14                PWR_PVDLevelConfig
 .text.PWR_EnterSTOPMode
                0x0000000000006f24       0x66 ./Peripheral/src/ch32v10x_pwr.o
                0x0000000000006f24                PWR_EnterSTOPMode
 .text.PWR_GetFlagStatus
                0x0000000000006f8a        0xe ./Peripheral/src/ch32v10x_pwr.o
                0x0000000000006f8a                PWR_GetFlagStatus
 .text.PWR_VDD_SupplyVoltage
                0x0000000000006f98       0x46 ./Peripheral/src/ch32v10x_pwr.o
                0x0000000000006f98                PWR_VDD_SupplyVoltage
 .text.RCC_USBCLKConfig
                0x0000000000006fde       0x24 ./Peripheral/src/ch32v10x_rcc.o
                0x0000000000006fde                RCC_USBCLKConfig
 .text.RCC_ADCCLKConfig
                0x0000000000007002       0x12 ./Peripheral/src/ch32v10x_rcc.o
                0x0000000000007002                RCC_ADCCLKConfig
 .text.RCC_LSICmd
                0x0000000000007014       0x14 ./Peripheral/src/ch32v10x_rcc.o
                0x0000000000007014                RCC_LSICmd
 .text.RCC_GetClocksFreq
                0x0000000000007028       0xbc ./Peripheral/src/ch32v10x_rcc.o
                0x0000000000007028                RCC_GetClocksFreq
 .text.RCC_AHBPeriphClockCmd
                0x00000000000070e4       0x1e ./Peripheral/src/ch32v10x_rcc.o
                0x00000000000070e4                RCC_AHBPeriphClockCmd
 .text.RCC_APB2PeriphClockCmd
                0x0000000000007102       0x1e ./Peripheral/src/ch32v10x_rcc.o
                0x0000000000007102                RCC_APB2PeriphClockCmd
 .text.RCC_APB1PeriphClockCmd
                0x0000000000007120       0x1e ./Peripheral/src/ch32v10x_rcc.o
                0x0000000000007120                RCC_APB1PeriphClockCmd
 .text.RCC_APB2PeriphResetCmd
                0x000000000000713e       0x1e ./Peripheral/src/ch32v10x_rcc.o
                0x000000000000713e                RCC_APB2PeriphResetCmd
 .text.RCC_APB1PeriphResetCmd
                0x000000000000715c       0x1e ./Peripheral/src/ch32v10x_rcc.o
                0x000000000000715c                RCC_APB1PeriphResetCmd
 .text.RCC_GetFlagStatus
                0x000000000000717a       0x2e ./Peripheral/src/ch32v10x_rcc.o
                0x000000000000717a                RCC_GetFlagStatus
 .text.SPI_Init
                0x00000000000071a8       0x5a ./Peripheral/src/ch32v10x_spi.o
                0x00000000000071a8                SPI_Init
 .text.SPI_Cmd  0x0000000000007202       0x1e ./Peripheral/src/ch32v10x_spi.o
                0x0000000000007202                SPI_Cmd
 .text.SPI_I2S_DMACmd
                0x0000000000007220       0x16 ./Peripheral/src/ch32v10x_spi.o
                0x0000000000007220                SPI_I2S_DMACmd
 .text.TIM_TimeBaseInit
                0x0000000000007236       0x78 ./Peripheral/src/ch32v10x_tim.o
                0x0000000000007236                TIM_TimeBaseInit
 .text.TIM_OC1Init
                0x00000000000072ae       0x88 ./Peripheral/src/ch32v10x_tim.o
                0x00000000000072ae                TIM_OC1Init
 .text.TIM_OC3Init
                0x0000000000007336       0xb2 ./Peripheral/src/ch32v10x_tim.o
                0x0000000000007336                TIM_OC3Init
 .text.TIM_OC4Init
                0x00000000000073e8       0x82 ./Peripheral/src/ch32v10x_tim.o
                0x00000000000073e8                TIM_OC4Init
 .text.TIM_Cmd  0x000000000000746a       0x1c ./Peripheral/src/ch32v10x_tim.o
                0x000000000000746a                TIM_Cmd
 .text.TIM_CtrlPWMOutputs
                0x0000000000007486       0x16 ./Peripheral/src/ch32v10x_tim.o
                0x0000000000007486                TIM_CtrlPWMOutputs
 .text.TIM_ITConfig
                0x000000000000749c       0x16 ./Peripheral/src/ch32v10x_tim.o
                0x000000000000749c                TIM_ITConfig
 .text.TIM_ARRPreloadConfig
                0x00000000000074b2       0x1e ./Peripheral/src/ch32v10x_tim.o
                0x00000000000074b2                TIM_ARRPreloadConfig
 .text.TIM_OC1PreloadConfig
                0x00000000000074d0       0x12 ./Peripheral/src/ch32v10x_tim.o
                0x00000000000074d0                TIM_OC1PreloadConfig
 .text.TIM_OC2PreloadConfig
                0x00000000000074e2       0x1a ./Peripheral/src/ch32v10x_tim.o
                0x00000000000074e2                TIM_OC2PreloadConfig
 .text.TIM_OC3PreloadConfig
                0x00000000000074fc       0x12 ./Peripheral/src/ch32v10x_tim.o
                0x00000000000074fc                TIM_OC3PreloadConfig
 .text.TIM_OC4PreloadConfig
                0x000000000000750e       0x1a ./Peripheral/src/ch32v10x_tim.o
                0x000000000000750e                TIM_OC4PreloadConfig
 .text.TIM_SetCompare1
                0x0000000000007528        0x6 ./Peripheral/src/ch32v10x_tim.o
                0x0000000000007528                TIM_SetCompare1
 .text.TIM_SetCompare2
                0x000000000000752e        0x6 ./Peripheral/src/ch32v10x_tim.o
                0x000000000000752e                TIM_SetCompare2
 .text.TIM_SetCompare3
                0x0000000000007534        0x6 ./Peripheral/src/ch32v10x_tim.o
                0x0000000000007534                TIM_SetCompare3
 .text.TIM_SetCompare4
                0x000000000000753a        0x6 ./Peripheral/src/ch32v10x_tim.o
                0x000000000000753a                TIM_SetCompare4
 .text.TIM_GetFlagStatus
                0x0000000000007540        0xc ./Peripheral/src/ch32v10x_tim.o
                0x0000000000007540                TIM_GetFlagStatus
 .text.TIM_GetITStatus
                0x000000000000754c       0x1c ./Peripheral/src/ch32v10x_tim.o
                0x000000000000754c                TIM_GetITStatus
 .text.TIM_ClearITPendingBit
                0x0000000000007568        0xe ./Peripheral/src/ch32v10x_tim.o
                0x0000000000007568                TIM_ClearITPendingBit
 .text.USART_Init
                0x0000000000007576       0xa8 ./Peripheral/src/ch32v10x_usart.o
                0x0000000000007576                USART_Init
 .text.USART_Cmd
                0x000000000000761e       0x1c ./Peripheral/src/ch32v10x_usart.o
                0x000000000000761e                USART_Cmd
 .text.USART_DMACmd
                0x000000000000763a       0x16 ./Peripheral/src/ch32v10x_usart.o
                0x000000000000763a                USART_DMACmd
 .text.USART_GetFlagStatus
                0x0000000000007650        0xc ./Peripheral/src/ch32v10x_usart.o
                0x0000000000007650                USART_GetFlagStatus
 .text.USART_ClearFlag
                0x000000000000765c        0xe ./Peripheral/src/ch32v10x_usart.o
                0x000000000000765c                USART_ClearFlag
 .text.USART_Printf_Init
                0x000000000000766a        0x2 ./Debug/debug.o
                0x000000000000766a                USART_Printf_Init
 .text._write   0x000000000000766c        0x4 ./Debug/debug.o
                0x000000000000766c                _write
 .text.sqrtf    0x0000000000007670       0x48 d:/mounriver_studio/toolchain/risc-v embedded gcc12/bin/../lib/gcc/riscv-none-elf/12.2.0/../../../../riscv-none-elf/lib\libm_nano.a(lib_a-wf_sqrt.o)
                0x0000000000007670                sqrtf
 .text.__ieee754_sqrtf
                0x00000000000076b8      0x114 d:/mounriver_studio/toolchain/risc-v embedded gcc12/bin/../lib/gcc/riscv-none-elf/12.2.0/../../../../riscv-none-elf/lib\libm_nano.a(lib_a-ef_sqrt.o)
                0x00000000000076b8                __ieee754_sqrtf
 .text.printchar
                0x00000000000077cc       0x4c d:/mounriver_studio/toolchain/risc-v embedded gcc12/bin/../lib/gcc/riscv-none-elf/12.2.0/../../../../riscv-none-elf/lib\libprintfloat.a(printfloat.o)
                0x00000000000077cc                printchar
 .text.prints   0x0000000000007818       0xe0 d:/mounriver_studio/toolchain/risc-v embedded gcc12/bin/../lib/gcc/riscv-none-elf/12.2.0/../../../../riscv-none-elf/lib\libprintfloat.a(printfloat.o)
                0x0000000000007818                prints
 .text.printInt
                0x00000000000078f8       0xf4 d:/mounriver_studio/toolchain/risc-v embedded gcc12/bin/../lib/gcc/riscv-none-elf/12.2.0/../../../../riscv-none-elf/lib\libprintfloat.a(printfloat.o)
                0x00000000000078f8                printInt
 .text.printLongLongInt
                0x00000000000079ec      0x124 d:/mounriver_studio/toolchain/risc-v embedded gcc12/bin/../lib/gcc/riscv-none-elf/12.2.0/../../../../riscv-none-elf/lib\libprintfloat.a(printfloat.o)
                0x00000000000079ec                printLongLongInt
 .text.printDouble
                0x0000000000007b10      0x100 d:/mounriver_studio/toolchain/risc-v embedded gcc12/bin/../lib/gcc/riscv-none-elf/12.2.0/../../../../riscv-none-elf/lib\libprintfloat.a(printfloat.o)
                0x0000000000007b10                printDouble
 .text.print    0x0000000000007c10      0x356 d:/mounriver_studio/toolchain/risc-v embedded gcc12/bin/../lib/gcc/riscv-none-elf/12.2.0/../../../../riscv-none-elf/lib\libprintfloat.a(printfloat.o)
                0x0000000000007c10                print
 .text.printf   0x0000000000007f66       0x24 d:/mounriver_studio/toolchain/risc-v embedded gcc12/bin/../lib/gcc/riscv-none-elf/12.2.0/../../../../riscv-none-elf/lib\libprintfloat.a(printfloat.o)
                0x0000000000007f66                printf
 .text.puts     0x0000000000007f8a       0x54 d:/mounriver_studio/toolchain/risc-v embedded gcc12/bin/../lib/gcc/riscv-none-elf/12.2.0/../../../../riscv-none-elf/lib\libprintfloat.a(printfloat.o)
                0x0000000000007f8a                puts
 .text.__udivdi3
                0x0000000000007fde      0x3b0 d:/mounriver_studio/toolchain/risc-v embedded gcc12/bin/../lib/gcc/riscv-none-elf/12.2.0\libgcc.a(_udivdi3.o)
                0x0000000000007fde                __udivdi3
 .text.__umoddi3
                0x000000000000838e      0x39a d:/mounriver_studio/toolchain/risc-v embedded gcc12/bin/../lib/gcc/riscv-none-elf/12.2.0\libgcc.a(_umoddi3.o)
                0x000000000000838e                __umoddi3
 .text.__adddf3
                0x0000000000008728      0x6e8 d:/mounriver_studio/toolchain/risc-v embedded gcc12/bin/../lib/gcc/riscv-none-elf/12.2.0\libgcc.a(adddf3.o)
                0x0000000000008728                __adddf3
 .text.__divdf3
                0x0000000000008e10      0x5ae d:/mounriver_studio/toolchain/risc-v embedded gcc12/bin/../lib/gcc/riscv-none-elf/12.2.0\libgcc.a(divdf3.o)
                0x0000000000008e10                __divdf3
 .text.__ledf2  0x00000000000093be       0xbc d:/mounriver_studio/toolchain/risc-v embedded gcc12/bin/../lib/gcc/riscv-none-elf/12.2.0\libgcc.a(ledf2.o)
                0x00000000000093be                __ledf2
                0x00000000000093be                __ltdf2
 .text.__muldf3
                0x000000000000947a      0x54a d:/mounriver_studio/toolchain/risc-v embedded gcc12/bin/../lib/gcc/riscv-none-elf/12.2.0\libgcc.a(muldf3.o)
                0x000000000000947a                __muldf3
 .text.__subdf3
                0x00000000000099c4      0x736 d:/mounriver_studio/toolchain/risc-v embedded gcc12/bin/../lib/gcc/riscv-none-elf/12.2.0\libgcc.a(subdf3.o)
                0x00000000000099c4                __subdf3
 .text.__floatsidf
                0x000000000000a0fa       0x70 d:/mounriver_studio/toolchain/risc-v embedded gcc12/bin/../lib/gcc/riscv-none-elf/12.2.0\libgcc.a(floatsidf.o)
                0x000000000000a0fa                __floatsidf
 .text.__floatunsidf
                0x000000000000a16a       0x70 d:/mounriver_studio/toolchain/risc-v embedded gcc12/bin/../lib/gcc/riscv-none-elf/12.2.0\libgcc.a(floatunsidf.o)
                0x000000000000a16a                __floatunsidf
 .text.__fixdfdi
                0x000000000000a1da       0xbc d:/mounriver_studio/toolchain/risc-v embedded gcc12/bin/../lib/gcc/riscv-none-elf/12.2.0\libgcc.a(fixdfdi.o)
                0x000000000000a1da                __fixdfdi
 .text.__floatdidf
                0x000000000000a296      0x1ae d:/mounriver_studio/toolchain/risc-v embedded gcc12/bin/../lib/gcc/riscv-none-elf/12.2.0\libgcc.a(floatdidf.o)
                0x000000000000a296                __floatdidf
 .text.__addsf3
                0x000000000000a444      0x368 d:/mounriver_studio/toolchain/risc-v embedded gcc12/bin/../lib/gcc/riscv-none-elf/12.2.0\libgcc.a(addsf3.o)
                0x000000000000a444                __addsf3
 .text.__divsf3
                0x000000000000a7ac      0x2ea d:/mounriver_studio/toolchain/risc-v embedded gcc12/bin/../lib/gcc/riscv-none-elf/12.2.0\libgcc.a(divsf3.o)
                0x000000000000a7ac                __divsf3
 .text.__gesf2  0x000000000000aa96       0x96 d:/mounriver_studio/toolchain/risc-v embedded gcc12/bin/../lib/gcc/riscv-none-elf/12.2.0\libgcc.a(gesf2.o)
                0x000000000000aa96                __gesf2
                0x000000000000aa96                __gtsf2
 .text.__lesf2  0x000000000000ab2c       0x98 d:/mounriver_studio/toolchain/risc-v embedded gcc12/bin/../lib/gcc/riscv-none-elf/12.2.0\libgcc.a(lesf2.o)
                0x000000000000ab2c                __ltsf2
                0x000000000000ab2c                __lesf2
 .text.__mulsf3
                0x000000000000abc4      0x2d8 d:/mounriver_studio/toolchain/risc-v embedded gcc12/bin/../lib/gcc/riscv-none-elf/12.2.0\libgcc.a(mulsf3.o)
                0x000000000000abc4                __mulsf3
 .text.__subsf3
                0x000000000000ae9c      0x38c d:/mounriver_studio/toolchain/risc-v embedded gcc12/bin/../lib/gcc/riscv-none-elf/12.2.0\libgcc.a(subsf3.o)
                0x000000000000ae9c                __subsf3
 .text.__unordsf2
                0x000000000000b228       0x3c d:/mounriver_studio/toolchain/risc-v embedded gcc12/bin/../lib/gcc/riscv-none-elf/12.2.0\libgcc.a(unordsf2.o)
                0x000000000000b228                __unordsf2
 .text.__fixsfsi
                0x000000000000b264       0x60 d:/mounriver_studio/toolchain/risc-v embedded gcc12/bin/../lib/gcc/riscv-none-elf/12.2.0\libgcc.a(fixsfsi.o)
                0x000000000000b264                __fixsfsi
 .text.__floatsisf
                0x000000000000b2c4       0xcc d:/mounriver_studio/toolchain/risc-v embedded gcc12/bin/../lib/gcc/riscv-none-elf/12.2.0\libgcc.a(floatsisf.o)
                0x000000000000b2c4                __floatsisf
 .text.__truncdfsf2
                0x000000000000b390      0x16c d:/mounriver_studio/toolchain/risc-v embedded gcc12/bin/../lib/gcc/riscv-none-elf/12.2.0\libgcc.a(truncdfsf2.o)
                0x000000000000b390                __truncdfsf2
 .text.__clzsi2
                0x000000000000b4fc       0x6e d:/mounriver_studio/toolchain/risc-v embedded gcc12/bin/../lib/gcc/riscv-none-elf/12.2.0\libgcc.a(_clzsi2.o)
                0x000000000000b4fc                __clzsi2
 .text.__errno  0x000000000000b56a        0x6 d:/mounriver_studio/toolchain/risc-v embedded gcc12/bin/../lib/gcc/riscv-none-elf/12.2.0/../../../../riscv-none-elf/lib\libg_nano.a(lib_a-errno.o)
                0x000000000000b56a                __errno
 *(.rodata)
 .rodata        0x000000000000b570       0x18 ./User/ns_com.o
 *(.rodata*)
 .rodata.USBFS_IRQHandler.str1.4
                0x000000000000b588       0x32 ./User/ch32v10x_usbfs_device.o
 *fill*         0x000000000000b5ba        0x2 
 .rodata.USBFS_IRQHandler
                0x000000000000b5bc       0x5c ./User/ch32v10x_usbfs_device.o
 .rodata.conf_init.str1.4
                0x000000000000b618       0x43 ./User/conf.o
 *fill*         0x000000000000b65b        0x1 
 .rodata.adc_init.str1.4
                0x000000000000b65c       0x17 ./User/gpio_adc.o
 *fill*         0x000000000000b673        0x1 
 .rodata.gpio_tb_init.str1.4
                0x000000000000b674       0x10 ./User/gpio_digit.o
 .rodata.gpio_init.str1.4
                0x000000000000b684       0x30 ./User/gpio_digit.o
 .rodata.push_waveform.str1.4
                0x000000000000b6b4       0x1d ./User/hd_rumble_high_accuracy.o
 *fill*         0x000000000000b6d1        0x3 
 .rodata.i2c2_reset.str1.4
                0x000000000000b6d4       0x96 ./User/i2c.o
 *fill*         0x000000000000b76a        0x2 
 .rodata.i2c_hardware_init.str1.4
                0x000000000000b76c       0x70 ./User/i2c.o
 .rodata.i2c_read_continuous.str1.4
                0x000000000000b7dc       0x26 ./User/i2c.o
 *fill*         0x000000000000b802        0x2 
 .rodata.imu_read.str1.4
                0x000000000000b804       0x29 ./User/imu.o
 *fill*         0x000000000000b82d        0x3 
 .rodata.set_imu_awake.str1.4
                0x000000000000b830      0x102 ./User/imu.o
 *fill*         0x000000000000b932        0x2 
 .rodata.imu_upd.str1.4
                0x000000000000b934        0xe ./User/imu.o
 *fill*         0x000000000000b942        0x2 
 .rodata.imu_read_test.str1.4
                0x000000000000b944       0x28 ./User/main.o
 .rodata.top_timer.str1.4
                0x000000000000b96c       0x94 ./User/main.o
 .rodata.init_all.str1.4
                0x000000000000ba00       0x42 ./User/main.o
 *fill*         0x000000000000ba42        0x2 
 .rodata.recv_esp32_connect_control
                0x000000000000ba44       0x40 ./User/main.o
 .rodata.connection_state_handler.str1.4
                0x000000000000ba84       0x31 ./User/main.o
 *fill*         0x000000000000bab5        0x3 
 .rodata.main.str1.4
                0x000000000000bab8       0x1a ./User/main.o
 *fill*         0x000000000000bad2        0x2 
 .rodata.ns_subcommand_set_imu_register.str1.4
                0x000000000000bad4       0x1f ./User/ns_com.o
 *fill*         0x000000000000baf3        0x1 
 .rodata.ns_subcommand_pair_by_wire.str1.4
                0x000000000000baf4       0x23 ./User/ns_com.o
 *fill*         0x000000000000bb17        0x1 
 .rodata.ns_subcommand_get_device_info.str1.4
                0x000000000000bb18        0x8 ./User/ns_com.o
                                          0xa (size before relaxing)
 .rodata.ns_subcommand_set_input_mode.str1.4
                0x000000000000bb20       0x19 ./User/ns_com.o
 *fill*         0x000000000000bb39        0x3 
 .rodata.ns_subcommand_spi_read.str1.4
                0x000000000000bb3c       0x59 ./User/ns_com.o
 *fill*         0x000000000000bb95        0x3 
 .rodata.ns_subcommand_spi_write.str1.4
                0x000000000000bb98       0x1c ./User/ns_com.o
 .rodata.ns_subcommand_set_imu_state.str1.4
                0x000000000000bbb4       0x13 ./User/ns_com.o
 *fill*         0x000000000000bbc7        0x1 
 .rodata.ns_subcommand_set_imu_conf.str1.4
                0x000000000000bbc8       0x15 ./User/ns_com.o
 *fill*         0x000000000000bbdd        0x3 
 .rodata.ns_subcommand_read_imu_register.str1.4
                0x000000000000bbe0       0x1e ./User/ns_com.o
 *fill*         0x000000000000bbfe        0x2 
 .rodata.ns_cmd_subcommand_dispatcher.str1.4
                0x000000000000bc00       0x1f ./User/ns_com_mux.o
 *fill*         0x000000000000bc1f        0x1 
 .rodata.ns_mux_usb_handshake_handler.str1.4
                0x000000000000bc20       0x17 ./User/ns_com_mux.o
 *fill*         0x000000000000bc37        0x1 
 .rodata.ns_mux_usb_handshake_handler
                0x000000000000bc38       0x18 ./User/ns_com_mux.o
 .rodata.fw_subcommand_read_setting.str1.4
                0x000000000000bc50        0xd ./User/ns_com_mux.o
 *fill*         0x000000000000bc5d        0x3 
 .rodata.fw_subcommand_write_setting.str1.4
                0x000000000000bc60       0x3e ./User/ns_com_mux.o
 *fill*         0x000000000000bc9e        0x2 
 .rodata.fw_subcommand_dispatcher
                0x000000000000bca0       0x1c ./User/ns_com_mux.o
 .rodata.hid_dispatch.str1.4
                0x000000000000bcbc       0x1b ./User/ns_com_mux.o
 *fill*         0x000000000000bcd7        0x1 
 .rodata.set_pwr_mode_stop.str1.4
                0x000000000000bcd8        0xe ./User/pwr.o
 *fill*         0x000000000000bce6        0x2 
 .rodata.ring_buffer_push.str1.4
                0x000000000000bce8       0x1c ./User/ring_buffer.o
 .rodata.flush_spi_tx_seq.str1.4
                0x000000000000bd04       0x36 ./User/spi.o
 *fill*         0x000000000000bd3a        0x2 
 .rodata.spi_init.str1.4
                0x000000000000bd3c       0x16 ./User/spi.o
 *fill*         0x000000000000bd52        0x2 
 .rodata.SysTick_Init.str1.4
                0x000000000000bd54       0x13 ./User/tick.o
 *fill*         0x000000000000bd67        0x1 
 .rodata.UART1_Rx_Service.str1.4
                0x000000000000bd68       0x15 ./User/uart_com.o
 *fill*         0x000000000000bd7d        0x3 
 .rodata.MySerNumInfo
                0x000000000000bd80       0x16 ./User/usb_desc.o
                0x000000000000bd80                MySerNumInfo
 *fill*         0x000000000000bd96        0x2 
 .rodata.MyProdInfo
                0x000000000000bd98       0x2a ./User/usb_desc.o
                0x000000000000bd98                MyProdInfo
 *fill*         0x000000000000bdc2        0x2 
 .rodata.MyManuInfo
                0x000000000000bdc4        0xa ./User/usb_desc.o
                0x000000000000bdc4                MyManuInfo
 *fill*         0x000000000000bdce        0x2 
 .rodata.MyHIDReportDesc
                0x000000000000bdd0       0xdf ./User/usb_desc.o
                0x000000000000bdd0                MyHIDReportDesc
 *fill*         0x000000000000beaf        0x1 
 .rodata.MyDevDescr
                0x000000000000beb0       0x12 ./User/usb_desc.o
                0x000000000000beb0                MyDevDescr
 *fill*         0x000000000000bec2        0x2 
 .rodata.hid_rx_service.str1.4
                0x000000000000bec4       0x33 ./User/usbd_compatibility_hid.o
 *fill*         0x000000000000bef7        0x1 
 .rodata.print.str1.4
                0x000000000000bef8        0x7 d:/mounriver_studio/toolchain/risc-v embedded gcc12/bin/../lib/gcc/riscv-none-elf/12.2.0/../../../../riscv-none-elf/lib\libprintfloat.a(printfloat.o)
 *fill*         0x000000000000beff        0x1 
 .rodata.__divdf3
                0x000000000000bf00       0x40 d:/mounriver_studio/toolchain/risc-v embedded gcc12/bin/../lib/gcc/riscv-none-elf/12.2.0\libgcc.a(divdf3.o)
 .rodata.__divsf3
                0x000000000000bf40       0xa8 d:/mounriver_studio/toolchain/risc-v embedded gcc12/bin/../lib/gcc/riscv-none-elf/12.2.0\libgcc.a(divsf3.o)
 .rodata.__clz_tab
                0x000000000000bfe8      0x100 d:/mounriver_studio/toolchain/risc-v embedded gcc12/bin/../lib/gcc/riscv-none-elf/12.2.0\libgcc.a(_clz.o)
                0x000000000000bfe8                __clz_tab
 *(.gnu.linkonce.t.*)
                0x000000000000c0e8                . = ALIGN (0x4)

.rela.dyn       0x000000000000c0e8        0x0
 .rela.init     0x000000000000c0e8        0x0 ./User/ch32v10x_it.o
 .rela.vector   0x000000000000c0e8        0x0 ./User/ch32v10x_it.o
 .rela.text.handle_reset
                0x000000000000c0e8        0x0 ./User/ch32v10x_it.o
 .rela.data.impure_data
                0x000000000000c0e8        0x0 ./User/ch32v10x_it.o

.fini           0x000000000000c0e8        0x0
 *(SORT_NONE(.fini))
                0x000000000000c0e8                . = ALIGN (0x4)
                [!provide]                        PROVIDE (_etext = .)
                [!provide]                        PROVIDE (_eitcm = .)

.preinit_array  0x000000000000c0e8        0x0
                [!provide]                        PROVIDE (__preinit_array_start = .)
 *(.preinit_array)
                [!provide]                        PROVIDE (__preinit_array_end = .)

.init_array     0x000000000000c0e8        0x0
                [!provide]                        PROVIDE (__init_array_start = .)
 *(SORT_BY_INIT_PRIORITY(.init_array.*) SORT_BY_INIT_PRIORITY(.ctors.*))
 *(.init_array EXCLUDE_FILE(*crtend?.o *crtend.o *crtbegin?.o *crtbegin.o) .ctors)
                [!provide]                        PROVIDE (__init_array_end = .)

.fini_array     0x000000000000c0e8        0x0
                [!provide]                        PROVIDE (__fini_array_start = .)
 *(SORT_BY_INIT_PRIORITY(.fini_array.*) SORT_BY_INIT_PRIORITY(.dtors.*))
 *(.fini_array EXCLUDE_FILE(*crtend?.o *crtend.o *crtbegin?.o *crtbegin.o) .dtors)
                [!provide]                        PROVIDE (__fini_array_end = .)

.ctors
 *crtbegin.o(.ctors)
 *crtbegin?.o(.ctors)
 *(EXCLUDE_FILE(*crtend?.o *crtend.o) .ctors)
 *(SORT_BY_NAME(.ctors.*))
 *(.ctors)

.dtors
 *crtbegin.o(.dtors)
 *crtbegin?.o(.dtors)
 *(EXCLUDE_FILE(*crtend?.o *crtend.o) .dtors)
 *(SORT_BY_NAME(.dtors.*))
 *(.dtors)

.dalign         0x0000000020000000        0x0 load address 0x000000000000c0e8
                0x0000000020000000                . = ALIGN (0x4)
                0x0000000020000000                PROVIDE (_data_vma = .)

.dlalign        0x000000000000c0e8        0x0
                0x000000000000c0e8                . = ALIGN (0x4)
                0x000000000000c0e8                PROVIDE (_data_lma = .)

.data           0x0000000020000000     0x1924 load address 0x000000000000c0e8
 *(.gnu.linkonce.r.*)
 *(.data .data.*)
 .data.CommandTable
                0x0000000020000000       0xc0 ./User/hd_rumble2.o
                0x0000000020000000                CommandTable
 .data.freq_exp2_index_lookup_tb
                0x00000000200000c0      0x100 ./User/hd_rumble2.o
                0x00000000200000c0                freq_exp2_index_lookup_tb
 .data.amp_exp2_index_lookup_tb
                0x00000000200001c0      0x100 ./User/hd_rumble2.o
                0x00000000200001c0                amp_exp2_index_lookup_tb
 .data.exp2_lookup_tb
                0x00000000200002c0      0x500 ./User/hd_rumble2.o
                0x00000000200002c0                exp2_lookup_tb
 .data.ccr_lookup_tb
                0x00000000200007c0     0x1000 ./User/hd_rumble_high_accuracy.o
                0x00000000200007c0                ccr_lookup_tb
 .data._imu_quat_state
                0x00000000200017c0       0x1c ./User/imu_quaternion.o
                0x00000000200017c0                _imu_quat_state
 .data.default_et
                0x00000000200017dc        0xe ./User/ns_com.o
                0x00000000200017dc                default_et
 *fill*         0x00000000200017ea        0x2 
 .data.default_device_info
                0x00000000200017ec        0xc ./User/ns_com.o
                0x00000000200017ec                default_device_info
 .data.AHBPrescTable
                0x00000000200017f8       0x10 ./User/system_ch32v10x.o
                0x00000000200017f8                AHBPrescTable
 .data.MyCfgDescr
                0x0000000020001808       0x29 ./User/usb_desc.o
                0x0000000020001808                MyCfgDescr
 *fill*         0x0000000020001831        0x3 
 .data.APBAHBPrescTable
                0x0000000020001834       0x10 ./Peripheral/src/ch32v10x_rcc.o
 .data.impure_data
                0x0000000020001844       0x60 d:/mounriver_studio/toolchain/risc-v embedded gcc12/bin/../lib/gcc/riscv-none-elf/12.2.0/../../../../riscv-none-elf/lib\libg_nano.a(lib_a-impure.o)
 *(.gnu.linkonce.d.*)
                0x00000000200018a8                . = ALIGN (0x8)
 *fill*         0x00000000200018a4        0x4 
                0x00000000200020a8                PROVIDE (__global_pointer$ = (. + 0x800))
 *(.sdata .sdata.*)
 .sdata.rumble_state
                0x00000000200018a8        0x1 ./User/hd_rumble.o
                0x00000000200018a8                rumble_state
 *fill*         0x00000000200018a9        0x3 
 .sdata.hliner  0x00000000200018ac        0x4 ./User/hd_rumble2.o
                0x00000000200018ac                hliner
 .sdata.input_mode
                0x00000000200018b0        0x1 ./User/ns_com.o
                0x00000000200018b0                input_mode
 *fill*         0x00000000200018b1        0x3 
 .sdata.rts_tcnt
                0x00000000200018b4        0x4 ./User/ns_com_mux.o
                0x00000000200018b4                rts_tcnt
 .sdata.spi_rgb_trans
                0x00000000200018b8        0x2 ./User/spi.o
                0x00000000200018b8                spi_rgb_trans
 *fill*         0x00000000200018ba        0x2 
 .sdata.SystemCoreClock
                0x00000000200018bc        0x4 ./User/system_ch32v10x.o
                0x00000000200018bc                SystemCoreClock
 .sdata.ADCPrescTable
                0x00000000200018c0        0x4 ./Peripheral/src/ch32v10x_rcc.o
 .sdata.tiny    0x00000000200018c4        0x4 d:/mounriver_studio/toolchain/risc-v embedded gcc12/bin/../lib/gcc/riscv-none-elf/12.2.0/../../../../riscv-none-elf/lib\libm_nano.a(lib_a-ef_sqrt.o)
 .sdata.one     0x00000000200018c8        0x4 d:/mounriver_studio/toolchain/risc-v embedded gcc12/bin/../lib/gcc/riscv-none-elf/12.2.0/../../../../riscv-none-elf/lib\libm_nano.a(lib_a-ef_sqrt.o)
 .sdata._impure_ptr
                0x00000000200018cc        0x4 d:/mounriver_studio/toolchain/risc-v embedded gcc12/bin/../lib/gcc/riscv-none-elf/12.2.0/../../../../riscv-none-elf/lib\libg_nano.a(lib_a-impure.o)
                0x00000000200018cc                _impure_ptr
 *(.sdata2.*)
 *(.gnu.linkonce.s.*)
                0x00000000200018d0                . = ALIGN (0x8)
 *(.srodata.cst16)
 *(.srodata.cst8)
 .srodata.cst8  0x00000000200018d0       0x38 ./User/imu_quaternion.o
 *(.srodata.cst4)
 .srodata.cst4  0x0000000020001908        0x4 ./User/conf.o
 .srodata.cst4  0x000000002000190c        0xc ./User/imu_quaternion.o
 .srodata.cst4  0x0000000020001918        0x8 ./User/ns_com_mux.o
 *(.srodata.cst2)
 *(.srodata .srodata.*)
 .srodata.MyLangDescr
                0x0000000020001920        0x4 ./User/usb_desc.o
                0x0000000020001920                MyLangDescr
                0x0000000020001924                . = ALIGN (0x4)
                0x0000000020001924                PROVIDE (_edata = .)

.bss            0x0000000020001928     0x27d0 load address 0x000000000000da0c
                0x0000000020001928                . = ALIGN (0x4)
                0x0000000020001928                PROVIDE (_sbss = .)
 *(.sbss*)
 .sbss.USBFS_Endp_Busy
                0x0000000020001928        0x8 ./User/ch32v10x_usbfs_device.o
                0x0000000020001928                USBFS_Endp_Busy
 .sbss.USBFS_HidProtocol
                0x0000000020001930        0x1 ./User/ch32v10x_usbfs_device.o
                0x0000000020001930                USBFS_HidProtocol
 .sbss.USBFS_HidIdle
                0x0000000020001931        0x1 ./User/ch32v10x_usbfs_device.o
                0x0000000020001931                USBFS_HidIdle
 .sbss.USBFS_DevEnumStatus
                0x0000000020001932        0x1 ./User/ch32v10x_usbfs_device.o
                0x0000000020001932                USBFS_DevEnumStatus
 .sbss.USBFS_DevSleepStatus
                0x0000000020001933        0x1 ./User/ch32v10x_usbfs_device.o
                0x0000000020001933                USBFS_DevSleepStatus
 .sbss.USBFS_DevAddr
                0x0000000020001934        0x1 ./User/ch32v10x_usbfs_device.o
                0x0000000020001934                USBFS_DevAddr
 .sbss.USBFS_DevConfig
                0x0000000020001935        0x1 ./User/ch32v10x_usbfs_device.o
                0x0000000020001935                USBFS_DevConfig
 .sbss.USBFS_SetupReqLen
                0x0000000020001936        0x2 ./User/ch32v10x_usbfs_device.o
                0x0000000020001936                USBFS_SetupReqLen
 .sbss.USBFS_SetupReqIndex
                0x0000000020001938        0x2 ./User/ch32v10x_usbfs_device.o
                0x0000000020001938                USBFS_SetupReqIndex
 .sbss.USBFS_SetupReqValue
                0x000000002000193a        0x2 ./User/ch32v10x_usbfs_device.o
                0x000000002000193a                USBFS_SetupReqValue
 .sbss.USBFS_SetupReqType
                0x000000002000193c        0x1 ./User/ch32v10x_usbfs_device.o
                0x000000002000193c                USBFS_SetupReqType
 .sbss.USBFS_SetupReqCode
                0x000000002000193d        0x1 ./User/ch32v10x_usbfs_device.o
                0x000000002000193d                USBFS_SetupReqCode
 *fill*         0x000000002000193e        0x2 
 .sbss.pUSBFS_Descr
                0x0000000020001940        0x4 ./User/ch32v10x_usbfs_device.o
                0x0000000020001940                pUSBFS_Descr
 .sbss.fac      0x0000000020001944        0x4 ./User/conf.o
 .sbss.joystick_snapback_deadzone_sq
                0x0000000020001948        0x8 ./User/conf.o
                0x0000000020001948                joystick_snapback_deadzone_sq
 .sbss.Calibrattion_Val
                0x0000000020001950        0x2 ./User/gpio_adc.o
                0x0000000020001950                Calibrattion_Val
 *fill*         0x0000000020001952        0x2 
 .sbss.adc_data
                0x0000000020001954        0x8 ./User/gpio_adc.o
                0x0000000020001954                adc_data
 .sbss.sample   0x000000002000195c        0x8 ./User/hd_rumble2.o
                0x000000002000195c                sample
 .sbss.m_state  0x0000000020001964        0x8 ./User/hd_rumble2.o
                0x0000000020001964                m_state
 .sbss.global_sample_channel
                0x000000002000196c        0x1 ./User/hd_rumble2.o
                0x000000002000196c                global_sample_channel
 .sbss.decoded_cnt
                0x000000002000196d        0x1 ./User/hd_rumble2.o
                0x000000002000196d                decoded_cnt
 *fill*         0x000000002000196e        0x2 
 .sbss.tim3_counter
                0x0000000020001970        0x4 ./User/hd_rumble_high_accuracy.o
 .sbss.right_low_tick
                0x0000000020001974        0x4 ./User/hd_rumble_high_accuracy.o
 .sbss.right_high_tick
                0x0000000020001978        0x4 ./User/hd_rumble_high_accuracy.o
 .sbss.left_low_tick
                0x000000002000197c        0x4 ./User/hd_rumble_high_accuracy.o
 .sbss.left_high_tick
                0x0000000020001980        0x4 ./User/hd_rumble_high_accuracy.o
 .sbss.tim3_irq_tmp
                0x0000000020001984        0x4 ./User/hd_rumble_high_accuracy.o
 .sbss.right_low_sum
                0x0000000020001988        0x4 ./User/hd_rumble_high_accuracy.o
                0x0000000020001988                right_low_sum
 .sbss.right_high_sum
                0x000000002000198c        0x4 ./User/hd_rumble_high_accuracy.o
                0x000000002000198c                right_high_sum
 .sbss.left_low_sum
                0x0000000020001990        0x4 ./User/hd_rumble_high_accuracy.o
                0x0000000020001990                left_low_sum
 .sbss.left_high_sum
                0x0000000020001994        0x4 ./User/hd_rumble_high_accuracy.o
                0x0000000020001994                left_high_sum
 .sbss.right_low_pos
                0x0000000020001998        0x2 ./User/hd_rumble_high_accuracy.o
                0x0000000020001998                right_low_pos
 .sbss.right_high_pos
                0x000000002000199a        0x2 ./User/hd_rumble_high_accuracy.o
                0x000000002000199a                right_high_pos
 .sbss.left_low_pos
                0x000000002000199c        0x2 ./User/hd_rumble_high_accuracy.o
                0x000000002000199c                left_low_pos
 .sbss.left_high_pos
                0x000000002000199e        0x2 ./User/hd_rumble_high_accuracy.o
                0x000000002000199e                left_high_pos
 .sbss.right_low_buf_stdby
                0x00000000200019a0        0x1 ./User/hd_rumble_high_accuracy.o
                0x00000000200019a0                right_low_buf_stdby
 .sbss.right_high_buf_stdby
                0x00000000200019a1        0x1 ./User/hd_rumble_high_accuracy.o
                0x00000000200019a1                right_high_buf_stdby
 .sbss.left_low_buf_stdby
                0x00000000200019a2        0x1 ./User/hd_rumble_high_accuracy.o
                0x00000000200019a2                left_low_buf_stdby
 .sbss.left_high_buf_stdby
                0x00000000200019a3        0x1 ./User/hd_rumble_high_accuracy.o
                0x00000000200019a3                left_high_buf_stdby
 .sbss.right_low_buf_rdy
                0x00000000200019a4        0x1 ./User/hd_rumble_high_accuracy.o
                0x00000000200019a4                right_low_buf_rdy
 .sbss.right_high_buf_rdy
                0x00000000200019a5        0x1 ./User/hd_rumble_high_accuracy.o
                0x00000000200019a5                right_high_buf_rdy
 .sbss.left_low_buf_rdy
                0x00000000200019a6        0x1 ./User/hd_rumble_high_accuracy.o
                0x00000000200019a6                left_low_buf_rdy
 .sbss.left_high_buf_rdy
                0x00000000200019a7        0x1 ./User/hd_rumble_high_accuracy.o
                0x00000000200019a7                left_high_buf_rdy
 .sbss.right_low_buf
                0x00000000200019a8        0x8 ./User/hd_rumble_high_accuracy.o
                0x00000000200019a8                right_low_buf
 .sbss.right_high_buf
                0x00000000200019b0        0x8 ./User/hd_rumble_high_accuracy.o
                0x00000000200019b0                right_high_buf
 .sbss.left_low_buf
                0x00000000200019b8        0x8 ./User/hd_rumble_high_accuracy.o
                0x00000000200019b8                left_low_buf
 .sbss.left_high_buf
                0x00000000200019c0        0x8 ./User/hd_rumble_high_accuracy.o
                0x00000000200019c0                left_high_buf
 .sbss.right_low
                0x00000000200019c8        0x8 ./User/hd_rumble_high_accuracy.o
                0x00000000200019c8                right_low
 .sbss.right_high
                0x00000000200019d0        0x8 ./User/hd_rumble_high_accuracy.o
                0x00000000200019d0                right_high
 .sbss.left_low
                0x00000000200019d8        0x8 ./User/hd_rumble_high_accuracy.o
                0x00000000200019d8                left_low
 .sbss.left_high
                0x00000000200019e0        0x8 ./User/hd_rumble_high_accuracy.o
                0x00000000200019e0                left_high
 .sbss.last_reset.0
                0x00000000200019e8        0x4 ./User/i2c.o
 .sbss.i2c_intr_error
                0x00000000200019ec        0x1 ./User/i2c.o
                0x00000000200019ec                i2c_intr_error
 .sbss.i2c_error_code
                0x00000000200019ed        0x1 ./User/i2c.o
                0x00000000200019ed                i2c_error_code
 .sbss.i2c_status
                0x00000000200019ee        0x1 ./User/i2c.o
                0x00000000200019ee                i2c_status
 *fill*         0x00000000200019ef        0x1 
 .sbss.last_upd.0
                0x00000000200019f0        0x4 ./User/imu.o
 .sbss.status.1
                0x00000000200019f4        0x1 ./User/imu.o
 *fill*         0x00000000200019f5        0x3 
 .sbss.rep      0x00000000200019f8        0x4 ./User/imu.o
 .sbss.imu_buf_pos
                0x00000000200019fc        0x1 ./User/imu.o
                0x00000000200019fc                imu_buf_pos
 .sbss.imu_sample_cnt
                0x00000000200019fd        0x1 ./User/imu.o
 *fill*         0x00000000200019fe        0x2 
 .sbss.last_imu_upd
                0x0000000020001a00        0x4 ./User/imu.o
 .sbss.imu_ratio_zf
                0x0000000020001a04        0x4 ./User/imu.o
                0x0000000020001a04                imu_ratio_zf
 .sbss.imu_ratio_yf
                0x0000000020001a08        0x4 ./User/imu.o
                0x0000000020001a08                imu_ratio_yf
 .sbss.imu_ratio_xf
                0x0000000020001a0c        0x4 ./User/imu.o
                0x0000000020001a0c                imu_ratio_xf
 .sbss.imu_mode
                0x0000000020001a10        0x1 ./User/imu.o
                0x0000000020001a10                imu_mode
 .sbss.imu_rdy  0x0000000020001a11        0x1 ./User/imu.o
                0x0000000020001a11                imu_rdy
 .sbss.imu_upd_cnt
                0x0000000020001a12        0x1 ./User/imu.o
                0x0000000020001a12                imu_upd_cnt
 .sbss.pos.2    0x0000000020001a13        0x1 ./User/imu_quaternion.o
 .sbss.timestamp.4
                0x0000000020001a14        0x4 ./User/imu_quaternion.o
 .sbss.prev_timestamp.5
                0x0000000020001a18        0x4 ./User/imu_quaternion.o
 .sbss.sts.0    0x0000000020001a1c        0x1 ./User/main.o
 .sbss.f6.2     0x0000000020001a1d        0x1 ./User/main.o
 .sbss.f5.3     0x0000000020001a1e        0x1 ./User/main.o
 .sbss.f4.4     0x0000000020001a1f        0x1 ./User/main.o
 .sbss.f3.5     0x0000000020001a20        0x1 ./User/main.o
 .sbss.f2.6     0x0000000020001a21        0x1 ./User/main.o
 .sbss.f1.7     0x0000000020001a22        0x1 ./User/main.o
 .sbss.upd.8    0x0000000020001a23        0x1 ./User/main.o
 .sbss.save.9   0x0000000020001a24        0x1 ./User/main.o
 .sbss.id.11    0x0000000020001a25        0x1 ./User/main.o
 *fill*         0x0000000020001a26        0x2 
 .sbss.last_tick.12
                0x0000000020001a28        0x4 ./User/main.o
 .sbss.set.13   0x0000000020001a2c        0x1 ./User/main.o
 *fill*         0x0000000020001a2d        0x3 
 .sbss.uart_rumble_buf
                0x0000000020001a30        0x8 ./User/main.o
 .sbss.stop_flag
                0x0000000020001a38        0x1 ./User/main.o
 *fill*         0x0000000020001a39        0x3 
 .sbss.routine_tick
                0x0000000020001a3c        0x4 ./User/main.o
 .sbss.test_uart_pkt
                0x0000000020001a40        0x6 ./User/main.o
 *fill*         0x0000000020001a46        0x2 
 .sbss.top_tick
                0x0000000020001a48        0x4 ./User/main.o
 .sbss.input_update_tick
                0x0000000020001a4c        0x4 ./User/main.o
 .sbss.pkt      0x0000000020001a50        0x6 ./User/main.o
 *fill*         0x0000000020001a56        0x2 
 .sbss.sts_rjoy
                0x0000000020001a58        0x4 ./User/main.o
 .sbss.sts_ljoy
                0x0000000020001a5c        0x4 ./User/main.o
 .sbss.sts_button
                0x0000000020001a60        0x4 ./User/main.o
                0x0000000020001a60                sts_button
 .sbss.top_trigger
                0x0000000020001a64        0x1 ./User/main.o
 *fill*         0x0000000020001a65        0x3 
 .sbss.imu_conf
                0x0000000020001a68        0x5 ./User/ns_com.o
                0x0000000020001a68                imu_conf
 .sbss.indicate_led_status
                0x0000000020001a6d        0x1 ./User/ns_com.o
                0x0000000020001a6d                indicate_led_status
 .sbss.fw_red_cnt
                0x0000000020001a6e        0x1 ./User/ns_com_mux.o
 *fill*         0x0000000020001a6f        0x1 
 .sbss.rts_cnt  0x0000000020001a70        0x4 ./User/ns_com_mux.o
                0x0000000020001a70                rts_cnt
 .sbss.is_rumble_start
                0x0000000020001a74        0x1 ./User/ns_com_mux.o
                0x0000000020001a74                is_rumble_start
 .sbss.force_esp32_active
                0x0000000020001a75        0x1 ./User/pwr.o
                0x0000000020001a75                force_esp32_active
 *fill*         0x0000000020001a76        0x2 
 .sbss.p.1      0x0000000020001a78        0x3 ./User/spi.o
 *fill*         0x0000000020001a7b        0x1 
 .sbss.Systick_MS
                0x0000000020001a7c        0x4 ./User/tick.o
                0x0000000020001a7c                Systick_MS
 .sbss.inited.4594
                0x0000000020001a80        0x4 ./User/tick.o
 .sbss.p_us     0x0000000020001a84        0x1 ./User/tick.o
 *fill*         0x0000000020001a85        0x3 
 .sbss.send_buf
                0x0000000020001a88        0x6 ./User/uart_com.o
 *fill*         0x0000000020001a8e        0x2 
 .sbss.rx_filter_buf
                0x0000000020001a90        0x6 ./User/uart_com.o
                0x0000000020001a90                rx_filter_buf
 .sbss.rx_ptr   0x0000000020001a96        0x1 ./User/uart_com.o
                0x0000000020001a96                rx_ptr
 *fill*         0x0000000020001a97        0x1 
 .sbss.UART1_Rx_Deal_Ptr
                0x0000000020001a98        0x2 ./User/uart_com.o
                0x0000000020001a98                UART1_Rx_Deal_Ptr
 .sbss.UART1_Rx_RemainLen
                0x0000000020001a9a        0x2 ./User/uart_com.o
                0x0000000020001a9a                UART1_Rx_RemainLen
 .sbss.UART1_RX_LastCnt
                0x0000000020001a9c        0x2 ./User/uart_com.o
                0x0000000020001a9c                UART1_RX_LastCnt
 .sbss.UART1_RX_CurCnt
                0x0000000020001a9e        0x2 ./User/uart_com.o
                0x0000000020001a9e                UART1_RX_CurCnt
 .sbss.UART1_Tx_Flag
                0x0000000020001aa0        0x1 ./User/uart_com.o
                0x0000000020001aa0                UART1_Tx_Flag
 *fill*         0x0000000020001aa1        0x1 
 .sbss.UART1_TimeOut
                0x0000000020001aa2        0x2 ./User/uart_com.o
                0x0000000020001aa2                UART1_TimeOut
 .sbss.pkt.0    0x0000000020001aa4        0x8 ./User/usbd_compatibility_hid.o
 .sbss.rep      0x0000000020001aac        0x4 ./User/usbd_compatibility_hid.o
 .sbss.rpt      0x0000000020001ab0        0x4 ./User/usbd_compatibility_hid.o
                0x0000000020001ab0                rpt
 .sbss.pkg_typ  0x0000000020001ab4        0x1 ./User/usbd_compatibility_hid.o
                0x0000000020001ab4                pkg_typ
 .sbss.pkg_len  0x0000000020001ab5        0x1 ./User/usbd_compatibility_hid.o
                0x0000000020001ab5                pkg_len
 *fill*         0x0000000020001ab6        0x2 
 .sbss.pkg_ptr  0x0000000020001ab8        0x4 ./User/usbd_compatibility_hid.o
                0x0000000020001ab8                pkg_ptr
 .sbss.ns_hid_pkt_cnt
                0x0000000020001abc        0x1 ./User/usbd_compatibility_hid.o
 *fill*         0x0000000020001abd        0x3 
 .sbss.get_peripheral_data
                0x0000000020001ac0        0x4 ./User/usbd_compatibility_hid.o
                0x0000000020001ac0                get_peripheral_data
 .sbss.HID_Set_Report_Flag
                0x0000000020001ac4        0x1 ./User/usbd_compatibility_hid.o
                0x0000000020001ac4                HID_Set_Report_Flag
 *fill*         0x0000000020001ac5        0x3 
 .sbss.NVIC_Priority_Group
                0x0000000020001ac8        0x4 ./Peripheral/src/ch32v10x_misc.o
                0x0000000020001ac8                NVIC_Priority_Group
 .sbss.pEP1_RAM_Addr
                0x0000000020001acc        0x4 ./Peripheral/src/ch32v10x_usb.o
                0x0000000020001acc                pEP1_RAM_Addr
 *(.gnu.linkonce.sb.*)
 *(.bss*)
 .bss.ep1_data_buffer
                0x0000000020001ad0      0x200 ./User/ch32v10x_usbfs_device.o
                0x0000000020001ad0                ep1_data_buffer
 .bss.Data_Buffer
                0x0000000020001cd0      0x600 ./User/ch32v10x_usbfs_device.o
                0x0000000020001cd0                Data_Buffer
 .bss.RingBuffer_Comm
                0x00000000200022d0       0x1c ./User/ch32v10x_usbfs_device.o
                0x00000000200022d0                RingBuffer_Comm
 .bss.USBFS_EP0_Buf
                0x00000000200022ec       0x40 ./User/ch32v10x_usbfs_device.o
                0x00000000200022ec                USBFS_EP0_Buf
 .bss.user_config
                0x000000002000232c       0x7b ./User/conf.o
                0x000000002000232c                user_config
 *fill*         0x00000000200023a7        0x1 
 .bss.user_calibration
                0x00000000200023a8       0x48 ./User/conf.o
                0x00000000200023a8                user_calibration
 .bss.factory_configuration
                0x00000000200023f0       0xb1 ./User/conf.o
                0x00000000200023f0                factory_configuration
 *fill*         0x00000000200024a1        0x3 
 .bss.flash_buf
                0x00000000200024a4       0x80 ./User/flash.o
 .bss.hid_num_to_gpio
                0x0000000020002524       0x60 ./User/gpio_digit.o