Archive member included to satisfy reference by file (symbol)

d:/mounriver_studio/toolchain/risc-v embedded gcc12/bin/../lib/gcc/riscv-none-elf/12.2.0/../../../../riscv-none-elf/lib\libm_nano.a(lib_a-wf_sqrt.o)
                              ./User/imu_quaternion.o (sqrtf)
d:/mounriver_studio/toolchain/risc-v embedded gcc12/bin/../lib/gcc/riscv-none-elf/12.2.0/../../../../riscv-none-elf/lib\libm_nano.a(lib_a-ef_sqrt.o)
                              d:/mounriver_studio/toolchain/risc-v embedded gcc12/bin/../lib/gcc/riscv-none-elf/12.2.0/../../../../riscv-none-elf/lib\libm_nano.a(lib_a-wf_sqrt.o) (__ieee754_sqrtf)
d:/mounriver_studio/toolchain/risc-v embedded gcc12/bin/../lib/gcc/riscv-none-elf/12.2.0\libgcc.a(_divdi3.o)
                              ./User/hd_rumble2.o (__divdi3)
d:/mounriver_studio/toolchain/risc-v embedded gcc12/bin/../lib/gcc/riscv-none-elf/12.2.0\libgcc.a(_udivdi3.o)
                              ./User/hd_rumble2.o (__udivdi3)
d:/mounriver_studio/toolchain/risc-v embedded gcc12/bin/../lib/gcc/riscv-none-elf/12.2.0\libgcc.a(adddf3.o)
                              ./User/imu_quaternion.o (__adddf3)
d:/mounriver_studio/toolchain/risc-v embedded gcc12/bin/../lib/gcc/riscv-none-elf/12.2.0\libgcc.a(divdf3.o)
                              ./User/imu_quaternion.o (__divdf3)
d:/mounriver_studio/toolchain/risc-v embedded gcc12/bin/../lib/gcc/riscv-none-elf/12.2.0\libgcc.a(muldf3.o)
                              ./User/imu_quaternion.o (__muldf3)
d:/mounriver_studio/toolchain/risc-v embedded gcc12/bin/../lib/gcc/riscv-none-elf/12.2.0\libgcc.a(subdf3.o)
                              ./User/imu_quaternion.o (__subdf3)
d:/mounriver_studio/toolchain/risc-v embedded gcc12/bin/../lib/gcc/riscv-none-elf/12.2.0\libgcc.a(floatsidf.o)
                              ./User/imu_quaternion.o (__floatsidf)
d:/mounriver_studio/toolchain/risc-v embedded gcc12/bin/../lib/gcc/riscv-none-elf/12.2.0\libgcc.a(floatunsidf.o)
                              ./User/imu_quaternion.o (__floatunsidf)
d:/mounriver_studio/toolchain/risc-v embedded gcc12/bin/../lib/gcc/riscv-none-elf/12.2.0\libgcc.a(addsf3.o)
                              ./User/imu_quaternion.o (__addsf3)
d:/mounriver_studio/toolchain/risc-v embedded gcc12/bin/../lib/gcc/riscv-none-elf/12.2.0\libgcc.a(divsf3.o)
                              ./User/conf.o (__divsf3)
d:/mounriver_studio/toolchain/risc-v embedded gcc12/bin/../lib/gcc/riscv-none-elf/12.2.0\libgcc.a(gesf2.o)
                              ./User/imu_quaternion.o (__gtsf2)
d:/mounriver_studio/toolchain/risc-v embedded gcc12/bin/../lib/gcc/riscv-none-elf/12.2.0\libgcc.a(lesf2.o)
                              d:/mounriver_studio/toolchain/risc-v embedded gcc12/bin/../lib/gcc/riscv-none-elf/12.2.0/../../../../riscv-none-elf/lib\libm_nano.a(lib_a-ef_sqrt.o) (__lesf2)
d:/mounriver_studio/toolchain/risc-v embedded gcc12/bin/../lib/gcc/riscv-none-elf/12.2.0\libgcc.a(mulsf3.o)
                              ./User/imu.o (__mulsf3)
d:/mounriver_studio/toolchain/risc-v embedded gcc12/bin/../lib/gcc/riscv-none-elf/12.2.0\libgcc.a(subsf3.o)
                              ./User/imu_quaternion.o (__subsf3)
d:/mounriver_studio/toolchain/risc-v embedded gcc12/bin/../lib/gcc/riscv-none-elf/12.2.0\libgcc.a(unordsf2.o)
                              d:/mounriver_studio/toolchain/risc-v embedded gcc12/bin/../lib/gcc/riscv-none-elf/12.2.0/../../../../riscv-none-elf/lib\libm_nano.a(lib_a-wf_sqrt.o) (__unordsf2)
d:/mounriver_studio/toolchain/risc-v embedded gcc12/bin/../lib/gcc/riscv-none-elf/12.2.0\libgcc.a(fixsfsi.o)
                              ./User/imu.o (__fixsfsi)
d:/mounriver_studio/toolchain/risc-v embedded gcc12/bin/../lib/gcc/riscv-none-elf/12.2.0\libgcc.a(floatsisf.o)
                              ./User/conf.o (__floatsisf)
d:/mounriver_studio/toolchain/risc-v embedded gcc12/bin/../lib/gcc/riscv-none-elf/12.2.0\libgcc.a(truncdfsf2.o)
                              ./User/imu_quaternion.o (__truncdfsf2)
d:/mounriver_studio/toolchain/risc-v embedded gcc12/bin/../lib/gcc/riscv-none-elf/12.2.0\libgcc.a(save-restore.o)
                              ./User/hd_rumble2.o (__riscv_save_12)
d:/mounriver_studio/toolchain/risc-v embedded gcc12/bin/../lib/gcc/riscv-none-elf/12.2.0\libgcc.a(_clz.o)
                              d:/mounriver_studio/toolchain/risc-v embedded gcc12/bin/../lib/gcc/riscv-none-elf/12.2.0\libgcc.a(_divdi3.o) (__clz_tab)
d:/mounriver_studio/toolchain/risc-v embedded gcc12/bin/../lib/gcc/riscv-none-elf/12.2.0\libgcc.a(_clzsi2.o)
                              d:/mounriver_studio/toolchain/risc-v embedded gcc12/bin/../lib/gcc/riscv-none-elf/12.2.0\libgcc.a(adddf3.o) (__clzsi2)
d:/mounriver_studio/toolchain/risc-v embedded gcc12/bin/../lib/gcc/riscv-none-elf/12.2.0/../../../../riscv-none-elf/lib\libg_nano.a(lib_a-errno.o)
[...]
Memory Configuration

Name             Origin             Length             Attributes
FLASH            0x0000000000000000 0x0000000000010000 xr
RAM              0x0000000020000000 0x0000000000005000 xrw
*default*        0x0000000000000000 0xffffffffffffffff

Linker script and memory map

LOAD ./User/ch32v10x_it.o
LOAD ./User/ch32v10x_usbfs_device.o
LOAD ./User/conf.o
LOAD ./User/flash.o
LOAD ./User/global_api.o
LOAD ./User/gpio_adc.o
LOAD ./User/gpio_digit.o
LOAD ./User/hd_rumble.o
LOAD ./User/hd_rumble2.o
LOAD ./User/hd_rumble_high_accuracy.o
LOAD ./User/i2c.o
LOAD ./User/imu.o
LOAD ./User/imu_quaternion.o
LOAD ./User/main.o
LOAD ./User/ns_com.o
LOAD ./User/ns_com_mux.o
LOAD ./User/pwr.o
LOAD ./User/ring_buffer.o
LOAD ./User/spi.o
LOAD ./User/system_ch32v10x.o
LOAD ./User/tick.o
LOAD ./User/uart.o
LOAD ./User/uart_com.o
LOAD ./User/usb_desc.o
LOAD ./User/usbd_compatibility_hid.o
LOAD ./User/watchdog.o
LOAD ./Startup/startup_ch32v10x.o
LOAD ./Peripheral/src/ch32v10x_adc.o
LOAD ./Peripheral/src/ch32v10x_bkp.o
LOAD ./Peripheral/src/ch32v10x_crc.o
LOAD ./Peripheral/src/ch32v10x_dbgmcu.o
LOAD ./Peripheral/src/ch32v10x_dma.o
LOAD ./Peripheral/src/ch32v10x_exti.o
LOAD ./Peripheral/src/ch32v10x_flash.o
LOAD ./Peripheral/src/ch32v10x_gpio.o
LOAD ./Peripheral/src/ch32v10x_i2c.o
LOAD ./Peripheral/src/ch32v10x_iwdg.o
LOAD ./Peripheral/src/ch32v10x_misc.o
LOAD ./Peripheral/src/ch32v10x_pwr.o
LOAD ./Peripheral/src/ch32v10x_rcc.o
LOAD ./Peripheral/src/ch32v10x_rtc.o
LOAD ./Peripheral/src/ch32v10x_spi.o
LOAD ./Peripheral/src/ch32v10x_tim.o
LOAD ./Peripheral/src/ch32v10x_usart.o
LOAD ./Peripheral/src/ch32v10x_usb.o
LOAD ./Peripheral/src/ch32v10x_usb_host.o
LOAD ./Peripheral/src/ch32v10x_wwdg.o
LOAD ./Debug/debug.o
LOAD ./Core/core_riscv.o
LOAD d:/mounriver_studio/toolchain/risc-v embedded gcc12/bin/../lib/gcc/riscv-none-elf/12.2.0/../../../../riscv-none-elf/lib\libm_nano.a
LOAD d:/mounriver_studio/toolchain/risc-v embedded gcc12/bin/../lib/gcc/riscv-none-elf/12.2.0\libgcc.a
LOAD d:/mounriver_studio/toolchain/risc-v embedded gcc12/bin/../lib/gcc/riscv-none-elf/12.2.0/../../../../riscv-none-elf/lib\libg_nano.a
LOAD d:/mounriver_studio/toolchain/risc-v embedded gcc12/bin/../lib/gcc/riscv-none-elf/12.2.0/../../../../riscv-none-elf/lib\libc_nano.a
LOAD d:/mounriver_studio/toolchain/risc-v embedded gcc12/bin/../lib/gcc/riscv-none-elf/12.2.0\libgcc.a
START GROUP
LOAD d:/mounriver_studio/toolchain/risc-v embedded gcc12/bin/../lib/gcc/riscv-none-elf/12.2.0\libgcc.a
LOAD d:/mounriver_studio/toolchain/risc-v embedded gcc12/bin/../lib/gcc/riscv-none-elf/12.2.0/../../../../riscv-none-elf/lib\libc_nano.a
LOAD d:/mounriver_studio/toolchain/risc-v embedded gcc12/bin/../lib/gcc/riscv-none-elf/12.2.0/../../../../riscv-none-elf/lib\libnosys.a
END GROUP
START GROUP
LOAD d:/mounriver_studio/toolchain/risc-v embedded gcc12/bin/../lib/gcc/riscv-none-elf/12.2.0\libgcc.a
LOAD d:/mounriver_studio/toolchain/risc-v embedded gcc12/bin/../lib/gcc/riscv-none-elf/12.2.0/../../../../riscv-none-elf/lib\libc_nano.a
LOAD d:/mounriver_studio/toolchain/risc-v embedded gcc12/bin/../lib/gcc/riscv-none-elf/12.2.0/../../../../riscv-none-elf/lib\libnosys.a
END GROUP
                0x0000000000000a00                __stack_size = 0xa00
                [!provide]                        PROVIDE (_stack_size = __stack_size)

.init           0x0000000000000000       0x38
                0x0000000000000000                _sinit = .
                0x0000000000000000                . = ALIGN (0x4)
 *(SORT_NONE(.init))
 .init          0x0000000000000000       0x38 ./Startup/startup_ch32v10x.o
                0x0000000000000000                _start
                0x0000000000000038                . = ALIGN (0x4)
                0x0000000000000038                _einit = .

.vector         0x0000000000000038      0x108
 *(.vector)
 .vector        0x0000000000000038       0xf0 ./Startup/startup_ch32v10x.o
                0x0000000000000140                . = ALIGN (0x40)
 *fill*         0x0000000000000128       0x18 

.text           0x0000000000000140     0xb854
                0x0000000000000140                . = ALIGN (0x4)
 *(.text)
 .text          0x0000000000000140       0x60 d:/mounriver_studio/toolchain/risc-v embedded gcc12/bin/../lib/gcc/riscv-none-elf/12.2.0\libgcc.a(save-restore.o)
                0x0000000000000140                __riscv_save_12
                0x0000000000000148                __riscv_save_9
                0x0000000000000148                __riscv_save_11
                0x0000000000000148                __riscv_save_10
                0x0000000000000148                __riscv_save_8
                0x0000000000000156                __riscv_save_4
                0x0000000000000156                __riscv_save_6
                0x0000000000000156                __riscv_save_5
                0x0000000000000156                __riscv_save_7
                0x0000000000000170                __riscv_save_3
                0x0000000000000170                __riscv_save_2
                0x0000000000000170                __riscv_save_1
                0x0000000000000170                __riscv_save_0
                0x000000000000017c                __riscv_restore_12
                0x0000000000000180                __riscv_restore_11
                0x0000000000000180                __riscv_restore_9
                0x0000000000000180                __riscv_restore_10
                0x0000000000000180                __riscv_restore_8
                0x000000000000018a                __riscv_restore_5
                0x000000000000018a                __riscv_restore_7
                0x000000000000018a                __riscv_restore_6
                0x000000000000018a                __riscv_restore_4
                0x0000000000000194                __riscv_restore_3
                0x0000000000000194                __riscv_restore_0
                0x0000000000000194                __riscv_restore_2
                0x0000000000000194                __riscv_restore_1
 .text          0x00000000000001a0       0x16 d:/mounriver_studio/toolchain/risc-v embedded gcc12/bin/../lib/gcc/riscv-none-elf/12.2.0/../../../../riscv-none-elf/lib\libg_nano.a(lib_a-memcpy-asm.o)
                0x00000000000001a0                memcpy
 .text          0x00000000000001b6       0x10 d:/mounriver_studio/toolchain/risc-v embedded gcc12/bin/../lib/gcc/riscv-none-elf/12.2.0/../../../../riscv-none-elf/lib\libg_nano.a(lib_a-memset.o)
                0x00000000000001b6                memset
 *(.text.*)
 .text.NMI_Handler
                0x00000000000001c6       0x28 ./User/ch32v10x_it.o
                0x00000000000001c6                NMI_Handler
 .text.HardFault_Handler
                0x00000000000001ee       0x86 ./User/ch32v10x_it.o
                0x00000000000001ee                HardFault_Handler
 .text.USBFS_RCC_Init
                0x0000000000000274       0x4a ./User/ch32v10x_usbfs_device.o
                0x0000000000000274                USBFS_RCC_Init
 .text.USBFS_Device_Endp_Init
                0x00000000000002be       0x44 ./User/ch32v10x_usbfs_device.o
                0x00000000000002be                USBFS_Device_Endp_Init
 .text.USBFS_Device_Init
                0x0000000000000302       0xa6 ./User/ch32v10x_usbfs_device.o
                0x0000000000000302                USBFS_Device_Init
 .text.USBFS_IRQHandler
                0x00000000000003a8      0x680 ./User/ch32v10x_usbfs_device.o
                0x00000000000003a8                USBFS_IRQHandler
 .text.conf_read
                0x0000000000000a28       0x56 ./User/conf.o
                0x0000000000000a28                conf_read
 .text.conf_write
                0x0000000000000a7e       0x96 ./User/conf.o
                0x0000000000000a7e                conf_write
 .text.custom_conf_read
                0x0000000000000b14       0x10 ./User/conf.o
                0x0000000000000b14                custom_conf_read
 .text.custom_conf_write
                0x0000000000000b24       0x10 ./User/conf.o
                0x0000000000000b24                custom_conf_write
 .text.fac_conf_read
                0x0000000000000b34       0x12 ./User/conf.o
                0x0000000000000b34                fac_conf_read
 .text.fac_conf_write
                0x0000000000000b46       0x12 ./User/conf.o
                0x0000000000000b46                fac_conf_write
 .text.conf_flush
                0x0000000000000b58       0x6c ./User/conf.o
                0x0000000000000b58                conf_flush
 .text.conf_init
                0x0000000000000bc4      0x258 ./User/conf.o
                0x0000000000000bc4                conf_init
 .text.write_flash
                0x0000000000000e1c       0x6e ./User/flash.o
                0x0000000000000e1c                write_flash
 .text.read_flash
                0x0000000000000e8a       0x30 ./User/flash.o
                0x0000000000000e8a                read_flash
 .text.i32_min  0x0000000000000eba        0xc ./User/global_api.o
                0x0000000000000eba                i32_min
 .text.fetch_uint32
                0x0000000000000ec6       0x18 ./User/global_api.o
                0x0000000000000ec6                fetch_uint32
 .text.i32_clamp
                0x0000000000000ede       0x12 ./User/global_api.o
                0x0000000000000ede                i32_clamp
 .text.ADC_Function_Init
                0x0000000000000ef0       0xb2 ./User/gpio_adc.o
                0x0000000000000ef0                ADC_Function_Init
 .text.DMA_Tx_Init
                0x0000000000000fa2       0x56 ./User/gpio_adc.o
                0x0000000000000fa2                DMA_Tx_Init
 .text.adc_init
                0x0000000000000ff8       0x6e ./User/gpio_adc.o
                0x0000000000000ff8                adc_init
 .text.gpio_tb_init
                0x0000000000001066       0xb8 ./User/gpio_digit.o
                0x0000000000001066                gpio_tb_init
 .text.gpio_init
                0x000000000000111e       0xc2 ./User/gpio_digit.o
                0x000000000000111e                gpio_init
 .text.gpio_read_all
                0x00000000000011e0       0x76 ./User/gpio_digit.o
                0x00000000000011e0                gpio_read_all
 .text.gpio_read
                0x0000000000001256       0x54 ./User/gpio_digit.o
                0x0000000000001256                gpio_read
 .text.hd_rumble_init
                0x00000000000012aa      0x14c ./User/hd_rumble.o
                0x00000000000012aa                hd_rumble_init
 .text.hd_rumble_set_status
                0x00000000000013f6        0xe ./User/hd_rumble.o
                0x00000000000013f6                hd_rumble_set_status
 .text.ApplyCommand
                0x0000000000001404       0x3e ./User/hd_rumble2.o
                0x0000000000001404                ApplyCommand
 .text.ApplyAmCommand
                0x0000000000001442       0x24 ./User/hd_rumble2.o
                0x0000000000001442                ApplyAmCommand
 .text.ApplyFmCommand
                0x0000000000001466       0x28 ./User/hd_rumble2.o
                0x0000000000001466                ApplyFmCommand
 .text.get_hd_rumble_pack
                0x000000000000148e       0x1a ./User/hd_rumble2.o
                0x000000000000148e                get_hd_rumble_pack
 .text.deocde_hd_rumble_format1
                0x00000000000014a8       0x60 ./User/hd_rumble2.o
                0x00000000000014a8                deocde_hd_rumble_format1
 .text.decode_hd_rumble_format1long
                0x0000000000001508       0x94 ./User/hd_rumble2.o
                0x0000000000001508                decode_hd_rumble_format1long
 .text.decode_hd_rumble_format1full
                0x000000000000159c      0x124 ./User/hd_rumble2.o
                0x000000000000159c                decode_hd_rumble_format1full
 .text.decode_hd_rumble_format2
                0x00000000000016c0       0xb8 ./User/hd_rumble2.o
                0x00000000000016c0                decode_hd_rumble_format2
 .text.decode_hd_rumble_format2long
                0x0000000000001778       0xea ./User/hd_rumble2.o
                0x0000000000001778                decode_hd_rumble_format2long
 .text.decode_hd_rumble_format3
                0x0000000000001862      0x128 ./User/hd_rumble2.o
                0x0000000000001862                decode_hd_rumble_format3
 .text.decode_hd_rumble_multiformat_high_acc
                0x000000000000198a      0x262 ./User/hd_rumble2.o
                0x000000000000198a                decode_hd_rumble_multiformat_high_acc
 .text.hd_rumble_high_accurary_init
                0x0000000000001bec       0x82 ./User/hd_rumble_high_accuracy.o
                0x0000000000001bec                hd_rumble_high_accurary_init
 .text.push_waveform
                0x0000000000001c6e       0x5a ./User/hd_rumble_high_accuracy.o
                0x0000000000001c6e                push_waveform
 .text.push_waveform_into_buffer_task
                0x0000000000001cc8      0x110 ./User/hd_rumble_high_accuracy.o
                0x0000000000001cc8                push_waveform_into_buffer_task
 .text.step_forward
                0x0000000000001dd8       0x40 ./User/hd_rumble_high_accuracy.o
                0x0000000000001dd8                step_forward
 .text.rumble_pattern_check
                0x0000000000001e18       0x5c ./User/hd_rumble_high_accuracy.o
                0x0000000000001e18                rumble_pattern_check
 .text.TIM3_IRQHandler
                0x0000000000001e74      0x268 ./User/hd_rumble_high_accuracy.o
                0x0000000000001e74                TIM3_IRQHandler
 .text.i2c2_check_flag
                0x00000000000020dc       0x1a ./User/i2c.o
                0x00000000000020dc                i2c2_check_flag
 .text.i2c2_check_event
                0x00000000000020f6       0x1a ./User/i2c.o
                0x00000000000020f6                i2c2_check_event
 .text.I2C2_ER_IRQHandler
                0x0000000000002110       0x2a ./User/i2c.o
                0x0000000000002110                I2C2_ER_IRQHandler
 .text.i2c_software_recovery
                0x000000000000213a      0x11e ./User/i2c.o
                0x000000000000213a                i2c_software_recovery
 .text.i2c2_reset
                0x0000000000002258       0x44 ./User/i2c.o
                0x0000000000002258                i2c2_reset
 .text.i2c_hardware_init
                0x000000000000229c       0xc0 ./User/i2c.o
                0x000000000000229c                i2c_hardware_init
 .text.i2c_read_start
                0x000000000000235c      0x140 ./User/i2c.o
                0x000000000000235c                i2c_read_start
 .text.i2c_read_byte
                0x000000000000249c       0x84 ./User/i2c.o
                0x000000000000249c                i2c_read_byte
 .text.i2c_read_continuous
                0x0000000000002520       0xac ./User/i2c.o
                0x0000000000002520                i2c_read_continuous
 .text.i2c_write_byte
                0x00000000000025cc      0x116 ./User/i2c.o
                0x00000000000025cc                i2c_write_byte
 .text.i2c_init
                0x00000000000026e2       0x10 ./User/i2c.o
                0x00000000000026e2                i2c_init
 .text.imu_set_reg
                0x00000000000026f2       0x34 ./User/imu.o
                0x00000000000026f2                imu_set_reg
 .text.imu_read
                0x0000000000002726       0x62 ./User/imu.o
                0x0000000000002726                imu_read
 .text.set_imu_awake
                0x0000000000002788       0x96 ./User/imu.o
                0x0000000000002788                set_imu_awake
 .text.set_imu_sleep
                0x000000000000281e       0x24 ./User/imu.o
                0x000000000000281e                set_imu_sleep
 .text.imu_init
                0x0000000000002842        0x2 ./User/imu.o
                0x0000000000002842                imu_init
 .text.imu_upd  0x0000000000002844      0x236 ./User/imu.o
                0x0000000000002844                imu_upd
 .text._imu_quat_normalize
                0x0000000000002a7a       0x90 ./User/imu_quaternion.o
                0x0000000000002a7a                _imu_quat_normalize
 .text._imu_rotate_quaternion
                0x0000000000002b0a      0x128 ./User/imu_quaternion.o
                0x0000000000002b0a                _imu_rotate_quaternion
 .text._imu_update_quaternion
                0x0000000000002c32      0x1fe ./User/imu_quaternion.o
                0x0000000000002c32                _imu_update_quaternion
 .text.switch_motion_pack_quat
                0x0000000000002e30      0x2b2 ./User/imu_quaternion.o
                0x0000000000002e30                switch_motion_pack_quat
 .text.imu_upd2
                0x00000000000030e2       0x44 ./User/imu_quaternion.o
                0x00000000000030e2                imu_upd2
 .text.button_upd_all
                0x0000000000003126       0x1e ./User/main.o
                0x0000000000003126                button_upd_all
 .text.get_peripheral_data_handler
                0x0000000000003144       0x56 ./User/main.o
                0x0000000000003144                get_peripheral_data_handler
 .text.joystick_snapback_filter
                0x000000000000319a      0x20c ./User/main.o
                0x000000000000319a                joystick_snapback_filter
 .text.joystick_debounce_task
                0x00000000000033a6       0x84 ./User/main.o
                0x00000000000033a6                joystick_debounce_task
 .text.func_switch_task
                0x000000000000342a      0x210 ./User/main.o
                0x000000000000342a                func_switch_task
 .text.top_timer
                0x000000000000363a       0x56 ./User/main.o
                0x000000000000363a                top_timer
 .text.routine_service
                0x0000000000003690       0x52 ./User/main.o
                0x0000000000003690                routine_service
 .text.set_peripherals_state
                0x00000000000036e2       0x92 ./User/main.o
                0x00000000000036e2                set_peripherals_state
 .text.init_all
                0x0000000000003774       0xd0 ./User/main.o
                0x0000000000003774                init_all
 .text.startup.main
                0x0000000000003844       0xda ./User/main.o
                0x0000000000003844                main
 .text.ns_subcommand_set_hci_state
                0x000000000000391e        0x2 ./User/ns_com.o
                0x000000000000391e                ns_subcommand_set_hci_state
 .text.ns_subcommand_set_imu_register
                0x0000000000003920       0x10 ./User/ns_com.o
                0x0000000000003920                ns_subcommand_set_imu_register
 .text.ns_subcommand_reset_mcu
                0x0000000000003930        0x2 ./User/ns_com.o
                0x0000000000003930                ns_subcommand_reset_mcu
 .text.ns_subcommand_set_home_led
                0x0000000000003932        0x2 ./User/ns_com.o
                0x0000000000003932                ns_subcommand_set_home_led
 .text.ns_subcommand_reset_pairing_info
                0x0000000000003934        0x2 ./User/ns_com.o
                0x0000000000003934                ns_subcommand_reset_pairing_info
 .text.pkt_clr  0x0000000000003936       0x16 ./User/ns_com.o
                0x0000000000003936                pkt_clr
 .text.ns_subcommand_set_mcu_conf
                0x000000000000394c       0x40 ./User/ns_com.o
                0x000000000000394c                ns_subcommand_set_mcu_conf
 .text.ns_subcommand_default
                0x000000000000398c       0x38 ./User/ns_com.o
                0x000000000000398c                ns_subcommand_default
 .text.ns_subcommand_pair_by_wire
                0x00000000000039c4       0xa0 ./User/ns_com.o
                0x00000000000039c4                ns_subcommand_pair_by_wire
 .text.ns_subcommand_get_device_info
                0x0000000000003a64       0x9c ./User/ns_com.o
                0x0000000000003a64                ns_subcommand_get_device_info
 .text.ns_subcommand_set_input_mode
                0x0000000000003b00       0x4e ./User/ns_com.o
                0x0000000000003b00                ns_subcommand_set_input_mode
 .text.ns_subcommand_trigger_buttons_elapsed_time
                0x0000000000003b4e       0x46 ./User/ns_com.o
                0x0000000000003b4e                ns_subcommand_trigger_buttons_elapsed_time
 .text.ns_subcommand_get_page_list_state
                0x0000000000003b94       0x3a ./User/ns_com.o
                0x0000000000003b94                ns_subcommand_get_page_list_state
 .text.ns_subcommand_set_shipping_mode
                0x0000000000003bce       0x38 ./User/ns_com.o
                0x0000000000003bce                ns_subcommand_set_shipping_mode
 .text.ns_subcommand_spi_erase
                0x0000000000003c06        0x4 ./User/ns_com.o
                0x0000000000003c06                ns_subcommand_spi_erase
 .text.ns_subcommand_enable_mcu_polling
                0x0000000000003c0a        0x4 ./User/ns_com.o
                0x0000000000003c0a                ns_subcommand_enable_mcu_polling
 .text.ns_subcommand_disable_mcu_polling
                0x0000000000003c0e        0x4 ./User/ns_com.o
                0x0000000000003c0e                ns_subcommand_disable_mcu_polling
 .text.ns_subcommand_spi_read
                0x0000000000003c12       0x7a ./User/ns_com.o
                0x0000000000003c12                ns_subcommand_spi_read
 .text.ns_subcommand_spi_write
                0x0000000000003c8c       0x60 ./User/ns_com.o
                0x0000000000003c8c                ns_subcommand_spi_write
 .text.ns_subcommand_set_mcu_state
                0x0000000000003cec       0x34 ./User/ns_com.o
                0x0000000000003cec                ns_subcommand_set_mcu_state
 .text.ns_subcommand_attachmend_write
                0x0000000000003d20        0x4 ./User/ns_com.o
                0x0000000000003d20                ns_subcommand_attachmend_write
 .text.ns_subcommand_write_charge_setting
                0x0000000000003d24        0x4 ./User/ns_com.o
                0x0000000000003d24                ns_subcommand_write_charge_setting
 .text.ns_subcommand_attachmend_read
                0x0000000000003d28       0x36 ./User/ns_com.o
                0x0000000000003d28                ns_subcommand_attachmend_read
 .text.ns_subcommand_attachment_state
                0x0000000000003d5e       0x30 ./User/ns_com.o
                0x0000000000003d5e                ns_subcommand_attachment_state
 .text.ns_subcommand_get_attachment_info
                0x0000000000003d8e       0x34 ./User/ns_com.o
                0x0000000000003d8e                ns_subcommand_get_attachment_info
 .text.ns_subcommand_set_indicate_led
                0x0000000000003dc2       0x46 ./User/ns_com.o
                0x0000000000003dc2                ns_subcommand_set_indicate_led
 .text.ns_subcommand_get_indicate_led
                0x0000000000003e08       0x3c ./User/ns_com.o
                0x0000000000003e08                ns_subcommand_get_indicate_led
 .text.ns_subcommand_set_imu_state
                0x0000000000003e44       0x3e ./User/ns_com.o
                0x0000000000003e44                ns_subcommand_set_imu_state
 .text.ns_subcommand_set_imu_conf
                0x0000000000003e82       0x72 ./User/ns_com.o
                0x0000000000003e82                ns_subcommand_set_imu_conf
 .text.ns_subcommand_read_imu_register
                0x0000000000003ef4       0x66 ./User/ns_com.o
                0x0000000000003ef4                ns_subcommand_read_imu_register
 .text.ns_subcommand_set_rumble_state
                0x0000000000003f5a       0x3e ./User/ns_com.o
                0x0000000000003f5a                ns_subcommand_set_rumble_state
 .text.ns_subcommand_get_battery_voltage
                0x0000000000003f98       0x3a ./User/ns_com.o
                0x0000000000003f98                ns_subcommand_get_battery_voltage
 .text.ns_subcommand_read_charge_setting
                0x0000000000003fd2       0x38 ./User/ns_com.o
                0x0000000000003fd2                ns_subcommand_read_charge_setting
 .text.ns_subcommand_callback_init
                0x000000000000400a      0x112 ./User/ns_com.o
                0x000000000000400a                ns_subcommand_callback_init
 .text.ns_rumble_handler
                0x000000000000411c       0x14 ./User/ns_com_mux.o
                0x000000000000411c                ns_rumble_handler
 .text.ns_cmd_subcommand_dispatcher
                0x0000000000004130       0x3c ./User/ns_com_mux.o
                0x0000000000004130                ns_cmd_subcommand_dispatcher
 .text.ns_mux_usb_handshake_handler
                0x000000000000416c       0x8e ./User/ns_com_mux.o
                0x000000000000416c                ns_mux_usb_handshake_handler
 .text._calibrate_imu_raw
                0x00000000000041fa       0xac ./User/ns_com_mux.o
                0x00000000000041fa                _calibrate_imu_raw
 .text.calibrate_imu
                0x00000000000042a6      0x17e ./User/ns_com_mux.o
                0x00000000000042a6                calibrate_imu
 .text.fw_subcommand_reboot
                0x0000000000004424       0x22 ./User/ns_com_mux.o
                0x0000000000004424                fw_subcommand_reboot
 .text.ns_mux_init
                0x0000000000004446        0x4 ./User/ns_com_mux.o
                0x0000000000004446                ns_mux_init
 .text.ns_send_report
                0x000000000000444a        0xe ./User/ns_com_mux.o
                0x000000000000444a                ns_send_report
 .text.hid_send_full64byte_report
                0x0000000000004458        0xc ./User/ns_com_mux.o
                0x0000000000004458                hid_send_full64byte_report
 .text.fw_snd_pkt
                0x0000000000004464       0x20 ./User/ns_com_mux.o
                0x0000000000004464                fw_snd_pkt
 .text.fw_subcommand_read_setting
                0x0000000000004484       0x9c ./User/ns_com_mux.o
                0x0000000000004484                fw_subcommand_read_setting
 .text.fw_subcommand_write_setting
                0x0000000000004520       0x8c ./User/ns_com_mux.o
                0x0000000000004520                fw_subcommand_write_setting
 .text.fw_subcommand_read_emulate_rom
                0x00000000000045ac       0x4c ./User/ns_com_mux.o
                0x00000000000045ac                fw_subcommand_read_emulate_rom
 .text.fw_subcommand_write_emulate_rom
                0x00000000000045f8       0x2e ./User/ns_com_mux.o
                0x00000000000045f8                fw_subcommand_write_emulate_rom
 .text.fw_subcommand_calibrate_imu
                0x0000000000004626       0x2a ./User/ns_com_mux.o
                0x0000000000004626                fw_subcommand_calibrate_imu
 .text.fw_subcommand_calibrate_js_offset
                0x0000000000004650       0x6a ./User/ns_com_mux.o
                0x0000000000004650                fw_subcommand_calibrate_js_offset
 .text.fw_subcommand_get_status
                0x00000000000046ba       0x70 ./User/ns_com_mux.o
                0x00000000000046ba                fw_subcommand_get_status
 .text.fw_subcommand_get_version
                0x000000000000472a       0x16 ./User/ns_com_mux.o
                0x000000000000472a                fw_subcommand_get_version
 .text.fw_subcommand_dispatcher
                0x0000000000004740       0x96 ./User/ns_com_mux.o
                0x0000000000004740                fw_subcommand_dispatcher
 .text.hid_dispatch
                0x00000000000047d6       0x46 ./User/ns_com_mux.o
                0x00000000000047d6                hid_dispatch
 .text.setup_exti
                0x000000000000481c       0x9e ./User/pwr.o
                0x000000000000481c                setup_exti
 .text.top_init
                0x00000000000048ba       0x2e ./User/pwr.o
                0x00000000000048ba                top_init
 .text.set_pwr_mode_stop
                0x00000000000048e8       0x4a ./User/pwr.o
                0x00000000000048e8                set_pwr_mode_stop
 .text.ring_buffer_init
                0x0000000000004932       0x46 ./User/ring_buffer.o
                0x0000000000004932                ring_buffer_init
 .text.ring_buffer_push
                0x0000000000004978       0x98 ./User/ring_buffer.o
                0x0000000000004978                ring_buffer_push
 .text.ring_buffer_pop
                0x0000000000004a10       0x58 ./User/ring_buffer.o
                0x0000000000004a10                ring_buffer_pop
 .text.SPI_FullDuplex_Init
                0x0000000000004a68       0x76 ./User/spi.o
                0x0000000000004a68                SPI_FullDuplex_Init
 .text.spi_DMA_Tx_Init
                0x0000000000004ade       0x58 ./User/spi.o
                0x0000000000004ade                spi_DMA_Tx_Init
 .text.rgb_spi_pkg_gen
                0x0000000000004b36       0x54 ./User/spi.o
                0x0000000000004b36                rgb_spi_pkg_gen
 .text.set_led_rgb
                0x0000000000004b8a       0x7e ./User/spi.o
                0x0000000000004b8a                set_led_rgb
 .text.flush_spi_tx_seq
                0x0000000000004c08       0xe6 ./User/spi.o
                0x0000000000004c08                flush_spi_tx_seq
 .text.flush_rgb
                0x0000000000004cee       0x44 ./User/spi.o
                0x0000000000004cee                flush_rgb
 .text.spi_init
                0x0000000000004d32       0x44 ./User/spi.o
                0x0000000000004d32                spi_init
 .text.DMA1_Channel3_IRQHandler
                0x0000000000004d76       0x2e ./User/spi.o
                0x0000000000004d76                DMA1_Channel3_IRQHandler
 .text.SetSysClockTo72_HSI
                0x0000000000004da4       0x86 ./User/system_ch32v10x.o
 .text.SystemInit
                0x0000000000004e2a       0x44 ./User/system_ch32v10x.o
                0x0000000000004e2a                SystemInit
 .text.SystemCoreClockUpdate
                0x0000000000004e6e       0x76 ./User/system_ch32v10x.o
                0x0000000000004e6e                SystemCoreClockUpdate
 .text.SetSysClock
                0x0000000000004ee4        0x4 ./User/system_ch32v10x.o
                0x0000000000004ee4                SetSysClock
 .text.TIM2_IRQHandler
                0x0000000000004ee8       0x28 ./User/tick.o
                0x0000000000004ee8                TIM2_IRQHandler
 .text._systick_init
                0x0000000000004f10       0x66 ./User/tick.o
                0x0000000000004f10                _systick_init
 .text.SysTick_Init
                0x0000000000004f76       0x12 ./User/tick.o
                0x0000000000004f76                SysTick_Init
 .text.Get_Systick_US
                0x0000000000004f88       0x18 ./User/tick.o
                0x0000000000004f88                Get_Systick_US
 .text.Get_Systick_MS
                0x0000000000004fa0        0x6 ./User/tick.o
                0x0000000000004fa0                Get_Systick_MS
 .text.HighPrecisionTimer_Init
                0x0000000000004fa6       0x16 ./User/tick.o
                0x0000000000004fa6                HighPrecisionTimer_Init
 .text.wait_nonblocking_us
                0x0000000000004fbc       0x3c ./User/tick.o
                0x0000000000004fbc                wait_nonblocking_us
 .text.Delay_Us
                0x0000000000004ff8       0x20 ./User/tick.o
                0x0000000000004ff8                Delay_Us
 .text.Delay_Ms
                0x0000000000005018       0x18 ./User/tick.o
                0x0000000000005018                Delay_Ms
 .text.decode_uart_pkt.part.0
                0x0000000000005030       0x52 ./User/uart.o
 .text.UART1_DMA_Init
                0x0000000000005082       0xae ./User/uart.o
                0x0000000000005082                UART1_DMA_Init
 .text.UART1_Init
                0x0000000000005130       0xce ./User/uart.o
                0x0000000000005130                UART1_Init
 .text.UART1_DMA_Tx
                0x00000000000051fe       0x48 ./User/uart.o
                0x00000000000051fe                UART1_DMA_Tx
 .text.UART1_Tx_Service
                0x0000000000005246       0xb6 ./User/uart.o
                0x0000000000005246                UART1_Tx_Service
 .text.encode_uart_pkt
                0x00000000000052fc       0xae ./User/uart.o
                0x00000000000052fc                encode_uart_pkt
 .text.check_uart_pkt
                0x00000000000053aa       0x34 ./User/uart.o
                0x00000000000053aa                check_uart_pkt
 .text.UART1_Rx_Service
                0x00000000000053de      0x14c ./User/uart.o
                0x00000000000053de                UART1_Rx_Service
 .text.send_uart_pkt
                0x000000000000552a       0x4c ./User/uart.o
                0x000000000000552a                send_uart_pkt
 .text.uart_conf_write
                0x0000000000005576       0x6a ./User/uart_com.o
                0x0000000000005576                uart_conf_write
 .text.send_input_with_uart
                0x00000000000055e0       0x40 ./User/uart_com.o
                0x00000000000055e0                send_input_with_uart
 .text.start_connect
                0x0000000000005620       0x6e ./User/uart_com.o
                0x0000000000005620                start_connect
 .text.wake_esp32
                0x000000000000568e       0x38 ./User/uart_com.o
                0x000000000000568e                wake_esp32
 .text.recv_esp32_connect_control
                0x00000000000056c6       0xe2 ./User/uart_com.o
                0x00000000000056c6                recv_esp32_connect_control
 .text.recv_rumble_frame
                0x00000000000057a8       0x24 ./User/uart_com.o
                0x00000000000057a8                recv_rumble_frame
 .text.recv_pwr_control
                0x00000000000057cc       0x58 ./User/uart_com.o
                0x00000000000057cc                recv_pwr_control
 .text.recv_flash_operation
                0x0000000000005824       0xf2 ./User/uart_com.o
                0x0000000000005824                recv_flash_operation
 .text.recv_esp32_pkg
                0x0000000000005916       0x4c ./User/uart_com.o
                0x0000000000005916                recv_esp32_pkg
 .text.connection_state_handler
                0x0000000000005962      0x12e ./User/uart_com.o
                0x0000000000005962                connection_state_handler
 .text.uart_com_task
                0x0000000000005a90       0x62 ./User/uart_com.o
                0x0000000000005a90                uart_com_task
 .text.ns_set_peripheral_data_getter
                0x0000000000005af2        0x6 ./User/usbd_compatibility_hid.o
                0x0000000000005af2                ns_set_peripheral_data_getter
 .text.ns_hid_get_packet_timer
                0x0000000000005af8       0x3e ./User/usbd_compatibility_hid.o
                0x0000000000005af8                ns_hid_get_packet_timer
 .text.rpt_warpper
                0x0000000000005b36       0x66 ./User/usbd_compatibility_hid.o
                0x0000000000005b36                rpt_warpper
 .text.set_imu_available
                0x0000000000005b9c        0x6 ./User/usbd_compatibility_hid.o
                0x0000000000005b9c                set_imu_available
 .text.hid_init
                0x0000000000005ba2        0xe ./User/usbd_compatibility_hid.o
                0x0000000000005ba2                hid_init
 .text.hid_tx_service
                0x0000000000005bb0      0x10c ./User/usbd_compatibility_hid.o
                0x0000000000005bb0                hid_tx_service
 .text.hid_rx_service
                0x0000000000005cbc       0x56 ./User/usbd_compatibility_hid.o
                0x0000000000005cbc                hid_rx_service
 .text.soft_watchdog_feed
                0x0000000000005d12       0x10 ./User/watchdog.o
                0x0000000000005d12                soft_watchdog_feed
 .text.TIM4_IRQHandler
                0x0000000000005d22       0x46 ./User/watchdog.o
                0x0000000000005d22                TIM4_IRQHandler
 .text.vector_handler
                0x0000000000005d68        0x2 ./Startup/startup_ch32v10x.o
                0x0000000000005d68                EXTI2_IRQHandler
                0x0000000000005d68                TIM1_CC_IRQHandler
                0x0000000000005d68                SysTick_Handler
                0x0000000000005d68                PVD_IRQHandler
                0x0000000000005d68                EXTI3_IRQHandler
                0x0000000000005d68                EXTI0_IRQHandler
                0x0000000000005d68                I2C2_EV_IRQHandler
                0x0000000000005d68                ADC1_2_IRQHandler
                0x0000000000005d68                SPI1_IRQHandler
                0x0000000000005d68                TAMPER_IRQHandler
                0x0000000000005d68                DMA1_Channel4_IRQHandler
                0x0000000000005d68                USART3_IRQHandler
                0x0000000000005d68                RTC_IRQHandler
                0x0000000000005d68                DMA1_Channel7_IRQHandler
                0x0000000000005d68                I2C1_EV_IRQHandler
                0x0000000000005d68                DMA1_Channel6_IRQHandler
                0x0000000000005d68                RCC_IRQHandler
                0x0000000000005d68                TIM1_TRG_COM_IRQHandler
                0x0000000000005d68                DMA1_Channel1_IRQHandler
                0x0000000000005d68                EXTI15_10_IRQHandler
                0x0000000000005d68                EXTI9_5_IRQHandler
                0x0000000000005d68                SPI2_IRQHandler
                0x0000000000005d68                DMA1_Channel5_IRQHandler
                0x0000000000005d68                EXTI4_IRQHandler
                0x0000000000005d68                TIM1_UP_IRQHandler
                0x0000000000005d68                WWDG_IRQHandler
                0x0000000000005d68                SW_Handler
                0x0000000000005d68                TIM1_BRK_IRQHandler
                0x0000000000005d68                EXTI1_IRQHandler
                0x0000000000005d68                RTCAlarm_IRQHandler
                0x0000000000005d68                USART2_IRQHandler
                0x0000000000005d68                DMA1_Channel2_IRQHandler
                0x0000000000005d68                FLASH_IRQHandler
                0x0000000000005d68                USART1_IRQHandler
                0x0000000000005d68                I2C1_ER_IRQHandler
                0x0000000000005d68                USBWakeUp_IRQHandler
 .text.handle_reset
                0x0000000000005d6a       0x7e ./Startup/startup_ch32v10x.o
                0x0000000000005d6a                handle_reset
 .text.ADC_DeInit
                0x0000000000005de8       0x2a ./Peripheral/src/ch32v10x_adc.o
                0x0000000000005de8                ADC_DeInit
 .text.ADC_Init
                0x0000000000005e12       0x50 ./Peripheral/src/ch32v10x_adc.o
                0x0000000000005e12                ADC_Init
 .text.ADC_Cmd  0x0000000000005e62       0x10 ./Peripheral/src/ch32v10x_adc.o
                0x0000000000005e62                ADC_Cmd
 .text.ADC_DMACmd
                0x0000000000005e72       0x12 ./Peripheral/src/ch32v10x_adc.o
                0x0000000000005e72                ADC_DMACmd
 .text.ADC_ResetCalibration
                0x0000000000005e84        0xa ./Peripheral/src/ch32v10x_adc.o
                0x0000000000005e84                ADC_ResetCalibration
 .text.ADC_GetResetCalibrationStatus
                0x0000000000005e8e        0x8 ./Peripheral/src/ch32v10x_adc.o
                0x0000000000005e8e                ADC_GetResetCalibrationStatus
 .text.ADC_StartCalibration
                0x0000000000005e96        0xa ./Peripheral/src/ch32v10x_adc.o
                0x0000000000005e96                ADC_StartCalibration
 .text.ADC_GetCalibrationStatus
                0x0000000000005ea0        0x8 ./Peripheral/src/ch32v10x_adc.o
                0x0000000000005ea0                ADC_GetCalibrationStatus
 .text.ADC_SoftwareStartConvCmd
                0x0000000000005ea8       0x18 ./Peripheral/src/ch32v10x_adc.o
                0x0000000000005ea8                ADC_SoftwareStartConvCmd
 .text.ADC_RegularChannelConfig
                0x0000000000005ec0       0xb8 ./Peripheral/src/ch32v10x_adc.o
                0x0000000000005ec0                ADC_RegularChannelConfig
 .text.Get_CalibrationValue
                0x0000000000005f78      0x182 ./Peripheral/src/ch32v10x_adc.o
                0x0000000000005f78                Get_CalibrationValue
 .text.DMA_DeInit
                0x00000000000060fa       0xe0 ./Peripheral/src/ch32v10x_dma.o
                0x00000000000060fa                DMA_DeInit
 .text.DMA_Init
                0x00000000000061da       0x38 ./Peripheral/src/ch32v10x_dma.o
                0x00000000000061da                DMA_Init
 .text.DMA_Cmd  0x0000000000006212       0x14 ./Peripheral/src/ch32v10x_dma.o
                0x0000000000006212                DMA_Cmd
 .text.DMA_GetCurrDataCounter
                0x0000000000006226        0x8 ./Peripheral/src/ch32v10x_dma.o
                0x0000000000006226                DMA_GetCurrDataCounter
 .text.DMA_GetFlagStatus
                0x000000000000622e       0x20 ./Peripheral/src/ch32v10x_dma.o
                0x000000000000622e                DMA_GetFlagStatus
 .text.DMA_ClearFlag
                0x000000000000624e       0x1a ./Peripheral/src/ch32v10x_dma.o
                0x000000000000624e                DMA_ClearFlag
 .text.DMA_GetITStatus
                0x0000000000006268        0x4 ./Peripheral/src/ch32v10x_dma.o
                0x0000000000006268                DMA_GetITStatus
 .text.DMA_ClearITPendingBit
                0x000000000000626c        0x4 ./Peripheral/src/ch32v10x_dma.o
                0x000000000000626c                DMA_ClearITPendingBit
 .text.EXTI_Init
                0x0000000000006270       0x62 ./Peripheral/src/ch32v10x_exti.o
                0x0000000000006270                EXTI_Init
 .text.ROM_ERASE
                0x00000000000062d2       0x80 ./Peripheral/src/ch32v10x_flash.o
 .text.FLASH_ROM_ERASE
                0x0000000000006352      0x11a ./Peripheral/src/ch32v10x_flash.o
                0x0000000000006352                FLASH_ROM_ERASE
 .text.FLASH_ROM_WRITE
                0x000000000000646c      0x11a ./Peripheral/src/ch32v10x_flash.o
                0x000000000000646c                FLASH_ROM_WRITE
 .text.GPIO_Init
                0x0000000000006586       0xbe ./Peripheral/src/ch32v10x_gpio.o
                0x0000000000006586                GPIO_Init
 .text.GPIO_ReadInputDataBit
                0x0000000000006644        0xc ./Peripheral/src/ch32v10x_gpio.o
                0x0000000000006644                GPIO_ReadInputDataBit
 .text.GPIO_SetBits
                0x0000000000006650        0x4 ./Peripheral/src/ch32v10x_gpio.o
                0x0000000000006650                GPIO_SetBits
 .text.GPIO_ResetBits
                0x0000000000006654        0x4 ./Peripheral/src/ch32v10x_gpio.o
                0x0000000000006654                GPIO_ResetBits
 .text.GPIO_EXTILineConfig
                0x0000000000006658       0x2c ./Peripheral/src/ch32v10x_gpio.o
                0x0000000000006658                GPIO_EXTILineConfig
 .text.I2C_DeInit
                0x0000000000006684       0x32 ./Peripheral/src/ch32v10x_i2c.o
                0x0000000000006684                I2C_DeInit
 .text.I2C_Init
                0x00000000000066b6      0x112 ./Peripheral/src/ch32v10x_i2c.o
                0x00000000000066b6                I2C_Init
 .text.I2C_Cmd  0x00000000000067c8       0x1c ./Peripheral/src/ch32v10x_i2c.o
                0x00000000000067c8                I2C_Cmd
 .text.I2C_GenerateSTART
                0x00000000000067e4       0x1e ./Peripheral/src/ch32v10x_i2c.o
                0x00000000000067e4                I2C_GenerateSTART
 .text.I2C_GenerateSTOP
                0x0000000000006802       0x1e ./Peripheral/src/ch32v10x_i2c.o
                0x0000000000006802                I2C_GenerateSTOP
 .text.I2C_AcknowledgeConfig
                0x0000000000006820       0x1e ./Peripheral/src/ch32v10x_i2c.o
                0x0000000000006820                I2C_AcknowledgeConfig
 .text.I2C_SendData
                0x000000000000683e        0x6 ./Peripheral/src/ch32v10x_i2c.o
                0x000000000000683e                I2C_SendData
 .text.I2C_ReceiveData
                0x0000000000006844        0xa ./Peripheral/src/ch32v10x_i2c.o
                0x0000000000006844                I2C_ReceiveData
 .text.I2C_Send7bitAddress
                0x000000000000684e       0x10 ./Peripheral/src/ch32v10x_i2c.o
                0x000000000000684e                I2C_Send7bitAddress
 .text.I2C_SoftwareResetCmd
                0x000000000000685e       0x16 ./Peripheral/src/ch32v10x_i2c.o
                0x000000000000685e                I2C_SoftwareResetCmd
 .text.I2C_NACKPositionConfig
                0x0000000000006874       0x26 ./Peripheral/src/ch32v10x_i2c.o
                0x0000000000006874                I2C_NACKPositionConfig
 .text.I2C_CheckEvent
                0x000000000000689a       0x1a ./Peripheral/src/ch32v10x_i2c.o
                0x000000000000689a                I2C_CheckEvent
 .text.I2C_GetFlagStatus
                0x00000000000068b4       0x32 ./Peripheral/src/ch32v10x_i2c.o
                0x00000000000068b4                I2C_GetFlagStatus
 .text.NVIC_PriorityGroupConfig
                0x00000000000068e6       0x10 ./Peripheral/src/ch32v10x_misc.o
                0x00000000000068e6                NVIC_PriorityGroupConfig
 .text.NVIC_Init
                0x00000000000068f6       0x6e ./Peripheral/src/ch32v10x_misc.o
                0x00000000000068f6                NVIC_Init
 .text.PWR_PVDCmd
                0x0000000000006964       0x14 ./Peripheral/src/ch32v10x_pwr.o
                0x0000000000006964                PWR_PVDCmd
 .text.PWR_PVDLevelConfig
                0x0000000000006978       0x10 ./Peripheral/src/ch32v10x_pwr.o
                0x0000000000006978                PWR_PVDLevelConfig
 .text.PWR_EnterSTOPMode
                0x0000000000006988       0x62 ./Peripheral/src/ch32v10x_pwr.o
                0x0000000000006988                PWR_EnterSTOPMode
 .text.PWR_GetFlagStatus
                0x00000000000069ea        0xe ./Peripheral/src/ch32v10x_pwr.o
                0x00000000000069ea                PWR_GetFlagStatus
 .text.PWR_VDD_SupplyVoltage
                0x00000000000069f8       0x42 ./Peripheral/src/ch32v10x_pwr.o
                0x00000000000069f8                PWR_VDD_SupplyVoltage
 .text.RCC_USBCLKConfig
                0x0000000000006a3a       0x24 ./Peripheral/src/ch32v10x_rcc.o
                0x0000000000006a3a                RCC_USBCLKConfig
 .text.RCC_ADCCLKConfig
                0x0000000000006a5e       0x12 ./Peripheral/src/ch32v10x_rcc.o
                0x0000000000006a5e                RCC_ADCCLKConfig
 .text.RCC_LSICmd
                0x0000000000006a70       0x14 ./Peripheral/src/ch32v10x_rcc.o
                0x0000000000006a70                RCC_LSICmd
 .text.RCC_GetClocksFreq
                0x0000000000006a84       0xb0 ./Peripheral/src/ch32v10x_rcc.o
                0x0000000000006a84                RCC_GetClocksFreq
 .text.RCC_AHBPeriphClockCmd
                0x0000000000006b34       0x1e ./Peripheral/src/ch32v10x_rcc.o
                0x0000000000006b34                RCC_AHBPeriphClockCmd
 .text.RCC_APB2PeriphClockCmd
                0x0000000000006b52       0x1e ./Peripheral/src/ch32v10x_rcc.o
                0x0000000000006b52                RCC_APB2PeriphClockCmd
 .text.RCC_APB1PeriphClockCmd
                0x0000000000006b70       0x1e ./Peripheral/src/ch32v10x_rcc.o
                0x0000000000006b70                RCC_APB1PeriphClockCmd
 .text.RCC_APB2PeriphResetCmd
                0x0000000000006b8e       0x1e ./Peripheral/src/ch32v10x_rcc.o
                0x0000000000006b8e                RCC_APB2PeriphResetCmd
 .text.RCC_APB1PeriphResetCmd
                0x0000000000006bac       0x1e ./Peripheral/src/ch32v10x_rcc.o
                0x0000000000006bac                RCC_APB1PeriphResetCmd
 .text.RCC_GetFlagStatus
                0x0000000000006bca       0x2e ./Peripheral/src/ch32v10x_rcc.o
                0x0000000000006bca                RCC_GetFlagStatus
 .text.SPI_Init
                0x0000000000006bf8       0x5a ./Peripheral/src/ch32v10x_spi.o
                0x0000000000006bf8                SPI_Init
 .text.SPI_Cmd  0x0000000000006c52       0x1e ./Peripheral/src/ch32v10x_spi.o
                0x0000000000006c52                SPI_Cmd
 .text.SPI_I2S_DMACmd
                0x0000000000006c70       0x16 ./Peripheral/src/ch32v10x_spi.o
                0x0000000000006c70                SPI_I2S_DMACmd
 .text.TIM_TimeBaseInit
                0x0000000000006c86       0x78 ./Peripheral/src/ch32v10x_tim.o
                0x0000000000006c86                TIM_TimeBaseInit
 .text.TIM_OC1Init
                0x0000000000006cfe       0x88 ./Peripheral/src/ch32v10x_tim.o
                0x0000000000006cfe                TIM_OC1Init
 .text.TIM_OC3Init
                0x0000000000006d86       0xb0 ./Peripheral/src/ch32v10x_tim.o
                0x0000000000006d86                TIM_OC3Init
 .text.TIM_OC4Init
                0x0000000000006e36       0x80 ./Peripheral/src/ch32v10x_tim.o
                0x0000000000006e36                TIM_OC4Init
 .text.TIM_Cmd  0x0000000000006eb6       0x1c ./Peripheral/src/ch32v10x_tim.o
                0x0000000000006eb6                TIM_Cmd
 .text.TIM_CtrlPWMOutputs
                0x0000000000006ed2       0x16 ./Peripheral/src/ch32v10x_tim.o
                0x0000000000006ed2                TIM_CtrlPWMOutputs
 .text.TIM_ITConfig
                0x0000000000006ee8       0x16 ./Peripheral/src/ch32v10x_tim.o
                0x0000000000006ee8                TIM_ITConfig
 .text.TIM_ARRPreloadConfig
                0x0000000000006efe       0x1e ./Peripheral/src/ch32v10x_tim.o
                0x0000000000006efe                TIM_ARRPreloadConfig
 .text.TIM_OC1PreloadConfig
                0x0000000000006f1c       0x12 ./Peripheral/src/ch32v10x_tim.o
                0x0000000000006f1c                TIM_OC1PreloadConfig
 .text.TIM_OC2PreloadConfig
                0x0000000000006f2e       0x1a ./Peripheral/src/ch32v10x_tim.o
                0x0000000000006f2e                TIM_OC2PreloadConfig
 .text.TIM_OC3PreloadConfig
                0x0000000000006f48       0x12 ./Peripheral/src/ch32v10x_tim.o
                0x0000000000006f48                TIM_OC3PreloadConfig
 .text.TIM_OC4PreloadConfig
                0x0000000000006f5a       0x1a ./Peripheral/src/ch32v10x_tim.o
                0x0000000000006f5a                TIM_OC4PreloadConfig
 .text.TIM_SetCompare1
                0x0000000000006f74        0x6 ./Peripheral/src/ch32v10x_tim.o
                0x0000000000006f74                TIM_SetCompare1
 .text.TIM_SetCompare2
                0x0000000000006f7a        0x6 ./Peripheral/src/ch32v10x_tim.o
                0x0000000000006f7a                TIM_SetCompare2
 .text.TIM_SetCompare3
                0x0000000000006f80        0x6 ./Peripheral/src/ch32v10x_tim.o
                0x0000000000006f80                TIM_SetCompare3
 .text.TIM_SetCompare4
                0x0000000000006f86        0x6 ./Peripheral/src/ch32v10x_tim.o
                0x0000000000006f86                TIM_SetCompare4
 .text.TIM_GetFlagStatus
                0x0000000000006f8c        0xc ./Peripheral/src/ch32v10x_tim.o
                0x0000000000006f8c                TIM_GetFlagStatus
 .text.TIM_GetITStatus
                0x0000000000006f98       0x1c ./Peripheral/src/ch32v10x_tim.o
                0x0000000000006f98                TIM_GetITStatus
 .text.TIM_ClearITPendingBit
                0x0000000000006fb4        0xe ./Peripheral/src/ch32v10x_tim.o
                0x0000000000006fb4                TIM_ClearITPendingBit
 .text.USART_Init
                0x0000000000006fc2       0xa6 ./Peripheral/src/ch32v10x_usart.o
                0x0000000000006fc2                USART_Init
 .text.USART_Cmd
                0x0000000000007068       0x18 ./Peripheral/src/ch32v10x_usart.o
                0x0000000000007068                USART_Cmd
 .text.USART_DMACmd
                0x0000000000007080       0x16 ./Peripheral/src/ch32v10x_usart.o
                0x0000000000007080                USART_DMACmd
 .text.USART_GetFlagStatus
                0x0000000000007096        0xc ./Peripheral/src/ch32v10x_usart.o
                0x0000000000007096                USART_GetFlagStatus
 .text.USART_ClearFlag
                0x00000000000070a2        0xe ./Peripheral/src/ch32v10x_usart.o
                0x00000000000070a2                USART_ClearFlag
 .text.USART_printf_Init
                0x00000000000070b0        0x2 ./Debug/debug.o
                0x00000000000070b0                USART_printf_Init
 .text._write   0x00000000000070b2        0x4 ./Debug/debug.o
                0x00000000000070b2                _write
 .text._sbrk    0x00000000000070b6       0x2a ./Debug/debug.o
                0x00000000000070b6                _sbrk
 .text.sqrtf    0x00000000000070e0       0x48 d:/mounriver_studio/toolchain/risc-v embedded gcc12/bin/../lib/gcc/riscv-none-elf/12.2.0/../../../../riscv-none-elf/lib\libm_nano.a(lib_a-wf_sqrt.o)
                0x00000000000070e0                sqrtf
 .text.__ieee754_sqrtf
                0x0000000000007128      0x114 d:/mounriver_studio/toolchain/risc-v embedded gcc12/bin/../lib/gcc/riscv-none-elf/12.2.0/../../../../riscv-none-elf/lib\libm_nano.a(lib_a-ef_sqrt.o)
                0x0000000000007128                __ieee754_sqrtf
 .text.__udivdi3
                0x000000000000723c      0x3b0 d:/mounriver_studio/toolchain/risc-v embedded gcc12/bin/../lib/gcc/riscv-none-elf/12.2.0\libgcc.a(_udivdi3.o)
                0x000000000000723c                __udivdi3
 .text.__adddf3
                0x00000000000075ec      0x6e8 d:/mounriver_studio/toolchain/risc-v embedded gcc12/bin/../lib/gcc/riscv-none-elf/12.2.0\libgcc.a(adddf3.o)
                0x00000000000075ec                __adddf3
 .text.__divdf3
                0x0000000000007cd4      0x5ae d:/mounriver_studio/toolchain/risc-v embedded gcc12/bin/../lib/gcc/riscv-none-elf/12.2.0\libgcc.a(divdf3.o)
                0x0000000000007cd4                __divdf3
 .text.__muldf3
                0x0000000000008282      0x54a d:/mounriver_studio/toolchain/risc-v embedded gcc12/bin/../lib/gcc/riscv-none-elf/12.2.0\libgcc.a(muldf3.o)
                0x0000000000008282                __muldf3
 .text.__subdf3
                0x00000000000087cc      0x736 d:/mounriver_studio/toolchain/risc-v embedded gcc12/bin/../lib/gcc/riscv-none-elf/12.2.0\libgcc.a(subdf3.o)
                0x00000000000087cc                __subdf3
 .text.__floatsidf
                0x0000000000008f02       0x70 d:/mounriver_studio/toolchain/risc-v embedded gcc12/bin/../lib/gcc/riscv-none-elf/12.2.0\libgcc.a(floatsidf.o)
                0x0000000000008f02                __floatsidf
 .text.__floatunsidf
                0x0000000000008f72       0x70 d:/mounriver_studio/toolchain/risc-v embedded gcc12/bin/../lib/gcc/riscv-none-elf/12.2.0\libgcc.a(floatunsidf.o)
                0x0000000000008f72                __floatunsidf
 .text.__addsf3
                0x0000000000008fe2      0x368 d:/mounriver_studio/toolchain/risc-v embedded gcc12/bin/../lib/gcc/riscv-none-elf/12.2.0\libgcc.a(addsf3.o)
                0x0000000000008fe2                __addsf3
 .text.__divsf3
                0x000000000000934a      0x2ea d:/mounriver_studio/toolchain/risc-v embedded gcc12/bin/../lib/gcc/riscv-none-elf/12.2.0\libgcc.a(divsf3.o)
                0x000000000000934a                __divsf3
 .text.__gesf2  0x0000000000009634       0x96 d:/mounriver_studio/toolchain/risc-v embedded gcc12/bin/../lib/gcc/riscv-none-elf/12.2.0\libgcc.a(gesf2.o)
                0x0000000000009634                __gesf2
                0x0000000000009634                __gtsf2
 .text.__lesf2  0x00000000000096ca       0x98 d:/mounriver_studio/toolchain/risc-v embedded gcc12/bin/../lib/gcc/riscv-none-elf/12.2.0\libgcc.a(lesf2.o)
                0x00000000000096ca                __ltsf2
                0x00000000000096ca                __lesf2
 .text.__mulsf3
                0x0000000000009762      0x2d8 d:/mounriver_studio/toolchain/risc-v embedded gcc12/bin/../lib/gcc/riscv-none-elf/12.2.0\libgcc.a(mulsf3.o)
                0x0000000000009762                __mulsf3
 .text.__subsf3
                0x0000000000009a3a      0x38c d:/mounriver_studio/toolchain/risc-v embedded gcc12/bin/../lib/gcc/riscv-none-elf/12.2.0\libgcc.a(subsf3.o)
                0x0000000000009a3a                __subsf3
 .text.__unordsf2
                0x0000000000009dc6       0x3c d:/mounriver_studio/toolchain/risc-v embedded gcc12/bin/../lib/gcc/riscv-none-elf/12.2.0\libgcc.a(unordsf2.o)
                0x0000000000009dc6                __unordsf2
 .text.__fixsfsi
                0x0000000000009e02       0x60 d:/mounriver_studio/toolchain/risc-v embedded gcc12/bin/../lib/gcc/riscv-none-elf/12.2.0\libgcc.a(fixsfsi.o)
                0x0000000000009e02                __fixsfsi
 .text.__floatsisf
                0x0000000000009e62       0xcc d:/mounriver_studio/toolchain/risc-v embedded gcc12/bin/../lib/gcc/riscv-none-elf/12.2.0\libgcc.a(floatsisf.o)
                0x0000000000009e62                __floatsisf
 .text.__truncdfsf2
                0x0000000000009f2e      0x16c d:/mounriver_studio/toolchain/risc-v embedded gcc12/bin/../lib/gcc/riscv-none-elf/12.2.0\libgcc.a(truncdfsf2.o)
                0x0000000000009f2e                __truncdfsf2
 .text.__clzsi2
                0x000000000000a09a       0x6e d:/mounriver_studio/toolchain/risc-v embedded gcc12/bin/../lib/gcc/riscv-none-elf/12.2.0\libgcc.a(_clzsi2.o)
                0x000000000000a09a                __clzsi2
 .text.__errno  0x000000000000a108        0x6 d:/mounriver_studio/toolchain/risc-v embedded gcc12/bin/../lib/gcc/riscv-none-elf/12.2.0/../../../../riscv-none-elf/lib\libg_nano.a(lib_a-errno.o)
                0x000000000000a108                __errno
 .text.printf   0x000000000000a10e       0x3a d:/mounriver_studio/toolchain/risc-v embedded gcc12/bin/../lib/gcc/riscv-none-elf/12.2.0/../../../../riscv-none-elf/lib\libg_nano.a(lib_a-printf.o)
                0x000000000000a10e                iprintf
                0x000000000000a10e                printf
 .text._puts_r  0x000000000000a148      0x10e d:/mounriver_studio/toolchain/risc-v embedded gcc12/bin/../lib/gcc/riscv-none-elf/12.2.0/../../../../riscv-none-elf/lib\libg_nano.a(lib_a-puts.o)
                0x000000000000a148                _puts_r
 .text.puts     0x000000000000a256        0xa d:/mounriver_studio/toolchain/risc-v embedded gcc12/bin/../lib/gcc/riscv-none-elf/12.2.0/../../../../riscv-none-elf/lib\libg_nano.a(lib_a-puts.o)
                0x000000000000a256                puts
 .text.__swbuf_r
                0x000000000000a260       0xc0 d:/mounriver_studio/toolchain/risc-v embedded gcc12/bin/../lib/gcc/riscv-none-elf/12.2.0/../../../../riscv-none-elf/lib\libg_nano.a(lib_a-wbuf.o)
                0x000000000000a260                __swbuf_r
 .text.__swsetup_r
                0x000000000000a320       0xfa d:/mounriver_studio/toolchain/risc-v embedded gcc12/bin/../lib/gcc/riscv-none-elf/12.2.0/../../../../riscv-none-elf/lib\libg_nano.a(lib_a-wsetup.o)
                0x000000000000a320                __swsetup_r
 .text.__sflush_r
                0x000000000000a41a      0x138 d:/mounriver_studio/toolchain/risc-v embedded gcc12/bin/../lib/gcc/riscv-none-elf/12.2.0/../../../../riscv-none-elf/lib\libg_nano.a(lib_a-fflush.o)
                0x000000000000a41a                __sflush_r
 .text._fflush_r
                0x000000000000a552       0x8a d:/mounriver_studio/toolchain/risc-v embedded gcc12/bin/../lib/gcc/riscv-none-elf/12.2.0/../../../../riscv-none-elf/lib\libg_nano.a(lib_a-fflush.o)
                0x000000000000a552                _fflush_r
 .text.std      0x000000000000a5dc       0x6a d:/mounriver_studio/toolchain/risc-v embedded gcc12/bin/../lib/gcc/riscv-none-elf/12.2.0/../../../../riscv-none-elf/lib\libg_nano.a(lib_a-findfp.o)
 .text._cleanup_r
                0x000000000000a646        0xa d:/mounriver_studio/toolchain/risc-v embedded gcc12/bin/../lib/gcc/riscv-none-elf/12.2.0/../../../../riscv-none-elf/lib\libg_nano.a(lib_a-findfp.o)
                0x000000000000a646                _cleanup_r
 .text.__sfmoreglue
                0x000000000000a650       0x46 d:/mounriver_studio/toolchain/risc-v embedded gcc12/bin/../lib/gcc/riscv-none-elf/12.2.0/../../../../riscv-none-elf/lib\libg_nano.a(lib_a-findfp.o)
                0x000000000000a650                __sfmoreglue
 .text.__sfp_lock_acquire
                0x000000000000a696        0x6 d:/mounriver_studio/toolchain/risc-v embedded gcc12/bin/../lib/gcc/riscv-none-elf/12.2.0/../../../../riscv-none-elf/lib\libg_nano.a(lib_a-findfp.o)
                0x000000000000a696                __sfp_lock_acquire
 .text.__sfp_lock_release
                0x000000000000a69c        0x6 d:/mounriver_studio/toolchain/risc-v embedded gcc12/bin/../lib/gcc/riscv-none-elf/12.2.0/../../../../riscv-none-elf/lib\libg_nano.a(lib_a-findfp.o)
                0x000000000000a69c                __sfp_lock_release
 .text.__sinit_lock_acquire
                0x000000000000a6a2        0x6 d:/mounriver_studio/toolchain/risc-v embedded gcc12/bin/../lib/gcc/riscv-none-elf/12.2.0/../../../../riscv-none-elf/lib\libg_nano.a(lib_a-findfp.o)
                0x000000000000a6a2                __sinit_lock_acquire
 .text.__sinit_lock_release
                0x000000000000a6a8        0x6 d:/mounriver_studio/toolchain/risc-v embedded gcc12/bin/../lib/gcc/riscv-none-elf/12.2.0/../../../../riscv-none-elf/lib\libg_nano.a(lib_a-findfp.o)
                0x000000000000a6a8                __sinit_lock_release
 .text.__sinit  0x000000000000a6ae       0x72 d:/mounriver_studio/toolchain/risc-v embedded gcc12/bin/../lib/gcc/riscv-none-elf/12.2.0/../../../../riscv-none-elf/lib\libg_nano.a(lib_a-findfp.o)
                0x000000000000a6ae                __sinit
 .text.__sfp    0x000000000000a720       0xb0 d:/mounriver_studio/toolchain/risc-v embedded gcc12/bin/../lib/gcc/riscv-none-elf/12.2.0/../../../../riscv-none-elf/lib\libg_nano.a(lib_a-findfp.o)
                0x000000000000a720                __sfp
 .text._fwalk_reent
                0x000000000000a7d0       0x6a d:/mounriver_studio/toolchain/risc-v embedded gcc12/bin/../lib/gcc/riscv-none-elf/12.2.0/../../../../riscv-none-elf/lib\libg_nano.a(lib_a-fwalk.o)
                0x000000000000a7d0                _fwalk_reent
 .text.__retarget_lock_init_recursive
                0x000000000000a83a        0x2 d:/mounriver_studio/toolchain/risc-v embedded gcc12/bin/../lib/gcc/riscv-none-elf/12.2.0/../../../../riscv-none-elf/lib\libg_nano.a(lib_a-lock.o)
                0x000000000000a83a                __retarget_lock_init_recursive
 .text.__retarget_lock_acquire_recursive
                0x000000000000a83c        0x2 d:/mounriver_studio/toolchain/risc-v embedded gcc12/bin/../lib/gcc/riscv-none-elf/12.2.0/../../../../riscv-none-elf/lib\libg_nano.a(lib_a-lock.o)
                0x000000000000a83c                __retarget_lock_acquire_recursive
 .text.__retarget_lock_release_recursive
                0x000000000000a83e        0x2 d:/mounriver_studio/toolchain/risc-v embedded gcc12/bin/../lib/gcc/riscv-none-elf/12.2.0/../../../../riscv-none-elf/lib\libg_nano.a(lib_a-lock.o)
                0x000000000000a83e                __retarget_lock_release_recursive
 .text.__swhatbuf_r
                0x000000000000a840       0x5c d:/mounriver_studio/toolchain/risc-v embedded gcc12/bin/../lib/gcc/riscv-none-elf/12.2.0/../../../../riscv-none-elf/lib\libg_nano.a(lib_a-makebuf.o)
                0x000000000000a840                __swhatbuf_r
 .text.__smakebuf_r
                0x000000000000a89c       0xa4 d:/mounriver_studio/toolchain/risc-v embedded gcc12/bin/../lib/gcc/riscv-none-elf/12.2.0/../../../../riscv-none-elf/lib\libg_nano.a(lib_a-makebuf.o)
                0x000000000000a89c                __smakebuf_r
 .text._free_r  0x000000000000a940       0x9e d:/mounriver_studio/toolchain/risc-v embedded gcc12/bin/../lib/gcc/riscv-none-elf/12.2.0/../../../../riscv-none-elf/lib\libg_nano.a(lib_a-nano-freer.o)
                0x000000000000a940                _free_r
 .text.sbrk_aligned
                0x000000000000a9de       0x54 d:/mounriver_studio/toolchain/risc-v embedded gcc12/bin/../lib/gcc/riscv-none-elf/12.2.0/../../../../riscv-none-elf/lib\libg_nano.a(lib_a-nano-mallocr.o)
 .text._malloc_r
                0x000000000000aa32      0x10c d:/mounriver_studio/toolchain/risc-v embedded gcc12/bin/../lib/gcc/riscv-none-elf/12.2.0/../../../../riscv-none-elf/lib\libg_nano.a(lib_a-nano-mallocr.o)
                0x000000000000aa32                _malloc_r
 .text.__sfputc_r
                0x000000000000ab3e       0x2a d:/mounriver_studio/toolchain/risc-v embedded gcc12/bin/../lib/gcc/riscv-none-elf/12.2.0/../../../../riscv-none-elf/lib\libg_nano.a(lib_a-nano-vfprintf.o)
 .text.__sfputs_r
                0x000000000000ab68       0x44 d:/mounriver_studio/toolchain/risc-v embedded gcc12/bin/../lib/gcc/riscv-none-elf/12.2.0/../../../../riscv-none-elf/lib\libg_nano.a(lib_a-nano-vfprintf.o)
                0x000000000000ab68                __sfputs_r
 .text._vfprintf_r
                0x000000000000abac      0x2da d:/mounriver_studio/toolchain/risc-v embedded gcc12/bin/../lib/gcc/riscv-none-elf/12.2.0/../../../../riscv-none-elf/lib\libg_nano.a(lib_a-nano-vfprintf.o)
                0x000000000000abac                _vfprintf_r
                0x000000000000abac                _vfiprintf_r
 .text._sbrk_r  0x000000000000ae86       0x28 d:/mounriver_studio/toolchain/risc-v embedded gcc12/bin/../lib/gcc/riscv-none-elf/12.2.0/../../../../riscv-none-elf/lib\libg_nano.a(lib_a-sbrkr.o)
                0x000000000000ae86                _sbrk_r
 .text.__sread  0x000000000000aeae       0x30 d:/mounriver_studio/toolchain/risc-v embedded gcc12/bin/../lib/gcc/riscv-none-elf/12.2.0/../../../../riscv-none-elf/lib\libg_nano.a(lib_a-stdio.o)
                0x000000000000aeae                __sread
 .text.__swrite
                0x000000000000aede       0x4e d:/mounriver_studio/toolchain/risc-v embedded gcc12/bin/../lib/gcc/riscv-none-elf/12.2.0/../../../../riscv-none-elf/lib\libg_nano.a(lib_a-stdio.o)
                0x000000000000aede                __swrite
 .text.__sseek  0x000000000000af2c       0x36 d:/mounriver_studio/toolchain/risc-v embedded gcc12/bin/../lib/gcc/riscv-none-elf/12.2.0/../../../../riscv-none-elf/lib\libg_nano.a(lib_a-stdio.o)
                0x000000000000af2c                __sseek
 .text.__sclose
                0x000000000000af62        0x6 d:/mounriver_studio/toolchain/risc-v embedded gcc12/bin/../lib/gcc/riscv-none-elf/12.2.0/../../../../riscv-none-elf/lib\libg_nano.a(lib_a-stdio.o)
                0x000000000000af62                __sclose
 .text._write_r
                0x000000000000af68       0x2c d:/mounriver_studio/toolchain/risc-v embedded gcc12/bin/../lib/gcc/riscv-none-elf/12.2.0/../../../../riscv-none-elf/lib\libg_nano.a(lib_a-writer.o)
                0x000000000000af68                _write_r
 .text._close_r
                0x000000000000af94       0x26 d:/mounriver_studio/toolchain/risc-v embedded gcc12/bin/../lib/gcc/riscv-none-elf/12.2.0/../../../../riscv-none-elf/lib\libg_nano.a(lib_a-closer.o)
                0x000000000000af94                _close_r
 .text._fstat_r
                0x000000000000afba       0x28 d:/mounriver_studio/toolchain/risc-v embedded gcc12/bin/../lib/gcc/riscv-none-elf/12.2.0/../../../../riscv-none-elf/lib\libg_nano.a(lib_a-fstatr.o)
                0x000000000000afba                _fstat_r
 .text._isatty_r
                0x000000000000afe2       0x26 d:/mounriver_studio/toolchain/risc-v embedded gcc12/bin/../lib/gcc/riscv-none-elf/12.2.0/../../../../riscv-none-elf/lib\libg_nano.a(lib_a-isattyr.o)
                0x000000000000afe2                _isatty_r
 .text._lseek_r
                0x000000000000b008       0x2a d:/mounriver_studio/toolchain/risc-v embedded gcc12/bin/../lib/gcc/riscv-none-elf/12.2.0/../../../../riscv-none-elf/lib\libg_nano.a(lib_a-lseekr.o)
                0x000000000000b008                _lseek_r
 .text.memchr   0x000000000000b032       0x1a d:/mounriver_studio/toolchain/risc-v embedded gcc12/bin/../lib/gcc/riscv-none-elf/12.2.0/../../../../riscv-none-elf/lib\libg_nano.a(lib_a-memchr.o)
                0x000000000000b032                memchr
 .text.__malloc_lock
                0x000000000000b04c        0x8 d:/mounriver_studio/toolchain/risc-v embedded gcc12/bin/../lib/gcc/riscv-none-elf/12.2.0/../../../../riscv-none-elf/lib\libg_nano.a(lib_a-mlock.o)
                0x000000000000b04c                __malloc_lock
 .text.__malloc_unlock
                0x000000000000b054        0x8 d:/mounriver_studio/toolchain/risc-v embedded gcc12/bin/../lib/gcc/riscv-none-elf/12.2.0/../../../../riscv-none-elf/lib\libg_nano.a(lib_a-mlock.o)
                0x000000000000b054                __malloc_unlock
 .text._printf_common
                0x000000000000b05c      0x110 d:/mounriver_studio/toolchain/risc-v embedded gcc12/bin/../lib/gcc/riscv-none-elf/12.2.0/../../../../riscv-none-elf/lib\libg_nano.a(lib_a-nano-vfprintf_i.o)
                0x000000000000b05c                _printf_common
 .text._printf_i
                0x000000000000b16c      0x286 d:/mounriver_studio/toolchain/risc-v embedded gcc12/bin/../lib/gcc/riscv-none-elf/12.2.0/../../../../riscv-none-elf/lib\libg_nano.a(lib_a-nano-vfprintf_i.o)
                0x000000000000b16c                _printf_i
 .text._read_r  0x000000000000b3f2       0x2a d:/mounriver_studio/toolchain/risc-v embedded gcc12/bin/../lib/gcc/riscv-none-elf/12.2.0/../../../../riscv-none-elf/lib\libg_nano.a(lib_a-readr.o)
                0x000000000000b3f2                _read_r
 .text._close   0x000000000000b41c        0xc d:/mounriver_studio/toolchain/risc-v embedded gcc12/bin/../lib/gcc/riscv-none-elf/12.2.0/../../../../riscv-none-elf/lib\libnosys.a(close.o)
                0x000000000000b41c                _close
 .text._fstat   0x000000000000b428        0xc d:/mounriver_studio/toolchain/risc-v embedded gcc12/bin/../lib/gcc/riscv-none-elf/12.2.0/../../../../riscv-none-elf/lib\libnosys.a(fstat.o)
                0x000000000000b428                _fstat
 .text._isatty  0x000000000000b434        0xc d:/mounriver_studio/toolchain/risc-v embedded gcc12/bin/../lib/gcc/riscv-none-elf/12.2.0/../../../../riscv-none-elf/lib\libnosys.a(isatty.o)
                0x000000000000b434                _isatty
 .text._lseek   0x000000000000b440        0xc d:/mounriver_studio/toolchain/risc-v embedded gcc12/bin/../lib/gcc/riscv-none-elf/12.2.0/../../../../riscv-none-elf/lib\libnosys.a(lseek.o)
                0x000000000000b440                _lseek
 .text._read    0x000000000000b44c        0xc d:/mounriver_studio/toolchain/risc-v embedded gcc12/bin/../lib/gcc/riscv-none-elf/12.2.0/../../../../riscv-none-elf/lib\libnosys.a(read.o)
                0x000000000000b44c                _read
 *(.rodata)
 *fill*         0x000000000000b458        0x0 
 .rodata        0x000000000000b458       0x18 ./User/ns_com.o
 *(.rodata*)
 .rodata.USBFS_IRQHandler
                0x000000000000b470       0x5c ./User/ch32v10x_usbfs_device.o
 .rodata.top_timer.str1.4
                0x000000000000b4cc        0xd ./User/main.o
 *fill*         0x000000000000b4d9        0x3 
 .rodata.init_all.str1.4
                0x000000000000b4dc       0x14 ./User/main.o
 .rodata.main.str1.4
                0x000000000000b4f0        0xf ./User/main.o
 *fill*         0x000000000000b4ff        0x1 
 .rodata.ns_mux_usb_handshake_handler
                0x000000000000b500       0x18 ./User/ns_com_mux.o
 .rodata.fw_subcommand_dispatcher
                0x000000000000b518       0x1c ./User/ns_com_mux.o
 .rodata.recv_esp32_connect_control
                0x000000000000b534       0x40 ./User/uart_com.o
 .rodata.MySerNumInfo
                0x000000000000b574       0x16 ./User/usb_desc.o
                0x000000000000b574                MySerNumInfo
 *fill*         0x000000000000b58a        0x2 
 .rodata.MyProdInfo
                0x000000000000b58c       0x2a ./User/usb_desc.o
                0x000000000000b58c                MyProdInfo
 *fill*         0x000000000000b5b6        0x2 
 .rodata.MyManuInfo
                0x000000000000b5b8        0xa ./User/usb_desc.o
                0x000000000000b5b8                MyManuInfo
 *fill*         0x000000000000b5c2        0x2 
 .rodata.MyHIDReportDesc
                0x000000000000b5c4       0xdf ./User/usb_desc.o
                0x000000000000b5c4                MyHIDReportDesc
 *fill*         0x000000000000b6a3        0x1 
 .rodata.MyDevDescr
                0x000000000000b6a4       0x12 ./User/usb_desc.o
                0x000000000000b6a4                MyDevDescr
 *fill*         0x000000000000b6b6        0x2 
 .rodata.__divdf3
                0x000000000000b6b8       0x40 d:/mounriver_studio/toolchain/risc-v embedded gcc12/bin/../lib/gcc/riscv-none-elf/12.2.0\libgcc.a(divdf3.o)
 .rodata.__divsf3
                0x000000000000b6f8       0xa8 d:/mounriver_studio/toolchain/risc-v embedded gcc12/bin/../lib/gcc/riscv-none-elf/12.2.0\libgcc.a(divsf3.o)
 .rodata.__clz_tab
                0x000000000000b7a0      0x100 d:/mounriver_studio/toolchain/risc-v embedded gcc12/bin/../lib/gcc/riscv-none-elf/12.2.0\libgcc.a(_clz.o)
                0x000000000000b7a0                __clz_tab
 .rodata.__sf_fake_stderr
                0x000000000000b8a0       0x20 d:/mounriver_studio/toolchain/risc-v embedded gcc12/bin/../lib/gcc/riscv-none-elf/12.2.0/../../../../riscv-none-elf/lib\libg_nano.a(lib_a-findfp.o)
                0x000000000000b8a0                __sf_fake_stderr
 .rodata.__sf_fake_stdout
                0x000000000000b8c0       0x20 d:/mounriver_studio/toolchain/risc-v embedded gcc12/bin/../lib/gcc/riscv-none-elf/12.2.0/../../../../riscv-none-elf/lib\libg_nano.a(lib_a-findfp.o)
                0x000000000000b8c0                __sf_fake_stdout
 .rodata.__sf_fake_stdin
                0x000000000000b8e0       0x20 d:/mounriver_studio/toolchain/risc-v embedded gcc12/bin/../lib/gcc/riscv-none-elf/12.2.0/../../../../riscv-none-elf/lib\libg_nano.a(lib_a-findfp.o)
                0x000000000000b8e0                __sf_fake_stdin
 .rodata._vfprintf_r.str1.4
                0x000000000000b900       0x13 d:/mounriver_studio/toolchain/risc-v embedded gcc12/bin/../lib/gcc/riscv-none-elf/12.2.0/../../../../riscv-none-elf/lib\libg_nano.a(lib_a-nano-vfprintf.o)
 *fill*         0x000000000000b913        0x1 
 .rodata._printf_i.str1.4
                0x000000000000b914       0x25 d:/mounriver_studio/toolchain/risc-v embedded gcc12/bin/../lib/gcc/riscv-none-elf/12.2.0/../../../../riscv-none-elf/lib\libg_nano.a(lib_a-nano-vfprintf_i.o)
 *fill*         0x000000000000b939        0x3 
 .rodata._printf_i
                0x000000000000b93c       0x58 d:/mounriver_studio/toolchain/risc-v embedded gcc12/bin/../lib/gcc/riscv-none-elf/12.2.0/../../../../riscv-none-elf/lib\libg_nano.a(lib_a-nano-vfprintf_i.o)
 *(.gnu.linkonce.t.*)
                0x000000000000b994                . = ALIGN (0x4)

.rela.dyn       0x000000000000b994        0x0
 .rela.init     0x000000000000b994        0x0 ./User/ch32v10x_it.o
 .rela.vector   0x000000000000b994        0x0 ./User/ch32v10x_it.o
 .rela.text.handle_reset
                0x000000000000b994        0x0 ./User/ch32v10x_it.o
 .rela.text._sbrk
                0x000000000000b994        0x0 ./User/ch32v10x_it.o
 .rela.sdata.curbrk.0
                0x000000000000b994        0x0 ./User/ch32v10x_it.o
 .rela.text._vfprintf_r
                0x000000000000b994        0x0 ./User/ch32v10x_it.o

.fini           0x000000000000b994        0x0
 *(SORT_NONE(.fini))
                0x000000000000b994                . = ALIGN (0x4)
                [!provide]                        PROVIDE (_etext = .)
                [!provide]                        PROVIDE (_eitcm = .)

.preinit_array  0x000000000000b994        0x0
                [!provide]                        PROVIDE (__preinit_array_start = .)
 *(.preinit_array)
                [!provide]                        PROVIDE (__preinit_array_end = .)

.init_array     0x000000000000b994        0x0
                [!provide]                        PROVIDE (__init_array_start = .)
 *(SORT_BY_INIT_PRIORITY(.init_array.*) SORT_BY_INIT_PRIORITY(.ctors.*))
 *(.init_array EXCLUDE_FILE(*crtend?.o *crtend.o *crtbegin?.o *crtbegin.o) .ctors)
                [!provide]                        PROVIDE (__init_array_end = .)

.fini_array     0x000000000000b994        0x0
                [!provide]                        PROVIDE (__fini_array_start = .)
 *(SORT_BY_INIT_PRIORITY(.fini_array.*) SORT_BY_INIT_PRIORITY(.dtors.*))
 *(.fini_array EXCLUDE_FILE(*crtend?.o *crtend.o *crtbegin?.o *crtbegin.o) .dtors)
                [!provide]                        PROVIDE (__fini_array_end = .)

.ctors
 *crtbegin.o(.ctors)
 *crtbegin?.o(.ctors)
 *(EXCLUDE_FILE(*crtend?.o *crtend.o) .ctors)
 *(SORT_BY_NAME(.ctors.*))
 *(.ctors)

.dtors
 *crtbegin.o(.dtors)
 *crtbegin?.o(.dtors)
 *(EXCLUDE_FILE(*crtend?.o *crtend.o) .dtors)
 *(SORT_BY_NAME(.dtors.*))
 *(.dtors)

.dalign         0x0000000020000000        0x0 load address 0x000000000000b994
                0x0000000020000000                . = ALIGN (0x4)
                0x0000000020000000                PROVIDE (_data_vma = .)

.dlalign        0x000000000000b994        0x0
                0x000000000000b994                . = ALIGN (0x4)
                0x000000000000b994                PROVIDE (_data_lma = .)

.data           0x0000000020000000     0x1930 load address 0x000000000000b994
 *(.gnu.linkonce.r.*)
 *(.data .data.*)
 .data.CommandTable
                0x0000000020000000       0xc0 ./User/hd_rumble2.o
                0x0000000020000000                CommandTable
 .data.freq_exp2_index_lookup_tb
                0x00000000200000c0      0x100 ./User/hd_rumble2.o
                0x00000000200000c0                freq_exp2_index_lookup_tb
 .data.amp_exp2_index_lookup_tb
                0x00000000200001c0      0x100 ./User/hd_rumble2.o
                0x00000000200001c0                amp_exp2_index_lookup_tb
 .data.exp2_lookup_tb
                0x00000000200002c0      0x500 ./User/hd_rumble2.o
                0x00000000200002c0                exp2_lookup_tb
 .data.ccr_lookup_tb
                0x00000000200007c0     0x1000 ./User/hd_rumble_high_accuracy.o
                0x00000000200007c0                ccr_lookup_tb
 .data._imu_quat_state
                0x00000000200017c0       0x1c ./User/imu_quaternion.o
                0x00000000200017c0                _imu_quat_state
 .data.default_et
                0x00000000200017dc        0xe ./User/ns_com.o
                0x00000000200017dc                default_et
 *fill*         0x00000000200017ea        0x2 
 .data.default_device_info
                0x00000000200017ec        0xc ./User/ns_com.o
                0x00000000200017ec                default_device_info
 .data.AHBPrescTable
                0x00000000200017f8       0x10 ./User/system_ch32v10x.o
                0x00000000200017f8                AHBPrescTable
 .data.MyCfgDescr
                0x0000000020001808       0x29 ./User/usb_desc.o
                0x0000000020001808                MyCfgDescr
 *fill*         0x0000000020001831        0x3 
 .data.APBAHBPrescTable
                0x0000000020001834       0x10 ./Peripheral/src/ch32v10x_rcc.o
 .data.impure_data
                0x0000000020001844       0x60 d:/mounriver_studio/toolchain/risc-v embedded gcc12/bin/../lib/gcc/riscv-none-elf/12.2.0/../../../../riscv-none-elf/lib\libg_nano.a(lib_a-impure.o)
 *(.gnu.linkonce.d.*)
                0x00000000200018a8                . = ALIGN (0x8)
 *fill*         0x00000000200018a4        0x4 
                0x00000000200020a8                PROVIDE (__global_pointer$ = (. + 0x800))
 *(.sdata .sdata.*)
 .sdata.rumble_state
                0x00000000200018a8        0x1 ./User/hd_rumble.o
                0x00000000200018a8                rumble_state
 *fill*         0x00000000200018a9        0x3 
 .sdata.hliner  0x00000000200018ac        0x4 ./User/hd_rumble2.o
                0x00000000200018ac                hliner
 .sdata.input_mode
                0x00000000200018b0        0x1 ./User/ns_com.o
                0x00000000200018b0                input_mode
 *fill*         0x00000000200018b1        0x3 
 .sdata.rts_tcnt
                0x00000000200018b4        0x4 ./User/ns_com_mux.o
                0x00000000200018b4                rts_tcnt
 .sdata.spi_rgb_trans
                0x00000000200018b8        0x2 ./User/spi.o
                0x00000000200018b8                spi_rgb_trans
 *fill*         0x00000000200018ba        0x2 
 .sdata.SystemCoreClock
                0x00000000200018bc        0x4 ./User/system_ch32v10x.o
                0x00000000200018bc                SystemCoreClock
 .sdata.ADCPrescTable
                0x00000000200018c0        0x4 ./Peripheral/src/ch32v10x_rcc.o
 .sdata.curbrk.0
                0x00000000200018c4        0x4 ./Debug/debug.o
 .sdata.tiny    0x00000000200018c8        0x4 d:/mounriver_studio/toolchain/risc-v embedded gcc12/bin/../lib/gcc/riscv-none-elf/12.2.0/../../../../riscv-none-elf/lib\libm_nano.a(lib_a-ef_sqrt.o)
 .sdata.one     0x00000000200018cc        0x4 d:/mounriver_studio/toolchain/risc-v embedded gcc12/bin/../lib/gcc/riscv-none-elf/12.2.0/../../../../riscv-none-elf/lib\libm_nano.a(lib_a-ef_sqrt.o)
 .sdata._impure_ptr
                0x00000000200018d0        0x4 d:/mounriver_studio/toolchain/risc-v embedded gcc12/bin/../lib/gcc/riscv-none-elf/12.2.0/../../../../riscv-none-elf/lib\libg_nano.a(lib_a-impure.o)
                0x00000000200018d0                _impure_ptr
 *(.sdata2.*)
 *(.gnu.linkonce.s.*)
                0x00000000200018d8                . = ALIGN (0x8)
 *fill*         0x00000000200018d4        0x4 
 *(.srodata.cst16)
 *(.srodata.cst8)
 .srodata.cst8  0x00000000200018d8       0x38 ./User/imu_quaternion.o
 *(.srodata.cst4)
 .srodata.cst4  0x0000000020001910        0x4 ./User/conf.o
 .srodata.cst4  0x0000000020001914        0xc ./User/imu_quaternion.o
 .srodata.cst4  0x0000000020001920        0x8 ./User/ns_com_mux.o
 *(.srodata.cst2)
 *(.srodata .srodata.*)
 .srodata.MyLangDescr
                0x0000000020001928        0x4 ./User/usb_desc.o
                0x0000000020001928                MyLangDescr
 .srodata._global_impure_ptr
                0x000000002000192c        0x4 d:/mounriver_studio/toolchain/risc-v embedded gcc12/bin/../lib/gcc/riscv-none-elf/12.2.0/../../../../riscv-none-elf/lib\libg_nano.a(lib_a-impure.o)
                0x000000002000192c                _global_impure_ptr
                0x0000000020001930                . = ALIGN (0x4)
                0x0000000020001930                PROVIDE (_edata = .)

.bss            0x0000000020001930     0x2a28 load address 0x000000000000d2c4
                0x0000000020001930                . = ALIGN (0x4)
                0x0000000020001930                PROVIDE (_sbss = .)
 *(.sbss*)
 .sbss.EXC_PC   0x0000000020001930        0x4 ./User/ch32v10x_it.o
                0x0000000020001930                EXC_PC
 .sbss.EXC_CAUSE
                0x0000000020001934        0x4 ./User/ch32v10x_it.o
                0x0000000020001934                EXC_CAUSE
 .sbss.USBFS_Endp_Busy
                0x0000000020001938        0x8 ./User/ch32v10x_usbfs_device.o
                0x0000000020001938                USBFS_Endp_Busy
 .sbss.USBFS_HidProtocol
                0x0000000020001940        0x1 ./User/ch32v10x_usbfs_device.o
                0x0000000020001940                USBFS_HidProtocol
 .sbss.USBFS_HidIdle
                0x0000000020001941        0x1 ./User/ch32v10x_usbfs_device.o
                0x0000000020001941                USBFS_HidIdle
 .sbss.USBFS_DevEnumStatus
                0x0000000020001942        0x1 ./User/ch32v10x_usbfs_device.o
                0x0000000020001942                USBFS_DevEnumStatus
 .sbss.USBFS_DevSleepStatus
                0x0000000020001943        0x1 ./User/ch32v10x_usbfs_device.o
                0x0000000020001943                USBFS_DevSleepStatus
 .sbss.USBFS_DevAddr
                0x0000000020001944        0x1 ./User/ch32v10x_usbfs_device.o
                0x0000000020001944                USBFS_DevAddr
 .sbss.USBFS_DevConfig
                0x0000000020001945        0x1 ./User/ch32v10x_usbfs_device.o
                0x0000000020001945                USBFS_DevConfig
 .sbss.USBFS_SetupReqLen
                0x0000000020001946        0x2 ./User/ch32v10x_usbfs_device.o
                0x0000000020001946                USBFS_SetupReqLen
 .sbss.USBFS_SetupReqIndex
                0x0000000020001948        0x2 ./User/ch32v10x_usbfs_device.o
                0x0000000020001948                USBFS_SetupReqIndex
 .sbss.USBFS_SetupReqValue
                0x000000002000194a        0x2 ./User/ch32v10x_usbfs_device.o
                0x000000002000194a                USBFS_SetupReqValue
 .sbss.USBFS_SetupReqType
                0x000000002000194c        0x1 ./User/ch32v10x_usbfs_device.o
                0x000000002000194c                USBFS_SetupReqType
 .sbss.USBFS_SetupReqCode
                0x000000002000194d        0x1 ./User/ch32v10x_usbfs_device.o
                0x000000002000194d                USBFS_SetupReqCode
 *fill*         0x000000002000194e        0x2 
 .sbss.pUSBFS_Descr
                0x0000000020001950        0x4 ./User/ch32v10x_usbfs_device.o
                0x0000000020001950                pUSBFS_Descr
 .sbss.joystick_snapback_deadzone_sq
                0x0000000020001954        0x8 ./User/conf.o
                0x0000000020001954                joystick_snapback_deadzone_sq
 .sbss.Calibrattion_Val
                0x000000002000195c        0x2 ./User/gpio_adc.o
                0x000000002000195c                Calibrattion_Val
 *fill*         0x000000002000195e        0x2 
 .sbss.adc_data
                0x0000000020001960        0x8 ./User/gpio_adc.o
                0x0000000020001960                adc_data
 .sbss.sts_button
                0x0000000020001968        0x4 ./User/gpio_digit.o
                0x0000000020001968                sts_button
 .sbss.sample   0x000000002000196c        0x8 ./User/hd_rumble2.o
                0x000000002000196c                sample
 .sbss.m_state  0x0000000020001974        0x8 ./User/hd_rumble2.o
                0x0000000020001974                m_state
 .sbss.global_sample_channel
                0x000000002000197c        0x1 ./User/hd_rumble2.o
                0x000000002000197c                global_sample_channel
 .sbss.decoded_cnt
                0x000000002000197d        0x1 ./User/hd_rumble2.o
                0x000000002000197d                decoded_cnt
 *fill*         0x000000002000197e        0x2 
 .sbss.tim3_counter
                0x0000000020001980        0x4 ./User/hd_rumble_high_accuracy.o
 .sbss.right_low_tick
                0x0000000020001984        0x4 ./User/hd_rumble_high_accuracy.o
 .sbss.right_high_tick
                0x0000000020001988        0x4 ./User/hd_rumble_high_accuracy.o
 .sbss.left_low_tick
                0x000000002000198c        0x4 ./User/hd_rumble_high_accuracy.o
 .sbss.left_high_tick
                0x0000000020001990        0x4 ./User/hd_rumble_high_accuracy.o
 .sbss.right_low_sum
                0x0000000020001994        0x4 ./User/hd_rumble_high_accuracy.o
                0x0000000020001994                right_low_sum
 .sbss.right_high_sum
                0x0000000020001998        0x4 ./User/hd_rumble_high_accuracy.o
                0x0000000020001998                right_high_sum
 .sbss.left_low_sum
                0x000000002000199c        0x4 ./User/hd_rumble_high_accuracy.o
                0x000000002000199c                left_low_sum
 .sbss.left_high_sum
                0x00000000200019a0        0x4 ./User/hd_rumble_high_accuracy.o
                0x00000000200019a0                left_high_sum
 .sbss.right_low_pos
                0x00000000200019a4        0x2 ./User/hd_rumble_high_accuracy.o
                0x00000000200019a4                right_low_pos
 .sbss.right_high_pos
                0x00000000200019a6        0x2 ./User/hd_rumble_high_accuracy.o
                0x00000000200019a6                right_high_pos
 .sbss.left_low_pos
                0x00000000200019a8        0x2 ./User/hd_rumble_high_accuracy.o
                0x00000000200019a8                left_low_pos
 .sbss.left_high_pos
                0x00000000200019aa        0x2 ./User/hd_rumble_high_accuracy.o
                0x00000000200019aa                left_high_pos
 .sbss.right_low_buf_stdby
                0x00000000200019ac        0x1 ./User/hd_rumble_high_accuracy.o
                0x00000000200019ac                right_low_buf_stdby
 .sbss.right_high_buf_stdby
                0x00000000200019ad        0x1 ./User/hd_rumble_high_accuracy.o
                0x00000000200019ad                right_high_buf_stdby
 .sbss.left_low_buf_stdby
                0x00000000200019ae        0x1 ./User/hd_rumble_high_accuracy.o
                0x00000000200019ae                left_low_buf_stdby
 .sbss.left_high_buf_stdby
                0x00000000200019af        0x1 ./User/hd_rumble_high_accuracy.o
                0x00000000200019af                left_high_buf_stdby
 .sbss.right_low_buf_rdy
                0x00000000200019b0        0x1 ./User/hd_rumble_high_accuracy.o
                0x00000000200019b0                right_low_buf_rdy
 .sbss.right_high_buf_rdy
                0x00000000200019b1        0x1 ./User/hd_rumble_high_accuracy.o
                0x00000000200019b1                right_high_buf_rdy
 .sbss.left_low_buf_rdy
                0x00000000200019b2        0x1 ./User/hd_rumble_high_accuracy.o
                0x00000000200019b2                left_low_buf_rdy
 .sbss.left_high_buf_rdy
                0x00000000200019b3        0x1 ./User/hd_rumble_high_accuracy.o
                0x00000000200019b3                left_high_buf_rdy
 .sbss.right_low_buf
                0x00000000200019b4        0x8 ./User/hd_rumble_high_accuracy.o
                0x00000000200019b4                right_low_buf
 .sbss.right_high_buf
                0x00000000200019bc        0x8 ./User/hd_rumble_high_accuracy.o
                0x00000000200019bc                right_high_buf
 .sbss.left_low_buf
                0x00000000200019c4        0x8 ./User/hd_rumble_high_accuracy.o
                0x00000000200019c4                left_low_buf
 .sbss.left_high_buf
                0x00000000200019cc        0x8 ./User/hd_rumble_high_accuracy.o
                0x00000000200019cc                left_high_buf
 .sbss.right_low
                0x00000000200019d4        0x8 ./User/hd_rumble_high_accuracy.o
                0x00000000200019d4                right_low
 .sbss.right_high
                0x00000000200019dc        0x8 ./User/hd_rumble_high_accuracy.o
                0x00000000200019dc                right_high
 .sbss.left_low
                0x00000000200019e4        0x8 ./User/hd_rumble_high_accuracy.o
                0x00000000200019e4                left_low
 .sbss.left_high
                0x00000000200019ec        0x8 ./User/hd_rumble_high_accuracy.o
                0x00000000200019ec                left_high
 .sbss.res.0    0x00000000200019f4        0x1 ./User/i2c.o
 .sbss.i2c_intr_error
                0x00000000200019f5        0x1 ./User/i2c.o
                0x00000000200019f5                i2c_intr_error
 .sbss.i2c_error_code
                0x00000000200019f6        0x1 ./User/i2c.o
                0x00000000200019f6                i2c_error_code
 .sbss.i2c_status
                0x00000000200019f7        0x1 ./User/i2c.o
                0x00000000200019f7                i2c_status
 .sbss.last_upd.0
                0x00000000200019f8        0x4 ./User/imu.o
 .sbss.status.2
                0x00000000200019fc        0x1 ./User/imu.o
 *fill*         0x00000000200019fd        0x3 
 .sbss.rep      0x0000000020001a00        0x4 ./User/imu.o
 .sbss.imu_buf_pos
                0x0000000020001a04        0x1 ./User/imu.o
                0x0000000020001a04                imu_buf_pos
 .sbss.imu_sample_cnt
                0x0000000020001a05        0x1 ./User/imu.o
 *fill*         0x0000000020001a06        0x2 
 .sbss.last_imu_upd
                0x0000000020001a08        0x4 ./User/imu.o
 .sbss.imu_read_fail_cnt
                0x0000000020001a0c        0x4 ./User/imu.o
                0x0000000020001a0c                imu_read_fail_cnt
 .sbss.imu_read_cnt
                0x0000000020001a10        0x4 ./User/imu.o
                0x0000000020001a10                imu_read_cnt
 .sbss.imu_ratio_zf
                0x0000000020001a14        0x4 ./User/imu.o
                0x0000000020001a14                imu_ratio_zf
 .sbss.imu_ratio_yf
                0x0000000020001a18        0x4 ./User/imu.o
                0x0000000020001a18                imu_ratio_yf
 .sbss.imu_ratio_xf
                0x0000000020001a1c        0x4 ./User/imu.o
                0x0000000020001a1c                imu_ratio_xf
 .sbss.imu_mode
                0x0000000020001a20        0x1 ./User/imu.o
                0x0000000020001a20                imu_mode
 .sbss.imu_rdy  0x0000000020001a21        0x1 ./User/imu.o
                0x0000000020001a21                imu_rdy
 .sbss.imu_upd_cnt
                0x0000000020001a22        0x1 ./User/imu.o
                0x0000000020001a22                imu_upd_cnt
 .sbss.pos.2    0x0000000020001a23        0x1 ./User/imu_quaternion.o
 .sbss.timestamp.4
                0x0000000020001a24        0x4 ./User/imu_quaternion.o
 .sbss.prev_timestamp.5
                0x0000000020001a28        0x4 ./User/imu_quaternion.o
 .sbss.f6.0     0x0000000020001a2c        0x1 ./User/main.o
 .sbss.f5.1     0x0000000020001a2d        0x1 ./User/main.o
 .sbss.f4.2     0x0000000020001a2e        0x1 ./User/main.o
 .sbss.f3.3     0x0000000020001a2f        0x1 ./User/main.o