Archive member included to satisfy reference by file (symbol)

d:/mounriver_studio/toolchain/risc-v embedded gcc12/bin/../lib/gcc/riscv-none-elf/12.2.0/../../../../riscv-none-elf/lib\libm_nano.a(lib_a-wf_sqrt.o)
                              ./User/imu_quaternion.o (sqrtf)
d:/mounriver_studio/toolchain/risc-v embedded gcc12/bin/../lib/gcc/riscv-none-elf/12.2.0/../../../../riscv-none-elf/lib\libm_nano.a(lib_a-ef_sqrt.o)
                              d:/mounriver_studio/toolchain/risc-v embedded gcc12/bin/../lib/gcc/riscv-none-elf/12.2.0/../../../../riscv-none-elf/lib\libm_nano.a(lib_a-wf_sqrt.o) (__ieee754_sqrtf)
d:/mounriver_studio/toolchain/risc-v embedded gcc12/bin/../lib/gcc/riscv-none-elf/12.2.0\libgcc.a(_divdi3.o)
                              ./User/hd_rumble2.o (__divdi3)
d:/mounriver_studio/toolchain/risc-v embedded gcc12/bin/../lib/gcc/riscv-none-elf/12.2.0\libgcc.a(_udivdi3.o)
                              ./User/hd_rumble2.o (__udivdi3)
d:/mounriver_studio/toolchain/risc-v embedded gcc12/bin/../lib/gcc/riscv-none-elf/12.2.0\libgcc.a(adddf3.o)
                              ./User/imu_quaternion.o (__adddf3)
d:/mounriver_studio/toolchain/risc-v embedded gcc12/bin/../lib/gcc/riscv-none-elf/12.2.0\libgcc.a(divdf3.o)
                              ./User/imu_quaternion.o (__divdf3)
d:/mounriver_studio/toolchain/risc-v embedded gcc12/bin/../lib/gcc/riscv-none-elf/12.2.0\libgcc.a(muldf3.o)
                              ./User/imu_quaternion.o (__muldf3)
d:/mounriver_studio/toolchain/risc-v embedded gcc12/bin/../lib/gcc/riscv-none-elf/12.2.0\libgcc.a(subdf3.o)
                              ./User/imu_quaternion.o (__subdf3)
d:/mounriver_studio/toolchain/risc-v embedded gcc12/bin/../lib/gcc/riscv-none-elf/12.2.0\libgcc.a(floatsidf.o)
                              ./User/imu_quaternion.o (__floatsidf)
d:/mounriver_studio/toolchain/risc-v embedded gcc12/bin/../lib/gcc/riscv-none-elf/12.2.0\libgcc.a(floatunsidf.o)
                              ./User/imu_quaternion.o (__floatunsidf)
d:/mounriver_studio/toolchain/risc-v embedded gcc12/bin/../lib/gcc/riscv-none-elf/12.2.0\libgcc.a(addsf3.o)
                              ./User/imu_quaternion.o (__addsf3)
d:/mounriver_studio/toolchain/risc-v embedded gcc12/bin/../lib/gcc/riscv-none-elf/12.2.0\libgcc.a(divsf3.o)
                              ./User/conf.o (__divsf3)
d:/mounriver_studio/toolchain/risc-v embedded gcc12/bin/../lib/gcc/riscv-none-elf/12.2.0\libgcc.a(gesf2.o)
                              ./User/imu_quaternion.o (__gtsf2)
d:/mounriver_studio/toolchain/risc-v embedded gcc12/bin/../lib/gcc/riscv-none-elf/12.2.0\libgcc.a(lesf2.o)
                              d:/mounriver_studio/toolchain/risc-v embedded gcc12/bin/../lib/gcc/riscv-none-elf/12.2.0/../../../../riscv-none-elf/lib\libm_nano.a(lib_a-ef_sqrt.o) (__lesf2)
d:/mounriver_studio/toolchain/risc-v embedded gcc12/bin/../lib/gcc/riscv-none-elf/12.2.0\libgcc.a(mulsf3.o)
                              ./User/imu.o (__mulsf3)
d:/mounriver_studio/toolchain/risc-v embedded gcc12/bin/../lib/gcc/riscv-none-elf/12.2.0\libgcc.a(subsf3.o)
                              ./User/imu_quaternion.o (__subsf3)
d:/mounriver_studio/toolchain/risc-v embedded gcc12/bin/../lib/gcc/riscv-none-elf/12.2.0\libgcc.a(unordsf2.o)
                              d:/mounriver_studio/toolchain/risc-v embedded gcc12/bin/../lib/gcc/riscv-none-elf/12.2.0/../../../../riscv-none-elf/lib\libm_nano.a(lib_a-wf_sqrt.o) (__unordsf2)
d:/mounriver_studio/toolchain/risc-v embedded gcc12/bin/../lib/gcc/riscv-none-elf/12.2.0\libgcc.a(fixsfsi.o)
                              ./User/imu.o (__fixsfsi)
d:/mounriver_studio/toolchain/risc-v embedded gcc12/bin/../lib/gcc/riscv-none-elf/12.2.0\libgcc.a(floatsisf.o)
                              ./User/conf.o (__floatsisf)
d:/mounriver_studio/toolchain/risc-v embedded gcc12/bin/../lib/gcc/riscv-none-elf/12.2.0\libgcc.a(truncdfsf2.o)
                              ./User/imu_quaternion.o (__truncdfsf2)
d:/mounriver_studio/toolchain/risc-v embedded gcc12/bin/../lib/gcc/riscv-none-elf/12.2.0\libgcc.a(save-restore.o)
                              ./User/hd_rumble2.o (__riscv_save_12)
d:/mounriver_studio/toolchain/risc-v embedded gcc12/bin/../lib/gcc/riscv-none-elf/12.2.0\libgcc.a(_clz.o)
                              d:/mounriver_studio/toolchain/risc-v embedded gcc12/bin/../lib/gcc/riscv-none-elf/12.2.0\libgcc.a(_divdi3.o) (__clz_tab)
d:/mounriver_studio/toolchain/risc-v embedded gcc12/bin/../lib/gcc/riscv-none-elf/12.2.0\libgcc.a(_clzsi2.o)
                              d:/mounriver_studio/toolchain/risc-v embedded gcc12/bin/../lib/gcc/riscv-none-elf/12.2.0\libgcc.a(adddf3.o) (__clzsi2)
d:/mounriver_studio/toolchain/risc-v embedded gcc12/bin/../lib/gcc/riscv-none-elf/12.2.0/../../../../riscv-none-elf/lib\libg_nano.a(lib_a-errno.o)
[...]
Memory Configuration

Name             Origin             Length             Attributes
FLASH            0x0000000000000000 0x0000000000010000 xr
RAM              0x0000000020000000 0x0000000000005000 xrw
*default*        0x0000000000000000 0xffffffffffffffff

Linker script and memory map

LOAD ./User/ch32v10x_it.o
LOAD ./User/ch32v10x_usbfs_device.o
LOAD ./User/conf.o
LOAD ./User/flash.o
LOAD ./User/global_api.o
LOAD ./User/gpio_adc.o
LOAD ./User/gpio_digit.o
LOAD ./User/hd_rumble.o
LOAD ./User/hd_rumble2.o
LOAD ./User/hd_rumble_high_accuracy.o
LOAD ./User/i2c.o
LOAD ./User/imu.o
LOAD ./User/imu_quaternion.o
LOAD ./User/main.o
LOAD ./User/ns_com.o
LOAD ./User/ns_com_mux.o
LOAD ./User/pwr.o
LOAD ./User/ring_buffer.o
LOAD ./User/spi.o
LOAD ./User/system_ch32v10x.o
LOAD ./User/tick.o
LOAD ./User/uart.o
LOAD ./User/uart_com.o
LOAD ./User/usb_desc.o
LOAD ./User/usbd_compatibility_hid.o
LOAD ./User/watchdog.o
LOAD ./Startup/startup_ch32v10x.o
LOAD ./Peripheral/src/ch32v10x_adc.o
LOAD ./Peripheral/src/ch32v10x_bkp.o
LOAD ./Peripheral/src/ch32v10x_crc.o
LOAD ./Peripheral/src/ch32v10x_dbgmcu.o
LOAD ./Peripheral/src/ch32v10x_dma.o
LOAD ./Peripheral/src/ch32v10x_exti.o
LOAD ./Peripheral/src/ch32v10x_flash.o
LOAD ./Peripheral/src/ch32v10x_gpio.o
LOAD ./Peripheral/src/ch32v10x_i2c.o
LOAD ./Peripheral/src/ch32v10x_iwdg.o
LOAD ./Peripheral/src/ch32v10x_misc.o
LOAD ./Peripheral/src/ch32v10x_pwr.o
LOAD ./Peripheral/src/ch32v10x_rcc.o
LOAD ./Peripheral/src/ch32v10x_rtc.o
LOAD ./Peripheral/src/ch32v10x_spi.o
LOAD ./Peripheral/src/ch32v10x_tim.o
LOAD ./Peripheral/src/ch32v10x_usart.o
LOAD ./Peripheral/src/ch32v10x_usb.o
LOAD ./Peripheral/src/ch32v10x_usb_host.o
LOAD ./Peripheral/src/ch32v10x_wwdg.o
LOAD ./Debug/debug.o
LOAD ./Core/core_riscv.o
LOAD d:/mounriver_studio/toolchain/risc-v embedded gcc12/bin/../lib/gcc/riscv-none-elf/12.2.0/../../../../riscv-none-elf/lib\libm_nano.a
LOAD d:/mounriver_studio/toolchain/risc-v embedded gcc12/bin/../lib/gcc/riscv-none-elf/12.2.0\libgcc.a
LOAD d:/mounriver_studio/toolchain/risc-v embedded gcc12/bin/../lib/gcc/riscv-none-elf/12.2.0/../../../../riscv-none-elf/lib\libg_nano.a
LOAD d:/mounriver_studio/toolchain/risc-v embedded gcc12/bin/../lib/gcc/riscv-none-elf/12.2.0/../../../../riscv-none-elf/lib\libc_nano.a
LOAD d:/mounriver_studio/toolchain/risc-v embedded gcc12/bin/../lib/gcc/riscv-none-elf/12.2.0\libgcc.a
START GROUP
LOAD d:/mounriver_studio/toolchain/risc-v embedded gcc12/bin/../lib/gcc/riscv-none-elf/12.2.0\libgcc.a
LOAD d:/mounriver_studio/toolchain/risc-v embedded gcc12/bin/../lib/gcc/riscv-none-elf/12.2.0/../../../../riscv-none-elf/lib\libc_nano.a
LOAD d:/mounriver_studio/toolchain/risc-v embedded gcc12/bin/../lib/gcc/riscv-none-elf/12.2.0/../../../../riscv-none-elf/lib\libnosys.a
END GROUP
START GROUP
LOAD d:/mounriver_studio/toolchain/risc-v embedded gcc12/bin/../lib/gcc/riscv-none-elf/12.2.0\libgcc.a
LOAD d:/mounriver_studio/toolchain/risc-v embedded gcc12/bin/../lib/gcc/riscv-none-elf/12.2.0/../../../../riscv-none-elf/lib\libc_nano.a
LOAD d:/mounriver_studio/toolchain/risc-v embedded gcc12/bin/../lib/gcc/riscv-none-elf/12.2.0/../../../../riscv-none-elf/lib\libnosys.a
END GROUP
                0x0000000000000a00                __stack_size = 0xa00
                [!provide]                        PROVIDE (_stack_size = __stack_size)

.init           0x0000000000000000       0x38
                0x0000000000000000                _sinit = .
                0x0000000000000000                . = ALIGN (0x4)
 *(SORT_NONE(.init))
 .init          0x0000000000000000       0x38 ./Startup/startup_ch32v10x.o
                0x0000000000000000                _start
                0x0000000000000038                . = ALIGN (0x4)
                0x0000000000000038                _einit = .

.vector         0x0000000000000038      0x108
 *(.vector)
 .vector        0x0000000000000038       0xf0 ./Startup/startup_ch32v10x.o
                0x0000000000000140                . = ALIGN (0x40)
 *fill*         0x0000000000000128       0x18 

.text           0x0000000000000140     0xb8f0
                0x0000000000000140                . = ALIGN (0x4)
 *(.text)
 .text          0x0000000000000140       0x60 d:/mounriver_studio/toolchain/risc-v embedded gcc12/bin/../lib/gcc/riscv-none-elf/12.2.0\libgcc.a(save-restore.o)
                0x0000000000000140                __riscv_save_12
                0x0000000000000148                __riscv_save_9
                0x0000000000000148                __riscv_save_11
                0x0000000000000148                __riscv_save_10
                0x0000000000000148                __riscv_save_8
                0x0000000000000156                __riscv_save_4
                0x0000000000000156                __riscv_save_6
                0x0000000000000156                __riscv_save_5
                0x0000000000000156                __riscv_save_7
                0x0000000000000170                __riscv_save_3
                0x0000000000000170                __riscv_save_2
                0x0000000000000170                __riscv_save_1
                0x0000000000000170                __riscv_save_0
                0x000000000000017c                __riscv_restore_12
                0x0000000000000180                __riscv_restore_11
                0x0000000000000180                __riscv_restore_9
                0x0000000000000180                __riscv_restore_10
                0x0000000000000180                __riscv_restore_8
                0x000000000000018a                __riscv_restore_5
                0x000000000000018a                __riscv_restore_7
                0x000000000000018a                __riscv_restore_6
                0x000000000000018a                __riscv_restore_4
                0x0000000000000194                __riscv_restore_3
                0x0000000000000194                __riscv_restore_0
                0x0000000000000194                __riscv_restore_2
                0x0000000000000194                __riscv_restore_1
 .text          0x00000000000001a0       0x16 d:/mounriver_studio/toolchain/risc-v embedded gcc12/bin/../lib/gcc/riscv-none-elf/12.2.0/../../../../riscv-none-elf/lib\libg_nano.a(lib_a-memcpy-asm.o)
                0x00000000000001a0                memcpy
 .text          0x00000000000001b6       0x10 d:/mounriver_studio/toolchain/risc-v embedded gcc12/bin/../lib/gcc/riscv-none-elf/12.2.0/../../../../riscv-none-elf/lib\libg_nano.a(lib_a-memset.o)
                0x00000000000001b6                memset
 *(.text.*)
 .text.NMI_Handler
                0x00000000000001c6       0x28 ./User/ch32v10x_it.o
                0x00000000000001c6                NMI_Handler
 .text.HardFault_Handler
                0x00000000000001ee       0x86 ./User/ch32v10x_it.o
                0x00000000000001ee                HardFault_Handler
 .text.USBFS_RCC_Init
                0x0000000000000274       0x4a ./User/ch32v10x_usbfs_device.o
                0x0000000000000274                USBFS_RCC_Init
 .text.USBFS_Device_Endp_Init
                0x00000000000002be       0x44 ./User/ch32v10x_usbfs_device.o
                0x00000000000002be                USBFS_Device_Endp_Init
 .text.USBFS_Device_Init
                0x0000000000000302       0xa6 ./User/ch32v10x_usbfs_device.o
                0x0000000000000302                USBFS_Device_Init
 .text.USBFS_IRQHandler
                0x00000000000003a8      0x680 ./User/ch32v10x_usbfs_device.o
                0x00000000000003a8                USBFS_IRQHandler
 .text.conf_read
                0x0000000000000a28       0x56 ./User/conf.o
                0x0000000000000a28                conf_read
 .text.custom_conf_read
                0x0000000000000a7e       0x10 ./User/conf.o
                0x0000000000000a7e                custom_conf_read
 .text.custom_conf_write
                0x0000000000000a8e       0x10 ./User/conf.o
                0x0000000000000a8e                custom_conf_write
 .text.fac_conf_read
                0x0000000000000a9e       0x12 ./User/conf.o
                0x0000000000000a9e                fac_conf_read
 .text.fac_conf_write
                0x0000000000000ab0       0x12 ./User/conf.o
                0x0000000000000ab0                fac_conf_write
 .text.conf_write
                0x0000000000000ac2       0x92 ./User/conf.o
                0x0000000000000ac2                conf_write
 .text.conf_flush
                0x0000000000000b54       0x6c ./User/conf.o
                0x0000000000000b54                conf_flush
 .text.conf_init
                0x0000000000000bc0      0x266 ./User/conf.o
                0x0000000000000bc0                conf_init
 .text.write_flash
                0x0000000000000e26       0x6e ./User/flash.o
                0x0000000000000e26                write_flash
 .text.read_flash
                0x0000000000000e94       0x30 ./User/flash.o
                0x0000000000000e94                read_flash
 .text.i32_min  0x0000000000000ec4        0xc ./User/global_api.o
                0x0000000000000ec4                i32_min
 .text.fetch_uint32
                0x0000000000000ed0       0x18 ./User/global_api.o
                0x0000000000000ed0                fetch_uint32
 .text.i32_clamp
                0x0000000000000ee8       0x12 ./User/global_api.o
                0x0000000000000ee8                i32_clamp
 .text.ADC_Function_Init
                0x0000000000000efa       0xb2 ./User/gpio_adc.o
                0x0000000000000efa                ADC_Function_Init
 .text.DMA_Tx_Init
                0x0000000000000fac       0x56 ./User/gpio_adc.o
                0x0000000000000fac                DMA_Tx_Init
 .text.adc_init
                0x0000000000001002       0x6e ./User/gpio_adc.o
                0x0000000000001002                adc_init
 .text.gpio_tb_init
                0x0000000000001070       0xb8 ./User/gpio_digit.o
                0x0000000000001070                gpio_tb_init
 .text.gpio_init
                0x0000000000001128       0xc2 ./User/gpio_digit.o
                0x0000000000001128                gpio_init
 .text.gpio_read_all
                0x00000000000011ea       0x76 ./User/gpio_digit.o
                0x00000000000011ea                gpio_read_all
 .text.gpio_read
                0x0000000000001260       0x54 ./User/gpio_digit.o
                0x0000000000001260                gpio_read
 .text.hd_rumble_init
                0x00000000000012b4      0x14c ./User/hd_rumble.o
                0x00000000000012b4                hd_rumble_init
 .text.hd_rumble_set_status
                0x0000000000001400        0xe ./User/hd_rumble.o
                0x0000000000001400                hd_rumble_set_status
 .text.ApplyCommand
                0x000000000000140e       0x3e ./User/hd_rumble2.o
                0x000000000000140e                ApplyCommand
 .text.ApplyAmCommand
                0x000000000000144c       0x24 ./User/hd_rumble2.o
                0x000000000000144c                ApplyAmCommand
 .text.ApplyFmCommand
                0x0000000000001470       0x28 ./User/hd_rumble2.o
                0x0000000000001470                ApplyFmCommand
 .text.get_hd_rumble_pack
                0x0000000000001498       0x1a ./User/hd_rumble2.o
                0x0000000000001498                get_hd_rumble_pack
 .text.deocde_hd_rumble_format1
                0x00000000000014b2       0x60 ./User/hd_rumble2.o
                0x00000000000014b2                deocde_hd_rumble_format1
 .text.decode_hd_rumble_format1long
                0x0000000000001512       0x94 ./User/hd_rumble2.o
                0x0000000000001512                decode_hd_rumble_format1long
 .text.decode_hd_rumble_format1full
                0x00000000000015a6      0x124 ./User/hd_rumble2.o
                0x00000000000015a6                decode_hd_rumble_format1full
 .text.decode_hd_rumble_format2
                0x00000000000016ca       0xb8 ./User/hd_rumble2.o
                0x00000000000016ca                decode_hd_rumble_format2
 .text.decode_hd_rumble_format2long
                0x0000000000001782       0xec ./User/hd_rumble2.o
                0x0000000000001782                decode_hd_rumble_format2long
 .text.decode_hd_rumble_format3
                0x000000000000186e      0x128 ./User/hd_rumble2.o
                0x000000000000186e                decode_hd_rumble_format3
 .text.decode_hd_rumble_multiformat_high_acc
                0x0000000000001996      0x262 ./User/hd_rumble2.o
                0x0000000000001996                decode_hd_rumble_multiformat_high_acc
 .text.hd_rumble_high_accurary_init
                0x0000000000001bf8       0x82 ./User/hd_rumble_high_accuracy.o
                0x0000000000001bf8                hd_rumble_high_accurary_init
 .text.push_waveform
                0x0000000000001c7a       0x5a ./User/hd_rumble_high_accuracy.o
                0x0000000000001c7a                push_waveform
 .text.push_waveform_into_buffer_task
                0x0000000000001cd4      0x110 ./User/hd_rumble_high_accuracy.o
                0x0000000000001cd4                push_waveform_into_buffer_task
 .text.step_forward
                0x0000000000001de4       0x40 ./User/hd_rumble_high_accuracy.o
                0x0000000000001de4                step_forward
 .text.rumble_pattern_check
                0x0000000000001e24       0x5c ./User/hd_rumble_high_accuracy.o
                0x0000000000001e24                rumble_pattern_check
 .text.TIM3_IRQHandler
                0x0000000000001e80      0x268 ./User/hd_rumble_high_accuracy.o
                0x0000000000001e80                TIM3_IRQHandler
 .text.i2c2_check_flag
                0x00000000000020e8       0x1a ./User/i2c.o
                0x00000000000020e8                i2c2_check_flag
 .text.i2c2_check_event
                0x0000000000002102       0x1a ./User/i2c.o
                0x0000000000002102                i2c2_check_event
 .text.I2C2_ER_IRQHandler
                0x000000000000211c       0x2a ./User/i2c.o
                0x000000000000211c                I2C2_ER_IRQHandler
 .text.i2c_software_recovery
                0x0000000000002146      0x11e ./User/i2c.o
                0x0000000000002146                i2c_software_recovery
 .text.i2c2_reset
                0x0000000000002264       0x44 ./User/i2c.o
                0x0000000000002264                i2c2_reset
 .text.i2c_hardware_init
                0x00000000000022a8       0xc0 ./User/i2c.o
                0x00000000000022a8                i2c_hardware_init
 .text.i2c_read_start
                0x0000000000002368      0x140 ./User/i2c.o
                0x0000000000002368                i2c_read_start
 .text.i2c_read_byte
                0x00000000000024a8       0x84 ./User/i2c.o
                0x00000000000024a8                i2c_read_byte
 .text.i2c_read_continuous
                0x000000000000252c       0xac ./User/i2c.o
                0x000000000000252c                i2c_read_continuous
 .text.i2c_write_byte
                0x00000000000025d8      0x116 ./User/i2c.o
                0x00000000000025d8                i2c_write_byte
 .text.i2c_init
                0x00000000000026ee       0x10 ./User/i2c.o
                0x00000000000026ee                i2c_init
 .text.imu_set_reg
                0x00000000000026fe       0x34 ./User/imu.o
                0x00000000000026fe                imu_set_reg
 .text.imu_read
                0x0000000000002732       0x62 ./User/imu.o
                0x0000000000002732                imu_read
 .text.set_imu_awake
                0x0000000000002794       0x96 ./User/imu.o
                0x0000000000002794                set_imu_awake
 .text.set_imu_sleep
                0x000000000000282a       0x24 ./User/imu.o
                0x000000000000282a                set_imu_sleep
 .text.imu_init
                0x000000000000284e        0x2 ./User/imu.o
                0x000000000000284e                imu_init
 .text.imu_upd  0x0000000000002850      0x236 ./User/imu.o
                0x0000000000002850                imu_upd
 .text._imu_quat_normalize
                0x0000000000002a86       0x90 ./User/imu_quaternion.o
                0x0000000000002a86                _imu_quat_normalize
 .text._imu_rotate_quaternion
                0x0000000000002b16      0x128 ./User/imu_quaternion.o
                0x0000000000002b16                _imu_rotate_quaternion
 .text._imu_update_quaternion
                0x0000000000002c3e      0x1fe ./User/imu_quaternion.o
                0x0000000000002c3e                _imu_update_quaternion
 .text.switch_motion_pack_quat
                0x0000000000002e3c      0x2b2 ./User/imu_quaternion.o
                0x0000000000002e3c                switch_motion_pack_quat
 .text.imu_upd2
                0x00000000000030ee       0x44 ./User/imu_quaternion.o
                0x00000000000030ee                imu_upd2
 .text.button_upd_all
                0x0000000000003132       0x1e ./User/main.o
                0x0000000000003132                button_upd_all
 .text.get_peripheral_data_handler
                0x0000000000003150       0x56 ./User/main.o
                0x0000000000003150                get_peripheral_data_handler
 .text.joystick_snapback_filter
                0x00000000000031a6      0x20c ./User/main.o
                0x00000000000031a6                joystick_snapback_filter
 .text.joystick_debounce_task
                0x00000000000033b2       0x84 ./User/main.o
                0x00000000000033b2                joystick_debounce_task
 .text.func_switch_task
                0x0000000000003436      0x210 ./User/main.o
                0x0000000000003436                func_switch_task
 .text.top_timer
                0x0000000000003646       0x56 ./User/main.o
                0x0000000000003646                top_timer
 .text.routine_service
                0x000000000000369c       0x52 ./User/main.o
                0x000000000000369c                routine_service
 .text.set_peripherals_state
                0x00000000000036ee       0x92 ./User/main.o
                0x00000000000036ee                set_peripherals_state
 .text.init_all
                0x0000000000003780       0xd0 ./User/main.o
                0x0000000000003780                init_all
 .text.startup.main
                0x0000000000003850       0xda ./User/main.o
                0x0000000000003850                main
 .text.ns_subcommand_set_hci_state
                0x000000000000392a        0x2 ./User/ns_com.o
                0x000000000000392a                ns_subcommand_set_hci_state
 .text.ns_subcommand_set_imu_register
                0x000000000000392c       0x10 ./User/ns_com.o
                0x000000000000392c                ns_subcommand_set_imu_register
 .text.ns_subcommand_reset_mcu
                0x000000000000393c        0x2 ./User/ns_com.o
                0x000000000000393c                ns_subcommand_reset_mcu
 .text.ns_subcommand_set_home_led
                0x000000000000393e        0x2 ./User/ns_com.o
                0x000000000000393e                ns_subcommand_set_home_led
 .text.ns_subcommand_reset_pairing_info
                0x0000000000003940        0x2 ./User/ns_com.o
                0x0000000000003940                ns_subcommand_reset_pairing_info
 .text.pkt_clr  0x0000000000003942       0x16 ./User/ns_com.o
                0x0000000000003942                pkt_clr
 .text.ns_subcommand_set_mcu_conf
                0x0000000000003958       0x40 ./User/ns_com.o
                0x0000000000003958                ns_subcommand_set_mcu_conf
 .text.ns_subcommand_default
                0x0000000000003998       0x38 ./User/ns_com.o
                0x0000000000003998                ns_subcommand_default
 .text.ns_subcommand_pair_by_wire
                0x00000000000039d0       0xa0 ./User/ns_com.o
                0x00000000000039d0                ns_subcommand_pair_by_wire
 .text.ns_subcommand_get_device_info
                0x0000000000003a70       0x9c ./User/ns_com.o
                0x0000000000003a70                ns_subcommand_get_device_info
 .text.ns_subcommand_set_input_mode
                0x0000000000003b0c       0x4e ./User/ns_com.o
                0x0000000000003b0c                ns_subcommand_set_input_mode
 .text.ns_subcommand_trigger_buttons_elapsed_time
                0x0000000000003b5a       0x46 ./User/ns_com.o
                0x0000000000003b5a                ns_subcommand_trigger_buttons_elapsed_time
 .text.ns_subcommand_get_page_list_state
                0x0000000000003ba0       0x3a ./User/ns_com.o
                0x0000000000003ba0                ns_subcommand_get_page_list_state
 .text.ns_subcommand_set_shipping_mode
                0x0000000000003bda       0x38 ./User/ns_com.o
                0x0000000000003bda                ns_subcommand_set_shipping_mode
 .text.ns_subcommand_spi_erase
                0x0000000000003c12        0x4 ./User/ns_com.o
                0x0000000000003c12                ns_subcommand_spi_erase
 .text.ns_subcommand_enable_mcu_polling
                0x0000000000003c16        0x4 ./User/ns_com.o
                0x0000000000003c16                ns_subcommand_enable_mcu_polling
 .text.ns_subcommand_disable_mcu_polling
                0x0000000000003c1a        0x4 ./User/ns_com.o
                0x0000000000003c1a                ns_subcommand_disable_mcu_polling
 .text.ns_subcommand_spi_read
                0x0000000000003c1e       0x7a ./User/ns_com.o
                0x0000000000003c1e                ns_subcommand_spi_read
 .text.ns_subcommand_spi_write
                0x0000000000003c98       0x60 ./User/ns_com.o
                0x0000000000003c98                ns_subcommand_spi_write
 .text.ns_subcommand_set_mcu_state
                0x0000000000003cf8       0x34 ./User/ns_com.o
                0x0000000000003cf8                ns_subcommand_set_mcu_state
 .text.ns_subcommand_attachmend_write
                0x0000000000003d2c        0x4 ./User/ns_com.o
                0x0000000000003d2c                ns_subcommand_attachmend_write
 .text.ns_subcommand_write_charge_setting
                0x0000000000003d30        0x4 ./User/ns_com.o
                0x0000000000003d30                ns_subcommand_write_charge_setting
 .text.ns_subcommand_attachmend_read
                0x0000000000003d34       0x36 ./User/ns_com.o
                0x0000000000003d34                ns_subcommand_attachmend_read
 .text.ns_subcommand_attachment_state
                0x0000000000003d6a       0x30 ./User/ns_com.o
                0x0000000000003d6a                ns_subcommand_attachment_state
 .text.ns_subcommand_get_attachment_info
                0x0000000000003d9a       0x34 ./User/ns_com.o
                0x0000000000003d9a                ns_subcommand_get_attachment_info
 .text.ns_subcommand_set_indicate_led
                0x0000000000003dce       0x46 ./User/ns_com.o
                0x0000000000003dce                ns_subcommand_set_indicate_led
 .text.ns_subcommand_get_indicate_led
                0x0000000000003e14       0x3c ./User/ns_com.o
                0x0000000000003e14                ns_subcommand_get_indicate_led
 .text.ns_subcommand_set_imu_state
                0x0000000000003e50       0x3e ./User/ns_com.o
                0x0000000000003e50                ns_subcommand_set_imu_state
 .text.ns_subcommand_set_imu_conf
                0x0000000000003e8e       0x72 ./User/ns_com.o
                0x0000000000003e8e                ns_subcommand_set_imu_conf
 .text.ns_subcommand_read_imu_register
                0x0000000000003f00       0x66 ./User/ns_com.o
                0x0000000000003f00                ns_subcommand_read_imu_register
 .text.ns_subcommand_set_rumble_state
                0x0000000000003f66       0x3e ./User/ns_com.o
                0x0000000000003f66                ns_subcommand_set_rumble_state
 .text.ns_subcommand_get_battery_voltage
                0x0000000000003fa4       0x3a ./User/ns_com.o
                0x0000000000003fa4                ns_subcommand_get_battery_voltage
 .text.ns_subcommand_read_charge_setting
                0x0000000000003fde       0x38 ./User/ns_com.o
                0x0000000000003fde                ns_subcommand_read_charge_setting
 .text.ns_subcommand_callback_init
                0x0000000000004016      0x112 ./User/ns_com.o
                0x0000000000004016                ns_subcommand_callback_init
 .text.ns_rumble_handler
                0x0000000000004128       0x14 ./User/ns_com_mux.o
                0x0000000000004128                ns_rumble_handler
 .text.ns_cmd_subcommand_dispatcher
                0x000000000000413c       0x3c ./User/ns_com_mux.o
                0x000000000000413c                ns_cmd_subcommand_dispatcher
 .text.ns_mux_usb_handshake_handler
                0x0000000000004178       0x8e ./User/ns_com_mux.o
                0x0000000000004178                ns_mux_usb_handshake_handler
 .text._calibrate_imu_raw
                0x0000000000004206       0xac ./User/ns_com_mux.o
                0x0000000000004206                _calibrate_imu_raw
 .text.calibrate_imu
                0x00000000000042b2      0x17e ./User/ns_com_mux.o
                0x00000000000042b2                calibrate_imu
 .text.fw_subcommand_reboot
                0x0000000000004430       0x22 ./User/ns_com_mux.o
                0x0000000000004430                fw_subcommand_reboot
 .text.ns_mux_init
                0x0000000000004452        0x4 ./User/ns_com_mux.o
                0x0000000000004452                ns_mux_init
 .text.ns_send_report
                0x0000000000004456        0xe ./User/ns_com_mux.o
                0x0000000000004456                ns_send_report
 .text.hid_send_full64byte_report
                0x0000000000004464        0xc ./User/ns_com_mux.o
                0x0000000000004464                hid_send_full64byte_report
 .text.fw_snd_pkt
                0x0000000000004470       0x20 ./User/ns_com_mux.o
                0x0000000000004470                fw_snd_pkt
 .text.fw_subcommand_read_setting
                0x0000000000004490       0x9c ./User/ns_com_mux.o
                0x0000000000004490                fw_subcommand_read_setting
 .text.fw_subcommand_write_setting
                0x000000000000452c       0x8c ./User/ns_com_mux.o
                0x000000000000452c                fw_subcommand_write_setting
 .text.fw_subcommand_read_emulate_rom
                0x00000000000045b8       0x4c ./User/ns_com_mux.o
                0x00000000000045b8                fw_subcommand_read_emulate_rom
 .text.fw_subcommand_write_emulate_rom
                0x0000000000004604       0x2e ./User/ns_com_mux.o
                0x0000000000004604                fw_subcommand_write_emulate_rom
 .text.fw_subcommand_calibrate_imu
                0x0000000000004632       0x2a ./User/ns_com_mux.o
                0x0000000000004632                fw_subcommand_calibrate_imu
 .text.fw_subcommand_calibrate_js_offset
                0x000000000000465c       0x6a ./User/ns_com_mux.o
                0x000000000000465c                fw_subcommand_calibrate_js_offset
 .text.fw_subcommand_get_status
                0x00000000000046c6       0x70 ./User/ns_com_mux.o
                0x00000000000046c6                fw_subcommand_get_status
 .text.fw_subcommand_get_version
                0x0000000000004736       0x16 ./User/ns_com_mux.o
                0x0000000000004736                fw_subcommand_get_version
 .text.fw_subcommand_dispatcher
                0x000000000000474c       0x96 ./User/ns_com_mux.o
                0x000000000000474c                fw_subcommand_dispatcher
 .text.hid_dispatch
                0x00000000000047e2       0x46 ./User/ns_com_mux.o
                0x00000000000047e2                hid_dispatch
 .text.setup_exti
                0x0000000000004828       0x9e ./User/pwr.o
                0x0000000000004828                setup_exti
 .text.top_init
                0x00000000000048c6       0x2e ./User/pwr.o
                0x00000000000048c6                top_init
 .text.set_pwr_mode_stop
                0x00000000000048f4       0x4a ./User/pwr.o
                0x00000000000048f4                set_pwr_mode_stop
 .text.ring_buffer_init
                0x000000000000493e       0x46 ./User/ring_buffer.o
                0x000000000000493e                ring_buffer_init
 .text.ring_buffer_push
                0x0000000000004984       0x98 ./User/ring_buffer.o
                0x0000000000004984                ring_buffer_push
 .text.ring_buffer_pop
                0x0000000000004a1c       0x58 ./User/ring_buffer.o
                0x0000000000004a1c                ring_buffer_pop
 .text.SPI_FullDuplex_Init
                0x0000000000004a74       0x76 ./User/spi.o
                0x0000000000004a74                SPI_FullDuplex_Init
 .text.spi_DMA_Tx_Init
                0x0000000000004aea       0x58 ./User/spi.o
                0x0000000000004aea                spi_DMA_Tx_Init
 .text.rgb_spi_pkg_gen
                0x0000000000004b42       0x54 ./User/spi.o
                0x0000000000004b42                rgb_spi_pkg_gen
 .text.set_led_rgb
                0x0000000000004b96       0x7e ./User/spi.o
                0x0000000000004b96                set_led_rgb
 .text.flush_spi_tx_seq
                0x0000000000004c14      0x176 ./User/spi.o
                0x0000000000004c14                flush_spi_tx_seq
 .text.flush_rgb
                0x0000000000004d8a       0x44 ./User/spi.o
                0x0000000000004d8a                flush_rgb
 .text.spi_init
                0x0000000000004dce       0x44 ./User/spi.o
                0x0000000000004dce                spi_init
 .text.DMA1_Channel3_IRQHandler
                0x0000000000004e12       0x2e ./User/spi.o
                0x0000000000004e12                DMA1_Channel3_IRQHandler
 .text.SetSysClockTo72_HSI
                0x0000000000004e40       0x86 ./User/system_ch32v10x.o
 .text.SystemInit
                0x0000000000004ec6       0x44 ./User/system_ch32v10x.o
                0x0000000000004ec6                SystemInit
 .text.SystemCoreClockUpdate
                0x0000000000004f0a       0x76 ./User/system_ch32v10x.o
                0x0000000000004f0a                SystemCoreClockUpdate
 .text.SetSysClock
                0x0000000000004f80        0x4 ./User/system_ch32v10x.o
                0x0000000000004f80                SetSysClock
 .text.TIM2_IRQHandler
                0x0000000000004f84       0x28 ./User/tick.o
                0x0000000000004f84                TIM2_IRQHandler
 .text._systick_init
                0x0000000000004fac       0x66 ./User/tick.o
                0x0000000000004fac                _systick_init
 .text.SysTick_Init
                0x0000000000005012       0x12 ./User/tick.o
                0x0000000000005012                SysTick_Init
 .text.Get_Systick_US
                0x0000000000005024       0x18 ./User/tick.o
                0x0000000000005024                Get_Systick_US
 .text.Get_Systick_MS
                0x000000000000503c        0x6 ./User/tick.o
                0x000000000000503c                Get_Systick_MS
 .text.HighPrecisionTimer_Init
                0x0000000000005042       0x16 ./User/tick.o
                0x0000000000005042                HighPrecisionTimer_Init
 .text.wait_nonblocking_us
                0x0000000000005058       0x3c ./User/tick.o
                0x0000000000005058                wait_nonblocking_us
 .text.Delay_Us
                0x0000000000005094       0x20 ./User/tick.o
                0x0000000000005094                Delay_Us
 .text.Delay_Ms
                0x00000000000050b4       0x18 ./User/tick.o
                0x00000000000050b4                Delay_Ms
 .text.decode_uart_pkt.part.0
                0x00000000000050cc       0x52 ./User/uart.o
 .text.UART1_DMA_Init
                0x000000000000511e       0xae ./User/uart.o
                0x000000000000511e                UART1_DMA_Init
 .text.UART1_Init
                0x00000000000051cc       0xce ./User/uart.o
                0x00000000000051cc                UART1_Init
 .text.UART1_DMA_Tx
                0x000000000000529a       0x48 ./User/uart.o
                0x000000000000529a                UART1_DMA_Tx
 .text.UART1_Tx_Service
                0x00000000000052e2       0xb6 ./User/uart.o
                0x00000000000052e2                UART1_Tx_Service
 .text.encode_uart_pkt
                0x0000000000005398       0xae ./User/uart.o
                0x0000000000005398                encode_uart_pkt
 .text.check_uart_pkt
                0x0000000000005446       0x34 ./User/uart.o
                0x0000000000005446                check_uart_pkt
 .text.UART1_Rx_Service
                0x000000000000547a      0x14c ./User/uart.o
                0x000000000000547a                UART1_Rx_Service
 .text.send_uart_pkt
                0x00000000000055c6       0x4c ./User/uart.o
                0x00000000000055c6                send_uart_pkt
 .text.uart_conf_write
                0x0000000000005612       0x6a ./User/uart_com.o
                0x0000000000005612                uart_conf_write
 .text.send_input_with_uart
                0x000000000000567c       0x40 ./User/uart_com.o
                0x000000000000567c                send_input_with_uart
 .text.start_connect
                0x00000000000056bc       0x6e ./User/uart_com.o
                0x00000000000056bc                start_connect
 .text.wake_esp32
                0x000000000000572a       0x38 ./User/uart_com.o
                0x000000000000572a                wake_esp32
 .text.recv_esp32_connect_control
                0x0000000000005762       0xe2 ./User/uart_com.o
                0x0000000000005762                recv_esp32_connect_control
 .text.recv_rumble_frame
                0x0000000000005844       0x24 ./User/uart_com.o
                0x0000000000005844                recv_rumble_frame
 .text.recv_pwr_control
                0x0000000000005868       0x58 ./User/uart_com.o
                0x0000000000005868                recv_pwr_control
 .text.recv_flash_operation
                0x00000000000058c0       0xf2 ./User/uart_com.o
                0x00000000000058c0                recv_flash_operation
 .text.recv_esp32_pkg
                0x00000000000059b2       0x4c ./User/uart_com.o
                0x00000000000059b2                recv_esp32_pkg
 .text.connection_state_handler
                0x00000000000059fe      0x12e ./User/uart_com.o
                0x00000000000059fe                connection_state_handler
 .text.uart_com_task
                0x0000000000005b2c       0x62 ./User/uart_com.o
                0x0000000000005b2c                uart_com_task
 .text.ns_set_peripheral_data_getter
                0x0000000000005b8e        0x6 ./User/usbd_compatibility_hid.o
                0x0000000000005b8e                ns_set_peripheral_data_getter
 .text.ns_hid_get_packet_timer
                0x0000000000005b94       0x3e ./User/usbd_compatibility_hid.o
                0x0000000000005b94                ns_hid_get_packet_timer
 .text.rpt_warpper
                0x0000000000005bd2       0x66 ./User/usbd_compatibility_hid.o
                0x0000000000005bd2                rpt_warpper
 .text.set_imu_available
                0x0000000000005c38        0x6 ./User/usbd_compatibility_hid.o
                0x0000000000005c38                set_imu_available
 .text.hid_init
                0x0000000000005c3e        0xe ./User/usbd_compatibility_hid.o
                0x0000000000005c3e                hid_init
 .text.hid_tx_service
                0x0000000000005c4c      0x10c ./User/usbd_compatibility_hid.o
                0x0000000000005c4c                hid_tx_service
 .text.hid_rx_service
                0x0000000000005d58       0x56 ./User/usbd_compatibility_hid.o
                0x0000000000005d58                hid_rx_service
 .text.soft_watchdog_feed
                0x0000000000005dae       0x10 ./User/watchdog.o
                0x0000000000005dae                soft_watchdog_feed
 .text.TIM4_IRQHandler
                0x0000000000005dbe       0x46 ./User/watchdog.o
                0x0000000000005dbe                TIM4_IRQHandler
 .text.vector_handler
                0x0000000000005e04        0x2 ./Startup/startup_ch32v10x.o
                0x0000000000005e04                EXTI2_IRQHandler
                0x0000000000005e04                TIM1_CC_IRQHandler
                0x0000000000005e04                SysTick_Handler
                0x0000000000005e04                PVD_IRQHandler
                0x0000000000005e04                EXTI3_IRQHandler
                0x0000000000005e04                EXTI0_IRQHandler
                0x0000000000005e04                I2C2_EV_IRQHandler
                0x0000000000005e04                ADC1_2_IRQHandler
                0x0000000000005e04                SPI1_IRQHandler
                0x0000000000005e04                TAMPER_IRQHandler
                0x0000000000005e04                DMA1_Channel4_IRQHandler
                0x0000000000005e04                USART3_IRQHandler
                0x0000000000005e04                RTC_IRQHandler
                0x0000000000005e04                DMA1_Channel7_IRQHandler
                0x0000000000005e04                I2C1_EV_IRQHandler
                0x0000000000005e04                DMA1_Channel6_IRQHandler
                0x0000000000005e04                RCC_IRQHandler
                0x0000000000005e04                TIM1_TRG_COM_IRQHandler
                0x0000000000005e04                DMA1_Channel1_IRQHandler
                0x0000000000005e04                EXTI15_10_IRQHandler
                0x0000000000005e04                EXTI9_5_IRQHandler
                0x0000000000005e04                SPI2_IRQHandler
                0x0000000000005e04                DMA1_Channel5_IRQHandler
                0x0000000000005e04                EXTI4_IRQHandler
                0x0000000000005e04                TIM1_UP_IRQHandler
                0x0000000000005e04                WWDG_IRQHandler
                0x0000000000005e04                SW_Handler
                0x0000000000005e04                TIM1_BRK_IRQHandler
                0x0000000000005e04                EXTI1_IRQHandler
                0x0000000000005e04                RTCAlarm_IRQHandler
                0x0000000000005e04                USART2_IRQHandler
                0x0000000000005e04                DMA1_Channel2_IRQHandler
                0x0000000000005e04                FLASH_IRQHandler
                0x0000000000005e04                USART1_IRQHandler
                0x0000000000005e04                I2C1_ER_IRQHandler
                0x0000000000005e04                USBWakeUp_IRQHandler
 .text.handle_reset
                0x0000000000005e06       0x7e ./Startup/startup_ch32v10x.o
                0x0000000000005e06                handle_reset
 .text.ADC_DeInit
                0x0000000000005e84       0x2a ./Peripheral/src/ch32v10x_adc.o
                0x0000000000005e84                ADC_DeInit
 .text.ADC_Init
                0x0000000000005eae       0x50 ./Peripheral/src/ch32v10x_adc.o
                0x0000000000005eae                ADC_Init
 .text.ADC_Cmd  0x0000000000005efe       0x10 ./Peripheral/src/ch32v10x_adc.o
                0x0000000000005efe                ADC_Cmd
 .text.ADC_DMACmd
                0x0000000000005f0e       0x12 ./Peripheral/src/ch32v10x_adc.o
                0x0000000000005f0e                ADC_DMACmd
 .text.ADC_ResetCalibration
                0x0000000000005f20        0xa ./Peripheral/src/ch32v10x_adc.o
                0x0000000000005f20                ADC_ResetCalibration
 .text.ADC_GetResetCalibrationStatus
                0x0000000000005f2a        0x8 ./Peripheral/src/ch32v10x_adc.o
                0x0000000000005f2a                ADC_GetResetCalibrationStatus
 .text.ADC_StartCalibration
                0x0000000000005f32        0xa ./Peripheral/src/ch32v10x_adc.o
                0x0000000000005f32                ADC_StartCalibration
 .text.ADC_GetCalibrationStatus
                0x0000000000005f3c        0x8 ./Peripheral/src/ch32v10x_adc.o
                0x0000000000005f3c                ADC_GetCalibrationStatus
 .text.ADC_SoftwareStartConvCmd
                0x0000000000005f44       0x18 ./Peripheral/src/ch32v10x_adc.o
                0x0000000000005f44                ADC_SoftwareStartConvCmd
 .text.ADC_RegularChannelConfig
                0x0000000000005f5c       0xb8 ./Peripheral/src/ch32v10x_adc.o
                0x0000000000005f5c                ADC_RegularChannelConfig
 .text.Get_CalibrationValue
                0x0000000000006014      0x182 ./Peripheral/src/ch32v10x_adc.o
                0x0000000000006014                Get_CalibrationValue
 .text.DMA_DeInit
                0x0000000000006196       0xe0 ./Peripheral/src/ch32v10x_dma.o
                0x0000000000006196                DMA_DeInit
 .text.DMA_Init
                0x0000000000006276       0x38 ./Peripheral/src/ch32v10x_dma.o
                0x0000000000006276                DMA_Init
 .text.DMA_Cmd  0x00000000000062ae       0x14 ./Peripheral/src/ch32v10x_dma.o
                0x00000000000062ae                DMA_Cmd
 .text.DMA_GetCurrDataCounter
                0x00000000000062c2        0x8 ./Peripheral/src/ch32v10x_dma.o
                0x00000000000062c2                DMA_GetCurrDataCounter
 .text.DMA_GetFlagStatus
                0x00000000000062ca       0x20 ./Peripheral/src/ch32v10x_dma.o
                0x00000000000062ca                DMA_GetFlagStatus
 .text.DMA_ClearFlag
                0x00000000000062ea       0x1a ./Peripheral/src/ch32v10x_dma.o
                0x00000000000062ea                DMA_ClearFlag
 .text.DMA_GetITStatus
                0x0000000000006304        0x4 ./Peripheral/src/ch32v10x_dma.o
                0x0000000000006304                DMA_GetITStatus
 .text.DMA_ClearITPendingBit
                0x0000000000006308        0x4 ./Peripheral/src/ch32v10x_dma.o
                0x0000000000006308                DMA_ClearITPendingBit
 .text.EXTI_Init
                0x000000000000630c       0x62 ./Peripheral/src/ch32v10x_exti.o
                0x000000000000630c                EXTI_Init
 .text.ROM_ERASE
                0x000000000000636e       0x80 ./Peripheral/src/ch32v10x_flash.o
 .text.FLASH_ROM_ERASE
                0x00000000000063ee      0x11a ./Peripheral/src/ch32v10x_flash.o
                0x00000000000063ee                FLASH_ROM_ERASE
 .text.FLASH_ROM_WRITE
                0x0000000000006508      0x11a ./Peripheral/src/ch32v10x_flash.o
                0x0000000000006508                FLASH_ROM_WRITE
 .text.GPIO_Init
                0x0000000000006622       0xbe ./Peripheral/src/ch32v10x_gpio.o
                0x0000000000006622                GPIO_Init
 .text.GPIO_ReadInputDataBit
                0x00000000000066e0        0xc ./Peripheral/src/ch32v10x_gpio.o
                0x00000000000066e0                GPIO_ReadInputDataBit
 .text.GPIO_SetBits
                0x00000000000066ec        0x4 ./Peripheral/src/ch32v10x_gpio.o
                0x00000000000066ec                GPIO_SetBits
 .text.GPIO_ResetBits
                0x00000000000066f0        0x4 ./Peripheral/src/ch32v10x_gpio.o
                0x00000000000066f0                GPIO_ResetBits
 .text.GPIO_EXTILineConfig
                0x00000000000066f4       0x2c ./Peripheral/src/ch32v10x_gpio.o
                0x00000000000066f4                GPIO_EXTILineConfig
 .text.I2C_DeInit
                0x0000000000006720       0x32 ./Peripheral/src/ch32v10x_i2c.o
                0x0000000000006720                I2C_DeInit
 .text.I2C_Init
                0x0000000000006752      0x112 ./Peripheral/src/ch32v10x_i2c.o
                0x0000000000006752                I2C_Init
 .text.I2C_Cmd  0x0000000000006864       0x1c ./Peripheral/src/ch32v10x_i2c.o
                0x0000000000006864                I2C_Cmd
 .text.I2C_GenerateSTART
                0x0000000000006880       0x1e ./Peripheral/src/ch32v10x_i2c.o
                0x0000000000006880                I2C_GenerateSTART
 .text.I2C_GenerateSTOP
                0x000000000000689e       0x1e ./Peripheral/src/ch32v10x_i2c.o
                0x000000000000689e                I2C_GenerateSTOP
 .text.I2C_AcknowledgeConfig
                0x00000000000068bc       0x1e ./Peripheral/src/ch32v10x_i2c.o
                0x00000000000068bc                I2C_AcknowledgeConfig
 .text.I2C_SendData
                0x00000000000068da        0x6 ./Peripheral/src/ch32v10x_i2c.o
                0x00000000000068da                I2C_SendData
 .text.I2C_ReceiveData
                0x00000000000068e0        0xa ./Peripheral/src/ch32v10x_i2c.o
                0x00000000000068e0                I2C_ReceiveData
 .text.I2C_Send7bitAddress
                0x00000000000068ea       0x10 ./Peripheral/src/ch32v10x_i2c.o
                0x00000000000068ea                I2C_Send7bitAddress
 .text.I2C_SoftwareResetCmd
                0x00000000000068fa       0x16 ./Peripheral/src/ch32v10x_i2c.o
                0x00000000000068fa                I2C_SoftwareResetCmd
 .text.I2C_NACKPositionConfig
                0x0000000000006910       0x26 ./Peripheral/src/ch32v10x_i2c.o
                0x0000000000006910                I2C_NACKPositionConfig
 .text.I2C_CheckEvent
                0x0000000000006936       0x1a ./Peripheral/src/ch32v10x_i2c.o
                0x0000000000006936                I2C_CheckEvent
 .text.I2C_GetFlagStatus
                0x0000000000006950       0x32 ./Peripheral/src/ch32v10x_i2c.o
                0x0000000000006950                I2C_GetFlagStatus
 .text.NVIC_PriorityGroupConfig
                0x0000000000006982       0x10 ./Peripheral/src/ch32v10x_misc.o
                0x0000000000006982                NVIC_PriorityGroupConfig
 .text.NVIC_Init
                0x0000000000006992       0x6e ./Peripheral/src/ch32v10x_misc.o
                0x0000000000006992                NVIC_Init
 .text.PWR_PVDCmd
                0x0000000000006a00       0x14 ./Peripheral/src/ch32v10x_pwr.o
                0x0000000000006a00                PWR_PVDCmd
 .text.PWR_PVDLevelConfig
                0x0000000000006a14       0x10 ./Peripheral/src/ch32v10x_pwr.o
                0x0000000000006a14                PWR_PVDLevelConfig
 .text.PWR_EnterSTOPMode
                0x0000000000006a24       0x62 ./Peripheral/src/ch32v10x_pwr.o
                0x0000000000006a24                PWR_EnterSTOPMode
 .text.PWR_GetFlagStatus
                0x0000000000006a86        0xe ./Peripheral/src/ch32v10x_pwr.o
                0x0000000000006a86                PWR_GetFlagStatus
 .text.PWR_VDD_SupplyVoltage
                0x0000000000006a94       0x42 ./Peripheral/src/ch32v10x_pwr.o
                0x0000000000006a94                PWR_VDD_SupplyVoltage
 .text.RCC_USBCLKConfig
                0x0000000000006ad6       0x24 ./Peripheral/src/ch32v10x_rcc.o
                0x0000000000006ad6                RCC_USBCLKConfig
 .text.RCC_ADCCLKConfig
                0x0000000000006afa       0x12 ./Peripheral/src/ch32v10x_rcc.o
                0x0000000000006afa                RCC_ADCCLKConfig
 .text.RCC_LSICmd
                0x0000000000006b0c       0x14 ./Peripheral/src/ch32v10x_rcc.o
                0x0000000000006b0c                RCC_LSICmd
 .text.RCC_GetClocksFreq
                0x0000000000006b20       0xb0 ./Peripheral/src/ch32v10x_rcc.o
                0x0000000000006b20                RCC_GetClocksFreq
 .text.RCC_AHBPeriphClockCmd
                0x0000000000006bd0       0x1e ./Peripheral/src/ch32v10x_rcc.o
                0x0000000000006bd0                RCC_AHBPeriphClockCmd
 .text.RCC_APB2PeriphClockCmd
                0x0000000000006bee       0x1e ./Peripheral/src/ch32v10x_rcc.o
                0x0000000000006bee                RCC_APB2PeriphClockCmd
 .text.RCC_APB1PeriphClockCmd
                0x0000000000006c0c       0x1e ./Peripheral/src/ch32v10x_rcc.o
                0x0000000000006c0c                RCC_APB1PeriphClockCmd
 .text.RCC_APB2PeriphResetCmd
                0x0000000000006c2a       0x1e ./Peripheral/src/ch32v10x_rcc.o
                0x0000000000006c2a                RCC_APB2PeriphResetCmd
 .text.RCC_APB1PeriphResetCmd
                0x0000000000006c48       0x1e ./Peripheral/src/ch32v10x_rcc.o
                0x0000000000006c48                RCC_APB1PeriphResetCmd
 .text.RCC_GetFlagStatus
                0x0000000000006c66       0x2e ./Peripheral/src/ch32v10x_rcc.o
                0x0000000000006c66                RCC_GetFlagStatus
 .text.SPI_Init
                0x0000000000006c94       0x5a ./Peripheral/src/ch32v10x_spi.o
                0x0000000000006c94                SPI_Init
 .text.SPI_Cmd  0x0000000000006cee       0x1e ./Peripheral/src/ch32v10x_spi.o
                0x0000000000006cee                SPI_Cmd
 .text.SPI_I2S_DMACmd
                0x0000000000006d0c       0x16 ./Peripheral/src/ch32v10x_spi.o
                0x0000000000006d0c                SPI_I2S_DMACmd
 .text.TIM_TimeBaseInit
                0x0000000000006d22       0x78 ./Peripheral/src/ch32v10x_tim.o
                0x0000000000006d22                TIM_TimeBaseInit
 .text.TIM_OC1Init
                0x0000000000006d9a       0x88 ./Peripheral/src/ch32v10x_tim.o
                0x0000000000006d9a                TIM_OC1Init
 .text.TIM_OC3Init
                0x0000000000006e22       0xb0 ./Peripheral/src/ch32v10x_tim.o
                0x0000000000006e22                TIM_OC3Init
 .text.TIM_OC4Init
                0x0000000000006ed2       0x80 ./Peripheral/src/ch32v10x_tim.o
                0x0000000000006ed2                TIM_OC4Init
 .text.TIM_Cmd  0x0000000000006f52       0x1c ./Peripheral/src/ch32v10x_tim.o
                0x0000000000006f52                TIM_Cmd
 .text.TIM_CtrlPWMOutputs
                0x0000000000006f6e       0x16 ./Peripheral/src/ch32v10x_tim.o
                0x0000000000006f6e                TIM_CtrlPWMOutputs
 .text.TIM_ITConfig
                0x0000000000006f84       0x16 ./Peripheral/src/ch32v10x_tim.o
                0x0000000000006f84                TIM_ITConfig
 .text.TIM_ARRPreloadConfig
                0x0000000000006f9a       0x1e ./Peripheral/src/ch32v10x_tim.o
                0x0000000000006f9a                TIM_ARRPreloadConfig
 .text.TIM_OC1PreloadConfig
                0x0000000000006fb8       0x12 ./Peripheral/src/ch32v10x_tim.o
                0x0000000000006fb8                TIM_OC1PreloadConfig
 .text.TIM_OC2PreloadConfig
                0x0000000000006fca       0x1a ./Peripheral/src/ch32v10x_tim.o
                0x0000000000006fca                TIM_OC2PreloadConfig
 .text.TIM_OC3PreloadConfig
                0x0000000000006fe4       0x12 ./Peripheral/src/ch32v10x_tim.o
                0x0000000000006fe4                TIM_OC3PreloadConfig
 .text.TIM_OC4PreloadConfig
                0x0000000000006ff6       0x1a ./Peripheral/src/ch32v10x_tim.o
                0x0000000000006ff6                TIM_OC4PreloadConfig
 .text.TIM_SetCompare1
                0x0000000000007010        0x6 ./Peripheral/src/ch32v10x_tim.o
                0x0000000000007010                TIM_SetCompare1
 .text.TIM_SetCompare2
                0x0000000000007016        0x6 ./Peripheral/src/ch32v10x_tim.o
                0x0000000000007016                TIM_SetCompare2
 .text.TIM_SetCompare3
                0x000000000000701c        0x6 ./Peripheral/src/ch32v10x_tim.o
                0x000000000000701c                TIM_SetCompare3
 .text.TIM_SetCompare4
                0x0000000000007022        0x6 ./Peripheral/src/ch32v10x_tim.o
                0x0000000000007022                TIM_SetCompare4
 .text.TIM_GetFlagStatus
                0x0000000000007028        0xc ./Peripheral/src/ch32v10x_tim.o
                0x0000000000007028                TIM_GetFlagStatus
 .text.TIM_GetITStatus
                0x0000000000007034       0x1c ./Peripheral/src/ch32v10x_tim.o
                0x0000000000007034                TIM_GetITStatus
 .text.TIM_ClearITPendingBit
                0x0000000000007050        0xe ./Peripheral/src/ch32v10x_tim.o
                0x0000000000007050                TIM_ClearITPendingBit
 .text.USART_Init
                0x000000000000705e       0xa6 ./Peripheral/src/ch32v10x_usart.o
                0x000000000000705e                USART_Init
 .text.USART_Cmd
                0x0000000000007104       0x18 ./Peripheral/src/ch32v10x_usart.o
                0x0000000000007104                USART_Cmd
 .text.USART_DMACmd
                0x000000000000711c       0x16 ./Peripheral/src/ch32v10x_usart.o
                0x000000000000711c                USART_DMACmd
 .text.USART_GetFlagStatus
                0x0000000000007132        0xc ./Peripheral/src/ch32v10x_usart.o
                0x0000000000007132                USART_GetFlagStatus
 .text.USART_ClearFlag
                0x000000000000713e        0xe ./Peripheral/src/ch32v10x_usart.o
                0x000000000000713e                USART_ClearFlag
 .text.USART_printf_Init
                0x000000000000714c        0x2 ./Debug/debug.o
                0x000000000000714c                USART_printf_Init
 .text._write   0x000000000000714e        0x4 ./Debug/debug.o
                0x000000000000714e                _write
 .text._sbrk    0x0000000000007152       0x2a ./Debug/debug.o
                0x0000000000007152                _sbrk
 .text.sqrtf    0x000000000000717c       0x48 d:/mounriver_studio/toolchain/risc-v embedded gcc12/bin/../lib/gcc/riscv-none-elf/12.2.0/../../../../riscv-none-elf/lib\libm_nano.a(lib_a-wf_sqrt.o)
                0x000000000000717c                sqrtf
 .text.__ieee754_sqrtf
                0x00000000000071c4      0x114 d:/mounriver_studio/toolchain/risc-v embedded gcc12/bin/../lib/gcc/riscv-none-elf/12.2.0/../../../../riscv-none-elf/lib\libm_nano.a(lib_a-ef_sqrt.o)
                0x00000000000071c4                __ieee754_sqrtf
 .text.__udivdi3
                0x00000000000072d8      0x3b0 d:/mounriver_studio/toolchain/risc-v embedded gcc12/bin/../lib/gcc/riscv-none-elf/12.2.0\libgcc.a(_udivdi3.o)
                0x00000000000072d8                __udivdi3
 .text.__adddf3
                0x0000000000007688      0x6e8 d:/mounriver_studio/toolchain/risc-v embedded gcc12/bin/../lib/gcc/riscv-none-elf/12.2.0\libgcc.a(adddf3.o)
                0x0000000000007688                __adddf3
 .text.__divdf3
                0x0000000000007d70      0x5ae d:/mounriver_studio/toolchain/risc-v embedded gcc12/bin/../lib/gcc/riscv-none-elf/12.2.0\libgcc.a(divdf3.o)
                0x0000000000007d70                __divdf3
 .text.__muldf3
                0x000000000000831e      0x54a d:/mounriver_studio/toolchain/risc-v embedded gcc12/bin/../lib/gcc/riscv-none-elf/12.2.0\libgcc.a(muldf3.o)
                0x000000000000831e                __muldf3
 .text.__subdf3
                0x0000000000008868      0x736 d:/mounriver_studio/toolchain/risc-v embedded gcc12/bin/../lib/gcc/riscv-none-elf/12.2.0\libgcc.a(subdf3.o)
                0x0000000000008868                __subdf3
 .text.__floatsidf
                0x0000000000008f9e       0x70 d:/mounriver_studio/toolchain/risc-v embedded gcc12/bin/../lib/gcc/riscv-none-elf/12.2.0\libgcc.a(floatsidf.o)
                0x0000000000008f9e                __floatsidf
 .text.__floatunsidf
                0x000000000000900e       0x70 d:/mounriver_studio/toolchain/risc-v embedded gcc12/bin/../lib/gcc/riscv-none-elf/12.2.0\libgcc.a(floatunsidf.o)
                0x000000000000900e                __floatunsidf
 .text.__addsf3
                0x000000000000907e      0x368 d:/mounriver_studio/toolchain/risc-v embedded gcc12/bin/../lib/gcc/riscv-none-elf/12.2.0\libgcc.a(addsf3.o)
                0x000000000000907e                __addsf3
 .text.__divsf3
                0x00000000000093e6      0x2ea d:/mounriver_studio/toolchain/risc-v embedded gcc12/bin/../lib/gcc/riscv-none-elf/12.2.0\libgcc.a(divsf3.o)
                0x00000000000093e6                __divsf3
 .text.__gesf2  0x00000000000096d0       0x96 d:/mounriver_studio/toolchain/risc-v embedded gcc12/bin/../lib/gcc/riscv-none-elf/12.2.0\libgcc.a(gesf2.o)
                0x00000000000096d0                __gesf2
                0x00000000000096d0                __gtsf2
 .text.__lesf2  0x0000000000009766       0x98 d:/mounriver_studio/toolchain/risc-v embedded gcc12/bin/../lib/gcc/riscv-none-elf/12.2.0\libgcc.a(lesf2.o)
                0x0000000000009766                __ltsf2
                0x0000000000009766                __lesf2
 .text.__mulsf3
                0x00000000000097fe      0x2d8 d:/mounriver_studio/toolchain/risc-v embedded gcc12/bin/../lib/gcc/riscv-none-elf/12.2.0\libgcc.a(mulsf3.o)
                0x00000000000097fe                __mulsf3
 .text.__subsf3
                0x0000000000009ad6      0x38c d:/mounriver_studio/toolchain/risc-v embedded gcc12/bin/../lib/gcc/riscv-none-elf/12.2.0\libgcc.a(subsf3.o)
                0x0000000000009ad6                __subsf3
 .text.__unordsf2
                0x0000000000009e62       0x3c d:/mounriver_studio/toolchain/risc-v embedded gcc12/bin/../lib/gcc/riscv-none-elf/12.2.0\libgcc.a(unordsf2.o)
                0x0000000000009e62                __unordsf2
 .text.__fixsfsi
                0x0000000000009e9e       0x60 d:/mounriver_studio/toolchain/risc-v embedded gcc12/bin/../lib/gcc/riscv-none-elf/12.2.0\libgcc.a(fixsfsi.o)
                0x0000000000009e9e                __fixsfsi
 .text.__floatsisf
                0x0000000000009efe       0xcc d:/mounriver_studio/toolchain/risc-v embedded gcc12/bin/../lib/gcc/riscv-none-elf/12.2.0\libgcc.a(floatsisf.o)
                0x0000000000009efe                __floatsisf
 .text.__truncdfsf2
                0x0000000000009fca      0x16c d:/mounriver_studio/toolchain/risc-v embedded gcc12/bin/../lib/gcc/riscv-none-elf/12.2.0\libgcc.a(truncdfsf2.o)
                0x0000000000009fca                __truncdfsf2
 .text.__clzsi2
                0x000000000000a136       0x6e d:/mounriver_studio/toolchain/risc-v embedded gcc12/bin/../lib/gcc/riscv-none-elf/12.2.0\libgcc.a(_clzsi2.o)
                0x000000000000a136                __clzsi2
 .text.__errno  0x000000000000a1a4        0x6 d:/mounriver_studio/toolchain/risc-v embedded gcc12/bin/../lib/gcc/riscv-none-elf/12.2.0/../../../../riscv-none-elf/lib\libg_nano.a(lib_a-errno.o)
                0x000000000000a1a4                __errno
 .text.printf   0x000000000000a1aa       0x3a d:/mounriver_studio/toolchain/risc-v embedded gcc12/bin/../lib/gcc/riscv-none-elf/12.2.0/../../../../riscv-none-elf/lib\libg_nano.a(lib_a-printf.o)
                0x000000000000a1aa                iprintf
                0x000000000000a1aa                printf
 .text._puts_r  0x000000000000a1e4      0x10e d:/mounriver_studio/toolchain/risc-v embedded gcc12/bin/../lib/gcc/riscv-none-elf/12.2.0/../../../../riscv-none-elf/lib\libg_nano.a(lib_a-puts.o)
                0x000000000000a1e4                _puts_r
 .text.puts     0x000000000000a2f2        0xa d:/mounriver_studio/toolchain/risc-v embedded gcc12/bin/../lib/gcc/riscv-none-elf/12.2.0/../../../../riscv-none-elf/lib\libg_nano.a(lib_a-puts.o)
                0x000000000000a2f2                puts
 .text.__swbuf_r
                0x000000000000a2fc       0xc0 d:/mounriver_studio/toolchain/risc-v embedded gcc12/bin/../lib/gcc/riscv-none-elf/12.2.0/../../../../riscv-none-elf/lib\libg_nano.a(lib_a-wbuf.o)
                0x000000000000a2fc                __swbuf_r
 .text.__swsetup_r
                0x000000000000a3bc       0xfa d:/mounriver_studio/toolchain/risc-v embedded gcc12/bin/../lib/gcc/riscv-none-elf/12.2.0/../../../../riscv-none-elf/lib\libg_nano.a(lib_a-wsetup.o)
                0x000000000000a3bc                __swsetup_r
 .text.__sflush_r
                0x000000000000a4b6      0x138 d:/mounriver_studio/toolchain/risc-v embedded gcc12/bin/../lib/gcc/riscv-none-elf/12.2.0/../../../../riscv-none-elf/lib\libg_nano.a(lib_a-fflush.o)
                0x000000000000a4b6                __sflush_r
 .text._fflush_r
                0x000000000000a5ee       0x8a d:/mounriver_studio/toolchain/risc-v embedded gcc12/bin/../lib/gcc/riscv-none-elf/12.2.0/../../../../riscv-none-elf/lib\libg_nano.a(lib_a-fflush.o)
                0x000000000000a5ee                _fflush_r
 .text.std      0x000000000000a678       0x6a d:/mounriver_studio/toolchain/risc-v embedded gcc12/bin/../lib/gcc/riscv-none-elf/12.2.0/../../../../riscv-none-elf/lib\libg_nano.a(lib_a-findfp.o)
 .text._cleanup_r
                0x000000000000a6e2        0xa d:/mounriver_studio/toolchain/risc-v embedded gcc12/bin/../lib/gcc/riscv-none-elf/12.2.0/../../../../riscv-none-elf/lib\libg_nano.a(lib_a-findfp.o)
                0x000000000000a6e2                _cleanup_r
 .text.__sfmoreglue
                0x000000000000a6ec       0x46 d:/mounriver_studio/toolchain/risc-v embedded gcc12/bin/../lib/gcc/riscv-none-elf/12.2.0/../../../../riscv-none-elf/lib\libg_nano.a(lib_a-findfp.o)
                0x000000000000a6ec                __sfmoreglue
 .text.__sfp_lock_acquire
                0x000000000000a732        0x6 d:/mounriver_studio/toolchain/risc-v embedded gcc12/bin/../lib/gcc/riscv-none-elf/12.2.0/../../../../riscv-none-elf/lib\libg_nano.a(lib_a-findfp.o)
                0x000000000000a732                __sfp_lock_acquire
 .text.__sfp_lock_release
                0x000000000000a738        0x6 d:/mounriver_studio/toolchain/risc-v embedded gcc12/bin/../lib/gcc/riscv-none-elf/12.2.0/../../../../riscv-none-elf/lib\libg_nano.a(lib_a-findfp.o)
                0x000000000000a738                __sfp_lock_release
 .text.__sinit_lock_acquire
                0x000000000000a73e        0x6 d:/mounriver_studio/toolchain/risc-v embedded gcc12/bin/../lib/gcc/riscv-none-elf/12.2.0/../../../../riscv-none-elf/lib\libg_nano.a(lib_a-findfp.o)
                0x000000000000a73e                __sinit_lock_acquire
 .text.__sinit_lock_release
                0x000000000000a744        0x6 d:/mounriver_studio/toolchain/risc-v embedded gcc12/bin/../lib/gcc/riscv-none-elf/12.2.0/../../../../riscv-none-elf/lib\libg_nano.a(lib_a-findfp.o)
                0x000000000000a744                __sinit_lock_release
 .text.__sinit  0x000000000000a74a       0x72 d:/mounriver_studio/toolchain/risc-v embedded gcc12/bin/../lib/gcc/riscv-none-elf/12.2.0/../../../../riscv-none-elf/lib\libg_nano.a(lib_a-findfp.o)
                0x000000000000a74a                __sinit
 .text.__sfp    0x000000000000a7bc       0xb0 d:/mounriver_studio/toolchain/risc-v embedded gcc12/bin/../lib/gcc/riscv-none-elf/12.2.0/../../../../riscv-none-elf/lib\libg_nano.a(lib_a-findfp.o)
                0x000000000000a7bc                __sfp
 .text._fwalk_reent
                0x000000000000a86c       0x6a d:/mounriver_studio/toolchain/risc-v embedded gcc12/bin/../lib/gcc/riscv-none-elf/12.2.0/../../../../riscv-none-elf/lib\libg_nano.a(lib_a-fwalk.o)
                0x000000000000a86c                _fwalk_reent
 .text.__retarget_lock_init_recursive
                0x000000000000a8d6        0x2 d:/mounriver_studio/toolchain/risc-v embedded gcc12/bin/../lib/gcc/riscv-none-elf/12.2.0/../../../../riscv-none-elf/lib\libg_nano.a(lib_a-lock.o)
                0x000000000000a8d6                __retarget_lock_init_recursive
 .text.__retarget_lock_acquire_recursive
                0x000000000000a8d8        0x2 d:/mounriver_studio/toolchain/risc-v embedded gcc12/bin/../lib/gcc/riscv-none-elf/12.2.0/../../../../riscv-none-elf/lib\libg_nano.a(lib_a-lock.o)
                0x000000000000a8d8                __retarget_lock_acquire_recursive
 .text.__retarget_lock_release_recursive
                0x000000000000a8da        0x2 d:/mounriver_studio/toolchain/risc-v embedded gcc12/bin/../lib/gcc/riscv-none-elf/12.2.0/../../../../riscv-none-elf/lib\libg_nano.a(lib_a-lock.o)
                0x000000000000a8da                __retarget_lock_release_recursive
 .text.__swhatbuf_r
                0x000000000000a8dc       0x5c d:/mounriver_studio/toolchain/risc-v embedded gcc12/bin/../lib/gcc/riscv-none-elf/12.2.0/../../../../riscv-none-elf/lib\libg_nano.a(lib_a-makebuf.o)
                0x000000000000a8dc                __swhatbuf_r
 .text.__smakebuf_r
                0x000000000000a938       0xa4 d:/mounriver_studio/toolchain/risc-v embedded gcc12/bin/../lib/gcc/riscv-none-elf/12.2.0/../../../../riscv-none-elf/lib\libg_nano.a(lib_a-makebuf.o)
                0x000000000000a938                __smakebuf_r
 .text._free_r  0x000000000000a9dc       0x9e d:/mounriver_studio/toolchain/risc-v embedded gcc12/bin/../lib/gcc/riscv-none-elf/12.2.0/../../../../riscv-none-elf/lib\libg_nano.a(lib_a-nano-freer.o)
                0x000000000000a9dc                _free_r
 .text.sbrk_aligned
                0x000000000000aa7a       0x54 d:/mounriver_studio/toolchain/risc-v embedded gcc12/bin/../lib/gcc/riscv-none-elf/12.2.0/../../../../riscv-none-elf/lib\libg_nano.a(lib_a-nano-mallocr.o)
 .text._malloc_r
                0x000000000000aace      0x10c d:/mounriver_studio/toolchain/risc-v embedded gcc12/bin/../lib/gcc/riscv-none-elf/12.2.0/../../../../riscv-none-elf/lib\libg_nano.a(lib_a-nano-mallocr.o)
                0x000000000000aace                _malloc_r
 .text.__sfputc_r
                0x000000000000abda       0x2a d:/mounriver_studio/toolchain/risc-v embedded gcc12/bin/../lib/gcc/riscv-none-elf/12.2.0/../../../../riscv-none-elf/lib\libg_nano.a(lib_a-nano-vfprintf.o)
 .text.__sfputs_r
                0x000000000000ac04       0x44 d:/mounriver_studio/toolchain/risc-v embedded gcc12/bin/../lib/gcc/riscv-none-elf/12.2.0/../../../../riscv-none-elf/lib\libg_nano.a(lib_a-nano-vfprintf.o)
                0x000000000000ac04                __sfputs_r
 .text._vfprintf_r
                0x000000000000ac48      0x2da d:/mounriver_studio/toolchain/risc-v embedded gcc12/bin/../lib/gcc/riscv-none-elf/12.2.0/../../../../riscv-none-elf/lib\libg_nano.a(lib_a-nano-vfprintf.o)
                0x000000000000ac48                _vfprintf_r
                0x000000000000ac48                _vfiprintf_r
 .text._sbrk_r  0x000000000000af22       0x28 d:/mounriver_studio/toolchain/risc-v embedded gcc12/bin/../lib/gcc/riscv-none-elf/12.2.0/../../../../riscv-none-elf/lib\libg_nano.a(lib_a-sbrkr.o)
                0x000000000000af22                _sbrk_r
 .text.__sread  0x000000000000af4a       0x30 d:/mounriver_studio/toolchain/risc-v embedded gcc12/bin/../lib/gcc/riscv-none-elf/12.2.0/../../../../riscv-none-elf/lib\libg_nano.a(lib_a-stdio.o)
                0x000000000000af4a                __sread
 .text.__swrite
                0x000000000000af7a       0x4e d:/mounriver_studio/toolchain/risc-v embedded gcc12/bin/../lib/gcc/riscv-none-elf/12.2.0/../../../../riscv-none-elf/lib\libg_nano.a(lib_a-stdio.o)
                0x000000000000af7a                __swrite
 .text.__sseek  0x000000000000afc8       0x36 d:/mounriver_studio/toolchain/risc-v embedded gcc12/bin/../lib/gcc/riscv-none-elf/12.2.0/../../../../riscv-none-elf/lib\libg_nano.a(lib_a-stdio.o)
                0x000000000000afc8                __sseek
 .text.__sclose
                0x000000000000affe        0x6 d:/mounriver_studio/toolchain/risc-v embedded gcc12/bin/../lib/gcc/riscv-none-elf/12.2.0/../../../../riscv-none-elf/lib\libg_nano.a(lib_a-stdio.o)
                0x000000000000affe                __sclose
 .text._write_r
                0x000000000000b004       0x2c d:/mounriver_studio/toolchain/risc-v embedded gcc12/bin/../lib/gcc/riscv-none-elf/12.2.0/../../../../riscv-none-elf/lib\libg_nano.a(lib_a-writer.o)
                0x000000000000b004                _write_r
 .text._close_r
                0x000000000000b030       0x26 d:/mounriver_studio/toolchain/risc-v embedded gcc12/bin/../lib/gcc/riscv-none-elf/12.2.0/../../../../riscv-none-elf/lib\libg_nano.a(lib_a-closer.o)
                0x000000000000b030                _close_r
 .text._fstat_r
                0x000000000000b056       0x28 d:/mounriver_studio/toolchain/risc-v embedded gcc12/bin/../lib/gcc/riscv-none-elf/12.2.0/../../../../riscv-none-elf/lib\libg_nano.a(lib_a-fstatr.o)
                0x000000000000b056                _fstat_r
 .text._isatty_r
                0x000000000000b07e       0x26 d:/mounriver_studio/toolchain/risc-v embedded gcc12/bin/../lib/gcc/riscv-none-elf/12.2.0/../../../../riscv-none-elf/lib\libg_nano.a(lib_a-isattyr.o)
                0x000000000000b07e                _isatty_r
 .text._lseek_r
                0x000000000000b0a4       0x2a d:/mounriver_studio/toolchain/risc-v embedded gcc12/bin/../lib/gcc/riscv-none-elf/12.2.0/../../../../riscv-none-elf/lib\libg_nano.a(lib_a-lseekr.o)
                0x000000000000b0a4                _lseek_r
 .text.memchr   0x000000000000b0ce       0x1a d:/mounriver_studio/toolchain/risc-v embedded gcc12/bin/../lib/gcc/riscv-none-elf/12.2.0/../../../../riscv-none-elf/lib\libg_nano.a(lib_a-memchr.o)
                0x000000000000b0ce                memchr
 .text.__malloc_lock
                0x000000000000b0e8        0x8 d:/mounriver_studio/toolchain/risc-v embedded gcc12/bin/../lib/gcc/riscv-none-elf/12.2.0/../../../../riscv-none-elf/lib\libg_nano.a(lib_a-mlock.o)
                0x000000000000b0e8                __malloc_lock
 .text.__malloc_unlock
                0x000000000000b0f0        0x8 d:/mounriver_studio/toolchain/risc-v embedded gcc12/bin/../lib/gcc/riscv-none-elf/12.2.0/../../../../riscv-none-elf/lib\libg_nano.a(lib_a-mlock.o)
                0x000000000000b0f0                __malloc_unlock
 .text._printf_common
                0x000000000000b0f8      0x110 d:/mounriver_studio/toolchain/risc-v embedded gcc12/bin/../lib/gcc/riscv-none-elf/12.2.0/../../../../riscv-none-elf/lib\libg_nano.a(lib_a-nano-vfprintf_i.o)
                0x000000000000b0f8                _printf_common
 .text._printf_i
                0x000000000000b208      0x286 d:/mounriver_studio/toolchain/risc-v embedded gcc12/bin/../lib/gcc/riscv-none-elf/12.2.0/../../../../riscv-none-elf/lib\libg_nano.a(lib_a-nano-vfprintf_i.o)
                0x000000000000b208                _printf_i
 .text._read_r  0x000000000000b48e       0x2a d:/mounriver_studio/toolchain/risc-v embedded gcc12/bin/../lib/gcc/riscv-none-elf/12.2.0/../../../../riscv-none-elf/lib\libg_nano.a(lib_a-readr.o)
                0x000000000000b48e                _read_r
 .text._close   0x000000000000b4b8        0xc d:/mounriver_studio/toolchain/risc-v embedded gcc12/bin/../lib/gcc/riscv-none-elf/12.2.0/../../../../riscv-none-elf/lib\libnosys.a(close.o)
                0x000000000000b4b8                _close
 .text._fstat   0x000000000000b4c4        0xc d:/mounriver_studio/toolchain/risc-v embedded gcc12/bin/../lib/gcc/riscv-none-elf/12.2.0/../../../../riscv-none-elf/lib\libnosys.a(fstat.o)
                0x000000000000b4c4                _fstat
 .text._isatty  0x000000000000b4d0        0xc d:/mounriver_studio/toolchain/risc-v embedded gcc12/bin/../lib/gcc/riscv-none-elf/12.2.0/../../../../riscv-none-elf/lib\libnosys.a(isatty.o)
                0x000000000000b4d0                _isatty
 .text._lseek   0x000000000000b4dc        0xc d:/mounriver_studio/toolchain/risc-v embedded gcc12/bin/../lib/gcc/riscv-none-elf/12.2.0/../../../../riscv-none-elf/lib\libnosys.a(lseek.o)
                0x000000000000b4dc                _lseek
 .text._read    0x000000000000b4e8        0xc d:/mounriver_studio/toolchain/risc-v embedded gcc12/bin/../lib/gcc/riscv-none-elf/12.2.0/../../../../riscv-none-elf/lib\libnosys.a(read.o)
                0x000000000000b4e8                _read
 *(.rodata)
 *fill*         0x000000000000b4f4        0x0 
 .rodata        0x000000000000b4f4       0x18 ./User/ns_com.o
 *(.rodata*)
 .rodata.USBFS_IRQHandler
                0x000000000000b50c       0x5c ./User/ch32v10x_usbfs_device.o
 .rodata.top_timer.str1.4
                0x000000000000b568        0xd ./User/main.o
 *fill*         0x000000000000b575        0x3 
 .rodata.init_all.str1.4
                0x000000000000b578       0x14 ./User/main.o
 .rodata.main.str1.4
                0x000000000000b58c        0xf ./User/main.o
 *fill*         0x000000000000b59b        0x1 
 .rodata.ns_mux_usb_handshake_handler
                0x000000000000b59c       0x18 ./User/ns_com_mux.o
 .rodata.fw_subcommand_dispatcher
                0x000000000000b5b4       0x1c ./User/ns_com_mux.o
 .rodata.recv_esp32_connect_control
                0x000000000000b5d0       0x40 ./User/uart_com.o
 .rodata.MySerNumInfo
                0x000000000000b610       0x16 ./User/usb_desc.o
                0x000000000000b610                MySerNumInfo
 *fill*         0x000000000000b626        0x2 
 .rodata.MyProdInfo
                0x000000000000b628       0x2a ./User/usb_desc.o
                0x000000000000b628                MyProdInfo
 *fill*         0x000000000000b652        0x2 
 .rodata.MyManuInfo
                0x000000000000b654        0xa ./User/usb_desc.o
                0x000000000000b654                MyManuInfo
 *fill*         0x000000000000b65e        0x2 
 .rodata.MyHIDReportDesc
                0x000000000000b660       0xdf ./User/usb_desc.o
                0x000000000000b660                MyHIDReportDesc
 *fill*         0x000000000000b73f        0x1 
 .rodata.MyDevDescr
                0x000000000000b740       0x12 ./User/usb_desc.o
                0x000000000000b740                MyDevDescr
 *fill*         0x000000000000b752        0x2 
 .rodata.__divdf3
                0x000000000000b754       0x40 d:/mounriver_studio/toolchain/risc-v embedded gcc12/bin/../lib/gcc/riscv-none-elf/12.2.0\libgcc.a(divdf3.o)
 .rodata.__divsf3
                0x000000000000b794       0xa8 d:/mounriver_studio/toolchain/risc-v embedded gcc12/bin/../lib/gcc/riscv-none-elf/12.2.0\libgcc.a(divsf3.o)
 .rodata.__clz_tab
                0x000000000000b83c      0x100 d:/mounriver_studio/toolchain/risc-v embedded gcc12/bin/../lib/gcc/riscv-none-elf/12.2.0\libgcc.a(_clz.o)
                0x000000000000b83c                __clz_tab
 .rodata.__sf_fake_stderr
                0x000000000000b93c       0x20 d:/mounriver_studio/toolchain/risc-v embedded gcc12/bin/../lib/gcc/riscv-none-elf/12.2.0/../../../../riscv-none-elf/lib\libg_nano.a(lib_a-findfp.o)
                0x000000000000b93c                __sf_fake_stderr
 .rodata.__sf_fake_stdout
                0x000000000000b95c       0x20 d:/mounriver_studio/toolchain/risc-v embedded gcc12/bin/../lib/gcc/riscv-none-elf/12.2.0/../../../../riscv-none-elf/lib\libg_nano.a(lib_a-findfp.o)
                0x000000000000b95c                __sf_fake_stdout
 .rodata.__sf_fake_stdin
                0x000000000000b97c       0x20 d:/mounriver_studio/toolchain/risc-v embedded gcc12/bin/../lib/gcc/riscv-none-elf/12.2.0/../../../../riscv-none-elf/lib\libg_nano.a(lib_a-findfp.o)
                0x000000000000b97c                __sf_fake_stdin
 .rodata._vfprintf_r.str1.4
                0x000000000000b99c       0x13 d:/mounriver_studio/toolchain/risc-v embedded gcc12/bin/../lib/gcc/riscv-none-elf/12.2.0/../../../../riscv-none-elf/lib\libg_nano.a(lib_a-nano-vfprintf.o)
 *fill*         0x000000000000b9af        0x1 
 .rodata._printf_i.str1.4
                0x000000000000b9b0       0x25 d:/mounriver_studio/toolchain/risc-v embedded gcc12/bin/../lib/gcc/riscv-none-elf/12.2.0/../../../../riscv-none-elf/lib\libg_nano.a(lib_a-nano-vfprintf_i.o)
 *fill*         0x000000000000b9d5        0x3 
 .rodata._printf_i
                0x000000000000b9d8       0x58 d:/mounriver_studio/toolchain/risc-v embedded gcc12/bin/../lib/gcc/riscv-none-elf/12.2.0/../../../../riscv-none-elf/lib\libg_nano.a(lib_a-nano-vfprintf_i.o)
 *(.gnu.linkonce.t.*)
                0x000000000000ba30                . = ALIGN (0x4)

.rela.dyn       0x000000000000ba30        0x0
 .rela.init     0x000000000000ba30        0x0 ./User/ch32v10x_it.o
 .rela.vector   0x000000000000ba30        0x0 ./User/ch32v10x_it.o
 .rela.text.handle_reset
                0x000000000000ba30        0x0 ./User/ch32v10x_it.o
 .rela.text._sbrk
                0x000000000000ba30        0x0 ./User/ch32v10x_it.o
 .rela.sdata.curbrk.0
                0x000000000000ba30        0x0 ./User/ch32v10x_it.o
 .rela.text._vfprintf_r
                0x000000000000ba30        0x0 ./User/ch32v10x_it.o

.fini           0x000000000000ba30        0x0
 *(SORT_NONE(.fini))
                0x000000000000ba30                . = ALIGN (0x4)
                [!provide]                        PROVIDE (_etext = .)
                [!provide]                        PROVIDE (_eitcm = .)

.preinit_array  0x000000000000ba30        0x0
                [!provide]                        PROVIDE (__preinit_array_start = .)
 *(.preinit_array)
                [!provide]                        PROVIDE (__preinit_array_end = .)

.init_array     0x000000000000ba30        0x0
                [!provide]                        PROVIDE (__init_array_start = .)
 *(SORT_BY_INIT_PRIORITY(.init_array.*) SORT_BY_INIT_PRIORITY(.ctors.*))
 *(.init_array EXCLUDE_FILE(*crtend?.o *crtend.o *crtbegin?.o *crtbegin.o) .ctors)
                [!provide]                        PROVIDE (__init_array_end = .)

.fini_array     0x000000000000ba30        0x0
                [!provide]                        PROVIDE (__fini_array_start = .)
 *(SORT_BY_INIT_PRIORITY(.fini_array.*) SORT_BY_INIT_PRIORITY(.dtors.*))
 *(.fini_array EXCLUDE_FILE(*crtend?.o *crtend.o *crtbegin?.o *crtbegin.o) .dtors)
                [!provide]                        PROVIDE (__fini_array_end = .)

.ctors
 *crtbegin.o(.ctors)
 *crtbegin?.o(.ctors)
 *(EXCLUDE_FILE(*crtend?.o *crtend.o) .ctors)
 *(SORT_BY_NAME(.ctors.*))
 *(.ctors)

.dtors
 *crtbegin.o(.dtors)
 *crtbegin?.o(.dtors)
 *(EXCLUDE_FILE(*crtend?.o *crtend.o) .dtors)
 *(SORT_BY_NAME(.dtors.*))
 *(.dtors)

.dalign         0x0000000020000000        0x0 load address 0x000000000000ba30
                0x0000000020000000                . = ALIGN (0x4)
                0x0000000020000000                PROVIDE (_data_vma = .)

.dlalign        0x000000000000ba30        0x0
                0x000000000000ba30                . = ALIGN (0x4)
                0x000000000000ba30                PROVIDE (_data_lma = .)

.data           0x0000000020000000     0x1930 load address 0x000000000000ba30
 *(.gnu.linkonce.r.*)
 *(.data .data.*)
 .data.CommandTable
                0x0000000020000000       0xc0 ./User/hd_rumble2.o
                0x0000000020000000                CommandTable
 .data.freq_exp2_index_lookup_tb
                0x00000000200000c0      0x100 ./User/hd_rumble2.o
                0x00000000200000c0                freq_exp2_index_lookup_tb
 .data.amp_exp2_index_lookup_tb
                0x00000000200001c0      0x100 ./User/hd_rumble2.o
                0x00000000200001c0                amp_exp2_index_lookup_tb
 .data.exp2_lookup_tb
                0x00000000200002c0      0x500 ./User/hd_rumble2.o
                0x00000000200002c0                exp2_lookup_tb
 .data.ccr_lookup_tb
                0x00000000200007c0     0x1000 ./User/hd_rumble_high_accuracy.o
                0x00000000200007c0                ccr_lookup_tb
 .data._imu_quat_state
                0x00000000200017c0       0x1c ./User/imu_quaternion.o
                0x00000000200017c0                _imu_quat_state
 .data.default_et
                0x00000000200017dc        0xe ./User/ns_com.o
                0x00000000200017dc                default_et
 *fill*         0x00000000200017ea        0x2 
 .data.default_device_info
                0x00000000200017ec        0xc ./User/ns_com.o
                0x00000000200017ec                default_device_info
 .data.AHBPrescTable
                0x00000000200017f8       0x10 ./User/system_ch32v10x.o
                0x00000000200017f8                AHBPrescTable
 .data.MyCfgDescr
                0x0000000020001808       0x29 ./User/usb_desc.o
                0x0000000020001808                MyCfgDescr
 *fill*         0x0000000020001831        0x3 
 .data.APBAHBPrescTable
                0x0000000020001834       0x10 ./Peripheral/src/ch32v10x_rcc.o
 .data.impure_data
                0x0000000020001844       0x60 d:/mounriver_studio/toolchain/risc-v embedded gcc12/bin/../lib/gcc/riscv-none-elf/12.2.0/../../../../riscv-none-elf/lib\libg_nano.a(lib_a-impure.o)
 *(.gnu.linkonce.d.*)
                0x00000000200018a8                . = ALIGN (0x8)
 *fill*         0x00000000200018a4        0x4 
                0x00000000200020a8                PROVIDE (__global_pointer$ = (. + 0x800))
 *(.sdata .sdata.*)
 .sdata.rumble_state
                0x00000000200018a8        0x1 ./User/hd_rumble.o
                0x00000000200018a8                rumble_state
 *fill*         0x00000000200018a9        0x3 
 .sdata.hliner  0x00000000200018ac        0x4 ./User/hd_rumble2.o
                0x00000000200018ac                hliner
 .sdata.input_mode
                0x00000000200018b0        0x1 ./User/ns_com.o
                0x00000000200018b0                input_mode
 *fill*         0x00000000200018b1        0x3 
 .sdata.rts_tcnt
                0x00000000200018b4        0x4 ./User/ns_com_mux.o
                0x00000000200018b4                rts_tcnt
 .sdata.spi_rgb_trans
                0x00000000200018b8        0x2 ./User/spi.o
                0x00000000200018b8                spi_rgb_trans
 *fill*         0x00000000200018ba        0x2 
 .sdata.SystemCoreClock
                0x00000000200018bc        0x4 ./User/system_ch32v10x.o
                0x00000000200018bc                SystemCoreClock
 .sdata.ADCPrescTable
                0x00000000200018c0        0x4 ./Peripheral/src/ch32v10x_rcc.o
 .sdata.curbrk.0
                0x00000000200018c4        0x4 ./Debug/debug.o
 .sdata.tiny    0x00000000200018c8        0x4 d:/mounriver_studio/toolchain/risc-v embedded gcc12/bin/../lib/gcc/riscv-none-elf/12.2.0/../../../../riscv-none-elf/lib\libm_nano.a(lib_a-ef_sqrt.o)
 .sdata.one     0x00000000200018cc        0x4 d:/mounriver_studio/toolchain/risc-v embedded gcc12/bin/../lib/gcc/riscv-none-elf/12.2.0/../../../../riscv-none-elf/lib\libm_nano.a(lib_a-ef_sqrt.o)
 .sdata._impure_ptr
                0x00000000200018d0        0x4 d:/mounriver_studio/toolchain/risc-v embedded gcc12/bin/../lib/gcc/riscv-none-elf/12.2.0/../../../../riscv-none-elf/lib\libg_nano.a(lib_a-impure.o)
                0x00000000200018d0                _impure_ptr
 *(.sdata2.*)
 *(.gnu.linkonce.s.*)
                0x00000000200018d8                . = ALIGN (0x8)
 *fill*         0x00000000200018d4        0x4 
 *(.srodata.cst16)
 *(.srodata.cst8)
 .srodata.cst8  0x00000000200018d8       0x38 ./User/imu_quaternion.o
 *(.srodata.cst4)
 .srodata.cst4  0x0000000020001910        0x4 ./User/conf.o
 .srodata.cst4  0x0000000020001914        0xc ./User/imu_quaternion.o
 .srodata.cst4  0x0000000020001920        0x8 ./User/ns_com_mux.o
 *(.srodata.cst2)
 *(.srodata .srodata.*)
 .srodata.MyLangDescr
                0x0000000020001928        0x4 ./User/usb_desc.o
                0x0000000020001928                MyLangDescr
 .srodata._global_impure_ptr
                0x000000002000192c        0x4 d:/mounriver_studio/toolchain/risc-v embedded gcc12/bin/../lib/gcc/riscv-none-elf/12.2.0/../../../../riscv-none-elf/lib\libg_nano.a(lib_a-impure.o)
                0x000000002000192c                _global_impure_ptr
                0x0000000020001930                . = ALIGN (0x4)
                0x0000000020001930                PROVIDE (_edata = .)

.bss            0x0000000020001930     0x2a28 load address 0x000000000000d360
                0x0000000020001930                . = ALIGN (0x4)
                0x0000000020001930                PROVIDE (_sbss = .)
 *(.sbss*)
 .sbss.EXC_PC   0x0000000020001930        0x4 ./User/ch32v10x_it.o
                0x0000000020001930                EXC_PC
 .sbss.EXC_CAUSE
                0x0000000020001934        0x4 ./User/ch32v10x_it.o
                0x0000000020001934                EXC_CAUSE
 .sbss.USBFS_Endp_Busy
                0x0000000020001938        0x8 ./User/ch32v10x_usbfs_device.o
                0x0000000020001938                USBFS_Endp_Busy
 .sbss.USBFS_HidProtocol
                0x0000000020001940        0x1 ./User/ch32v10x_usbfs_device.o
                0x0000000020001940                USBFS_HidProtocol
 .sbss.USBFS_HidIdle
                0x0000000020001941        0x1 ./User/ch32v10x_usbfs_device.o
                0x0000000020001941                USBFS_HidIdle
 .sbss.USBFS_DevEnumStatus
                0x0000000020001942        0x1 ./User/ch32v10x_usbfs_device.o
                0x0000000020001942                USBFS_DevEnumStatus
 .sbss.USBFS_DevSleepStatus
                0x0000000020001943        0x1 ./User/ch32v10x_usbfs_device.o
                0x0000000020001943                USBFS_DevSleepStatus
 .sbss.USBFS_DevAddr
                0x0000000020001944        0x1 ./User/ch32v10x_usbfs_device.o
                0x0000000020001944                USBFS_DevAddr
 .sbss.USBFS_DevConfig
                0x0000000020001945        0x1 ./User/ch32v10x_usbfs_device.o
                0x0000000020001945                USBFS_DevConfig
 .sbss.USBFS_SetupReqLen
                0x0000000020001946        0x2 ./User/ch32v10x_usbfs_device.o
                0x0000000020001946                USBFS_SetupReqLen
 .sbss.USBFS_SetupReqIndex
                0x0000000020001948        0x2 ./User/ch32v10x_usbfs_device.o
                0x0000000020001948                USBFS_SetupReqIndex
 .sbss.USBFS_SetupReqValue
                0x000000002000194a        0x2 ./User/ch32v10x_usbfs_device.o
                0x000000002000194a                USBFS_SetupReqValue
 .sbss.USBFS_SetupReqType
                0x000000002000194c        0x1 ./User/ch32v10x_usbfs_device.o
                0x000000002000194c                USBFS_SetupReqType
 .sbss.USBFS_SetupReqCode
                0x000000002000194d        0x1 ./User/ch32v10x_usbfs_device.o
                0x000000002000194d                USBFS_SetupReqCode
 *fill*         0x000000002000194e        0x2 
 .sbss.pUSBFS_Descr
                0x0000000020001950        0x4 ./User/ch32v10x_usbfs_device.o
                0x0000000020001950                pUSBFS_Descr
 .sbss.joystick_snapback_deadzone_sq
                0x0000000020001954        0x8 ./User/conf.o
                0x0000000020001954                joystick_snapback_deadzone_sq
 .sbss.Calibrattion_Val
                0x000000002000195c        0x2 ./User/gpio_adc.o
                0x000000002000195c                Calibrattion_Val
 *fill*         0x000000002000195e        0x2 
 .sbss.adc_data
                0x0000000020001960        0x8 ./User/gpio_adc.o
                0x0000000020001960                adc_data
 .sbss.sts_button
                0x0000000020001968        0x4 ./User/gpio_digit.o
                0x0000000020001968                sts_button
 .sbss.sample   0x000000002000196c        0x8 ./User/hd_rumble2.o
                0x000000002000196c                sample
 .sbss.m_state  0x0000000020001974        0x8 ./User/hd_rumble2.o
                0x0000000020001974                m_state
 .sbss.global_sample_channel
                0x000000002000197c        0x1 ./User/hd_rumble2.o
                0x000000002000197c                global_sample_channel
 .sbss.decoded_cnt
                0x000000002000197d        0x1 ./User/hd_rumble2.o
                0x000000002000197d                decoded_cnt
 *fill*         0x000000002000197e        0x2 
 .sbss.tim3_counter
                0x0000000020001980        0x4 ./User/hd_rumble_high_accuracy.o
 .sbss.right_low_tick
                0x0000000020001984        0x4 ./User/hd_rumble_high_accuracy.o
 .sbss.right_high_tick
                0x0000000020001988        0x4 ./User/hd_rumble_high_accuracy.o
 .sbss.left_low_tick
                0x000000002000198c        0x4 ./User/hd_rumble_high_accuracy.o
 .sbss.left_high_tick
                0x0000000020001990        0x4 ./User/hd_rumble_high_accuracy.o
 .sbss.right_low_sum
                0x0000000020001994        0x4 ./User/hd_rumble_high_accuracy.o
                0x0000000020001994                right_low_sum
 .sbss.right_high_sum
                0x0000000020001998        0x4 ./User/hd_rumble_high_accuracy.o
                0x0000000020001998                right_high_sum
 .sbss.left_low_sum
                0x000000002000199c        0x4 ./User/hd_rumble_high_accuracy.o
                0x000000002000199c                left_low_sum
 .sbss.left_high_sum
                0x00000000200019a0        0x4 ./User/hd_rumble_high_accuracy.o
                0x00000000200019a0                left_high_sum
 .sbss.right_low_pos
                0x00000000200019a4        0x2 ./User/hd_rumble_high_accuracy.o
                0x00000000200019a4                right_low_pos
 .sbss.right_high_pos
                0x00000000200019a6        0x2 ./User/hd_rumble_high_accuracy.o
                0x00000000200019a6                right_high_pos
 .sbss.left_low_pos
                0x00000000200019a8        0x2 ./User/hd_rumble_high_accuracy.o
                0x00000000200019a8                left_low_pos
 .sbss.left_high_pos
                0x00000000200019aa        0x2 ./User/hd_rumble_high_accuracy.o
                0x00000000200019aa                left_high_pos
 .sbss.right_low_buf_stdby
                0x00000000200019ac        0x1 ./User/hd_rumble_high_accuracy.o
                0x00000000200019ac                right_low_buf_stdby
 .sbss.right_high_buf_stdby
                0x00000000200019ad        0x1 ./User/hd_rumble_high_accuracy.o
                0x00000000200019ad                right_high_buf_stdby
 .sbss.left_low_buf_stdby
                0x00000000200019ae        0x1 ./User/hd_rumble_high_accuracy.o
                0x00000000200019ae                left_low_buf_stdby
 .sbss.left_high_buf_stdby
                0x00000000200019af        0x1 ./User/hd_rumble_high_accuracy.o
                0x00000000200019af                left_high_buf_stdby
 .sbss.right_low_buf_rdy
                0x00000000200019b0        0x1 ./User/hd_rumble_high_accuracy.o
                0x00000000200019b0                right_low_buf_rdy
 .sbss.right_high_buf_rdy
                0x00000000200019b1        0x1 ./User/hd_rumble_high_accuracy.o
                0x00000000200019b1                right_high_buf_rdy
 .sbss.left_low_buf_rdy
                0x00000000200019b2        0x1 ./User/hd_rumble_high_accuracy.o
                0x00000000200019b2                left_low_buf_rdy
 .sbss.left_high_buf_rdy
                0x00000000200019b3        0x1 ./User/hd_rumble_high_accuracy.o
                0x00000000200019b3                left_high_buf_rdy
 .sbss.right_low_buf
                0x00000000200019b4        0x8 ./User/hd_rumble_high_accuracy.o
                0x00000000200019b4                right_low_buf
 .sbss.right_high_buf
                0x00000000200019bc        0x8 ./User/hd_rumble_high_accuracy.o
                0x00000000200019bc                right_high_buf
 .sbss.left_low_buf
                0x00000000200019c4        0x8 ./User/hd_rumble_high_accuracy.o
                0x00000000200019c4                left_low_buf
 .sbss.left_high_buf
                0x00000000200019cc        0x8 ./User/hd_rumble_high_accuracy.o
                0x00000000200019cc                left_high_buf
 .sbss.right_low
                0x00000000200019d4        0x8 ./User/hd_rumble_high_accuracy.o
                0x00000000200019d4                right_low
 .sbss.right_high
                0x00000000200019dc        0x8 ./User/hd_rumble_high_accuracy.o
                0x00000000200019dc                right_high
 .sbss.left_low
                0x00000000200019e4        0x8 ./User/hd_rumble_high_accuracy.o
                0x00000000200019e4                left_low
 .sbss.left_high
                0x00000000200019ec        0x8 ./User/hd_rumble_high_accuracy.o
                0x00000000200019ec                left_high
 .sbss.res.0    0x00000000200019f4        0x1 ./User/i2c.o
 .sbss.i2c_intr_error
                0x00000000200019f5        0x1 ./User/i2c.o
                0x00000000200019f5                i2c_intr_error
 .sbss.i2c_error_code
                0x00000000200019f6        0x1 ./User/i2c.o
                0x00000000200019f6                i2c_error_code
 .sbss.i2c_status
                0x00000000200019f7        0x1 ./User/i2c.o
                0x00000000200019f7                i2c_status
 .sbss.last_upd.0
                0x00000000200019f8        0x4 ./User/imu.o
 .sbss.status.2
                0x00000000200019fc        0x1 ./User/imu.o
 *fill*         0x00000000200019fd        0x3 
 .sbss.rep      0x0000000020001a00        0x4 ./User/imu.o
 .sbss.imu_buf_pos
                0x0000000020001a04        0x1 ./User/imu.o
                0x0000000020001a04                imu_buf_pos
 .sbss.imu_sample_cnt
                0x0000000020001a05        0x1 ./User/imu.o
 *fill*         0x0000000020001a06        0x2 
 .sbss.last_imu_upd
                0x0000000020001a08        0x4 ./User/imu.o
 .sbss.imu_read_fail_cnt
                0x0000000020001a0c        0x4 ./User/imu.o
                0x0000000020001a0c                imu_read_fail_cnt
 .sbss.imu_read_cnt
                0x0000000020001a10        0x4 ./User/imu.o
                0x0000000020001a10                imu_read_cnt
 .sbss.imu_ratio_zf
                0x0000000020001a14        0x4 ./User/imu.o
                0x0000000020001a14                imu_ratio_zf
 .sbss.imu_ratio_yf
                0x0000000020001a18        0x4 ./User/imu.o
                0x0000000020001a18                imu_ratio_yf
 .sbss.imu_ratio_xf
                0x0000000020001a1c        0x4 ./User/imu.o
                0x0000000020001a1c                imu_ratio_xf
 .sbss.imu_mode
                0x0000000020001a20        0x1 ./User/imu.o
                0x0000000020001a20                imu_mode
 .sbss.imu_rdy  0x0000000020001a21        0x1 ./User/imu.o
                0x0000000020001a21                imu_rdy
 .sbss.imu_upd_cnt
                0x0000000020001a22        0x1 ./User/imu.o
                0x0000000020001a22                imu_upd_cnt
 .sbss.pos.2    0x0000000020001a23        0x1 ./User/imu_quaternion.o
 .sbss.timestamp.4
                0x0000000020001a24        0x4 ./User/imu_quaternion.o
 .sbss.prev_timestamp.5
                0x0000000020001a28        0x4 ./User/imu_quaternion.o
 .sbss.f6.0     0x0000000020001a2c        0x1 ./User/main.o
 .sbss.f5.1     0x0000000020001a2d        0x1 ./User/main.o
 .sbss.f4.2     0x0000000020001a2e        0x1 ./User/main.o
 .sbss.f3.3     0x0000000020001a2f        0x1 ./User/main.o