Archive member included to satisfy reference by file (symbol)

d:/mounriver_studio/toolchain/risc-v embedded gcc12/bin/../lib/gcc/riscv-none-elf/12.2.0/../../../../riscv-none-elf/lib\libm_nano.a(lib_a-wf_sqrt.o)
                              ./User/imu_quaternion.o (sqrtf)
d:/mounriver_studio/toolchain/risc-v embedded gcc12/bin/../lib/gcc/riscv-none-elf/12.2.0/../../../../riscv-none-elf/lib\libm_nano.a(lib_a-ef_sqrt.o)
                              d:/mounriver_studio/toolchain/risc-v embedded gcc12/bin/../lib/gcc/riscv-none-elf/12.2.0/../../../../riscv-none-elf/lib\libm_nano.a(lib_a-wf_sqrt.o) (__ieee754_sqrtf)
d:/mounriver_studio/toolchain/risc-v embedded gcc12/bin/../lib/gcc/riscv-none-elf/12.2.0\libgcc.a(_divdi3.o)
                              ./User/hd_rumble2.o (__divdi3)
d:/mounriver_studio/toolchain/risc-v embedded gcc12/bin/../lib/gcc/riscv-none-elf/12.2.0\libgcc.a(_udivdi3.o)
                              ./User/hd_rumble2.o (__udivdi3)
d:/mounriver_studio/toolchain/risc-v embedded gcc12/bin/../lib/gcc/riscv-none-elf/12.2.0\libgcc.a(adddf3.o)
                              ./User/imu_quaternion.o (__adddf3)
d:/mounriver_studio/toolchain/risc-v embedded gcc12/bin/../lib/gcc/riscv-none-elf/12.2.0\libgcc.a(divdf3.o)
                              ./User/imu_quaternion.o (__divdf3)
d:/mounriver_studio/toolchain/risc-v embedded gcc12/bin/../lib/gcc/riscv-none-elf/12.2.0\libgcc.a(muldf3.o)
                              ./User/imu_quaternion.o (__muldf3)
d:/mounriver_studio/toolchain/risc-v embedded gcc12/bin/../lib/gcc/riscv-none-elf/12.2.0\libgcc.a(subdf3.o)
                              ./User/imu_quaternion.o (__subdf3)
d:/mounriver_studio/toolchain/risc-v embedded gcc12/bin/../lib/gcc/riscv-none-elf/12.2.0\libgcc.a(floatsidf.o)
                              ./User/imu_quaternion.o (__floatsidf)
d:/mounriver_studio/toolchain/risc-v embedded gcc12/bin/../lib/gcc/riscv-none-elf/12.2.0\libgcc.a(floatunsidf.o)
                              ./User/imu_quaternion.o (__floatunsidf)
d:/mounriver_studio/toolchain/risc-v embedded gcc12/bin/../lib/gcc/riscv-none-elf/12.2.0\libgcc.a(addsf3.o)
                              ./User/imu_quaternion.o (__addsf3)
d:/mounriver_studio/toolchain/risc-v embedded gcc12/bin/../lib/gcc/riscv-none-elf/12.2.0\libgcc.a(divsf3.o)
                              ./User/conf.o (__divsf3)
d:/mounriver_studio/toolchain/risc-v embedded gcc12/bin/../lib/gcc/riscv-none-elf/12.2.0\libgcc.a(gesf2.o)
                              ./User/imu_quaternion.o (__gtsf2)
d:/mounriver_studio/toolchain/risc-v embedded gcc12/bin/../lib/gcc/riscv-none-elf/12.2.0\libgcc.a(lesf2.o)
                              d:/mounriver_studio/toolchain/risc-v embedded gcc12/bin/../lib/gcc/riscv-none-elf/12.2.0/../../../../riscv-none-elf/lib\libm_nano.a(lib_a-ef_sqrt.o) (__lesf2)
d:/mounriver_studio/toolchain/risc-v embedded gcc12/bin/../lib/gcc/riscv-none-elf/12.2.0\libgcc.a(mulsf3.o)
                              ./User/imu.o (__mulsf3)
d:/mounriver_studio/toolchain/risc-v embedded gcc12/bin/../lib/gcc/riscv-none-elf/12.2.0\libgcc.a(subsf3.o)
                              ./User/imu_quaternion.o (__subsf3)
d:/mounriver_studio/toolchain/risc-v embedded gcc12/bin/../lib/gcc/riscv-none-elf/12.2.0\libgcc.a(unordsf2.o)
                              d:/mounriver_studio/toolchain/risc-v embedded gcc12/bin/../lib/gcc/riscv-none-elf/12.2.0/../../../../riscv-none-elf/lib\libm_nano.a(lib_a-wf_sqrt.o) (__unordsf2)
d:/mounriver_studio/toolchain/risc-v embedded gcc12/bin/../lib/gcc/riscv-none-elf/12.2.0\libgcc.a(fixsfsi.o)
                              ./User/imu.o (__fixsfsi)
d:/mounriver_studio/toolchain/risc-v embedded gcc12/bin/../lib/gcc/riscv-none-elf/12.2.0\libgcc.a(floatsisf.o)
                              ./User/conf.o (__floatsisf)
d:/mounriver_studio/toolchain/risc-v embedded gcc12/bin/../lib/gcc/riscv-none-elf/12.2.0\libgcc.a(truncdfsf2.o)
                              ./User/imu_quaternion.o (__truncdfsf2)
d:/mounriver_studio/toolchain/risc-v embedded gcc12/bin/../lib/gcc/riscv-none-elf/12.2.0\libgcc.a(save-restore.o)
                              ./User/hd_rumble2.o (__riscv_save_12)
d:/mounriver_studio/toolchain/risc-v embedded gcc12/bin/../lib/gcc/riscv-none-elf/12.2.0\libgcc.a(_clz.o)
                              d:/mounriver_studio/toolchain/risc-v embedded gcc12/bin/../lib/gcc/riscv-none-elf/12.2.0\libgcc.a(_divdi3.o) (__clz_tab)
d:/mounriver_studio/toolchain/risc-v embedded gcc12/bin/../lib/gcc/riscv-none-elf/12.2.0\libgcc.a(_clzsi2.o)
                              d:/mounriver_studio/toolchain/risc-v embedded gcc12/bin/../lib/gcc/riscv-none-elf/12.2.0\libgcc.a(adddf3.o) (__clzsi2)
d:/mounriver_studio/toolchain/risc-v embedded gcc12/bin/../lib/gcc/riscv-none-elf/12.2.0/../../../../riscv-none-elf/lib\libg_nano.a(lib_a-errno.o)
[...]
Memory Configuration

Name             Origin             Length             Attributes
FLASH            0x0000000000000000 0x0000000000010000 xr
RAM              0x0000000020000000 0x0000000000005000 xrw
*default*        0x0000000000000000 0xffffffffffffffff

Linker script and memory map

LOAD ./User/ch32v10x_it.o
LOAD ./User/ch32v10x_usbfs_device.o
LOAD ./User/conf.o
LOAD ./User/flash.o
LOAD ./User/global_api.o
LOAD ./User/gpio_adc.o
LOAD ./User/gpio_digit.o
LOAD ./User/hd_rumble.o
LOAD ./User/hd_rumble2.o
LOAD ./User/hd_rumble_high_accuracy.o
LOAD ./User/i2c.o
LOAD ./User/imu.o
LOAD ./User/imu_quaternion.o
LOAD ./User/main.o
LOAD ./User/ns_com.o
LOAD ./User/ns_com_mux.o
LOAD ./User/pwr.o
LOAD ./User/ring_buffer.o
LOAD ./User/spi.o
LOAD ./User/system_ch32v10x.o
LOAD ./User/tick.o
LOAD ./User/uart.o
LOAD ./User/uart_com.o
LOAD ./User/usb_desc.o
LOAD ./User/usbd_compatibility_hid.o
LOAD ./User/watchdog.o
LOAD ./Startup/startup_ch32v10x.o
LOAD ./Peripheral/src/ch32v10x_adc.o
LOAD ./Peripheral/src/ch32v10x_bkp.o
LOAD ./Peripheral/src/ch32v10x_crc.o
LOAD ./Peripheral/src/ch32v10x_dbgmcu.o
LOAD ./Peripheral/src/ch32v10x_dma.o
LOAD ./Peripheral/src/ch32v10x_exti.o
LOAD ./Peripheral/src/ch32v10x_flash.o
LOAD ./Peripheral/src/ch32v10x_gpio.o
LOAD ./Peripheral/src/ch32v10x_i2c.o
LOAD ./Peripheral/src/ch32v10x_iwdg.o
LOAD ./Peripheral/src/ch32v10x_misc.o
LOAD ./Peripheral/src/ch32v10x_pwr.o
LOAD ./Peripheral/src/ch32v10x_rcc.o
LOAD ./Peripheral/src/ch32v10x_rtc.o
LOAD ./Peripheral/src/ch32v10x_spi.o
LOAD ./Peripheral/src/ch32v10x_tim.o
LOAD ./Peripheral/src/ch32v10x_usart.o
LOAD ./Peripheral/src/ch32v10x_usb.o
LOAD ./Peripheral/src/ch32v10x_usb_host.o
LOAD ./Peripheral/src/ch32v10x_wwdg.o
LOAD ./Debug/debug.o
LOAD ./Core/core_riscv.o
LOAD d:/mounriver_studio/toolchain/risc-v embedded gcc12/bin/../lib/gcc/riscv-none-elf/12.2.0/../../../../riscv-none-elf/lib\libm_nano.a
LOAD d:/mounriver_studio/toolchain/risc-v embedded gcc12/bin/../lib/gcc/riscv-none-elf/12.2.0\libgcc.a
LOAD d:/mounriver_studio/toolchain/risc-v embedded gcc12/bin/../lib/gcc/riscv-none-elf/12.2.0/../../../../riscv-none-elf/lib\libg_nano.a
LOAD d:/mounriver_studio/toolchain/risc-v embedded gcc12/bin/../lib/gcc/riscv-none-elf/12.2.0/../../../../riscv-none-elf/lib\libc_nano.a
LOAD d:/mounriver_studio/toolchain/risc-v embedded gcc12/bin/../lib/gcc/riscv-none-elf/12.2.0\libgcc.a
START GROUP
LOAD d:/mounriver_studio/toolchain/risc-v embedded gcc12/bin/../lib/gcc/riscv-none-elf/12.2.0\libgcc.a
LOAD d:/mounriver_studio/toolchain/risc-v embedded gcc12/bin/../lib/gcc/riscv-none-elf/12.2.0/../../../../riscv-none-elf/lib\libc_nano.a
LOAD d:/mounriver_studio/toolchain/risc-v embedded gcc12/bin/../lib/gcc/riscv-none-elf/12.2.0/../../../../riscv-none-elf/lib\libnosys.a
END GROUP
START GROUP
LOAD d:/mounriver_studio/toolchain/risc-v embedded gcc12/bin/../lib/gcc/riscv-none-elf/12.2.0\libgcc.a
LOAD d:/mounriver_studio/toolchain/risc-v embedded gcc12/bin/../lib/gcc/riscv-none-elf/12.2.0/../../../../riscv-none-elf/lib\libc_nano.a
LOAD d:/mounriver_studio/toolchain/risc-v embedded gcc12/bin/../lib/gcc/riscv-none-elf/12.2.0/../../../../riscv-none-elf/lib\libnosys.a
END GROUP
                0x0000000000000a00                __stack_size = 0xa00
                [!provide]                        PROVIDE (_stack_size = __stack_size)

.init           0x0000000000000000       0x38
                0x0000000000000000                _sinit = .
                0x0000000000000000                . = ALIGN (0x4)
 *(SORT_NONE(.init))
 .init          0x0000000000000000       0x38 ./Startup/startup_ch32v10x.o
                0x0000000000000000                _start
                0x0000000000000038                . = ALIGN (0x4)
                0x0000000000000038                _einit = .

.vector         0x0000000000000038      0x108
 *(.vector)
 .vector        0x0000000000000038       0xf0 ./Startup/startup_ch32v10x.o
                0x0000000000000140                . = ALIGN (0x40)
 *fill*         0x0000000000000128       0x18 

.text           0x0000000000000140     0xbaa4
                0x0000000000000140                . = ALIGN (0x4)
 *(.text)
 .text          0x0000000000000140       0x60 d:/mounriver_studio/toolchain/risc-v embedded gcc12/bin/../lib/gcc/riscv-none-elf/12.2.0\libgcc.a(save-restore.o)
                0x0000000000000140                __riscv_save_12
                0x0000000000000148                __riscv_save_9
                0x0000000000000148                __riscv_save_11
                0x0000000000000148                __riscv_save_10
                0x0000000000000148                __riscv_save_8
                0x0000000000000156                __riscv_save_4
                0x0000000000000156                __riscv_save_6
                0x0000000000000156                __riscv_save_5
                0x0000000000000156                __riscv_save_7
                0x0000000000000170                __riscv_save_3
                0x0000000000000170                __riscv_save_2
                0x0000000000000170                __riscv_save_1
                0x0000000000000170                __riscv_save_0
                0x000000000000017c                __riscv_restore_12
                0x0000000000000180                __riscv_restore_11
                0x0000000000000180                __riscv_restore_9
                0x0000000000000180                __riscv_restore_10
                0x0000000000000180                __riscv_restore_8
                0x000000000000018a                __riscv_restore_5
                0x000000000000018a                __riscv_restore_7
                0x000000000000018a                __riscv_restore_6
                0x000000000000018a                __riscv_restore_4
                0x0000000000000194                __riscv_restore_3
                0x0000000000000194                __riscv_restore_0
                0x0000000000000194                __riscv_restore_2
                0x0000000000000194                __riscv_restore_1
 .text          0x00000000000001a0       0x16 d:/mounriver_studio/toolchain/risc-v embedded gcc12/bin/../lib/gcc/riscv-none-elf/12.2.0/../../../../riscv-none-elf/lib\libg_nano.a(lib_a-memcpy-asm.o)
                0x00000000000001a0                memcpy
 .text          0x00000000000001b6       0x10 d:/mounriver_studio/toolchain/risc-v embedded gcc12/bin/../lib/gcc/riscv-none-elf/12.2.0/../../../../riscv-none-elf/lib\libg_nano.a(lib_a-memset.o)
                0x00000000000001b6                memset
 *(.text.*)
 .text.NMI_Handler
                0x00000000000001c6       0x28 ./User/ch32v10x_it.o
                0x00000000000001c6                NMI_Handler
 .text.HardFault_Handler
                0x00000000000001ee       0xa4 ./User/ch32v10x_it.o
                0x00000000000001ee                HardFault_Handler
 .text.USBFS_RCC_Init
                0x0000000000000292       0x4a ./User/ch32v10x_usbfs_device.o
                0x0000000000000292                USBFS_RCC_Init
 .text.USBFS_Device_Endp_Init
                0x00000000000002dc       0x44 ./User/ch32v10x_usbfs_device.o
                0x00000000000002dc                USBFS_Device_Endp_Init
 .text.USBFS_Device_Init
                0x0000000000000320       0xa6 ./User/ch32v10x_usbfs_device.o
                0x0000000000000320                USBFS_Device_Init
 .text.USBFS_IRQHandler
                0x00000000000003c6      0x680 ./User/ch32v10x_usbfs_device.o
                0x00000000000003c6                USBFS_IRQHandler
 .text.conf_read
                0x0000000000000a46       0x56 ./User/conf.o
                0x0000000000000a46                conf_read
 .text.custom_conf_read
                0x0000000000000a9c       0x10 ./User/conf.o
                0x0000000000000a9c                custom_conf_read
 .text.custom_conf_write
                0x0000000000000aac       0x10 ./User/conf.o
                0x0000000000000aac                custom_conf_write
 .text.pack_fac_conf
                0x0000000000000abc       0x6c ./User/conf.o
                0x0000000000000abc                pack_fac_conf
 .text.fac_conf_write
                0x0000000000000b28       0x12 ./User/conf.o
                0x0000000000000b28                fac_conf_write
 .text.conf_write
                0x0000000000000b3a       0x90 ./User/conf.o
                0x0000000000000b3a                conf_write
 .text.unpack_fac_conf
                0x0000000000000bca      0x214 ./User/conf.o
                0x0000000000000bca                unpack_fac_conf
 .text.fac_conf_read
                0x0000000000000dde       0x1a ./User/conf.o
                0x0000000000000dde                fac_conf_read
 .text.conf_flush
                0x0000000000000df8       0x78 ./User/conf.o
                0x0000000000000df8                conf_flush
 .text.conf_init
                0x0000000000000e70      0x18e ./User/conf.o
                0x0000000000000e70                conf_init
 .text._flash_write
                0x0000000000000ffe       0x52 ./User/flash.o
                0x0000000000000ffe                _flash_write
 .text.flash_write
                0x0000000000001050       0x44 ./User/flash.o
                0x0000000000001050                flash_write
 .text.get_raw_flash_buf
                0x0000000000001094        0xa ./User/flash.o
                0x0000000000001094                get_raw_flash_buf
 .text.raw_flash_write
                0x000000000000109e        0x2 ./User/flash.o
                0x000000000000109e                raw_flash_write
 .text.flash_read
                0x00000000000010a0       0x40 ./User/flash.o
                0x00000000000010a0                flash_read
 .text.i32_min  0x00000000000010e0        0xc ./User/global_api.o
                0x00000000000010e0                i32_min
 .text.fetch_uint32
                0x00000000000010ec       0x18 ./User/global_api.o
                0x00000000000010ec                fetch_uint32
 .text.i32_clamp
                0x0000000000001104       0x12 ./User/global_api.o
                0x0000000000001104                i32_clamp
 .text.ADC_Function_Init
                0x0000000000001116       0xb2 ./User/gpio_adc.o
                0x0000000000001116                ADC_Function_Init
 .text.DMA_Tx_Init
                0x00000000000011c8       0x56 ./User/gpio_adc.o
                0x00000000000011c8                DMA_Tx_Init
 .text.adc_init
                0x000000000000121e       0x6e ./User/gpio_adc.o
                0x000000000000121e                adc_init
 .text.gpio_tb_init
                0x000000000000128c       0xb8 ./User/gpio_digit.o
                0x000000000000128c                gpio_tb_init
 .text.gpio_init
                0x0000000000001344       0xc2 ./User/gpio_digit.o
                0x0000000000001344                gpio_init
 .text.gpio_read_all
                0x0000000000001406       0x76 ./User/gpio_digit.o
                0x0000000000001406                gpio_read_all
 .text.gpio_read
                0x000000000000147c       0x54 ./User/gpio_digit.o
                0x000000000000147c                gpio_read
 .text.hd_rumble_init
                0x00000000000014d0      0x14c ./User/hd_rumble.o
                0x00000000000014d0                hd_rumble_init
 .text.hd_rumble_set_status
                0x000000000000161c        0xe ./User/hd_rumble.o
                0x000000000000161c                hd_rumble_set_status
 .text.ApplyCommand
                0x000000000000162a       0x3e ./User/hd_rumble2.o
                0x000000000000162a                ApplyCommand
 .text.ApplyAmCommand
                0x0000000000001668       0x24 ./User/hd_rumble2.o
                0x0000000000001668                ApplyAmCommand
 .text.ApplyFmCommand
                0x000000000000168c       0x28 ./User/hd_rumble2.o
                0x000000000000168c                ApplyFmCommand
 .text.get_hd_rumble_pack
                0x00000000000016b4       0x1a ./User/hd_rumble2.o
                0x00000000000016b4                get_hd_rumble_pack
 .text.deocde_hd_rumble_format1
                0x00000000000016ce       0x60 ./User/hd_rumble2.o
                0x00000000000016ce                deocde_hd_rumble_format1
 .text.decode_hd_rumble_format1long
                0x000000000000172e       0x94 ./User/hd_rumble2.o
                0x000000000000172e                decode_hd_rumble_format1long
 .text.decode_hd_rumble_format1full
                0x00000000000017c2      0x124 ./User/hd_rumble2.o
                0x00000000000017c2                decode_hd_rumble_format1full
 .text.decode_hd_rumble_format2
                0x00000000000018e6       0xb8 ./User/hd_rumble2.o
                0x00000000000018e6                decode_hd_rumble_format2
 .text.decode_hd_rumble_format2long
                0x000000000000199e       0xfa ./User/hd_rumble2.o
                0x000000000000199e                decode_hd_rumble_format2long
 .text.decode_hd_rumble_format3
                0x0000000000001a98      0x128 ./User/hd_rumble2.o
                0x0000000000001a98                decode_hd_rumble_format3
 .text.decode_hd_rumble_multiformat_high_acc
                0x0000000000001bc0      0x266 ./User/hd_rumble2.o
                0x0000000000001bc0                decode_hd_rumble_multiformat_high_acc
 .text.hd_rumble_high_accurary_init
                0x0000000000001e26       0x82 ./User/hd_rumble_high_accuracy.o
                0x0000000000001e26                hd_rumble_high_accurary_init
 .text.push_waveform
                0x0000000000001ea8       0x5a ./User/hd_rumble_high_accuracy.o
                0x0000000000001ea8                push_waveform
 .text.push_waveform_into_buffer_task
                0x0000000000001f02      0x110 ./User/hd_rumble_high_accuracy.o
                0x0000000000001f02                push_waveform_into_buffer_task
 .text.step_forward
                0x0000000000002012       0x40 ./User/hd_rumble_high_accuracy.o
                0x0000000000002012                step_forward
 .text.rumble_pattern_check
                0x0000000000002052       0x5c ./User/hd_rumble_high_accuracy.o
                0x0000000000002052                rumble_pattern_check
 .text.TIM3_IRQHandler
                0x00000000000020ae      0x260 ./User/hd_rumble_high_accuracy.o
                0x00000000000020ae                TIM3_IRQHandler
 .text.i2c2_check_flag
                0x000000000000230e       0x1a ./User/i2c.o
                0x000000000000230e                i2c2_check_flag
 .text.i2c2_check_event
                0x0000000000002328       0x1a ./User/i2c.o
                0x0000000000002328                i2c2_check_event
 .text.I2C2_ER_IRQHandler
                0x0000000000002342       0x2a ./User/i2c.o
                0x0000000000002342                I2C2_ER_IRQHandler
 .text.i2c_software_recovery
                0x000000000000236c      0x11e ./User/i2c.o
                0x000000000000236c                i2c_software_recovery
 .text.i2c2_reset
                0x000000000000248a       0x44 ./User/i2c.o
                0x000000000000248a                i2c2_reset
 .text.i2c_hardware_init
                0x00000000000024ce       0xc0 ./User/i2c.o
                0x00000000000024ce                i2c_hardware_init
 .text.i2c_read_start
                0x000000000000258e      0x140 ./User/i2c.o
                0x000000000000258e                i2c_read_start
 .text.i2c_read_byte
                0x00000000000026ce       0x84 ./User/i2c.o
                0x00000000000026ce                i2c_read_byte
 .text.i2c_read_continuous
                0x0000000000002752       0xac ./User/i2c.o
                0x0000000000002752                i2c_read_continuous
 .text.i2c_write_byte
                0x00000000000027fe      0x116 ./User/i2c.o
                0x00000000000027fe                i2c_write_byte
 .text.i2c_init
                0x0000000000002914       0x10 ./User/i2c.o
                0x0000000000002914                i2c_init
 .text.imu_set_reg
                0x0000000000002924       0x34 ./User/imu.o
                0x0000000000002924                imu_set_reg
 .text.imu_read
                0x0000000000002958       0x62 ./User/imu.o
                0x0000000000002958                imu_read
 .text.set_imu_awake
                0x00000000000029ba       0x96 ./User/imu.o
                0x00000000000029ba                set_imu_awake
 .text.set_imu_sleep
                0x0000000000002a50       0x24 ./User/imu.o
                0x0000000000002a50                set_imu_sleep
 .text.imu_init
                0x0000000000002a74        0x2 ./User/imu.o
                0x0000000000002a74                imu_init
 .text.imu_upd  0x0000000000002a76      0x236 ./User/imu.o
                0x0000000000002a76                imu_upd
 .text._imu_quat_normalize
                0x0000000000002cac       0x90 ./User/imu_quaternion.o
                0x0000000000002cac                _imu_quat_normalize
 .text._imu_rotate_quaternion
                0x0000000000002d3c      0x128 ./User/imu_quaternion.o
                0x0000000000002d3c                _imu_rotate_quaternion
 .text._imu_update_quaternion
                0x0000000000002e64      0x1fe ./User/imu_quaternion.o
                0x0000000000002e64                _imu_update_quaternion
 .text.switch_motion_pack_quat
                0x0000000000003062      0x2b2 ./User/imu_quaternion.o
                0x0000000000003062                switch_motion_pack_quat
 .text.imu_upd2
                0x0000000000003314       0x44 ./User/imu_quaternion.o
                0x0000000000003314                imu_upd2
 .text.button_upd_all
                0x0000000000003358       0x1e ./User/main.o
                0x0000000000003358                button_upd_all
 .text.get_peripheral_data_handler
                0x0000000000003376       0x56 ./User/main.o
                0x0000000000003376                get_peripheral_data_handler
 .text.joystick_snapback_filter
                0x00000000000033cc      0x20c ./User/main.o
                0x00000000000033cc                joystick_snapback_filter
 .text.joystick_debounce_task
                0x00000000000035d8       0x84 ./User/main.o
                0x00000000000035d8                joystick_debounce_task
 .text.func_switch_task
                0x000000000000365c      0x210 ./User/main.o
                0x000000000000365c                func_switch_task
 .text.top_timer
                0x000000000000386c       0x56 ./User/main.o
                0x000000000000386c                top_timer
 .text.routine_service
                0x00000000000038c2       0x52 ./User/main.o
                0x00000000000038c2                routine_service
 .text.set_peripherals_state
                0x0000000000003914       0x92 ./User/main.o
                0x0000000000003914                set_peripherals_state
 .text.init_all
                0x00000000000039a6       0xd0 ./User/main.o
                0x00000000000039a6                init_all
 .text.startup.main
                0x0000000000003a76       0xda ./User/main.o
                0x0000000000003a76                main
 .text.ns_subcommand_set_hci_state
                0x0000000000003b50        0x2 ./User/ns_com.o
                0x0000000000003b50                ns_subcommand_set_hci_state
 .text.ns_subcommand_set_imu_register
                0x0000000000003b52       0x10 ./User/ns_com.o
                0x0000000000003b52                ns_subcommand_set_imu_register
 .text.ns_subcommand_reset_mcu
                0x0000000000003b62        0x2 ./User/ns_com.o
                0x0000000000003b62                ns_subcommand_reset_mcu
 .text.ns_subcommand_set_home_led
                0x0000000000003b64        0x2 ./User/ns_com.o
                0x0000000000003b64                ns_subcommand_set_home_led
 .text.ns_subcommand_reset_pairing_info
                0x0000000000003b66        0x2 ./User/ns_com.o
                0x0000000000003b66                ns_subcommand_reset_pairing_info
 .text.pkt_clr  0x0000000000003b68       0x16 ./User/ns_com.o
                0x0000000000003b68                pkt_clr
 .text.ns_subcommand_set_mcu_conf
                0x0000000000003b7e       0x40 ./User/ns_com.o
                0x0000000000003b7e                ns_subcommand_set_mcu_conf
 .text.ns_subcommand_default
                0x0000000000003bbe       0x38 ./User/ns_com.o
                0x0000000000003bbe                ns_subcommand_default
 .text.ns_subcommand_pair_by_wire
                0x0000000000003bf6       0xa0 ./User/ns_com.o
                0x0000000000003bf6                ns_subcommand_pair_by_wire
 .text.ns_subcommand_get_device_info
                0x0000000000003c96       0x9c ./User/ns_com.o
                0x0000000000003c96                ns_subcommand_get_device_info
 .text.ns_subcommand_set_input_mode
                0x0000000000003d32       0x4e ./User/ns_com.o
                0x0000000000003d32                ns_subcommand_set_input_mode
 .text.ns_subcommand_trigger_buttons_elapsed_time
                0x0000000000003d80       0x46 ./User/ns_com.o
                0x0000000000003d80                ns_subcommand_trigger_buttons_elapsed_time
 .text.ns_subcommand_get_page_list_state
                0x0000000000003dc6       0x3a ./User/ns_com.o
                0x0000000000003dc6                ns_subcommand_get_page_list_state
 .text.ns_subcommand_set_shipping_mode
                0x0000000000003e00       0x38 ./User/ns_com.o
                0x0000000000003e00                ns_subcommand_set_shipping_mode
 .text.ns_subcommand_spi_erase
                0x0000000000003e38        0x4 ./User/ns_com.o
                0x0000000000003e38                ns_subcommand_spi_erase
 .text.ns_subcommand_enable_mcu_polling
                0x0000000000003e3c        0x4 ./User/ns_com.o
                0x0000000000003e3c                ns_subcommand_enable_mcu_polling
 .text.ns_subcommand_disable_mcu_polling
                0x0000000000003e40        0x4 ./User/ns_com.o
                0x0000000000003e40                ns_subcommand_disable_mcu_polling
 .text.ns_subcommand_spi_read
                0x0000000000003e44       0x7a ./User/ns_com.o
                0x0000000000003e44                ns_subcommand_spi_read
 .text.ns_subcommand_spi_write
                0x0000000000003ebe       0x60 ./User/ns_com.o
                0x0000000000003ebe                ns_subcommand_spi_write
 .text.ns_subcommand_set_mcu_state
                0x0000000000003f1e       0x34 ./User/ns_com.o
                0x0000000000003f1e                ns_subcommand_set_mcu_state
 .text.ns_subcommand_attachmend_write
                0x0000000000003f52        0x4 ./User/ns_com.o
                0x0000000000003f52                ns_subcommand_attachmend_write
 .text.ns_subcommand_write_charge_setting
                0x0000000000003f56        0x4 ./User/ns_com.o
                0x0000000000003f56                ns_subcommand_write_charge_setting
 .text.ns_subcommand_attachmend_read
                0x0000000000003f5a       0x36 ./User/ns_com.o
                0x0000000000003f5a                ns_subcommand_attachmend_read
 .text.ns_subcommand_attachment_state
                0x0000000000003f90       0x30 ./User/ns_com.o
                0x0000000000003f90                ns_subcommand_attachment_state
 .text.ns_subcommand_get_attachment_info
                0x0000000000003fc0       0x34 ./User/ns_com.o
                0x0000000000003fc0                ns_subcommand_get_attachment_info
 .text.ns_subcommand_set_indicate_led
                0x0000000000003ff4       0x46 ./User/ns_com.o
                0x0000000000003ff4                ns_subcommand_set_indicate_led
 .text.ns_subcommand_get_indicate_led
                0x000000000000403a       0x3c ./User/ns_com.o
                0x000000000000403a                ns_subcommand_get_indicate_led
 .text.ns_subcommand_set_imu_state
                0x0000000000004076       0x3e ./User/ns_com.o
                0x0000000000004076                ns_subcommand_set_imu_state
 .text.ns_subcommand_set_imu_conf
                0x00000000000040b4       0x72 ./User/ns_com.o
                0x00000000000040b4                ns_subcommand_set_imu_conf
 .text.ns_subcommand_read_imu_register
                0x0000000000004126       0x66 ./User/ns_com.o
                0x0000000000004126                ns_subcommand_read_imu_register
 .text.ns_subcommand_set_rumble_state
                0x000000000000418c       0x3e ./User/ns_com.o
                0x000000000000418c                ns_subcommand_set_rumble_state
 .text.ns_subcommand_get_battery_voltage
                0x00000000000041ca       0x3a ./User/ns_com.o
                0x00000000000041ca                ns_subcommand_get_battery_voltage
 .text.ns_subcommand_read_charge_setting
                0x0000000000004204       0x38 ./User/ns_com.o
                0x0000000000004204                ns_subcommand_read_charge_setting
 .text.ns_subcommand_callback_init
                0x000000000000423c      0x112 ./User/ns_com.o
                0x000000000000423c                ns_subcommand_callback_init
 .text.ns_rumble_handler
                0x000000000000434e       0x14 ./User/ns_com_mux.o
                0x000000000000434e                ns_rumble_handler
 .text.ns_cmd_subcommand_dispatcher
                0x0000000000004362       0x3c ./User/ns_com_mux.o
                0x0000000000004362                ns_cmd_subcommand_dispatcher
 .text.ns_mux_usb_handshake_handler
                0x000000000000439e       0x8e ./User/ns_com_mux.o
                0x000000000000439e                ns_mux_usb_handshake_handler
 .text._calibrate_imu_raw
                0x000000000000442c       0xac ./User/ns_com_mux.o
                0x000000000000442c                _calibrate_imu_raw
 .text.calibrate_imu
                0x00000000000044d8      0x17e ./User/ns_com_mux.o
                0x00000000000044d8                calibrate_imu
 .text.fw_subcommand_reboot
                0x0000000000004656       0x22 ./User/ns_com_mux.o
                0x0000000000004656                fw_subcommand_reboot
 .text.ns_mux_init
                0x0000000000004678        0x4 ./User/ns_com_mux.o
                0x0000000000004678                ns_mux_init
 .text.ns_send_report
                0x000000000000467c        0xe ./User/ns_com_mux.o
                0x000000000000467c                ns_send_report
 .text.hid_send_full64byte_report
                0x000000000000468a        0xc ./User/ns_com_mux.o
                0x000000000000468a                hid_send_full64byte_report
 .text.fw_snd_pkt
                0x0000000000004696       0x20 ./User/ns_com_mux.o
                0x0000000000004696                fw_snd_pkt
 .text.fw_subcommand_read_setting
                0x00000000000046b6       0xa6 ./User/ns_com_mux.o
                0x00000000000046b6                fw_subcommand_read_setting
 .text.fw_subcommand_write_setting
                0x000000000000475c       0x8c ./User/ns_com_mux.o
                0x000000000000475c                fw_subcommand_write_setting
 .text.fw_subcommand_read_emulate_rom
                0x00000000000047e8       0x4c ./User/ns_com_mux.o
                0x00000000000047e8                fw_subcommand_read_emulate_rom
 .text.fw_subcommand_write_emulate_rom
                0x0000000000004834       0x2e ./User/ns_com_mux.o
                0x0000000000004834                fw_subcommand_write_emulate_rom
 .text.fw_subcommand_calibrate_imu
                0x0000000000004862       0x2a ./User/ns_com_mux.o
                0x0000000000004862                fw_subcommand_calibrate_imu
 .text.fw_subcommand_calibrate_js_offset
                0x000000000000488c       0x6a ./User/ns_com_mux.o
                0x000000000000488c                fw_subcommand_calibrate_js_offset
 .text.fw_subcommand_get_status
                0x00000000000048f6       0x70 ./User/ns_com_mux.o
                0x00000000000048f6                fw_subcommand_get_status
 .text.fw_subcommand_get_version
                0x0000000000004966       0x16 ./User/ns_com_mux.o
                0x0000000000004966                fw_subcommand_get_version
 .text.fw_subcommand_dispatcher
                0x000000000000497c       0x96 ./User/ns_com_mux.o
                0x000000000000497c                fw_subcommand_dispatcher
 .text.hid_dispatch
                0x0000000000004a12       0x46 ./User/ns_com_mux.o
                0x0000000000004a12                hid_dispatch
 .text.setup_exti
                0x0000000000004a58       0x9e ./User/pwr.o
                0x0000000000004a58                setup_exti
 .text.top_init
                0x0000000000004af6       0x2e ./User/pwr.o
                0x0000000000004af6                top_init
 .text.set_pwr_mode_stop
                0x0000000000004b24       0x4a ./User/pwr.o
                0x0000000000004b24                set_pwr_mode_stop
 .text.ring_buffer_init
                0x0000000000004b6e       0x46 ./User/ring_buffer.o
                0x0000000000004b6e                ring_buffer_init
 .text.ring_buffer_push
                0x0000000000004bb4       0x98 ./User/ring_buffer.o
                0x0000000000004bb4                ring_buffer_push
 .text.ring_buffer_pop
                0x0000000000004c4c       0x58 ./User/ring_buffer.o
                0x0000000000004c4c                ring_buffer_pop
 .text.SPI_FullDuplex_Init
                0x0000000000004ca4       0x76 ./User/spi.o
                0x0000000000004ca4                SPI_FullDuplex_Init
 .text.spi_DMA_Tx_Init
                0x0000000000004d1a       0x58 ./User/spi.o
                0x0000000000004d1a                spi_DMA_Tx_Init
 .text.rgb_spi_pkg_gen
                0x0000000000004d72       0x54 ./User/spi.o
                0x0000000000004d72                rgb_spi_pkg_gen
 .text.set_led_rgb
                0x0000000000004dc6       0x7e ./User/spi.o
                0x0000000000004dc6                set_led_rgb
 .text.flush_spi_tx_seq
                0x0000000000004e44       0xe6 ./User/spi.o
                0x0000000000004e44                flush_spi_tx_seq
 .text.flush_rgb
                0x0000000000004f2a       0x44 ./User/spi.o
                0x0000000000004f2a                flush_rgb
 .text.spi_init
                0x0000000000004f6e       0x44 ./User/spi.o
                0x0000000000004f6e                spi_init
 .text.DMA1_Channel3_IRQHandler
                0x0000000000004fb2       0x2e ./User/spi.o
                0x0000000000004fb2                DMA1_Channel3_IRQHandler
 .text.SetSysClockTo72_HSI
                0x0000000000004fe0       0x86 ./User/system_ch32v10x.o
 .text.SystemInit
                0x0000000000005066       0x44 ./User/system_ch32v10x.o
                0x0000000000005066                SystemInit
 .text.SystemCoreClockUpdate
                0x00000000000050aa       0x76 ./User/system_ch32v10x.o
                0x00000000000050aa                SystemCoreClockUpdate
 .text.SetSysClock
                0x0000000000005120        0x4 ./User/system_ch32v10x.o
                0x0000000000005120                SetSysClock
 .text.TIM2_IRQHandler
                0x0000000000005124       0x28 ./User/tick.o
                0x0000000000005124                TIM2_IRQHandler
 .text._systick_init
                0x000000000000514c       0x66 ./User/tick.o
                0x000000000000514c                _systick_init
 .text.SysTick_Init
                0x00000000000051b2       0x12 ./User/tick.o
                0x00000000000051b2                SysTick_Init
 .text.Get_Systick_US
                0x00000000000051c4       0x18 ./User/tick.o
                0x00000000000051c4                Get_Systick_US
 .text.Get_Systick_MS
                0x00000000000051dc        0x6 ./User/tick.o
                0x00000000000051dc                Get_Systick_MS
 .text.HighPrecisionTimer_Init
                0x00000000000051e2       0x16 ./User/tick.o
                0x00000000000051e2                HighPrecisionTimer_Init
 .text.wait_nonblocking_us
                0x00000000000051f8       0x3c ./User/tick.o
                0x00000000000051f8                wait_nonblocking_us
 .text.Delay_Us
                0x0000000000005234       0x20 ./User/tick.o
                0x0000000000005234                Delay_Us
 .text.Delay_Ms
                0x0000000000005254       0x18 ./User/tick.o
                0x0000000000005254                Delay_Ms
 .text.decode_uart_pkt.part.0
                0x000000000000526c       0x52 ./User/uart.o
 .text.UART1_DMA_Init
                0x00000000000052be       0xae ./User/uart.o
                0x00000000000052be                UART1_DMA_Init
 .text.UART1_Init
                0x000000000000536c       0xce ./User/uart.o
                0x000000000000536c                UART1_Init
 .text.UART1_DMA_Tx
                0x000000000000543a       0x48 ./User/uart.o
                0x000000000000543a                UART1_DMA_Tx
 .text.UART1_Tx_Service
                0x0000000000005482       0xb6 ./User/uart.o
                0x0000000000005482                UART1_Tx_Service
 .text.encode_uart_pkt
                0x0000000000005538       0xae ./User/uart.o
                0x0000000000005538                encode_uart_pkt
 .text.check_uart_pkt
                0x00000000000055e6       0x34 ./User/uart.o
                0x00000000000055e6                check_uart_pkt
 .text.UART1_Rx_Service
                0x000000000000561a      0x14c ./User/uart.o
                0x000000000000561a                UART1_Rx_Service
 .text.send_uart_pkt
                0x0000000000005766       0x4c ./User/uart.o
                0x0000000000005766                send_uart_pkt
 .text.uart_conf_write
                0x00000000000057b2       0x6a ./User/uart_com.o
                0x00000000000057b2                uart_conf_write
 .text.send_input_with_uart
                0x000000000000581c       0x40 ./User/uart_com.o
                0x000000000000581c                send_input_with_uart
 .text.start_connect
                0x000000000000585c       0x6e ./User/uart_com.o
                0x000000000000585c                start_connect
 .text.wake_esp32
                0x00000000000058ca       0x38 ./User/uart_com.o
                0x00000000000058ca                wake_esp32
 .text.recv_esp32_connect_control
                0x0000000000005902       0xe2 ./User/uart_com.o
                0x0000000000005902                recv_esp32_connect_control
 .text.recv_rumble_frame
                0x00000000000059e4       0x24 ./User/uart_com.o
                0x00000000000059e4                recv_rumble_frame
 .text.recv_pwr_control
                0x0000000000005a08       0x58 ./User/uart_com.o
                0x0000000000005a08                recv_pwr_control
 .text.recv_flash_operation
                0x0000000000005a60       0xf2 ./User/uart_com.o
                0x0000000000005a60                recv_flash_operation
 .text.recv_esp32_pkg
                0x0000000000005b52       0x4c ./User/uart_com.o
                0x0000000000005b52                recv_esp32_pkg
 .text.connection_state_handler
                0x0000000000005b9e      0x12e ./User/uart_com.o
                0x0000000000005b9e                connection_state_handler
 .text.uart_com_task
                0x0000000000005ccc       0x62 ./User/uart_com.o
                0x0000000000005ccc                uart_com_task
 .text.ns_set_peripheral_data_getter
                0x0000000000005d2e        0x6 ./User/usbd_compatibility_hid.o
                0x0000000000005d2e                ns_set_peripheral_data_getter
 .text.ns_hid_get_packet_timer
                0x0000000000005d34       0x3e ./User/usbd_compatibility_hid.o
                0x0000000000005d34                ns_hid_get_packet_timer
 .text.rpt_warpper
                0x0000000000005d72       0x66 ./User/usbd_compatibility_hid.o
                0x0000000000005d72                rpt_warpper
 .text.set_imu_available
                0x0000000000005dd8        0x6 ./User/usbd_compatibility_hid.o
                0x0000000000005dd8                set_imu_available
 .text.hid_init
                0x0000000000005dde        0xe ./User/usbd_compatibility_hid.o
                0x0000000000005dde                hid_init
 .text.hid_tx_service
                0x0000000000005dec      0x10c ./User/usbd_compatibility_hid.o
                0x0000000000005dec                hid_tx_service
 .text.hid_rx_service
                0x0000000000005ef8       0x56 ./User/usbd_compatibility_hid.o
                0x0000000000005ef8                hid_rx_service
 .text.soft_watchdog_feed
                0x0000000000005f4e       0x10 ./User/watchdog.o
                0x0000000000005f4e                soft_watchdog_feed
 .text.TIM4_IRQHandler
                0x0000000000005f5e       0x58 ./User/watchdog.o
                0x0000000000005f5e                TIM4_IRQHandler
 .text.vector_handler
                0x0000000000005fb6        0x2 ./Startup/startup_ch32v10x.o
                0x0000000000005fb6                EXTI2_IRQHandler
                0x0000000000005fb6                TIM1_CC_IRQHandler
                0x0000000000005fb6                SysTick_Handler
                0x0000000000005fb6                PVD_IRQHandler
                0x0000000000005fb6                EXTI3_IRQHandler
                0x0000000000005fb6                EXTI0_IRQHandler
                0x0000000000005fb6                I2C2_EV_IRQHandler
                0x0000000000005fb6                ADC1_2_IRQHandler
                0x0000000000005fb6                SPI1_IRQHandler
                0x0000000000005fb6                TAMPER_IRQHandler
                0x0000000000005fb6                DMA1_Channel4_IRQHandler
                0x0000000000005fb6                USART3_IRQHandler
                0x0000000000005fb6                RTC_IRQHandler
                0x0000000000005fb6                DMA1_Channel7_IRQHandler
                0x0000000000005fb6                I2C1_EV_IRQHandler
                0x0000000000005fb6                DMA1_Channel6_IRQHandler
                0x0000000000005fb6                RCC_IRQHandler
                0x0000000000005fb6                TIM1_TRG_COM_IRQHandler
                0x0000000000005fb6                DMA1_Channel1_IRQHandler
                0x0000000000005fb6                EXTI15_10_IRQHandler
                0x0000000000005fb6                EXTI9_5_IRQHandler
                0x0000000000005fb6                SPI2_IRQHandler
                0x0000000000005fb6                DMA1_Channel5_IRQHandler
                0x0000000000005fb6                EXTI4_IRQHandler
                0x0000000000005fb6                TIM1_UP_IRQHandler
                0x0000000000005fb6                WWDG_IRQHandler
                0x0000000000005fb6                SW_Handler
                0x0000000000005fb6                TIM1_BRK_IRQHandler
                0x0000000000005fb6                EXTI1_IRQHandler
                0x0000000000005fb6                RTCAlarm_IRQHandler
                0x0000000000005fb6                USART2_IRQHandler
                0x0000000000005fb6                DMA1_Channel2_IRQHandler
                0x0000000000005fb6                FLASH_IRQHandler
                0x0000000000005fb6                USART1_IRQHandler
                0x0000000000005fb6                I2C1_ER_IRQHandler
                0x0000000000005fb6                USBWakeUp_IRQHandler
 .text.handle_reset
                0x0000000000005fb8       0x7e ./Startup/startup_ch32v10x.o
                0x0000000000005fb8                handle_reset
 .text.ADC_DeInit
                0x0000000000006036       0x2a ./Peripheral/src/ch32v10x_adc.o
                0x0000000000006036                ADC_DeInit
 .text.ADC_Init
                0x0000000000006060       0x50 ./Peripheral/src/ch32v10x_adc.o
                0x0000000000006060                ADC_Init
 .text.ADC_Cmd  0x00000000000060b0       0x10 ./Peripheral/src/ch32v10x_adc.o
                0x00000000000060b0                ADC_Cmd
 .text.ADC_DMACmd
                0x00000000000060c0       0x12 ./Peripheral/src/ch32v10x_adc.o
                0x00000000000060c0                ADC_DMACmd
 .text.ADC_ResetCalibration
                0x00000000000060d2        0xa ./Peripheral/src/ch32v10x_adc.o
                0x00000000000060d2                ADC_ResetCalibration
 .text.ADC_GetResetCalibrationStatus
                0x00000000000060dc        0x8 ./Peripheral/src/ch32v10x_adc.o
                0x00000000000060dc                ADC_GetResetCalibrationStatus
 .text.ADC_StartCalibration
                0x00000000000060e4        0xa ./Peripheral/src/ch32v10x_adc.o
                0x00000000000060e4                ADC_StartCalibration
 .text.ADC_GetCalibrationStatus
                0x00000000000060ee        0x8 ./Peripheral/src/ch32v10x_adc.o
                0x00000000000060ee                ADC_GetCalibrationStatus
 .text.ADC_SoftwareStartConvCmd
                0x00000000000060f6       0x18 ./Peripheral/src/ch32v10x_adc.o
                0x00000000000060f6                ADC_SoftwareStartConvCmd
 .text.ADC_RegularChannelConfig
                0x000000000000610e       0xb8 ./Peripheral/src/ch32v10x_adc.o
                0x000000000000610e                ADC_RegularChannelConfig
 .text.Get_CalibrationValue
                0x00000000000061c6      0x182 ./Peripheral/src/ch32v10x_adc.o
                0x00000000000061c6                Get_CalibrationValue
 .text.DMA_DeInit
                0x0000000000006348       0xe0 ./Peripheral/src/ch32v10x_dma.o
                0x0000000000006348                DMA_DeInit
 .text.DMA_Init
                0x0000000000006428       0x38 ./Peripheral/src/ch32v10x_dma.o
                0x0000000000006428                DMA_Init
 .text.DMA_Cmd  0x0000000000006460       0x14 ./Peripheral/src/ch32v10x_dma.o
                0x0000000000006460                DMA_Cmd
 .text.DMA_GetCurrDataCounter
                0x0000000000006474        0x8 ./Peripheral/src/ch32v10x_dma.o
                0x0000000000006474                DMA_GetCurrDataCounter
 .text.DMA_GetFlagStatus
                0x000000000000647c       0x20 ./Peripheral/src/ch32v10x_dma.o
                0x000000000000647c                DMA_GetFlagStatus
 .text.DMA_ClearFlag
                0x000000000000649c       0x1a ./Peripheral/src/ch32v10x_dma.o
                0x000000000000649c                DMA_ClearFlag
 .text.DMA_GetITStatus
                0x00000000000064b6        0x4 ./Peripheral/src/ch32v10x_dma.o
                0x00000000000064b6                DMA_GetITStatus
 .text.DMA_ClearITPendingBit
                0x00000000000064ba        0x4 ./Peripheral/src/ch32v10x_dma.o
                0x00000000000064ba                DMA_ClearITPendingBit
 .text.EXTI_Init
                0x00000000000064be       0x62 ./Peripheral/src/ch32v10x_exti.o
                0x00000000000064be                EXTI_Init
 .text.ROM_ERASE
                0x0000000000006520       0x80 ./Peripheral/src/ch32v10x_flash.o
 .text.FLASH_ROM_ERASE
                0x00000000000065a0      0x11a ./Peripheral/src/ch32v10x_flash.o
                0x00000000000065a0                FLASH_ROM_ERASE
 .text.FLASH_ROM_WRITE
                0x00000000000066ba      0x11a ./Peripheral/src/ch32v10x_flash.o
                0x00000000000066ba                FLASH_ROM_WRITE
 .text.GPIO_Init
                0x00000000000067d4       0xbe ./Peripheral/src/ch32v10x_gpio.o
                0x00000000000067d4                GPIO_Init
 .text.GPIO_ReadInputDataBit
                0x0000000000006892        0xc ./Peripheral/src/ch32v10x_gpio.o
                0x0000000000006892                GPIO_ReadInputDataBit
 .text.GPIO_SetBits
                0x000000000000689e        0x4 ./Peripheral/src/ch32v10x_gpio.o
                0x000000000000689e                GPIO_SetBits
 .text.GPIO_ResetBits
                0x00000000000068a2        0x4 ./Peripheral/src/ch32v10x_gpio.o
                0x00000000000068a2                GPIO_ResetBits
 .text.GPIO_EXTILineConfig
                0x00000000000068a6       0x2c ./Peripheral/src/ch32v10x_gpio.o
                0x00000000000068a6                GPIO_EXTILineConfig
 .text.I2C_DeInit
                0x00000000000068d2       0x32 ./Peripheral/src/ch32v10x_i2c.o
                0x00000000000068d2                I2C_DeInit
 .text.I2C_Init
                0x0000000000006904      0x112 ./Peripheral/src/ch32v10x_i2c.o
                0x0000000000006904                I2C_Init
 .text.I2C_Cmd  0x0000000000006a16       0x1c ./Peripheral/src/ch32v10x_i2c.o
                0x0000000000006a16                I2C_Cmd
 .text.I2C_GenerateSTART
                0x0000000000006a32       0x1e ./Peripheral/src/ch32v10x_i2c.o
                0x0000000000006a32                I2C_GenerateSTART
 .text.I2C_GenerateSTOP
                0x0000000000006a50       0x1e ./Peripheral/src/ch32v10x_i2c.o
                0x0000000000006a50                I2C_GenerateSTOP
 .text.I2C_AcknowledgeConfig
                0x0000000000006a6e       0x1e ./Peripheral/src/ch32v10x_i2c.o
                0x0000000000006a6e                I2C_AcknowledgeConfig
 .text.I2C_SendData
                0x0000000000006a8c        0x6 ./Peripheral/src/ch32v10x_i2c.o
                0x0000000000006a8c                I2C_SendData
 .text.I2C_ReceiveData
                0x0000000000006a92        0xa ./Peripheral/src/ch32v10x_i2c.o
                0x0000000000006a92                I2C_ReceiveData
 .text.I2C_Send7bitAddress
                0x0000000000006a9c       0x10 ./Peripheral/src/ch32v10x_i2c.o
                0x0000000000006a9c                I2C_Send7bitAddress
 .text.I2C_SoftwareResetCmd
                0x0000000000006aac       0x16 ./Peripheral/src/ch32v10x_i2c.o
                0x0000000000006aac                I2C_SoftwareResetCmd
 .text.I2C_NACKPositionConfig
                0x0000000000006ac2       0x26 ./Peripheral/src/ch32v10x_i2c.o
                0x0000000000006ac2                I2C_NACKPositionConfig
 .text.I2C_CheckEvent
                0x0000000000006ae8       0x1a ./Peripheral/src/ch32v10x_i2c.o
                0x0000000000006ae8                I2C_CheckEvent
 .text.I2C_GetFlagStatus
                0x0000000000006b02       0x32 ./Peripheral/src/ch32v10x_i2c.o
                0x0000000000006b02                I2C_GetFlagStatus
 .text.NVIC_PriorityGroupConfig
                0x0000000000006b34       0x10 ./Peripheral/src/ch32v10x_misc.o
                0x0000000000006b34                NVIC_PriorityGroupConfig
 .text.NVIC_Init
                0x0000000000006b44       0x6e ./Peripheral/src/ch32v10x_misc.o
                0x0000000000006b44                NVIC_Init
 .text.PWR_PVDCmd
                0x0000000000006bb2       0x14 ./Peripheral/src/ch32v10x_pwr.o
                0x0000000000006bb2                PWR_PVDCmd
 .text.PWR_PVDLevelConfig
                0x0000000000006bc6       0x10 ./Peripheral/src/ch32v10x_pwr.o
                0x0000000000006bc6                PWR_PVDLevelConfig
 .text.PWR_EnterSTOPMode
                0x0000000000006bd6       0x62 ./Peripheral/src/ch32v10x_pwr.o
                0x0000000000006bd6                PWR_EnterSTOPMode
 .text.PWR_GetFlagStatus
                0x0000000000006c38        0xe ./Peripheral/src/ch32v10x_pwr.o
                0x0000000000006c38                PWR_GetFlagStatus
 .text.PWR_VDD_SupplyVoltage
                0x0000000000006c46       0x42 ./Peripheral/src/ch32v10x_pwr.o
                0x0000000000006c46                PWR_VDD_SupplyVoltage
 .text.RCC_USBCLKConfig
                0x0000000000006c88       0x24 ./Peripheral/src/ch32v10x_rcc.o
                0x0000000000006c88                RCC_USBCLKConfig
 .text.RCC_ADCCLKConfig
                0x0000000000006cac       0x12 ./Peripheral/src/ch32v10x_rcc.o
                0x0000000000006cac                RCC_ADCCLKConfig
 .text.RCC_LSICmd
                0x0000000000006cbe       0x14 ./Peripheral/src/ch32v10x_rcc.o
                0x0000000000006cbe                RCC_LSICmd
 .text.RCC_GetClocksFreq
                0x0000000000006cd2       0xb0 ./Peripheral/src/ch32v10x_rcc.o
                0x0000000000006cd2                RCC_GetClocksFreq
 .text.RCC_AHBPeriphClockCmd
                0x0000000000006d82       0x1e ./Peripheral/src/ch32v10x_rcc.o
                0x0000000000006d82                RCC_AHBPeriphClockCmd
 .text.RCC_APB2PeriphClockCmd
                0x0000000000006da0       0x1e ./Peripheral/src/ch32v10x_rcc.o
                0x0000000000006da0                RCC_APB2PeriphClockCmd
 .text.RCC_APB1PeriphClockCmd
                0x0000000000006dbe       0x1e ./Peripheral/src/ch32v10x_rcc.o
                0x0000000000006dbe                RCC_APB1PeriphClockCmd
 .text.RCC_APB2PeriphResetCmd
                0x0000000000006ddc       0x1e ./Peripheral/src/ch32v10x_rcc.o
                0x0000000000006ddc                RCC_APB2PeriphResetCmd
 .text.RCC_APB1PeriphResetCmd
                0x0000000000006dfa       0x1e ./Peripheral/src/ch32v10x_rcc.o
                0x0000000000006dfa                RCC_APB1PeriphResetCmd
 .text.RCC_GetFlagStatus
                0x0000000000006e18       0x2e ./Peripheral/src/ch32v10x_rcc.o
                0x0000000000006e18                RCC_GetFlagStatus
 .text.SPI_Init
                0x0000000000006e46       0x5a ./Peripheral/src/ch32v10x_spi.o
                0x0000000000006e46                SPI_Init
 .text.SPI_Cmd  0x0000000000006ea0       0x1e ./Peripheral/src/ch32v10x_spi.o
                0x0000000000006ea0                SPI_Cmd
 .text.SPI_I2S_DMACmd
                0x0000000000006ebe       0x16 ./Peripheral/src/ch32v10x_spi.o
                0x0000000000006ebe                SPI_I2S_DMACmd
 .text.TIM_TimeBaseInit
                0x0000000000006ed4       0x78 ./Peripheral/src/ch32v10x_tim.o
                0x0000000000006ed4                TIM_TimeBaseInit
 .text.TIM_OC1Init
                0x0000000000006f4c       0x88 ./Peripheral/src/ch32v10x_tim.o
                0x0000000000006f4c                TIM_OC1Init
 .text.TIM_OC3Init
                0x0000000000006fd4       0xb0 ./Peripheral/src/ch32v10x_tim.o
                0x0000000000006fd4                TIM_OC3Init
 .text.TIM_OC4Init
                0x0000000000007084       0x80 ./Peripheral/src/ch32v10x_tim.o
                0x0000000000007084                TIM_OC4Init
 .text.TIM_Cmd  0x0000000000007104       0x1c ./Peripheral/src/ch32v10x_tim.o
                0x0000000000007104                TIM_Cmd
 .text.TIM_CtrlPWMOutputs
                0x0000000000007120       0x16 ./Peripheral/src/ch32v10x_tim.o
                0x0000000000007120                TIM_CtrlPWMOutputs
 .text.TIM_ITConfig
                0x0000000000007136       0x16 ./Peripheral/src/ch32v10x_tim.o
                0x0000000000007136                TIM_ITConfig
 .text.TIM_ARRPreloadConfig
                0x000000000000714c       0x1e ./Peripheral/src/ch32v10x_tim.o
                0x000000000000714c                TIM_ARRPreloadConfig
 .text.TIM_OC1PreloadConfig
                0x000000000000716a       0x12 ./Peripheral/src/ch32v10x_tim.o
                0x000000000000716a                TIM_OC1PreloadConfig
 .text.TIM_OC2PreloadConfig
                0x000000000000717c       0x1a ./Peripheral/src/ch32v10x_tim.o
                0x000000000000717c                TIM_OC2PreloadConfig
 .text.TIM_OC3PreloadConfig
                0x0000000000007196       0x12 ./Peripheral/src/ch32v10x_tim.o
                0x0000000000007196                TIM_OC3PreloadConfig
 .text.TIM_OC4PreloadConfig
                0x00000000000071a8       0x1a ./Peripheral/src/ch32v10x_tim.o
                0x00000000000071a8                TIM_OC4PreloadConfig
 .text.TIM_SetCompare1
                0x00000000000071c2        0x6 ./Peripheral/src/ch32v10x_tim.o
                0x00000000000071c2                TIM_SetCompare1
 .text.TIM_SetCompare2
                0x00000000000071c8        0x6 ./Peripheral/src/ch32v10x_tim.o
                0x00000000000071c8                TIM_SetCompare2
 .text.TIM_SetCompare3
                0x00000000000071ce        0x6 ./Peripheral/src/ch32v10x_tim.o
                0x00000000000071ce                TIM_SetCompare3
 .text.TIM_SetCompare4
                0x00000000000071d4        0x6 ./Peripheral/src/ch32v10x_tim.o
                0x00000000000071d4                TIM_SetCompare4
 .text.TIM_GetFlagStatus
                0x00000000000071da        0xc ./Peripheral/src/ch32v10x_tim.o
                0x00000000000071da                TIM_GetFlagStatus
 .text.TIM_GetITStatus
                0x00000000000071e6       0x1c ./Peripheral/src/ch32v10x_tim.o
                0x00000000000071e6                TIM_GetITStatus
 .text.TIM_ClearITPendingBit
                0x0000000000007202        0xe ./Peripheral/src/ch32v10x_tim.o
                0x0000000000007202                TIM_ClearITPendingBit
 .text.USART_Init
                0x0000000000007210       0xa6 ./Peripheral/src/ch32v10x_usart.o
                0x0000000000007210                USART_Init
 .text.USART_Cmd
                0x00000000000072b6       0x18 ./Peripheral/src/ch32v10x_usart.o
                0x00000000000072b6                USART_Cmd
 .text.USART_DMACmd
                0x00000000000072ce       0x16 ./Peripheral/src/ch32v10x_usart.o
                0x00000000000072ce                USART_DMACmd
 .text.USART_GetFlagStatus
                0x00000000000072e4        0xc ./Peripheral/src/ch32v10x_usart.o
                0x00000000000072e4                USART_GetFlagStatus
 .text.USART_ClearFlag
                0x00000000000072f0        0xe ./Peripheral/src/ch32v10x_usart.o
                0x00000000000072f0                USART_ClearFlag
 .text.USART_printf_Init
                0x00000000000072fe        0x2 ./Debug/debug.o
                0x00000000000072fe                USART_printf_Init
 .text._write   0x0000000000007300        0x4 ./Debug/debug.o
                0x0000000000007300                _write
 .text._sbrk    0x0000000000007304       0x2a ./Debug/debug.o
                0x0000000000007304                _sbrk
 .text.sqrtf    0x000000000000732e       0x48 d:/mounriver_studio/toolchain/risc-v embedded gcc12/bin/../lib/gcc/riscv-none-elf/12.2.0/../../../../riscv-none-elf/lib\libm_nano.a(lib_a-wf_sqrt.o)
                0x000000000000732e                sqrtf
 .text.__ieee754_sqrtf
                0x0000000000007376      0x114 d:/mounriver_studio/toolchain/risc-v embedded gcc12/bin/../lib/gcc/riscv-none-elf/12.2.0/../../../../riscv-none-elf/lib\libm_nano.a(lib_a-ef_sqrt.o)
                0x0000000000007376                __ieee754_sqrtf
 .text.__udivdi3
                0x000000000000748a      0x3b0 d:/mounriver_studio/toolchain/risc-v embedded gcc12/bin/../lib/gcc/riscv-none-elf/12.2.0\libgcc.a(_udivdi3.o)
                0x000000000000748a                __udivdi3
 .text.__adddf3
                0x000000000000783a      0x6e8 d:/mounriver_studio/toolchain/risc-v embedded gcc12/bin/../lib/gcc/riscv-none-elf/12.2.0\libgcc.a(adddf3.o)
                0x000000000000783a                __adddf3
 .text.__divdf3
                0x0000000000007f22      0x5ae d:/mounriver_studio/toolchain/risc-v embedded gcc12/bin/../lib/gcc/riscv-none-elf/12.2.0\libgcc.a(divdf3.o)
                0x0000000000007f22                __divdf3
 .text.__muldf3
                0x00000000000084d0      0x54a d:/mounriver_studio/toolchain/risc-v embedded gcc12/bin/../lib/gcc/riscv-none-elf/12.2.0\libgcc.a(muldf3.o)
                0x00000000000084d0                __muldf3
 .text.__subdf3
                0x0000000000008a1a      0x736 d:/mounriver_studio/toolchain/risc-v embedded gcc12/bin/../lib/gcc/riscv-none-elf/12.2.0\libgcc.a(subdf3.o)
                0x0000000000008a1a                __subdf3
 .text.__floatsidf
                0x0000000000009150       0x70 d:/mounriver_studio/toolchain/risc-v embedded gcc12/bin/../lib/gcc/riscv-none-elf/12.2.0\libgcc.a(floatsidf.o)
                0x0000000000009150                __floatsidf
 .text.__floatunsidf
                0x00000000000091c0       0x70 d:/mounriver_studio/toolchain/risc-v embedded gcc12/bin/../lib/gcc/riscv-none-elf/12.2.0\libgcc.a(floatunsidf.o)
                0x00000000000091c0                __floatunsidf
 .text.__addsf3
                0x0000000000009230      0x368 d:/mounriver_studio/toolchain/risc-v embedded gcc12/bin/../lib/gcc/riscv-none-elf/12.2.0\libgcc.a(addsf3.o)
                0x0000000000009230                __addsf3
 .text.__divsf3
                0x0000000000009598      0x2ea d:/mounriver_studio/toolchain/risc-v embedded gcc12/bin/../lib/gcc/riscv-none-elf/12.2.0\libgcc.a(divsf3.o)
                0x0000000000009598                __divsf3
 .text.__gesf2  0x0000000000009882       0x96 d:/mounriver_studio/toolchain/risc-v embedded gcc12/bin/../lib/gcc/riscv-none-elf/12.2.0\libgcc.a(gesf2.o)
                0x0000000000009882                __gesf2
                0x0000000000009882                __gtsf2
 .text.__lesf2  0x0000000000009918       0x98 d:/mounriver_studio/toolchain/risc-v embedded gcc12/bin/../lib/gcc/riscv-none-elf/12.2.0\libgcc.a(lesf2.o)
                0x0000000000009918                __ltsf2
                0x0000000000009918                __lesf2
 .text.__mulsf3
                0x00000000000099b0      0x2d8 d:/mounriver_studio/toolchain/risc-v embedded gcc12/bin/../lib/gcc/riscv-none-elf/12.2.0\libgcc.a(mulsf3.o)
                0x00000000000099b0                __mulsf3
 .text.__subsf3
                0x0000000000009c88      0x38c d:/mounriver_studio/toolchain/risc-v embedded gcc12/bin/../lib/gcc/riscv-none-elf/12.2.0\libgcc.a(subsf3.o)
                0x0000000000009c88                __subsf3
 .text.__unordsf2
                0x000000000000a014       0x3c d:/mounriver_studio/toolchain/risc-v embedded gcc12/bin/../lib/gcc/riscv-none-elf/12.2.0\libgcc.a(unordsf2.o)
                0x000000000000a014                __unordsf2
 .text.__fixsfsi
                0x000000000000a050       0x60 d:/mounriver_studio/toolchain/risc-v embedded gcc12/bin/../lib/gcc/riscv-none-elf/12.2.0\libgcc.a(fixsfsi.o)
                0x000000000000a050                __fixsfsi
 .text.__floatsisf
                0x000000000000a0b0       0xcc d:/mounriver_studio/toolchain/risc-v embedded gcc12/bin/../lib/gcc/riscv-none-elf/12.2.0\libgcc.a(floatsisf.o)
                0x000000000000a0b0                __floatsisf
 .text.__truncdfsf2
                0x000000000000a17c      0x16c d:/mounriver_studio/toolchain/risc-v embedded gcc12/bin/../lib/gcc/riscv-none-elf/12.2.0\libgcc.a(truncdfsf2.o)
                0x000000000000a17c                __truncdfsf2
 .text.__clzsi2
                0x000000000000a2e8       0x6e d:/mounriver_studio/toolchain/risc-v embedded gcc12/bin/../lib/gcc/riscv-none-elf/12.2.0\libgcc.a(_clzsi2.o)
                0x000000000000a2e8                __clzsi2
 .text.__errno  0x000000000000a356        0x6 d:/mounriver_studio/toolchain/risc-v embedded gcc12/bin/../lib/gcc/riscv-none-elf/12.2.0/../../../../riscv-none-elf/lib\libg_nano.a(lib_a-errno.o)
                0x000000000000a356                __errno
 .text.printf   0x000000000000a35c       0x3a d:/mounriver_studio/toolchain/risc-v embedded gcc12/bin/../lib/gcc/riscv-none-elf/12.2.0/../../../../riscv-none-elf/lib\libg_nano.a(lib_a-printf.o)
                0x000000000000a35c                iprintf
                0x000000000000a35c                printf
 .text._puts_r  0x000000000000a396      0x10e d:/mounriver_studio/toolchain/risc-v embedded gcc12/bin/../lib/gcc/riscv-none-elf/12.2.0/../../../../riscv-none-elf/lib\libg_nano.a(lib_a-puts.o)
                0x000000000000a396                _puts_r
 .text.puts     0x000000000000a4a4        0xa d:/mounriver_studio/toolchain/risc-v embedded gcc12/bin/../lib/gcc/riscv-none-elf/12.2.0/../../../../riscv-none-elf/lib\libg_nano.a(lib_a-puts.o)
                0x000000000000a4a4                puts
 .text.__swbuf_r
                0x000000000000a4ae       0xc0 d:/mounriver_studio/toolchain/risc-v embedded gcc12/bin/../lib/gcc/riscv-none-elf/12.2.0/../../../../riscv-none-elf/lib\libg_nano.a(lib_a-wbuf.o)
                0x000000000000a4ae                __swbuf_r
 .text.__swsetup_r
                0x000000000000a56e       0xfa d:/mounriver_studio/toolchain/risc-v embedded gcc12/bin/../lib/gcc/riscv-none-elf/12.2.0/../../../../riscv-none-elf/lib\libg_nano.a(lib_a-wsetup.o)
                0x000000000000a56e                __swsetup_r
 .text.__sflush_r
                0x000000000000a668      0x138 d:/mounriver_studio/toolchain/risc-v embedded gcc12/bin/../lib/gcc/riscv-none-elf/12.2.0/../../../../riscv-none-elf/lib\libg_nano.a(lib_a-fflush.o)
                0x000000000000a668                __sflush_r
 .text._fflush_r
                0x000000000000a7a0       0x8a d:/mounriver_studio/toolchain/risc-v embedded gcc12/bin/../lib/gcc/riscv-none-elf/12.2.0/../../../../riscv-none-elf/lib\libg_nano.a(lib_a-fflush.o)
                0x000000000000a7a0                _fflush_r
 .text.std      0x000000000000a82a       0x6a d:/mounriver_studio/toolchain/risc-v embedded gcc12/bin/../lib/gcc/riscv-none-elf/12.2.0/../../../../riscv-none-elf/lib\libg_nano.a(lib_a-findfp.o)
 .text._cleanup_r
                0x000000000000a894        0xa d:/mounriver_studio/toolchain/risc-v embedded gcc12/bin/../lib/gcc/riscv-none-elf/12.2.0/../../../../riscv-none-elf/lib\libg_nano.a(lib_a-findfp.o)
                0x000000000000a894                _cleanup_r
 .text.__sfmoreglue
                0x000000000000a89e       0x46 d:/mounriver_studio/toolchain/risc-v embedded gcc12/bin/../lib/gcc/riscv-none-elf/12.2.0/../../../../riscv-none-elf/lib\libg_nano.a(lib_a-findfp.o)
                0x000000000000a89e                __sfmoreglue
 .text.__sfp_lock_acquire
                0x000000000000a8e4        0x6 d:/mounriver_studio/toolchain/risc-v embedded gcc12/bin/../lib/gcc/riscv-none-elf/12.2.0/../../../../riscv-none-elf/lib\libg_nano.a(lib_a-findfp.o)
                0x000000000000a8e4                __sfp_lock_acquire
 .text.__sfp_lock_release
                0x000000000000a8ea        0x6 d:/mounriver_studio/toolchain/risc-v embedded gcc12/bin/../lib/gcc/riscv-none-elf/12.2.0/../../../../riscv-none-elf/lib\libg_nano.a(lib_a-findfp.o)
                0x000000000000a8ea                __sfp_lock_release
 .text.__sinit_lock_acquire
                0x000000000000a8f0        0x6 d:/mounriver_studio/toolchain/risc-v embedded gcc12/bin/../lib/gcc/riscv-none-elf/12.2.0/../../../../riscv-none-elf/lib\libg_nano.a(lib_a-findfp.o)
                0x000000000000a8f0                __sinit_lock_acquire
 .text.__sinit_lock_release
                0x000000000000a8f6        0x6 d:/mounriver_studio/toolchain/risc-v embedded gcc12/bin/../lib/gcc/riscv-none-elf/12.2.0/../../../../riscv-none-elf/lib\libg_nano.a(lib_a-findfp.o)
                0x000000000000a8f6                __sinit_lock_release
 .text.__sinit  0x000000000000a8fc       0x72 d:/mounriver_studio/toolchain/risc-v embedded gcc12/bin/../lib/gcc/riscv-none-elf/12.2.0/../../../../riscv-none-elf/lib\libg_nano.a(lib_a-findfp.o)
                0x000000000000a8fc                __sinit
 .text.__sfp    0x000000000000a96e       0xb0 d:/mounriver_studio/toolchain/risc-v embedded gcc12/bin/../lib/gcc/riscv-none-elf/12.2.0/../../../../riscv-none-elf/lib\libg_nano.a(lib_a-findfp.o)
                0x000000000000a96e                __sfp
 .text._fwalk_reent
                0x000000000000aa1e       0x6a d:/mounriver_studio/toolchain/risc-v embedded gcc12/bin/../lib/gcc/riscv-none-elf/12.2.0/../../../../riscv-none-elf/lib\libg_nano.a(lib_a-fwalk.o)
                0x000000000000aa1e                _fwalk_reent
 .text.__retarget_lock_init_recursive
                0x000000000000aa88        0x2 d:/mounriver_studio/toolchain/risc-v embedded gcc12/bin/../lib/gcc/riscv-none-elf/12.2.0/../../../../riscv-none-elf/lib\libg_nano.a(lib_a-lock.o)
                0x000000000000aa88                __retarget_lock_init_recursive
 .text.__retarget_lock_acquire_recursive
                0x000000000000aa8a        0x2 d:/mounriver_studio/toolchain/risc-v embedded gcc12/bin/../lib/gcc/riscv-none-elf/12.2.0/../../../../riscv-none-elf/lib\libg_nano.a(lib_a-lock.o)
                0x000000000000aa8a                __retarget_lock_acquire_recursive
 .text.__retarget_lock_release_recursive
                0x000000000000aa8c        0x2 d:/mounriver_studio/toolchain/risc-v embedded gcc12/bin/../lib/gcc/riscv-none-elf/12.2.0/../../../../riscv-none-elf/lib\libg_nano.a(lib_a-lock.o)
                0x000000000000aa8c                __retarget_lock_release_recursive
 .text.__swhatbuf_r
                0x000000000000aa8e       0x5c d:/mounriver_studio/toolchain/risc-v embedded gcc12/bin/../lib/gcc/riscv-none-elf/12.2.0/../../../../riscv-none-elf/lib\libg_nano.a(lib_a-makebuf.o)
                0x000000000000aa8e                __swhatbuf_r
 .text.__smakebuf_r
                0x000000000000aaea       0xa4 d:/mounriver_studio/toolchain/risc-v embedded gcc12/bin/../lib/gcc/riscv-none-elf/12.2.0/../../../../riscv-none-elf/lib\libg_nano.a(lib_a-makebuf.o)
                0x000000000000aaea                __smakebuf_r
 .text._free_r  0x000000000000ab8e       0x9e d:/mounriver_studio/toolchain/risc-v embedded gcc12/bin/../lib/gcc/riscv-none-elf/12.2.0/../../../../riscv-none-elf/lib\libg_nano.a(lib_a-nano-freer.o)
                0x000000000000ab8e                _free_r
 .text.sbrk_aligned
                0x000000000000ac2c       0x54 d:/mounriver_studio/toolchain/risc-v embedded gcc12/bin/../lib/gcc/riscv-none-elf/12.2.0/../../../../riscv-none-elf/lib\libg_nano.a(lib_a-nano-mallocr.o)
 .text._malloc_r
                0x000000000000ac80      0x10c d:/mounriver_studio/toolchain/risc-v embedded gcc12/bin/../lib/gcc/riscv-none-elf/12.2.0/../../../../riscv-none-elf/lib\libg_nano.a(lib_a-nano-mallocr.o)
                0x000000000000ac80                _malloc_r
 .text.__sfputc_r
                0x000000000000ad8c       0x2a d:/mounriver_studio/toolchain/risc-v embedded gcc12/bin/../lib/gcc/riscv-none-elf/12.2.0/../../../../riscv-none-elf/lib\libg_nano.a(lib_a-nano-vfprintf.o)
 .text.__sfputs_r
                0x000000000000adb6       0x44 d:/mounriver_studio/toolchain/risc-v embedded gcc12/bin/../lib/gcc/riscv-none-elf/12.2.0/../../../../riscv-none-elf/lib\libg_nano.a(lib_a-nano-vfprintf.o)
                0x000000000000adb6                __sfputs_r
 .text._vfprintf_r
                0x000000000000adfa      0x2da d:/mounriver_studio/toolchain/risc-v embedded gcc12/bin/../lib/gcc/riscv-none-elf/12.2.0/../../../../riscv-none-elf/lib\libg_nano.a(lib_a-nano-vfprintf.o)
                0x000000000000adfa                _vfprintf_r
                0x000000000000adfa                _vfiprintf_r
 .text._sbrk_r  0x000000000000b0d4       0x28 d:/mounriver_studio/toolchain/risc-v embedded gcc12/bin/../lib/gcc/riscv-none-elf/12.2.0/../../../../riscv-none-elf/lib\libg_nano.a(lib_a-sbrkr.o)
                0x000000000000b0d4                _sbrk_r
 .text.__sread  0x000000000000b0fc       0x30 d:/mounriver_studio/toolchain/risc-v embedded gcc12/bin/../lib/gcc/riscv-none-elf/12.2.0/../../../../riscv-none-elf/lib\libg_nano.a(lib_a-stdio.o)
                0x000000000000b0fc                __sread
 .text.__swrite
                0x000000000000b12c       0x4e d:/mounriver_studio/toolchain/risc-v embedded gcc12/bin/../lib/gcc/riscv-none-elf/12.2.0/../../../../riscv-none-elf/lib\libg_nano.a(lib_a-stdio.o)
                0x000000000000b12c                __swrite
 .text.__sseek  0x000000000000b17a       0x36 d:/mounriver_studio/toolchain/risc-v embedded gcc12/bin/../lib/gcc/riscv-none-elf/12.2.0/../../../../riscv-none-elf/lib\libg_nano.a(lib_a-stdio.o)
                0x000000000000b17a                __sseek
 .text.__sclose
                0x000000000000b1b0        0x6 d:/mounriver_studio/toolchain/risc-v embedded gcc12/bin/../lib/gcc/riscv-none-elf/12.2.0/../../../../riscv-none-elf/lib\libg_nano.a(lib_a-stdio.o)
                0x000000000000b1b0                __sclose
 .text._write_r
                0x000000000000b1b6       0x2c d:/mounriver_studio/toolchain/risc-v embedded gcc12/bin/../lib/gcc/riscv-none-elf/12.2.0/../../../../riscv-none-elf/lib\libg_nano.a(lib_a-writer.o)
                0x000000000000b1b6                _write_r
 .text._close_r
                0x000000000000b1e2       0x26 d:/mounriver_studio/toolchain/risc-v embedded gcc12/bin/../lib/gcc/riscv-none-elf/12.2.0/../../../../riscv-none-elf/lib\libg_nano.a(lib_a-closer.o)
                0x000000000000b1e2                _close_r
 .text._fstat_r
                0x000000000000b208       0x28 d:/mounriver_studio/toolchain/risc-v embedded gcc12/bin/../lib/gcc/riscv-none-elf/12.2.0/../../../../riscv-none-elf/lib\libg_nano.a(lib_a-fstatr.o)
                0x000000000000b208                _fstat_r
 .text._isatty_r
                0x000000000000b230       0x26 d:/mounriver_studio/toolchain/risc-v embedded gcc12/bin/../lib/gcc/riscv-none-elf/12.2.0/../../../../riscv-none-elf/lib\libg_nano.a(lib_a-isattyr.o)
                0x000000000000b230                _isatty_r
 .text._lseek_r
                0x000000000000b256       0x2a d:/mounriver_studio/toolchain/risc-v embedded gcc12/bin/../lib/gcc/riscv-none-elf/12.2.0/../../../../riscv-none-elf/lib\libg_nano.a(lib_a-lseekr.o)
                0x000000000000b256                _lseek_r
 .text.memchr   0x000000000000b280       0x1a d:/mounriver_studio/toolchain/risc-v embedded gcc12/bin/../lib/gcc/riscv-none-elf/12.2.0/../../../../riscv-none-elf/lib\libg_nano.a(lib_a-memchr.o)
                0x000000000000b280                memchr
 .text.__malloc_lock
                0x000000000000b29a        0x8 d:/mounriver_studio/toolchain/risc-v embedded gcc12/bin/../lib/gcc/riscv-none-elf/12.2.0/../../../../riscv-none-elf/lib\libg_nano.a(lib_a-mlock.o)
                0x000000000000b29a                __malloc_lock
 .text.__malloc_unlock
                0x000000000000b2a2        0x8 d:/mounriver_studio/toolchain/risc-v embedded gcc12/bin/../lib/gcc/riscv-none-elf/12.2.0/../../../../riscv-none-elf/lib\libg_nano.a(lib_a-mlock.o)
                0x000000000000b2a2                __malloc_unlock
 .text._printf_common
                0x000000000000b2aa      0x110 d:/mounriver_studio/toolchain/risc-v embedded gcc12/bin/../lib/gcc/riscv-none-elf/12.2.0/../../../../riscv-none-elf/lib\libg_nano.a(lib_a-nano-vfprintf_i.o)
                0x000000000000b2aa                _printf_common
 .text._printf_i
                0x000000000000b3ba      0x286 d:/mounriver_studio/toolchain/risc-v embedded gcc12/bin/../lib/gcc/riscv-none-elf/12.2.0/../../../../riscv-none-elf/lib\libg_nano.a(lib_a-nano-vfprintf_i.o)
                0x000000000000b3ba                _printf_i
 .text._read_r  0x000000000000b640       0x2a d:/mounriver_studio/toolchain/risc-v embedded gcc12/bin/../lib/gcc/riscv-none-elf/12.2.0/../../../../riscv-none-elf/lib\libg_nano.a(lib_a-readr.o)
                0x000000000000b640                _read_r
 .text._close   0x000000000000b66a        0xc d:/mounriver_studio/toolchain/risc-v embedded gcc12/bin/../lib/gcc/riscv-none-elf/12.2.0/../../../../riscv-none-elf/lib\libnosys.a(close.o)
                0x000000000000b66a                _close
 .text._fstat   0x000000000000b676        0xc d:/mounriver_studio/toolchain/risc-v embedded gcc12/bin/../lib/gcc/riscv-none-elf/12.2.0/../../../../riscv-none-elf/lib\libnosys.a(fstat.o)
                0x000000000000b676                _fstat
 .text._isatty  0x000000000000b682        0xc d:/mounriver_studio/toolchain/risc-v embedded gcc12/bin/../lib/gcc/riscv-none-elf/12.2.0/../../../../riscv-none-elf/lib\libnosys.a(isatty.o)
                0x000000000000b682                _isatty
 .text._lseek   0x000000000000b68e        0xc d:/mounriver_studio/toolchain/risc-v embedded gcc12/bin/../lib/gcc/riscv-none-elf/12.2.0/../../../../riscv-none-elf/lib\libnosys.a(lseek.o)
                0x000000000000b68e                _lseek
 .text._read    0x000000000000b69a        0xc d:/mounriver_studio/toolchain/risc-v embedded gcc12/bin/../lib/gcc/riscv-none-elf/12.2.0/../../../../riscv-none-elf/lib\libnosys.a(read.o)
                0x000000000000b69a                _read
 *(.rodata)
 *fill*         0x000000000000b6a6        0x2 
 .rodata        0x000000000000b6a8       0x18 ./User/ns_com.o
 *(.rodata*)
 .rodata.USBFS_IRQHandler
                0x000000000000b6c0       0x5c ./User/ch32v10x_usbfs_device.o
 .rodata.top_timer.str1.4
                0x000000000000b71c        0xd ./User/main.o
 *fill*         0x000000000000b729        0x3 
 .rodata.init_all.str1.4
                0x000000000000b72c       0x14 ./User/main.o
 .rodata.main.str1.4
                0x000000000000b740        0xf ./User/main.o
 *fill*         0x000000000000b74f        0x1 
 .rodata.ns_mux_usb_handshake_handler
                0x000000000000b750       0x18 ./User/ns_com_mux.o
 .rodata.fw_subcommand_dispatcher
                0x000000000000b768       0x1c ./User/ns_com_mux.o
 .rodata.recv_esp32_connect_control
                0x000000000000b784       0x40 ./User/uart_com.o
 .rodata.MySerNumInfo
                0x000000000000b7c4       0x16 ./User/usb_desc.o
                0x000000000000b7c4                MySerNumInfo
 *fill*         0x000000000000b7da        0x2 
 .rodata.MyProdInfo
                0x000000000000b7dc       0x2a ./User/usb_desc.o
                0x000000000000b7dc                MyProdInfo
 *fill*         0x000000000000b806        0x2 
 .rodata.MyManuInfo
                0x000000000000b808        0xa ./User/usb_desc.o
                0x000000000000b808                MyManuInfo
 *fill*         0x000000000000b812        0x2 
 .rodata.MyHIDReportDesc
                0x000000000000b814       0xdf ./User/usb_desc.o
                0x000000000000b814                MyHIDReportDesc
 *fill*         0x000000000000b8f3        0x1 
 .rodata.MyDevDescr
                0x000000000000b8f4       0x12 ./User/usb_desc.o
                0x000000000000b8f4                MyDevDescr
 *fill*         0x000000000000b906        0x2 
 .rodata.__divdf3
                0x000000000000b908       0x40 d:/mounriver_studio/toolchain/risc-v embedded gcc12/bin/../lib/gcc/riscv-none-elf/12.2.0\libgcc.a(divdf3.o)
 .rodata.__divsf3
                0x000000000000b948       0xa8 d:/mounriver_studio/toolchain/risc-v embedded gcc12/bin/../lib/gcc/riscv-none-elf/12.2.0\libgcc.a(divsf3.o)
 .rodata.__clz_tab
                0x000000000000b9f0      0x100 d:/mounriver_studio/toolchain/risc-v embedded gcc12/bin/../lib/gcc/riscv-none-elf/12.2.0\libgcc.a(_clz.o)
                0x000000000000b9f0                __clz_tab
 .rodata.__sf_fake_stderr
                0x000000000000baf0       0x20 d:/mounriver_studio/toolchain/risc-v embedded gcc12/bin/../lib/gcc/riscv-none-elf/12.2.0/../../../../riscv-none-elf/lib\libg_nano.a(lib_a-findfp.o)
                0x000000000000baf0                __sf_fake_stderr
 .rodata.__sf_fake_stdout
                0x000000000000bb10       0x20 d:/mounriver_studio/toolchain/risc-v embedded gcc12/bin/../lib/gcc/riscv-none-elf/12.2.0/../../../../riscv-none-elf/lib\libg_nano.a(lib_a-findfp.o)
                0x000000000000bb10                __sf_fake_stdout
 .rodata.__sf_fake_stdin
                0x000000000000bb30       0x20 d:/mounriver_studio/toolchain/risc-v embedded gcc12/bin/../lib/gcc/riscv-none-elf/12.2.0/../../../../riscv-none-elf/lib\libg_nano.a(lib_a-findfp.o)
                0x000000000000bb30                __sf_fake_stdin
 .rodata._vfprintf_r.str1.4
                0x000000000000bb50       0x13 d:/mounriver_studio/toolchain/risc-v embedded gcc12/bin/../lib/gcc/riscv-none-elf/12.2.0/../../../../riscv-none-elf/lib\libg_nano.a(lib_a-nano-vfprintf.o)
 *fill*         0x000000000000bb63        0x1 
 .rodata._printf_i.str1.4
                0x000000000000bb64       0x25 d:/mounriver_studio/toolchain/risc-v embedded gcc12/bin/../lib/gcc/riscv-none-elf/12.2.0/../../../../riscv-none-elf/lib\libg_nano.a(lib_a-nano-vfprintf_i.o)
 *fill*         0x000000000000bb89        0x3 
 .rodata._printf_i
                0x000000000000bb8c       0x58 d:/mounriver_studio/toolchain/risc-v embedded gcc12/bin/../lib/gcc/riscv-none-elf/12.2.0/../../../../riscv-none-elf/lib\libg_nano.a(lib_a-nano-vfprintf_i.o)
 *(.gnu.linkonce.t.*)
                0x000000000000bbe4                . = ALIGN (0x4)

.rela.dyn       0x000000000000bbe4        0x0
 .rela.init     0x000000000000bbe4        0x0 ./User/ch32v10x_it.o
 .rela.vector   0x000000000000bbe4        0x0 ./User/ch32v10x_it.o
 .rela.text.handle_reset
                0x000000000000bbe4        0x0 ./User/ch32v10x_it.o
 .rela.text._sbrk
                0x000000000000bbe4        0x0 ./User/ch32v10x_it.o
 .rela.sdata.curbrk.0
                0x000000000000bbe4        0x0 ./User/ch32v10x_it.o
 .rela.text._vfprintf_r
                0x000000000000bbe4        0x0 ./User/ch32v10x_it.o

.fini           0x000000000000bbe4        0x0
 *(SORT_NONE(.fini))
                0x000000000000bbe4                . = ALIGN (0x4)
                [!provide]                        PROVIDE (_etext = .)
                [!provide]                        PROVIDE (_eitcm = .)

.preinit_array  0x000000000000bbe4        0x0
                [!provide]                        PROVIDE (__preinit_array_start = .)
 *(.preinit_array)
                [!provide]                        PROVIDE (__preinit_array_end = .)

.init_array     0x000000000000bbe4        0x0
                [!provide]                        PROVIDE (__init_array_start = .)
 *(SORT_BY_INIT_PRIORITY(.init_array.*) SORT_BY_INIT_PRIORITY(.ctors.*))
 *(.init_array EXCLUDE_FILE(*crtend?.o *crtend.o *crtbegin?.o *crtbegin.o) .ctors)
                [!provide]                        PROVIDE (__init_array_end = .)

.fini_array     0x000000000000bbe4        0x0
                [!provide]                        PROVIDE (__fini_array_start = .)
 *(SORT_BY_INIT_PRIORITY(.fini_array.*) SORT_BY_INIT_PRIORITY(.dtors.*))
 *(.fini_array EXCLUDE_FILE(*crtend?.o *crtend.o *crtbegin?.o *crtbegin.o) .dtors)
                [!provide]                        PROVIDE (__fini_array_end = .)

.ctors
 *crtbegin.o(.ctors)
 *crtbegin?.o(.ctors)
 *(EXCLUDE_FILE(*crtend?.o *crtend.o) .ctors)
 *(SORT_BY_NAME(.ctors.*))
 *(.ctors)

.dtors
 *crtbegin.o(.dtors)
 *crtbegin?.o(.dtors)
 *(EXCLUDE_FILE(*crtend?.o *crtend.o) .dtors)
 *(SORT_BY_NAME(.dtors.*))
 *(.dtors)

.dalign         0x0000000020000000        0x0 load address 0x000000000000bbe4
                0x0000000020000000                . = ALIGN (0x4)
                0x0000000020000000                PROVIDE (_data_vma = .)

.dlalign        0x000000000000bbe4        0x0
                0x000000000000bbe4                . = ALIGN (0x4)
                0x000000000000bbe4                PROVIDE (_data_lma = .)

.data           0x0000000020000000     0x1930 load address 0x000000000000bbe4
 *(.gnu.linkonce.r.*)
 *(.data .data.*)
 .data.CommandTable
                0x0000000020000000       0xc0 ./User/hd_rumble2.o
                0x0000000020000000                CommandTable
 .data.freq_exp2_index_lookup_tb
                0x00000000200000c0      0x100 ./User/hd_rumble2.o
                0x00000000200000c0                freq_exp2_index_lookup_tb
 .data.amp_exp2_index_lookup_tb
                0x00000000200001c0      0x100 ./User/hd_rumble2.o
                0x00000000200001c0                amp_exp2_index_lookup_tb
 .data.exp2_lookup_tb
                0x00000000200002c0      0x500 ./User/hd_rumble2.o
                0x00000000200002c0                exp2_lookup_tb
 .data.ccr_lookup_tb
                0x00000000200007c0     0x1000 ./User/hd_rumble_high_accuracy.o
                0x00000000200007c0                ccr_lookup_tb
 .data._imu_quat_state
                0x00000000200017c0       0x1c ./User/imu_quaternion.o
                0x00000000200017c0                _imu_quat_state
 .data.default_et
                0x00000000200017dc        0xe ./User/ns_com.o
                0x00000000200017dc                default_et
 *fill*         0x00000000200017ea        0x2 
 .data.default_device_info
                0x00000000200017ec        0xc ./User/ns_com.o
                0x00000000200017ec                default_device_info
 .data.AHBPrescTable
                0x00000000200017f8       0x10 ./User/system_ch32v10x.o
                0x00000000200017f8                AHBPrescTable
 .data.MyCfgDescr
                0x0000000020001808       0x29 ./User/usb_desc.o
                0x0000000020001808                MyCfgDescr
 *fill*         0x0000000020001831        0x3 
 .data.APBAHBPrescTable
                0x0000000020001834       0x10 ./Peripheral/src/ch32v10x_rcc.o
 .data.impure_data
                0x0000000020001844       0x60 d:/mounriver_studio/toolchain/risc-v embedded gcc12/bin/../lib/gcc/riscv-none-elf/12.2.0/../../../../riscv-none-elf/lib\libg_nano.a(lib_a-impure.o)
 *(.gnu.linkonce.d.*)
                0x00000000200018a8                . = ALIGN (0x8)
 *fill*         0x00000000200018a4        0x4 
                0x00000000200020a8                PROVIDE (__global_pointer$ = (. + 0x800))
 *(.sdata .sdata.*)
 .sdata.rumble_state
                0x00000000200018a8        0x1 ./User/hd_rumble.o
                0x00000000200018a8                rumble_state
 *fill*         0x00000000200018a9        0x3 
 .sdata.hliner  0x00000000200018ac        0x4 ./User/hd_rumble2.o
                0x00000000200018ac                hliner
 .sdata.input_mode
                0x00000000200018b0        0x1 ./User/ns_com.o
                0x00000000200018b0                input_mode
 *fill*         0x00000000200018b1        0x3 
 .sdata.rts_tcnt
                0x00000000200018b4        0x4 ./User/ns_com_mux.o
                0x00000000200018b4                rts_tcnt
 .sdata.spi_rgb_trans
                0x00000000200018b8        0x2 ./User/spi.o
                0x00000000200018b8                spi_rgb_trans
 *fill*         0x00000000200018ba        0x2 
 .sdata.SystemCoreClock
                0x00000000200018bc        0x4 ./User/system_ch32v10x.o
                0x00000000200018bc                SystemCoreClock
 .sdata.ADCPrescTable
                0x00000000200018c0        0x4 ./Peripheral/src/ch32v10x_rcc.o
 .sdata.curbrk.0
                0x00000000200018c4        0x4 ./Debug/debug.o
 .sdata.tiny    0x00000000200018c8        0x4 d:/mounriver_studio/toolchain/risc-v embedded gcc12/bin/../lib/gcc/riscv-none-elf/12.2.0/../../../../riscv-none-elf/lib\libm_nano.a(lib_a-ef_sqrt.o)
 .sdata.one     0x00000000200018cc        0x4 d:/mounriver_studio/toolchain/risc-v embedded gcc12/bin/../lib/gcc/riscv-none-elf/12.2.0/../../../../riscv-none-elf/lib\libm_nano.a(lib_a-ef_sqrt.o)
 .sdata._impure_ptr
                0x00000000200018d0        0x4 d:/mounriver_studio/toolchain/risc-v embedded gcc12/bin/../lib/gcc/riscv-none-elf/12.2.0/../../../../riscv-none-elf/lib\libg_nano.a(lib_a-impure.o)
                0x00000000200018d0                _impure_ptr
 *(.sdata2.*)
 *(.gnu.linkonce.s.*)
                0x00000000200018d8                . = ALIGN (0x8)
 *fill*         0x00000000200018d4        0x4 
 *(.srodata.cst16)
 *(.srodata.cst8)
 .srodata.cst8  0x00000000200018d8       0x38 ./User/imu_quaternion.o
 *(.srodata.cst4)
 .srodata.cst4  0x0000000020001910        0x4 ./User/conf.o
 .srodata.cst4  0x0000000020001914        0xc ./User/imu_quaternion.o
 .srodata.cst4  0x0000000020001920        0x8 ./User/ns_com_mux.o
 *(.srodata.cst2)
 *(.srodata .srodata.*)
 .srodata.MyLangDescr
                0x0000000020001928        0x4 ./User/usb_desc.o
                0x0000000020001928                MyLangDescr
 .srodata._global_impure_ptr
                0x000000002000192c        0x4 d:/mounriver_studio/toolchain/risc-v embedded gcc12/bin/../lib/gcc/riscv-none-elf/12.2.0/../../../../riscv-none-elf/lib\libg_nano.a(lib_a-impure.o)
                0x000000002000192c                _global_impure_ptr
                0x0000000020001930                . = ALIGN (0x4)
                0x0000000020001930                PROVIDE (_edata = .)

.bss            0x0000000020001930     0x298c load address 0x000000000000d514
                0x0000000020001930                . = ALIGN (0x4)
                0x0000000020001930                PROVIDE (_sbss = .)
 *(.sbss*)
 .sbss.EXC_PC   0x0000000020001930        0x4 ./User/ch32v10x_it.o
                0x0000000020001930                EXC_PC
 .sbss.EXC_CAUSE
                0x0000000020001934        0x4 ./User/ch32v10x_it.o
                0x0000000020001934                EXC_CAUSE
 .sbss.USBFS_Endp_Busy
                0x0000000020001938        0x8 ./User/ch32v10x_usbfs_device.o
                0x0000000020001938                USBFS_Endp_Busy
 .sbss.USBFS_HidProtocol
                0x0000000020001940        0x1 ./User/ch32v10x_usbfs_device.o
                0x0000000020001940                USBFS_HidProtocol
 .sbss.USBFS_HidIdle
                0x0000000020001941        0x1 ./User/ch32v10x_usbfs_device.o
                0x0000000020001941                USBFS_HidIdle
 .sbss.USBFS_DevEnumStatus
                0x0000000020001942        0x1 ./User/ch32v10x_usbfs_device.o
                0x0000000020001942                USBFS_DevEnumStatus
 .sbss.USBFS_DevSleepStatus
                0x0000000020001943        0x1 ./User/ch32v10x_usbfs_device.o
                0x0000000020001943                USBFS_DevSleepStatus
 .sbss.USBFS_DevAddr
                0x0000000020001944        0x1 ./User/ch32v10x_usbfs_device.o
                0x0000000020001944                USBFS_DevAddr
 .sbss.USBFS_DevConfig
                0x0000000020001945        0x1 ./User/ch32v10x_usbfs_device.o
                0x0000000020001945                USBFS_DevConfig
 .sbss.USBFS_SetupReqLen
                0x0000000020001946        0x2 ./User/ch32v10x_usbfs_device.o
                0x0000000020001946                USBFS_SetupReqLen
 .sbss.USBFS_SetupReqIndex
                0x0000000020001948        0x2 ./User/ch32v10x_usbfs_device.o
                0x0000000020001948                USBFS_SetupReqIndex
 .sbss.USBFS_SetupReqValue
                0x000000002000194a        0x2 ./User/ch32v10x_usbfs_device.o
                0x000000002000194a                USBFS_SetupReqValue
 .sbss.USBFS_SetupReqType
                0x000000002000194c        0x1 ./User/ch32v10x_usbfs_device.o
                0x000000002000194c                USBFS_SetupReqType
 .sbss.USBFS_SetupReqCode
                0x000000002000194d        0x1 ./User/ch32v10x_usbfs_device.o
                0x000000002000194d                USBFS_SetupReqCode
 *fill*         0x000000002000194e        0x2 
 .sbss.pUSBFS_Descr
                0x0000000020001950        0x4 ./User/ch32v10x_usbfs_device.o
                0x0000000020001950                pUSBFS_Descr
 .sbss.fac      0x0000000020001954        0x4 ./User/conf.o
 .sbss.joystick_snapback_deadzone_sq
                0x0000000020001958        0x8 ./User/conf.o
                0x0000000020001958                joystick_snapback_deadzone_sq
 .sbss.Calibrattion_Val
                0x0000000020001960        0x2 ./User/gpio_adc.o
                0x0000000020001960                Calibrattion_Val
 *fill*         0x0000000020001962        0x2 
 .sbss.adc_data
                0x0000000020001964        0x8 ./User/gpio_adc.o
                0x0000000020001964                adc_data
 .sbss.sts_button
                0x000000002000196c        0x4 ./User/gpio_digit.o
                0x000000002000196c                sts_button
 .sbss.sample   0x0000000020001970        0x8 ./User/hd_rumble2.o
                0x0000000020001970                sample
 .sbss.m_state  0x0000000020001978        0x8 ./User/hd_rumble2.o
                0x0000000020001978                m_state
 .sbss.global_sample_channel
                0x0000000020001980        0x1 ./User/hd_rumble2.o
                0x0000000020001980                global_sample_channel
 .sbss.decoded_cnt
                0x0000000020001981        0x1 ./User/hd_rumble2.o
                0x0000000020001981                decoded_cnt
 *fill*         0x0000000020001982        0x2 
 .sbss.tim3_counter
                0x0000000020001984        0x4 ./User/hd_rumble_high_accuracy.o
 .sbss.right_low_tick
                0x0000000020001988        0x4 ./User/hd_rumble_high_accuracy.o
 .sbss.right_high_tick
                0x000000002000198c        0x4 ./User/hd_rumble_high_accuracy.o
 .sbss.left_low_tick
                0x0000000020001990        0x4 ./User/hd_rumble_high_accuracy.o
 .sbss.left_high_tick
                0x0000000020001994        0x4 ./User/hd_rumble_high_accuracy.o
 .sbss.right_low_sum
                0x0000000020001998        0x4 ./User/hd_rumble_high_accuracy.o
                0x0000000020001998                right_low_sum
 .sbss.right_high_sum
                0x000000002000199c        0x4 ./User/hd_rumble_high_accuracy.o
                0x000000002000199c                right_high_sum
 .sbss.left_low_sum
                0x00000000200019a0        0x4 ./User/hd_rumble_high_accuracy.o
                0x00000000200019a0                left_low_sum
 .sbss.left_high_sum
                0x00000000200019a4        0x4 ./User/hd_rumble_high_accuracy.o
                0x00000000200019a4                left_high_sum
 .sbss.right_low_pos
                0x00000000200019a8        0x2 ./User/hd_rumble_high_accuracy.o
                0x00000000200019a8                right_low_pos
 .sbss.right_high_pos
                0x00000000200019aa        0x2 ./User/hd_rumble_high_accuracy.o
                0x00000000200019aa                right_high_pos
 .sbss.left_low_pos
                0x00000000200019ac        0x2 ./User/hd_rumble_high_accuracy.o
                0x00000000200019ac                left_low_pos
 .sbss.left_high_pos
                0x00000000200019ae        0x2 ./User/hd_rumble_high_accuracy.o
                0x00000000200019ae                left_high_pos
 .sbss.right_low_buf_stdby
                0x00000000200019b0        0x1 ./User/hd_rumble_high_accuracy.o
                0x00000000200019b0                right_low_buf_stdby
 .sbss.right_high_buf_stdby
                0x00000000200019b1        0x1 ./User/hd_rumble_high_accuracy.o
                0x00000000200019b1                right_high_buf_stdby
 .sbss.left_low_buf_stdby
                0x00000000200019b2        0x1 ./User/hd_rumble_high_accuracy.o
                0x00000000200019b2                left_low_buf_stdby
 .sbss.left_high_buf_stdby
                0x00000000200019b3        0x1 ./User/hd_rumble_high_accuracy.o
                0x00000000200019b3                left_high_buf_stdby
 .sbss.right_low_buf_rdy
                0x00000000200019b4        0x1 ./User/hd_rumble_high_accuracy.o
                0x00000000200019b4                right_low_buf_rdy
 .sbss.right_high_buf_rdy
                0x00000000200019b5        0x1 ./User/hd_rumble_high_accuracy.o
                0x00000000200019b5                right_high_buf_rdy
 .sbss.left_low_buf_rdy
                0x00000000200019b6        0x1 ./User/hd_rumble_high_accuracy.o
                0x00000000200019b6                left_low_buf_rdy
 .sbss.left_high_buf_rdy
                0x00000000200019b7        0x1 ./User/hd_rumble_high_accuracy.o
                0x00000000200019b7                left_high_buf_rdy
 .sbss.right_low_buf
                0x00000000200019b8        0x8 ./User/hd_rumble_high_accuracy.o
                0x00000000200019b8                right_low_buf
 .sbss.right_high_buf
                0x00000000200019c0        0x8 ./User/hd_rumble_high_accuracy.o
                0x00000000200019c0                right_high_buf
 .sbss.left_low_buf
                0x00000000200019c8        0x8 ./User/hd_rumble_high_accuracy.o
                0x00000000200019c8                left_low_buf
 .sbss.left_high_buf
                0x00000000200019d0        0x8 ./User/hd_rumble_high_accuracy.o
                0x00000000200019d0                left_high_buf
 .sbss.right_low
                0x00000000200019d8        0x8 ./User/hd_rumble_high_accuracy.o
                0x00000000200019d8                right_low
 .sbss.right_high
                0x00000000200019e0        0x8 ./User/hd_rumble_high_accuracy.o
                0x00000000200019e0                right_high
 .sbss.left_low
                0x00000000200019e8        0x8 ./User/hd_rumble_high_accuracy.o
                0x00000000200019e8                left_low
 .sbss.left_high
                0x00000000200019f0        0x8 ./User/hd_rumble_high_accuracy.o
                0x00000000200019f0                left_high
 .sbss.res.0    0x00000000200019f8        0x1 ./User/i2c.o
 .sbss.i2c_intr_error
                0x00000000200019f9        0x1 ./User/i2c.o
                0x00000000200019f9                i2c_intr_error
 .sbss.i2c_error_code
                0x00000000200019fa        0x1 ./User/i2c.o
                0x00000000200019fa                i2c_error_code
 .sbss.i2c_status
                0x00000000200019fb        0x1 ./User/i2c.o
                0x00000000200019fb                i2c_status
 .sbss.last_upd.0
                0x00000000200019fc        0x4 ./User/imu.o
 .sbss.status.2
                0x0000000020001a00        0x1 ./User/imu.o
 *fill*         0x0000000020001a01        0x3 
 .sbss.rep      0x0000000020001a04        0x4 ./User/imu.o
 .sbss.imu_buf_pos
                0x0000000020001a08        0x1 ./User/imu.o
                0x0000000020001a08                imu_buf_pos
 .sbss.imu_sample_cnt
                0x0000000020001a09        0x1 ./User/imu.o
 *fill*         0x0000000020001a0a        0x2 
 .sbss.last_imu_upd
                0x0000000020001a0c        0x4 ./User/imu.o
 .sbss.imu_read_fail_cnt
                0x0000000020001a10        0x4 ./User/imu.o
                0x0000000020001a10                imu_read_fail_cnt
 .sbss.imu_read_cnt
                0x0000000020001a14        0x4 ./User/imu.o
                0x0000000020001a14                imu_read_cnt
 .sbss.imu_ratio_zf
                0x0000000020001a18        0x4 ./User/imu.o
                0x0000000020001a18                imu_ratio_zf
 .sbss.imu_ratio_yf
                0x0000000020001a1c        0x4 ./User/imu.o
                0x0000000020001a1c                imu_ratio_yf
 .sbss.imu_ratio_xf
                0x0000000020001a20        0x4 ./User/imu.o
                0x0000000020001a20                imu_ratio_xf
 .sbss.imu_mode
                0x0000000020001a24        0x1 ./User/imu.o