Archive member included to satisfy reference by file (symbol)

d:/mounriver_studio/toolchain/risc-v embedded gcc12/bin/../lib/gcc/riscv-none-elf/12.2.0/../../../../riscv-none-elf/lib\libm_nano.a(lib_a-wf_sqrt.o)
                              ./User/imu_quaternion.o (sqrtf)
d:/mounriver_studio/toolchain/risc-v embedded gcc12/bin/../lib/gcc/riscv-none-elf/12.2.0/../../../../riscv-none-elf/lib\libm_nano.a(lib_a-ef_sqrt.o)
                              d:/mounriver_studio/toolchain/risc-v embedded gcc12/bin/../lib/gcc/riscv-none-elf/12.2.0/../../../../riscv-none-elf/lib\libm_nano.a(lib_a-wf_sqrt.o) (__ieee754_sqrtf)
d:/mounriver_studio/toolchain/risc-v embedded gcc12/bin/../lib/gcc/riscv-none-elf/12.2.0\libgcc.a(_divdi3.o)
                              ./User/hd_rumble2.o (__divdi3)
d:/mounriver_studio/toolchain/risc-v embedded gcc12/bin/../lib/gcc/riscv-none-elf/12.2.0\libgcc.a(_udivdi3.o)
                              ./User/hd_rumble2.o (__udivdi3)
d:/mounriver_studio/toolchain/risc-v embedded gcc12/bin/../lib/gcc/riscv-none-elf/12.2.0\libgcc.a(adddf3.o)
                              ./User/imu_quaternion.o (__adddf3)
d:/mounriver_studio/toolchain/risc-v embedded gcc12/bin/../lib/gcc/riscv-none-elf/12.2.0\libgcc.a(divdf3.o)
                              ./User/imu_quaternion.o (__divdf3)
d:/mounriver_studio/toolchain/risc-v embedded gcc12/bin/../lib/gcc/riscv-none-elf/12.2.0\libgcc.a(muldf3.o)
                              ./User/imu_quaternion.o (__muldf3)
d:/mounriver_studio/toolchain/risc-v embedded gcc12/bin/../lib/gcc/riscv-none-elf/12.2.0\libgcc.a(subdf3.o)
                              ./User/imu_quaternion.o (__subdf3)
d:/mounriver_studio/toolchain/risc-v embedded gcc12/bin/../lib/gcc/riscv-none-elf/12.2.0\libgcc.a(floatsidf.o)
                              ./User/imu_quaternion.o (__floatsidf)
d:/mounriver_studio/toolchain/risc-v embedded gcc12/bin/../lib/gcc/riscv-none-elf/12.2.0\libgcc.a(floatunsidf.o)
                              ./User/imu_quaternion.o (__floatunsidf)
d:/mounriver_studio/toolchain/risc-v embedded gcc12/bin/../lib/gcc/riscv-none-elf/12.2.0\libgcc.a(addsf3.o)
                              ./User/imu_quaternion.o (__addsf3)
d:/mounriver_studio/toolchain/risc-v embedded gcc12/bin/../lib/gcc/riscv-none-elf/12.2.0\libgcc.a(divsf3.o)
                              ./User/conf.o (__divsf3)
d:/mounriver_studio/toolchain/risc-v embedded gcc12/bin/../lib/gcc/riscv-none-elf/12.2.0\libgcc.a(gesf2.o)
                              ./User/imu_quaternion.o (__gtsf2)
d:/mounriver_studio/toolchain/risc-v embedded gcc12/bin/../lib/gcc/riscv-none-elf/12.2.0\libgcc.a(lesf2.o)
                              d:/mounriver_studio/toolchain/risc-v embedded gcc12/bin/../lib/gcc/riscv-none-elf/12.2.0/../../../../riscv-none-elf/lib\libm_nano.a(lib_a-ef_sqrt.o) (__lesf2)
d:/mounriver_studio/toolchain/risc-v embedded gcc12/bin/../lib/gcc/riscv-none-elf/12.2.0\libgcc.a(mulsf3.o)
                              ./User/imu.o (__mulsf3)
d:/mounriver_studio/toolchain/risc-v embedded gcc12/bin/../lib/gcc/riscv-none-elf/12.2.0\libgcc.a(subsf3.o)
                              ./User/imu_quaternion.o (__subsf3)
d:/mounriver_studio/toolchain/risc-v embedded gcc12/bin/../lib/gcc/riscv-none-elf/12.2.0\libgcc.a(unordsf2.o)
                              d:/mounriver_studio/toolchain/risc-v embedded gcc12/bin/../lib/gcc/riscv-none-elf/12.2.0/../../../../riscv-none-elf/lib\libm_nano.a(lib_a-wf_sqrt.o) (__unordsf2)
d:/mounriver_studio/toolchain/risc-v embedded gcc12/bin/../lib/gcc/riscv-none-elf/12.2.0\libgcc.a(fixsfsi.o)
                              ./User/imu.o (__fixsfsi)
d:/mounriver_studio/toolchain/risc-v embedded gcc12/bin/../lib/gcc/riscv-none-elf/12.2.0\libgcc.a(floatsisf.o)
                              ./User/conf.o (__floatsisf)
d:/mounriver_studio/toolchain/risc-v embedded gcc12/bin/../lib/gcc/riscv-none-elf/12.2.0\libgcc.a(fixsfdi.o)
                              ./User/ns_com_mux.o (__fixsfdi)
d:/mounriver_studio/toolchain/risc-v embedded gcc12/bin/../lib/gcc/riscv-none-elf/12.2.0\libgcc.a(floatdisf.o)
                              ./User/ns_com_mux.o (__floatdisf)
d:/mounriver_studio/toolchain/risc-v embedded gcc12/bin/../lib/gcc/riscv-none-elf/12.2.0\libgcc.a(truncdfsf2.o)
                              ./User/imu_quaternion.o (__truncdfsf2)
d:/mounriver_studio/toolchain/risc-v embedded gcc12/bin/../lib/gcc/riscv-none-elf/12.2.0\libgcc.a(save-restore.o)
                              ./User/imu.o (__riscv_save_12)
d:/mounriver_studio/toolchain/risc-v embedded gcc12/bin/../lib/gcc/riscv-none-elf/12.2.0\libgcc.a(_clz.o)
                              d:/mounriver_studio/toolchain/risc-v embedded gcc12/bin/../lib/gcc/riscv-none-elf/12.2.0\libgcc.a(_divdi3.o) (__clz_tab)
d:/mounriver_studio/toolchain/risc-v embedded gcc12/bin/../lib/gcc/riscv-none-elf/12.2.0\libgcc.a(_clzsi2.o)
[...]
Memory Configuration

Name             Origin             Length             Attributes
FLASH            0x0000000000000000 0x0000000000010000 xr
RAM              0x0000000020000000 0x0000000000005000 xrw
*default*        0x0000000000000000 0xffffffffffffffff

Linker script and memory map

LOAD ./User/ch32v10x_it.o
LOAD ./User/ch32v10x_usbfs_device.o
LOAD ./User/conf.o
LOAD ./User/flash.o
LOAD ./User/global_api.o
LOAD ./User/gpio_adc.o
LOAD ./User/gpio_digit.o
LOAD ./User/hd_rumble.o
LOAD ./User/hd_rumble2.o
LOAD ./User/hd_rumble_high_accuracy.o
LOAD ./User/hd_rumble_high_accurary_packed.o
LOAD ./User/i2c.o
LOAD ./User/imu.o
LOAD ./User/imu_quaternion.o
LOAD ./User/main.o
LOAD ./User/ns_com.o
LOAD ./User/ns_com_mux.o
LOAD ./User/pwr.o
LOAD ./User/ring_buffer.o
LOAD ./User/spi.o
LOAD ./User/system_ch32v10x.o
LOAD ./User/tick.o
LOAD ./User/uart.o
LOAD ./User/uart_com.o
LOAD ./User/usb_desc.o
LOAD ./User/usbd_compatibility_hid.o
LOAD ./Startup/startup_ch32v10x.o
LOAD ./Peripheral/src/ch32v10x_adc.o
LOAD ./Peripheral/src/ch32v10x_bkp.o
LOAD ./Peripheral/src/ch32v10x_crc.o
LOAD ./Peripheral/src/ch32v10x_dbgmcu.o
LOAD ./Peripheral/src/ch32v10x_dma.o
LOAD ./Peripheral/src/ch32v10x_exti.o
LOAD ./Peripheral/src/ch32v10x_flash.o
LOAD ./Peripheral/src/ch32v10x_gpio.o
LOAD ./Peripheral/src/ch32v10x_i2c.o
LOAD ./Peripheral/src/ch32v10x_iwdg.o
LOAD ./Peripheral/src/ch32v10x_misc.o
LOAD ./Peripheral/src/ch32v10x_pwr.o
LOAD ./Peripheral/src/ch32v10x_rcc.o
LOAD ./Peripheral/src/ch32v10x_rtc.o
LOAD ./Peripheral/src/ch32v10x_spi.o
LOAD ./Peripheral/src/ch32v10x_tim.o
LOAD ./Peripheral/src/ch32v10x_usart.o
LOAD ./Peripheral/src/ch32v10x_usb.o
LOAD ./Peripheral/src/ch32v10x_usb_host.o
LOAD ./Peripheral/src/ch32v10x_wwdg.o
LOAD ./Debug/debug.o
LOAD ./Core/core_riscv.o
LOAD d:/mounriver_studio/toolchain/risc-v embedded gcc12/bin/../lib/gcc/riscv-none-elf/12.2.0/../../../../riscv-none-elf/lib\libm_nano.a
LOAD d:/mounriver_studio/toolchain/risc-v embedded gcc12/bin/../lib/gcc/riscv-none-elf/12.2.0\libgcc.a
LOAD d:/mounriver_studio/toolchain/risc-v embedded gcc12/bin/../lib/gcc/riscv-none-elf/12.2.0/../../../../riscv-none-elf/lib\libg_nano.a
LOAD d:/mounriver_studio/toolchain/risc-v embedded gcc12/bin/../lib/gcc/riscv-none-elf/12.2.0/../../../../riscv-none-elf/lib\libc_nano.a
LOAD d:/mounriver_studio/toolchain/risc-v embedded gcc12/bin/../lib/gcc/riscv-none-elf/12.2.0\libgcc.a
START GROUP
LOAD d:/mounriver_studio/toolchain/risc-v embedded gcc12/bin/../lib/gcc/riscv-none-elf/12.2.0\libgcc.a
LOAD d:/mounriver_studio/toolchain/risc-v embedded gcc12/bin/../lib/gcc/riscv-none-elf/12.2.0/../../../../riscv-none-elf/lib\libc_nano.a
LOAD d:/mounriver_studio/toolchain/risc-v embedded gcc12/bin/../lib/gcc/riscv-none-elf/12.2.0/../../../../riscv-none-elf/lib\libnosys.a
END GROUP
START GROUP
LOAD d:/mounriver_studio/toolchain/risc-v embedded gcc12/bin/../lib/gcc/riscv-none-elf/12.2.0\libgcc.a
LOAD d:/mounriver_studio/toolchain/risc-v embedded gcc12/bin/../lib/gcc/riscv-none-elf/12.2.0/../../../../riscv-none-elf/lib\libc_nano.a
LOAD d:/mounriver_studio/toolchain/risc-v embedded gcc12/bin/../lib/gcc/riscv-none-elf/12.2.0/../../../../riscv-none-elf/lib\libnosys.a
END GROUP
                0x0000000000000800                __stack_size = 0x800
                [!provide]                        PROVIDE (_stack_size = __stack_size)

.init           0x0000000000000000       0x38
                0x0000000000000000                _sinit = .
                0x0000000000000000                . = ALIGN (0x4)
 *(SORT_NONE(.init))
 .init          0x0000000000000000       0x38 ./Startup/startup_ch32v10x.o
                0x0000000000000000                _start
                0x0000000000000038                . = ALIGN (0x4)
                0x0000000000000038                _einit = .

.vector         0x0000000000000038      0x108
 *(.vector)
 .vector        0x0000000000000038       0xf0 ./Startup/startup_ch32v10x.o
                0x0000000000000140                . = ALIGN (0x40)
 *fill*         0x0000000000000128       0x18 

.text           0x0000000000000140     0xce7c
                0x0000000000000140                . = ALIGN (0x4)
 *(.text)
 .text          0x0000000000000140       0x60 d:/mounriver_studio/toolchain/risc-v embedded gcc12/bin/../lib/gcc/riscv-none-elf/12.2.0\libgcc.a(save-restore.o)
                0x0000000000000140                __riscv_save_12
                0x0000000000000148                __riscv_save_9
                0x0000000000000148                __riscv_save_11
                0x0000000000000148                __riscv_save_10
                0x0000000000000148                __riscv_save_8
                0x0000000000000156                __riscv_save_4
                0x0000000000000156                __riscv_save_6
                0x0000000000000156                __riscv_save_5
                0x0000000000000156                __riscv_save_7
                0x0000000000000170                __riscv_save_3
                0x0000000000000170                __riscv_save_2
                0x0000000000000170                __riscv_save_1
                0x0000000000000170                __riscv_save_0
                0x000000000000017c                __riscv_restore_12
                0x0000000000000180                __riscv_restore_11
                0x0000000000000180                __riscv_restore_9
                0x0000000000000180                __riscv_restore_10
                0x0000000000000180                __riscv_restore_8
                0x000000000000018a                __riscv_restore_5
                0x000000000000018a                __riscv_restore_7
                0x000000000000018a                __riscv_restore_6
                0x000000000000018a                __riscv_restore_4
                0x0000000000000194                __riscv_restore_3
                0x0000000000000194                __riscv_restore_0
                0x0000000000000194                __riscv_restore_2
                0x0000000000000194                __riscv_restore_1
 .text          0x00000000000001a0       0x16 d:/mounriver_studio/toolchain/risc-v embedded gcc12/bin/../lib/gcc/riscv-none-elf/12.2.0/../../../../riscv-none-elf/lib\libg_nano.a(lib_a-memcpy-asm.o)
                0x00000000000001a0                memcpy
 .text          0x00000000000001b6       0x10 d:/mounriver_studio/toolchain/risc-v embedded gcc12/bin/../lib/gcc/riscv-none-elf/12.2.0/../../../../riscv-none-elf/lib\libg_nano.a(lib_a-memset.o)
                0x00000000000001b6                memset
 *(.text.*)
 .text.NMI_Handler
                0x00000000000001c6       0x28 ./User/ch32v10x_it.o
                0x00000000000001c6                NMI_Handler
 .text.HardFault_Handler
                0x00000000000001ee        0x4 ./User/ch32v10x_it.o
                0x00000000000001ee                HardFault_Handler
 .text.USBFS_RCC_Init
                0x00000000000001f2       0x4a ./User/ch32v10x_usbfs_device.o
                0x00000000000001f2                USBFS_RCC_Init
 .text.USBFS_Device_Endp_Init
                0x000000000000023c       0x3c ./User/ch32v10x_usbfs_device.o
                0x000000000000023c                USBFS_Device_Endp_Init
 .text.USBFS_IRQHandler
                0x0000000000000278      0x672 ./User/ch32v10x_usbfs_device.o
                0x0000000000000278                USBFS_IRQHandler
 .text.USBFS_Device_Init
                0x00000000000008ea       0xbc ./User/ch32v10x_usbfs_device.o
                0x00000000000008ea                USBFS_Device_Init
 .text.set_hd_rumble_range
                0x00000000000009a6       0x4a ./User/conf.o
                0x00000000000009a6                set_hd_rumble_range
 .text.conf_read
                0x00000000000009f0       0x7c ./User/conf.o
                0x00000000000009f0                conf_read
 .text.custom_conf_read
                0x0000000000000a6c       0x10 ./User/conf.o
                0x0000000000000a6c                custom_conf_read
 .text.custom_conf_write
                0x0000000000000a7c       0x10 ./User/conf.o
                0x0000000000000a7c                custom_conf_write
 .text.fac_conf_read
                0x0000000000000a8c       0x12 ./User/conf.o
                0x0000000000000a8c                fac_conf_read
 .text.fac_conf_write
                0x0000000000000a9e       0x12 ./User/conf.o
                0x0000000000000a9e                fac_conf_write
 .text.conf_flush
                0x0000000000000ab0       0x8c ./User/conf.o
                0x0000000000000ab0                conf_flush
 .text.conf_init
                0x0000000000000b3c      0x31e ./User/conf.o
                0x0000000000000b3c                conf_init
 .text.hw_config_flush
                0x0000000000000e5a       0x10 ./User/conf.o
                0x0000000000000e5a                hw_config_flush
 .text.conf_write
                0x0000000000000e6a      0x10c ./User/conf.o
                0x0000000000000e6a                conf_write
 .text.write_flash
                0x0000000000000f76       0x6e ./User/flash.o
                0x0000000000000f76                write_flash
 .text.read_flash
                0x0000000000000fe4       0x30 ./User/flash.o
                0x0000000000000fe4                read_flash
 .text.i32_min  0x0000000000001014        0xc ./User/global_api.o
                0x0000000000001014                i32_min
 .text.fetch_uint32
                0x0000000000001020       0x18 ./User/global_api.o
                0x0000000000001020                fetch_uint32
 .text.i32_clamp
                0x0000000000001038       0x12 ./User/global_api.o
                0x0000000000001038                i32_clamp
 .text.ADC_Function_Init
                0x000000000000104a       0xb2 ./User/gpio_adc.o
                0x000000000000104a                ADC_Function_Init
 .text.DMA_Tx_Init
                0x00000000000010fc       0x56 ./User/gpio_adc.o
                0x00000000000010fc                DMA_Tx_Init
 .text.adc_init
                0x0000000000001152       0x6e ./User/gpio_adc.o
                0x0000000000001152                adc_init
 .text.gpio_tb_init
                0x00000000000011c0       0xa2 ./User/gpio_digit.o
                0x00000000000011c0                gpio_tb_init
 .text._gpio_init
                0x0000000000001262       0xce ./User/gpio_digit.o
                0x0000000000001262                _gpio_init
 .text.gpio_kb_scan_init
                0x0000000000001330       0x8c ./User/gpio_digit.o
                0x0000000000001330                gpio_kb_scan_init
 .text.gpio_init
                0x00000000000013bc       0x22 ./User/gpio_digit.o
                0x00000000000013bc                gpio_init
 .text.gpio_kb_scan
                0x00000000000013de       0xa0 ./User/gpio_digit.o
                0x00000000000013de                gpio_kb_scan
 .text.gpio_read_all
                0x000000000000147e       0x82 ./User/gpio_digit.o
                0x000000000000147e                gpio_read_all
 .text.gpio_read
                0x0000000000001500       0x54 ./User/gpio_digit.o
                0x0000000000001500                gpio_read
 .text.gpio_set
                0x0000000000001554       0x1e ./User/gpio_digit.o
                0x0000000000001554                gpio_set
 .text.button_read
                0x0000000000001572       0x12 ./User/gpio_digit.o
                0x0000000000001572                button_read
 .text.hd_rumble_init
                0x0000000000001584      0x116 ./User/hd_rumble.o
                0x0000000000001584                hd_rumble_init
 .text.hd_rumble_set_status
                0x000000000000169a        0xe ./User/hd_rumble.o
                0x000000000000169a                hd_rumble_set_status
 .text.ApplyCommand
                0x00000000000016a8       0x36 ./User/hd_rumble2.o
                0x00000000000016a8                ApplyCommand
 .text.ApplyAmCommand
                0x00000000000016de       0x24 ./User/hd_rumble2.o
                0x00000000000016de                ApplyAmCommand
 .text.ApplyFmCommand
                0x0000000000001702       0x28 ./User/hd_rumble2.o
                0x0000000000001702                ApplyFmCommand
 .text.get_hd_rumble_pack
                0x000000000000172a       0x1a ./User/hd_rumble2.o
                0x000000000000172a                get_hd_rumble_pack
 .text.deocde_hd_rumble_format1
                0x0000000000001744       0x70 ./User/hd_rumble2.o
                0x0000000000001744                deocde_hd_rumble_format1
 .text.decode_hd_rumble_format1long
                0x00000000000017b4       0x82 ./User/hd_rumble2.o
                0x00000000000017b4                decode_hd_rumble_format1long
 .text.decode_hd_rumble_format1full
                0x0000000000001836      0x12a ./User/hd_rumble2.o
                0x0000000000001836                decode_hd_rumble_format1full
 .text.decode_hd_rumble_format2
                0x0000000000001960       0xcc ./User/hd_rumble2.o
                0x0000000000001960                decode_hd_rumble_format2
 .text.decode_hd_rumble_format2long
                0x0000000000001a2c      0x10e ./User/hd_rumble2.o
                0x0000000000001a2c                decode_hd_rumble_format2long
 .text.decode_hd_rumble_format3
                0x0000000000001b3a      0x142 ./User/hd_rumble2.o
                0x0000000000001b3a                decode_hd_rumble_format3
 .text.decode_hd_rumble_multiformat_high_acc
                0x0000000000001c7c      0x27e ./User/hd_rumble2.o
                0x0000000000001c7c                decode_hd_rumble_multiformat_high_acc
 .text.hd_rumble_lookup_tb_init
                0x0000000000001efa       0x4a ./User/hd_rumble2.o
                0x0000000000001efa                hd_rumble_lookup_tb_init
 .text.hd_rumble_high_accurary_init
                0x0000000000001f44       0xa2 ./User/hd_rumble_high_accuracy.o
                0x0000000000001f44                hd_rumble_high_accurary_init
 .text.push_waveform
                0x0000000000001fe6       0x60 ./User/hd_rumble_high_accuracy.o
                0x0000000000001fe6                push_waveform
 .text.push_waveform_into_buffer_task
                0x0000000000002046      0x108 ./User/hd_rumble_high_accuracy.o
                0x0000000000002046                push_waveform_into_buffer_task
 .text.step_forward
                0x000000000000214e       0x44 ./User/hd_rumble_high_accuracy.o
                0x000000000000214e                step_forward
 .text.rumble_pattern_check
                0x0000000000002192       0x5c ./User/hd_rumble_high_accuracy.o
                0x0000000000002192                rumble_pattern_check
 .text.TIM3_IRQHandler
                0x00000000000021ee      0x484 ./User/hd_rumble_high_accuracy.o
                0x00000000000021ee                TIM3_IRQHandler
 .text.i2c2_check_flag
                0x0000000000002672       0x1a ./User/i2c.o
                0x0000000000002672                i2c2_check_flag
 .text.i2c2_check_event
                0x000000000000268c       0x1a ./User/i2c.o
                0x000000000000268c                i2c2_check_event
 .text.I2C2_ER_IRQHandler
                0x00000000000026a6       0x2a ./User/i2c.o
                0x00000000000026a6                I2C2_ER_IRQHandler
 .text.i2c_software_recovery
                0x00000000000026d0      0x11e ./User/i2c.o
                0x00000000000026d0                i2c_software_recovery
 .text.i2c2_reset
                0x00000000000027ee       0x44 ./User/i2c.o
                0x00000000000027ee                i2c2_reset
 .text.i2c_hardware_init
                0x0000000000002832       0xc0 ./User/i2c.o
                0x0000000000002832                i2c_hardware_init
 .text.i2c_read_start
                0x00000000000028f2      0x140 ./User/i2c.o
                0x00000000000028f2                i2c_read_start
 .text.i2c_read_byte
                0x0000000000002a32       0x84 ./User/i2c.o
                0x0000000000002a32                i2c_read_byte
 .text.i2c_read_continuous
                0x0000000000002ab6       0xac ./User/i2c.o
                0x0000000000002ab6                i2c_read_continuous
 .text.i2c_write_byte
                0x0000000000002b62      0x116 ./User/i2c.o
                0x0000000000002b62                i2c_write_byte
 .text.i2c_init
                0x0000000000002c78       0x10 ./User/i2c.o
                0x0000000000002c78                i2c_init
 .text.imu_set_reg
                0x0000000000002c88       0x34 ./User/imu.o
                0x0000000000002c88                imu_set_reg
 .text.imu_read
                0x0000000000002cbc       0xca ./User/imu.o
                0x0000000000002cbc                imu_read
 .text.set_imu_awake
                0x0000000000002d86       0x96 ./User/imu.o
                0x0000000000002d86                set_imu_awake
 .text.set_imu_sleep
                0x0000000000002e1c       0x24 ./User/imu.o
                0x0000000000002e1c                set_imu_sleep
 .text.imu_init
                0x0000000000002e40        0x2 ./User/imu.o
                0x0000000000002e40                imu_init
 .text.imu_upd  0x0000000000002e42      0x264 ./User/imu.o
                0x0000000000002e42                imu_upd
 .text._imu_quat_normalize
                0x00000000000030a6       0x90 ./User/imu_quaternion.o
                0x00000000000030a6                _imu_quat_normalize
 .text._imu_rotate_quaternion
                0x0000000000003136      0x128 ./User/imu_quaternion.o
                0x0000000000003136                _imu_rotate_quaternion
 .text._imu_update_quaternion
                0x000000000000325e      0x1fe ./User/imu_quaternion.o
                0x000000000000325e                _imu_update_quaternion
 .text.switch_motion_pack_quat
                0x000000000000345c      0x326 ./User/imu_quaternion.o
                0x000000000000345c                switch_motion_pack_quat
 .text.imu_upd2
                0x0000000000003782       0x32 ./User/imu_quaternion.o
                0x0000000000003782                imu_upd2
 .text.button_upd_all
                0x00000000000037b4       0x18 ./User/main.o
                0x00000000000037b4                button_upd_all
 .text.get_peripheral_data_handler
                0x00000000000037cc       0x56 ./User/main.o
                0x00000000000037cc                get_peripheral_data_handler
 .text.joystick_snapback_filter
                0x0000000000003822      0x2ce ./User/main.o
                0x0000000000003822                joystick_snapback_filter
 .text.joystick_debounce_task
                0x0000000000003af0       0x84 ./User/main.o
                0x0000000000003af0                joystick_debounce_task
 .text.func_switch_task
                0x0000000000003b74      0x202 ./User/main.o
                0x0000000000003b74                func_switch_task
 .text.top_timer
                0x0000000000003d76       0x58 ./User/main.o
                0x0000000000003d76                top_timer
 .text.routine_service
                0x0000000000003dce       0x62 ./User/main.o
                0x0000000000003dce                routine_service
 .text.set_peripherals_state
                0x0000000000003e30       0x92 ./User/main.o
                0x0000000000003e30                set_peripherals_state
 .text.init_all
                0x0000000000003ec2       0xd8 ./User/main.o
                0x0000000000003ec2                init_all
 .text.startup.main
                0x0000000000003f9a       0xcc ./User/main.o
                0x0000000000003f9a                main
 .text.ns_subcommand_set_hci_state
                0x0000000000004066        0x2 ./User/ns_com.o
                0x0000000000004066                ns_subcommand_set_hci_state
 .text.ns_subcommand_set_imu_register
                0x0000000000004068       0x10 ./User/ns_com.o
                0x0000000000004068                ns_subcommand_set_imu_register
 .text.ns_subcommand_reset_mcu
                0x0000000000004078        0x2 ./User/ns_com.o
                0x0000000000004078                ns_subcommand_reset_mcu
 .text.ns_subcommand_set_home_led
                0x000000000000407a        0x2 ./User/ns_com.o
                0x000000000000407a                ns_subcommand_set_home_led
 .text.ns_subcommand_reset_pairing_info
                0x000000000000407c        0x2 ./User/ns_com.o
                0x000000000000407c                ns_subcommand_reset_pairing_info
 .text.pkt_clr  0x000000000000407e       0x16 ./User/ns_com.o
                0x000000000000407e                pkt_clr
 .text.ns_subcommand_set_mcu_conf
                0x0000000000004094       0x40 ./User/ns_com.o
                0x0000000000004094                ns_subcommand_set_mcu_conf
 .text.ns_subcommand_default
                0x00000000000040d4       0x38 ./User/ns_com.o
                0x00000000000040d4                ns_subcommand_default
 .text.ns_subcommand_pair_by_wire
                0x000000000000410c       0xa0 ./User/ns_com.o
                0x000000000000410c                ns_subcommand_pair_by_wire
 .text.ns_subcommand_get_device_info
                0x00000000000041ac       0x9c ./User/ns_com.o
                0x00000000000041ac                ns_subcommand_get_device_info
 .text.ns_subcommand_set_input_mode
                0x0000000000004248       0x4a ./User/ns_com.o
                0x0000000000004248                ns_subcommand_set_input_mode
 .text.ns_subcommand_trigger_buttons_elapsed_time
                0x0000000000004292       0x46 ./User/ns_com.o
                0x0000000000004292                ns_subcommand_trigger_buttons_elapsed_time
 .text.ns_subcommand_get_page_list_state
                0x00000000000042d8       0x3a ./User/ns_com.o
                0x00000000000042d8                ns_subcommand_get_page_list_state
 .text.ns_subcommand_set_shipping_mode
                0x0000000000004312       0x38 ./User/ns_com.o
                0x0000000000004312                ns_subcommand_set_shipping_mode
 .text.ns_subcommand_spi_erase
                0x000000000000434a        0x4 ./User/ns_com.o
                0x000000000000434a                ns_subcommand_spi_erase
 .text.ns_subcommand_enable_mcu_polling
                0x000000000000434e        0x4 ./User/ns_com.o
                0x000000000000434e                ns_subcommand_enable_mcu_polling
 .text.ns_subcommand_disable_mcu_polling
                0x0000000000004352        0x4 ./User/ns_com.o
                0x0000000000004352                ns_subcommand_disable_mcu_polling
 .text.ns_subcommand_spi_read
                0x0000000000004356       0x7a ./User/ns_com.o
                0x0000000000004356                ns_subcommand_spi_read
 .text.ns_subcommand_spi_write
                0x00000000000043d0       0x62 ./User/ns_com.o
                0x00000000000043d0                ns_subcommand_spi_write
 .text.ns_subcommand_set_mcu_state
                0x0000000000004432       0x34 ./User/ns_com.o
                0x0000000000004432                ns_subcommand_set_mcu_state
 .text.ns_subcommand_attachmend_write
                0x0000000000004466        0x4 ./User/ns_com.o
                0x0000000000004466                ns_subcommand_attachmend_write
 .text.ns_subcommand_write_charge_setting
                0x000000000000446a        0x4 ./User/ns_com.o
                0x000000000000446a                ns_subcommand_write_charge_setting
 .text.ns_subcommand_attachmend_read
                0x000000000000446e       0x36 ./User/ns_com.o
                0x000000000000446e                ns_subcommand_attachmend_read
 .text.ns_subcommand_attachment_state
                0x00000000000044a4       0x30 ./User/ns_com.o
                0x00000000000044a4                ns_subcommand_attachment_state
 .text.ns_subcommand_get_attachment_info
                0x00000000000044d4       0x34 ./User/ns_com.o
                0x00000000000044d4                ns_subcommand_get_attachment_info
 .text.ns_subcommand_set_indicate_led
                0x0000000000004508       0x4a ./User/ns_com.o
                0x0000000000004508                ns_subcommand_set_indicate_led
 .text.ns_subcommand_get_indicate_led
                0x0000000000004552       0x3c ./User/ns_com.o
                0x0000000000004552                ns_subcommand_get_indicate_led
 .text.ns_subcommand_set_imu_state
                0x000000000000458e       0x40 ./User/ns_com.o
                0x000000000000458e                ns_subcommand_set_imu_state
 .text.ns_subcommand_set_imu_conf
                0x00000000000045ce       0x5e ./User/ns_com.o
                0x00000000000045ce                ns_subcommand_set_imu_conf
 .text.ns_subcommand_read_imu_register
                0x000000000000462c       0x68 ./User/ns_com.o
                0x000000000000462c                ns_subcommand_read_imu_register
 .text.ns_subcommand_set_rumble_state
                0x0000000000004694       0x40 ./User/ns_com.o
                0x0000000000004694                ns_subcommand_set_rumble_state
 .text.ns_subcommand_get_battery_voltage
                0x00000000000046d4       0x3c ./User/ns_com.o
                0x00000000000046d4                ns_subcommand_get_battery_voltage
 .text.ns_subcommand_read_charge_setting
                0x0000000000004710       0x3a ./User/ns_com.o
                0x0000000000004710                ns_subcommand_read_charge_setting
 .text.ns_subcommand_callback_init
                0x000000000000474a      0x112 ./User/ns_com.o
                0x000000000000474a                ns_subcommand_callback_init
 .text.ns_rumble_handler
                0x000000000000485c       0x14 ./User/ns_com_mux.o
                0x000000000000485c                ns_rumble_handler
 .text.ns_cmd_subcommand_dispatcher
                0x0000000000004870       0x3c ./User/ns_com_mux.o
                0x0000000000004870                ns_cmd_subcommand_dispatcher
 .text.ns_mux_usb_handshake_handler
                0x00000000000048ac       0x8e ./User/ns_com_mux.o
                0x00000000000048ac                ns_mux_usb_handshake_handler
 .text.fw_snd_pkt
                0x000000000000493a       0x28 ./User/ns_com_mux.o
                0x000000000000493a                fw_snd_pkt
 .text.fw_subcommand_read_setting
                0x0000000000004962       0x52 ./User/ns_com_mux.o
                0x0000000000004962                fw_subcommand_read_setting
 .text.fw_subcommand_read_emulate_rom
                0x00000000000049b4       0xb8 ./User/ns_com_mux.o
                0x00000000000049b4                fw_subcommand_read_emulate_rom
 .text.fw_subcommand_write_emulate_rom
                0x0000000000004a6c       0x40 ./User/ns_com_mux.o
                0x0000000000004a6c                fw_subcommand_write_emulate_rom
 .text._calibrate_imu_raw
                0x0000000000004aac      0x118 ./User/ns_com_mux.o
                0x0000000000004aac                _calibrate_imu_raw
 .text.calibrate_imu
                0x0000000000004bc4      0x18a ./User/ns_com_mux.o
                0x0000000000004bc4                calibrate_imu
 .text.fw_subcommand_calibrate_imu
                0x0000000000004d4e       0x2c ./User/ns_com_mux.o
                0x0000000000004d4e                fw_subcommand_calibrate_imu
 .text.fw_subcommand_calibrate_js_offset
                0x0000000000004d7a       0x6c ./User/ns_com_mux.o
                0x0000000000004d7a                fw_subcommand_calibrate_js_offset
 .text.fw_subcommand_get_status
                0x0000000000004de6       0x70 ./User/ns_com_mux.o
                0x0000000000004de6                fw_subcommand_get_status
 .text.fw_subcommand_reboot
                0x0000000000004e56       0x22 ./User/ns_com_mux.o
                0x0000000000004e56                fw_subcommand_reboot
 .text.fw_subcommand_get_version
                0x0000000000004e78       0x26 ./User/ns_com_mux.o
                0x0000000000004e78                fw_subcommand_get_version
 .text.fw_subcommand_dispatcher
                0x0000000000004e9e       0x96 ./User/ns_com_mux.o
                0x0000000000004e9e                fw_subcommand_dispatcher
 .text.ns_mux_init
                0x0000000000004f34        0x4 ./User/ns_com_mux.o
                0x0000000000004f34                ns_mux_init
 .text.hid_dispatch
                0x0000000000004f38       0x46 ./User/ns_com_mux.o
                0x0000000000004f38                hid_dispatch
 .text.ns_send_report
                0x0000000000004f7e        0xe ./User/ns_com_mux.o
                0x0000000000004f7e                ns_send_report
 .text.setup_exti
                0x0000000000004f8c       0xae ./User/pwr.o
                0x0000000000004f8c                setup_exti
 .text.top_init
                0x000000000000503a       0x2e ./User/pwr.o
                0x000000000000503a                top_init
 .text.set_pwr_mode_sleep
                0x0000000000005068       0x4c ./User/pwr.o
                0x0000000000005068                set_pwr_mode_sleep
 .text.set_pwr_mode_stop
                0x00000000000050b4       0x4c ./User/pwr.o
                0x00000000000050b4                set_pwr_mode_stop
 .text.ring_buffer_init
                0x0000000000005100       0x3e ./User/ring_buffer.o
                0x0000000000005100                ring_buffer_init
 .text.ring_buffer_push
                0x000000000000513e       0x90 ./User/ring_buffer.o
                0x000000000000513e                ring_buffer_push
 .text.ring_buffer_push_with_hdr
                0x00000000000051ce       0xaa ./User/ring_buffer.o
                0x00000000000051ce                ring_buffer_push_with_hdr
 .text.ring_buffer_pop
                0x0000000000005278       0x54 ./User/ring_buffer.o
                0x0000000000005278                ring_buffer_pop
 .text.SPI_FullDuplex_Init
                0x00000000000052cc       0x76 ./User/spi.o
                0x00000000000052cc                SPI_FullDuplex_Init
 .text.spi_DMA_Tx_Init
                0x0000000000005342       0x54 ./User/spi.o
                0x0000000000005342                spi_DMA_Tx_Init
 .text.rgb_spi_pkg_gen
                0x0000000000005396       0x54 ./User/spi.o
                0x0000000000005396                rgb_spi_pkg_gen
 .text.set_led_rgb
                0x00000000000053ea       0x7e ./User/spi.o
                0x00000000000053ea                set_led_rgb
 .text.flush_spi_tx_seq
                0x0000000000005468      0x100 ./User/spi.o
                0x0000000000005468                flush_spi_tx_seq
 .text._flush_rgb
                0x0000000000005568       0x52 ./User/spi.o
                0x0000000000005568                _flush_rgb
 .text.flush_rgb
                0x00000000000055ba       0x14 ./User/spi.o
                0x00000000000055ba                flush_rgb
 .text.spi_init
                0x00000000000055ce       0x54 ./User/spi.o
                0x00000000000055ce                spi_init
 .text.set_indicate_led_function
                0x0000000000005622       0xd6 ./User/spi.o
                0x0000000000005622                set_indicate_led_function
 .text.set_indicate_led_player
                0x00000000000056f8       0x9e ./User/spi.o
                0x00000000000056f8                set_indicate_led_player
 .text.set_indicate_led_status
                0x0000000000005796        0xc ./User/spi.o
                0x0000000000005796                set_indicate_led_status
 .text.set_indicate_led_mode
                0x00000000000057a2       0x14 ./User/spi.o
                0x00000000000057a2                set_indicate_led_mode
 .text.indicate_rgb_task
                0x00000000000057b6       0x46 ./User/spi.o
                0x00000000000057b6                indicate_rgb_task
 .text.DMA1_Channel3_IRQHandler
                0x00000000000057fc       0x2e ./User/spi.o
                0x00000000000057fc                DMA1_Channel3_IRQHandler
 .text.SetSysClockTo72_HSE
                0x000000000000582a       0xc6 ./User/system_ch32v10x.o
 .text.SystemInit
                0x00000000000058f0       0x44 ./User/system_ch32v10x.o
                0x00000000000058f0                SystemInit
 .text.SystemCoreClockUpdate
                0x0000000000005934       0x76 ./User/system_ch32v10x.o
                0x0000000000005934                SystemCoreClockUpdate
 .text.SetSysClock
                0x00000000000059aa        0x4 ./User/system_ch32v10x.o
                0x00000000000059aa                SetSysClock
 .text.TIM2_IRQHandler
                0x00000000000059ae       0x28 ./User/tick.o
                0x00000000000059ae                TIM2_IRQHandler
 .text._systick_init
                0x00000000000059d6       0x68 ./User/tick.o
                0x00000000000059d6                _systick_init
 .text.SysTick_Init
                0x0000000000005a3e       0x12 ./User/tick.o
                0x0000000000005a3e                SysTick_Init
 .text.Get_Systick_US
                0x0000000000005a50       0x18 ./User/tick.o
                0x0000000000005a50                Get_Systick_US
 .text.Get_Systick_MS
                0x0000000000005a68        0x6 ./User/tick.o
                0x0000000000005a68                Get_Systick_MS
 .text.HighPrecisionTimer_Init
                0x0000000000005a6e       0x16 ./User/tick.o
                0x0000000000005a6e                HighPrecisionTimer_Init
 .text.wait_nonblocking_us
                0x0000000000005a84       0x3c ./User/tick.o
                0x0000000000005a84                wait_nonblocking_us
 .text.Delay_Us
                0x0000000000005ac0       0x20 ./User/tick.o
                0x0000000000005ac0                Delay_Us
 .text.Delay_Ms
                0x0000000000005ae0       0x18 ./User/tick.o
                0x0000000000005ae0                Delay_Ms
 .text.decode_uart_pkt.part.0
                0x0000000000005af8       0x52 ./User/uart.o
 .text.UART1_DMA_Init
                0x0000000000005b4a       0xae ./User/uart.o
                0x0000000000005b4a                UART1_DMA_Init
 .text.UART1_Init
                0x0000000000005bf8       0xde ./User/uart.o
                0x0000000000005bf8                UART1_Init
 .text.UART1_DMA_Tx
                0x0000000000005cd6       0x48 ./User/uart.o
                0x0000000000005cd6                UART1_DMA_Tx
 .text.UART1_Tx_Service
                0x0000000000005d1e       0xb2 ./User/uart.o
                0x0000000000005d1e                UART1_Tx_Service
 .text.encode_uart_pkt
                0x0000000000005dd0       0xae ./User/uart.o
                0x0000000000005dd0                encode_uart_pkt
 .text.check_uart_pkt
                0x0000000000005e7e       0x34 ./User/uart.o
                0x0000000000005e7e                check_uart_pkt
 .text.UART1_Rx_Service
                0x0000000000005eb2      0x13c ./User/uart.o
                0x0000000000005eb2                UART1_Rx_Service
 .text.send_uart_pkt
                0x0000000000005fee       0x4a ./User/uart.o
                0x0000000000005fee                send_uart_pkt
 .text.send_uart_large_pkt
                0x0000000000006038       0x9e ./User/uart.o
                0x0000000000006038                send_uart_large_pkt
 .text.reliable_uart_send_acc.part.0
                0x00000000000060d6       0x28 ./User/uart_com.o
 .text.uart_conf_write
                0x00000000000060fe       0x6a ./User/uart_com.o
                0x00000000000060fe                uart_conf_write
 .text.imu_buffer_reset_notifier
                0x0000000000006168        0x8 ./User/uart_com.o
                0x0000000000006168                imu_buffer_reset_notifier
 .text.send_input_with_uart
                0x0000000000006170       0x64 ./User/uart_com.o
                0x0000000000006170                send_input_with_uart
 .text.set_bt_connect_mode
                0x00000000000061d4        0x6 ./User/uart_com.o
                0x00000000000061d4                set_bt_connect_mode
 .text.start_connect
                0x00000000000061da       0xbc ./User/uart_com.o
                0x00000000000061da                start_connect
 .text.wake_esp32
                0x0000000000006296       0x38 ./User/uart_com.o
                0x0000000000006296                wake_esp32
 .text.recv_esp32_connect_control
                0x00000000000062ce       0xe2 ./User/uart_com.o
                0x00000000000062ce                recv_esp32_connect_control
 .text.recv_rumble_frame
                0x00000000000063b0       0x24 ./User/uart_com.o
                0x00000000000063b0                recv_rumble_frame
 .text.recv_pwr_control
                0x00000000000063d4       0x58 ./User/uart_com.o
                0x00000000000063d4                recv_pwr_control
 .text.recv_flash_operation
                0x000000000000642c      0x10a ./User/uart_com.o
                0x000000000000642c                recv_flash_operation
 .text.connection_state_handler
                0x0000000000006536      0x126 ./User/uart_com.o
                0x0000000000006536                connection_state_handler
 .text.reliable_uart_init
                0x000000000000665c       0x36 ./User/uart_com.o
                0x000000000000665c                reliable_uart_init
 .text.reliable_uart_task
                0x0000000000006692       0x7c ./User/uart_com.o
                0x0000000000006692                reliable_uart_task
 .text.reliable_uart_handler
                0x000000000000670e       0x86 ./User/uart_com.o
                0x000000000000670e                reliable_uart_handler
 .text.recv_esp32_pkg
                0x0000000000006794       0x56 ./User/uart_com.o
                0x0000000000006794                recv_esp32_pkg
 .text.uart_com_task
                0x00000000000067ea       0x60 ./User/uart_com.o
                0x00000000000067ea                uart_com_task
 .text.ns_set_peripheral_data_getter
                0x000000000000684a        0x6 ./User/usbd_compatibility_hid.o
                0x000000000000684a                ns_set_peripheral_data_getter
 .text.ns_hid_get_packet_timer
                0x0000000000006850       0x3e ./User/usbd_compatibility_hid.o
                0x0000000000006850                ns_hid_get_packet_timer
 .text.rpt_wrapper
                0x000000000000688e       0x8e ./User/usbd_compatibility_hid.o
                0x000000000000688e                rpt_wrapper
 .text.set_imu_available
                0x000000000000691c        0x8 ./User/usbd_compatibility_hid.o
                0x000000000000691c                set_imu_available
 .text.hid_init
                0x0000000000006924        0xe ./User/usbd_compatibility_hid.o
                0x0000000000006924                hid_init
 .text.hid_tx_service
                0x0000000000006932       0xec ./User/usbd_compatibility_hid.o
                0x0000000000006932                hid_tx_service
 .text.hid_rx_service
                0x0000000000006a1e       0x5c ./User/usbd_compatibility_hid.o
                0x0000000000006a1e                hid_rx_service
 .text.vector_handler
                0x0000000000006a7a        0x2 ./Startup/startup_ch32v10x.o
                0x0000000000006a7a                EXTI2_IRQHandler
                0x0000000000006a7a                TIM1_CC_IRQHandler
                0x0000000000006a7a                SysTick_Handler
                0x0000000000006a7a                PVD_IRQHandler
                0x0000000000006a7a                EXTI3_IRQHandler
                0x0000000000006a7a                EXTI0_IRQHandler
                0x0000000000006a7a                I2C2_EV_IRQHandler
                0x0000000000006a7a                ADC1_2_IRQHandler
                0x0000000000006a7a                SPI1_IRQHandler
                0x0000000000006a7a                TAMPER_IRQHandler
                0x0000000000006a7a                DMA1_Channel4_IRQHandler
                0x0000000000006a7a                USART3_IRQHandler
                0x0000000000006a7a                RTC_IRQHandler
                0x0000000000006a7a                DMA1_Channel7_IRQHandler
                0x0000000000006a7a                TIM4_IRQHandler
                0x0000000000006a7a                I2C1_EV_IRQHandler
                0x0000000000006a7a                DMA1_Channel6_IRQHandler
                0x0000000000006a7a                RCC_IRQHandler
                0x0000000000006a7a                TIM1_TRG_COM_IRQHandler
                0x0000000000006a7a                DMA1_Channel1_IRQHandler
                0x0000000000006a7a                EXTI15_10_IRQHandler
                0x0000000000006a7a                EXTI9_5_IRQHandler
                0x0000000000006a7a                SPI2_IRQHandler
                0x0000000000006a7a                DMA1_Channel5_IRQHandler
                0x0000000000006a7a                EXTI4_IRQHandler
                0x0000000000006a7a                TIM1_UP_IRQHandler
                0x0000000000006a7a                WWDG_IRQHandler
                0x0000000000006a7a                SW_Handler
                0x0000000000006a7a                TIM1_BRK_IRQHandler
                0x0000000000006a7a                EXTI1_IRQHandler
                0x0000000000006a7a                RTCAlarm_IRQHandler
                0x0000000000006a7a                USART2_IRQHandler
                0x0000000000006a7a                DMA1_Channel2_IRQHandler
                0x0000000000006a7a                FLASH_IRQHandler
                0x0000000000006a7a                USART1_IRQHandler
                0x0000000000006a7a                I2C1_ER_IRQHandler
                0x0000000000006a7a                USBWakeUp_IRQHandler
 .text.handle_reset
                0x0000000000006a7c       0x7e ./Startup/startup_ch32v10x.o
                0x0000000000006a7c                handle_reset
 .text.ADC_DeInit
                0x0000000000006afa       0x2a ./Peripheral/src/ch32v10x_adc.o
                0x0000000000006afa                ADC_DeInit
 .text.ADC_Init
                0x0000000000006b24       0x50 ./Peripheral/src/ch32v10x_adc.o
                0x0000000000006b24                ADC_Init
 .text.ADC_Cmd  0x0000000000006b74       0x10 ./Peripheral/src/ch32v10x_adc.o
                0x0000000000006b74                ADC_Cmd
 .text.ADC_DMACmd
                0x0000000000006b84       0x12 ./Peripheral/src/ch32v10x_adc.o
                0x0000000000006b84                ADC_DMACmd
 .text.ADC_ResetCalibration
                0x0000000000006b96        0xa ./Peripheral/src/ch32v10x_adc.o
                0x0000000000006b96                ADC_ResetCalibration
 .text.ADC_GetResetCalibrationStatus
                0x0000000000006ba0        0x8 ./Peripheral/src/ch32v10x_adc.o
                0x0000000000006ba0                ADC_GetResetCalibrationStatus
 .text.ADC_StartCalibration
                0x0000000000006ba8        0xa ./Peripheral/src/ch32v10x_adc.o
                0x0000000000006ba8                ADC_StartCalibration
 .text.ADC_GetCalibrationStatus
                0x0000000000006bb2        0x8 ./Peripheral/src/ch32v10x_adc.o
                0x0000000000006bb2                ADC_GetCalibrationStatus
 .text.ADC_SoftwareStartConvCmd
                0x0000000000006bba       0x18 ./Peripheral/src/ch32v10x_adc.o
                0x0000000000006bba                ADC_SoftwareStartConvCmd
 .text.ADC_RegularChannelConfig
                0x0000000000006bd2       0xb8 ./Peripheral/src/ch32v10x_adc.o
                0x0000000000006bd2                ADC_RegularChannelConfig
 .text.Get_CalibrationValue
                0x0000000000006c8a      0x182 ./Peripheral/src/ch32v10x_adc.o
                0x0000000000006c8a                Get_CalibrationValue
 .text.DMA_DeInit
                0x0000000000006e0c       0xe0 ./Peripheral/src/ch32v10x_dma.o
                0x0000000000006e0c                DMA_DeInit
 .text.DMA_Init
                0x0000000000006eec       0x38 ./Peripheral/src/ch32v10x_dma.o
                0x0000000000006eec                DMA_Init
 .text.DMA_Cmd  0x0000000000006f24       0x14 ./Peripheral/src/ch32v10x_dma.o
                0x0000000000006f24                DMA_Cmd
 .text.DMA_GetCurrDataCounter
                0x0000000000006f38        0x8 ./Peripheral/src/ch32v10x_dma.o
                0x0000000000006f38                DMA_GetCurrDataCounter
 .text.DMA_GetFlagStatus
                0x0000000000006f40       0x20 ./Peripheral/src/ch32v10x_dma.o
                0x0000000000006f40                DMA_GetFlagStatus
 .text.DMA_ClearFlag
                0x0000000000006f60       0x1a ./Peripheral/src/ch32v10x_dma.o
                0x0000000000006f60                DMA_ClearFlag
 .text.DMA_GetITStatus
                0x0000000000006f7a        0x4 ./Peripheral/src/ch32v10x_dma.o
                0x0000000000006f7a                DMA_GetITStatus
 .text.DMA_ClearITPendingBit
                0x0000000000006f7e        0x4 ./Peripheral/src/ch32v10x_dma.o
                0x0000000000006f7e                DMA_ClearITPendingBit
 .text.EXTI_Init
                0x0000000000006f82       0x62 ./Peripheral/src/ch32v10x_exti.o
                0x0000000000006f82                EXTI_Init
 .text.ROM_ERASE
                0x0000000000006fe4       0x80 ./Peripheral/src/ch32v10x_flash.o
 .text.FLASH_ROM_ERASE
                0x0000000000007064      0x11a ./Peripheral/src/ch32v10x_flash.o
                0x0000000000007064                FLASH_ROM_ERASE
 .text.FLASH_ROM_WRITE
                0x000000000000717e      0x11a ./Peripheral/src/ch32v10x_flash.o
                0x000000000000717e                FLASH_ROM_WRITE
 .text.GPIO_Init
                0x0000000000007298       0xbe ./Peripheral/src/ch32v10x_gpio.o
                0x0000000000007298                GPIO_Init
 .text.GPIO_ReadInputDataBit
                0x0000000000007356        0xc ./Peripheral/src/ch32v10x_gpio.o
                0x0000000000007356                GPIO_ReadInputDataBit
 .text.GPIO_SetBits
                0x0000000000007362        0x4 ./Peripheral/src/ch32v10x_gpio.o
                0x0000000000007362                GPIO_SetBits
 .text.GPIO_ResetBits
                0x0000000000007366        0x4 ./Peripheral/src/ch32v10x_gpio.o
                0x0000000000007366                GPIO_ResetBits
 .text.GPIO_WriteBit
                0x000000000000736a        0xa ./Peripheral/src/ch32v10x_gpio.o
                0x000000000000736a                GPIO_WriteBit
 .text.GPIO_EXTILineConfig
                0x0000000000007374       0x2c ./Peripheral/src/ch32v10x_gpio.o
                0x0000000000007374                GPIO_EXTILineConfig
 .text.I2C_DeInit
                0x00000000000073a0       0x32 ./Peripheral/src/ch32v10x_i2c.o
                0x00000000000073a0                I2C_DeInit
 .text.I2C_Init
                0x00000000000073d2      0x112 ./Peripheral/src/ch32v10x_i2c.o
                0x00000000000073d2                I2C_Init
 .text.I2C_Cmd  0x00000000000074e4       0x1c ./Peripheral/src/ch32v10x_i2c.o
                0x00000000000074e4                I2C_Cmd
 .text.I2C_GenerateSTART
                0x0000000000007500       0x1e ./Peripheral/src/ch32v10x_i2c.o
                0x0000000000007500                I2C_GenerateSTART
 .text.I2C_GenerateSTOP
                0x000000000000751e       0x1e ./Peripheral/src/ch32v10x_i2c.o
                0x000000000000751e                I2C_GenerateSTOP
 .text.I2C_AcknowledgeConfig
                0x000000000000753c       0x1e ./Peripheral/src/ch32v10x_i2c.o
                0x000000000000753c                I2C_AcknowledgeConfig
 .text.I2C_SendData
                0x000000000000755a        0x6 ./Peripheral/src/ch32v10x_i2c.o
                0x000000000000755a                I2C_SendData
 .text.I2C_ReceiveData
                0x0000000000007560        0xa ./Peripheral/src/ch32v10x_i2c.o
                0x0000000000007560                I2C_ReceiveData
 .text.I2C_Send7bitAddress
                0x000000000000756a       0x10 ./Peripheral/src/ch32v10x_i2c.o
                0x000000000000756a                I2C_Send7bitAddress
 .text.I2C_SoftwareResetCmd
                0x000000000000757a       0x16 ./Peripheral/src/ch32v10x_i2c.o
                0x000000000000757a                I2C_SoftwareResetCmd
 .text.I2C_NACKPositionConfig
                0x0000000000007590       0x26 ./Peripheral/src/ch32v10x_i2c.o
                0x0000000000007590                I2C_NACKPositionConfig
 .text.I2C_CheckEvent
                0x00000000000075b6       0x1a ./Peripheral/src/ch32v10x_i2c.o
                0x00000000000075b6                I2C_CheckEvent
 .text.I2C_GetFlagStatus
                0x00000000000075d0       0x32 ./Peripheral/src/ch32v10x_i2c.o
                0x00000000000075d0                I2C_GetFlagStatus
 .text.NVIC_PriorityGroupConfig
                0x0000000000007602       0x10 ./Peripheral/src/ch32v10x_misc.o
                0x0000000000007602                NVIC_PriorityGroupConfig
 .text.NVIC_Init
                0x0000000000007612       0x6e ./Peripheral/src/ch32v10x_misc.o
                0x0000000000007612                NVIC_Init
 .text.PWR_PVDCmd
                0x0000000000007680       0x14 ./Peripheral/src/ch32v10x_pwr.o
                0x0000000000007680                PWR_PVDCmd
 .text.PWR_PVDLevelConfig
                0x0000000000007694       0x10 ./Peripheral/src/ch32v10x_pwr.o
                0x0000000000007694                PWR_PVDLevelConfig
 .text.PWR_GetFlagStatus
                0x00000000000076a4        0xe ./Peripheral/src/ch32v10x_pwr.o
                0x00000000000076a4                PWR_GetFlagStatus
 .text.PWR_VDD_SupplyVoltage
                0x00000000000076b2       0x42 ./Peripheral/src/ch32v10x_pwr.o
                0x00000000000076b2                PWR_VDD_SupplyVoltage
 .text.RCC_HSICmd
                0x00000000000076f4       0x14 ./Peripheral/src/ch32v10x_rcc.o
                0x00000000000076f4                RCC_HSICmd
 .text.RCC_USBCLKConfig
                0x0000000000007708       0x24 ./Peripheral/src/ch32v10x_rcc.o
                0x0000000000007708                RCC_USBCLKConfig
 .text.RCC_ADCCLKConfig
                0x000000000000772c       0x12 ./Peripheral/src/ch32v10x_rcc.o
                0x000000000000772c                RCC_ADCCLKConfig
 .text.RCC_LSICmd
                0x000000000000773e       0x14 ./Peripheral/src/ch32v10x_rcc.o
                0x000000000000773e                RCC_LSICmd
 .text.RCC_GetClocksFreq
                0x0000000000007752       0xb0 ./Peripheral/src/ch32v10x_rcc.o
                0x0000000000007752                RCC_GetClocksFreq
 .text.RCC_AHBPeriphClockCmd
                0x0000000000007802       0x1e ./Peripheral/src/ch32v10x_rcc.o
                0x0000000000007802                RCC_AHBPeriphClockCmd
 .text.RCC_APB2PeriphClockCmd
                0x0000000000007820       0x1e ./Peripheral/src/ch32v10x_rcc.o
                0x0000000000007820                RCC_APB2PeriphClockCmd
 .text.RCC_APB1PeriphClockCmd
                0x000000000000783e       0x1e ./Peripheral/src/ch32v10x_rcc.o
                0x000000000000783e                RCC_APB1PeriphClockCmd
 .text.RCC_APB2PeriphResetCmd
                0x000000000000785c       0x1e ./Peripheral/src/ch32v10x_rcc.o
                0x000000000000785c                RCC_APB2PeriphResetCmd
 .text.RCC_APB1PeriphResetCmd
                0x000000000000787a       0x1e ./Peripheral/src/ch32v10x_rcc.o
                0x000000000000787a                RCC_APB1PeriphResetCmd
 .text.RCC_GetFlagStatus
                0x0000000000007898       0x2e ./Peripheral/src/ch32v10x_rcc.o
                0x0000000000007898                RCC_GetFlagStatus
 .text.SPI_Init
                0x00000000000078c6       0x5a ./Peripheral/src/ch32v10x_spi.o
                0x00000000000078c6                SPI_Init
 .text.SPI_Cmd  0x0000000000007920       0x1e ./Peripheral/src/ch32v10x_spi.o
                0x0000000000007920                SPI_Cmd
 .text.SPI_I2S_DMACmd
                0x000000000000793e       0x16 ./Peripheral/src/ch32v10x_spi.o
                0x000000000000793e                SPI_I2S_DMACmd
 .text.TIM_TimeBaseInit
                0x0000000000007954       0x78 ./Peripheral/src/ch32v10x_tim.o
                0x0000000000007954                TIM_TimeBaseInit
 .text.TIM_OC3Init
                0x00000000000079cc       0xb0 ./Peripheral/src/ch32v10x_tim.o
                0x00000000000079cc                TIM_OC3Init
 .text.TIM_OC4Init
                0x0000000000007a7c       0x80 ./Peripheral/src/ch32v10x_tim.o
                0x0000000000007a7c                TIM_OC4Init
 .text.TIM_Cmd  0x0000000000007afc       0x1c ./Peripheral/src/ch32v10x_tim.o
                0x0000000000007afc                TIM_Cmd
 .text.TIM_CtrlPWMOutputs
                0x0000000000007b18       0x16 ./Peripheral/src/ch32v10x_tim.o
                0x0000000000007b18                TIM_CtrlPWMOutputs
 .text.TIM_ITConfig
                0x0000000000007b2e       0x16 ./Peripheral/src/ch32v10x_tim.o
                0x0000000000007b2e                TIM_ITConfig
 .text.TIM_ARRPreloadConfig
                0x0000000000007b44       0x1e ./Peripheral/src/ch32v10x_tim.o
                0x0000000000007b44                TIM_ARRPreloadConfig
 .text.TIM_OC3PreloadConfig
                0x0000000000007b62       0x12 ./Peripheral/src/ch32v10x_tim.o
                0x0000000000007b62                TIM_OC3PreloadConfig
 .text.TIM_OC4PreloadConfig
                0x0000000000007b74       0x1a ./Peripheral/src/ch32v10x_tim.o
                0x0000000000007b74                TIM_OC4PreloadConfig
 .text.TIM_SetCompare3
                0x0000000000007b8e        0x6 ./Peripheral/src/ch32v10x_tim.o
                0x0000000000007b8e                TIM_SetCompare3
 .text.TIM_SetCompare4
                0x0000000000007b94        0x6 ./Peripheral/src/ch32v10x_tim.o
                0x0000000000007b94                TIM_SetCompare4
 .text.TIM_GetFlagStatus
                0x0000000000007b9a        0xc ./Peripheral/src/ch32v10x_tim.o
                0x0000000000007b9a                TIM_GetFlagStatus
 .text.TIM_GetITStatus
                0x0000000000007ba6       0x1c ./Peripheral/src/ch32v10x_tim.o
                0x0000000000007ba6                TIM_GetITStatus
 .text.TIM_ClearITPendingBit
                0x0000000000007bc2        0xe ./Peripheral/src/ch32v10x_tim.o
                0x0000000000007bc2                TIM_ClearITPendingBit
 .text.USART_Init
                0x0000000000007bd0       0xa6 ./Peripheral/src/ch32v10x_usart.o
                0x0000000000007bd0                USART_Init
 .text.USART_Cmd
                0x0000000000007c76       0x18 ./Peripheral/src/ch32v10x_usart.o
                0x0000000000007c76                USART_Cmd
 .text.USART_DMACmd
                0x0000000000007c8e       0x16 ./Peripheral/src/ch32v10x_usart.o
                0x0000000000007c8e                USART_DMACmd
 .text.USART_GetFlagStatus
                0x0000000000007ca4        0xc ./Peripheral/src/ch32v10x_usart.o
                0x0000000000007ca4                USART_GetFlagStatus
 .text.USART_ClearFlag
                0x0000000000007cb0        0xe ./Peripheral/src/ch32v10x_usart.o
                0x0000000000007cb0                USART_ClearFlag
 .text.USART_printf_Init
                0x0000000000007cbe        0x2 ./Debug/debug.o
                0x0000000000007cbe                USART_printf_Init
 .text._write   0x0000000000007cc0        0x4 ./Debug/debug.o
                0x0000000000007cc0                _write
 .text._sbrk    0x0000000000007cc4       0x2a ./Debug/debug.o
                0x0000000000007cc4                _sbrk
 .text.sqrtf    0x0000000000007cee       0x48 d:/mounriver_studio/toolchain/risc-v embedded gcc12/bin/../lib/gcc/riscv-none-elf/12.2.0/../../../../riscv-none-elf/lib\libm_nano.a(lib_a-wf_sqrt.o)
                0x0000000000007cee                sqrtf
 .text.__ieee754_sqrtf
                0x0000000000007d36      0x114 d:/mounriver_studio/toolchain/risc-v embedded gcc12/bin/../lib/gcc/riscv-none-elf/12.2.0/../../../../riscv-none-elf/lib\libm_nano.a(lib_a-ef_sqrt.o)
                0x0000000000007d36                __ieee754_sqrtf
 .text.__udivdi3
                0x0000000000007e4a      0x3b0 d:/mounriver_studio/toolchain/risc-v embedded gcc12/bin/../lib/gcc/riscv-none-elf/12.2.0\libgcc.a(_udivdi3.o)
                0x0000000000007e4a                __udivdi3
 .text.__adddf3
                0x00000000000081fa      0x6e8 d:/mounriver_studio/toolchain/risc-v embedded gcc12/bin/../lib/gcc/riscv-none-elf/12.2.0\libgcc.a(adddf3.o)
                0x00000000000081fa                __adddf3
 .text.__divdf3
                0x00000000000088e2      0x5ae d:/mounriver_studio/toolchain/risc-v embedded gcc12/bin/../lib/gcc/riscv-none-elf/12.2.0\libgcc.a(divdf3.o)
                0x00000000000088e2                __divdf3
 .text.__muldf3
                0x0000000000008e90      0x54a d:/mounriver_studio/toolchain/risc-v embedded gcc12/bin/../lib/gcc/riscv-none-elf/12.2.0\libgcc.a(muldf3.o)
                0x0000000000008e90                __muldf3
 .text.__subdf3
                0x00000000000093da      0x736 d:/mounriver_studio/toolchain/risc-v embedded gcc12/bin/../lib/gcc/riscv-none-elf/12.2.0\libgcc.a(subdf3.o)
                0x00000000000093da                __subdf3
 .text.__floatsidf
                0x0000000000009b10       0x70 d:/mounriver_studio/toolchain/risc-v embedded gcc12/bin/../lib/gcc/riscv-none-elf/12.2.0\libgcc.a(floatsidf.o)
                0x0000000000009b10                __floatsidf
 .text.__floatunsidf
                0x0000000000009b80       0x70 d:/mounriver_studio/toolchain/risc-v embedded gcc12/bin/../lib/gcc/riscv-none-elf/12.2.0\libgcc.a(floatunsidf.o)
                0x0000000000009b80                __floatunsidf
 .text.__addsf3
                0x0000000000009bf0      0x368 d:/mounriver_studio/toolchain/risc-v embedded gcc12/bin/../lib/gcc/riscv-none-elf/12.2.0\libgcc.a(addsf3.o)
                0x0000000000009bf0                __addsf3
 .text.__divsf3
                0x0000000000009f58      0x2ea d:/mounriver_studio/toolchain/risc-v embedded gcc12/bin/../lib/gcc/riscv-none-elf/12.2.0\libgcc.a(divsf3.o)
                0x0000000000009f58                __divsf3
 .text.__gesf2  0x000000000000a242       0x96 d:/mounriver_studio/toolchain/risc-v embedded gcc12/bin/../lib/gcc/riscv-none-elf/12.2.0\libgcc.a(gesf2.o)
                0x000000000000a242                __gesf2
                0x000000000000a242                __gtsf2
 .text.__lesf2  0x000000000000a2d8       0x98 d:/mounriver_studio/toolchain/risc-v embedded gcc12/bin/../lib/gcc/riscv-none-elf/12.2.0\libgcc.a(lesf2.o)
                0x000000000000a2d8                __ltsf2
                0x000000000000a2d8                __lesf2
 .text.__mulsf3
                0x000000000000a370      0x2dc d:/mounriver_studio/toolchain/risc-v embedded gcc12/bin/../lib/gcc/riscv-none-elf/12.2.0\libgcc.a(mulsf3.o)
                0x000000000000a370                __mulsf3
 .text.__subsf3
                0x000000000000a64c      0x38c d:/mounriver_studio/toolchain/risc-v embedded gcc12/bin/../lib/gcc/riscv-none-elf/12.2.0\libgcc.a(subsf3.o)
                0x000000000000a64c                __subsf3
 .text.__unordsf2
                0x000000000000a9d8       0x3c d:/mounriver_studio/toolchain/risc-v embedded gcc12/bin/../lib/gcc/riscv-none-elf/12.2.0\libgcc.a(unordsf2.o)
                0x000000000000a9d8                __unordsf2
 .text.__fixsfsi
                0x000000000000aa14       0x60 d:/mounriver_studio/toolchain/risc-v embedded gcc12/bin/../lib/gcc/riscv-none-elf/12.2.0\libgcc.a(fixsfsi.o)
                0x000000000000aa14                __fixsfsi
 .text.__floatsisf
                0x000000000000aa74       0xcc d:/mounriver_studio/toolchain/risc-v embedded gcc12/bin/../lib/gcc/riscv-none-elf/12.2.0\libgcc.a(floatsisf.o)
                0x000000000000aa74                __floatsisf
 .text.__fixsfdi
                0x000000000000ab40       0x96 d:/mounriver_studio/toolchain/risc-v embedded gcc12/bin/../lib/gcc/riscv-none-elf/12.2.0\libgcc.a(fixsfdi.o)
                0x000000000000ab40                __fixsfdi
 .text.__floatdisf
                0x000000000000abd6      0x146 d:/mounriver_studio/toolchain/risc-v embedded gcc12/bin/../lib/gcc/riscv-none-elf/12.2.0\libgcc.a(floatdisf.o)
                0x000000000000abd6                __floatdisf
 .text.__truncdfsf2
                0x000000000000ad1c      0x16c d:/mounriver_studio/toolchain/risc-v embedded gcc12/bin/../lib/gcc/riscv-none-elf/12.2.0\libgcc.a(truncdfsf2.o)
                0x000000000000ad1c                __truncdfsf2
 .text.__clzsi2
                0x000000000000ae88       0x6e d:/mounriver_studio/toolchain/risc-v embedded gcc12/bin/../lib/gcc/riscv-none-elf/12.2.0\libgcc.a(_clzsi2.o)
                0x000000000000ae88                __clzsi2
 .text.__errno  0x000000000000aef6        0x6 d:/mounriver_studio/toolchain/risc-v embedded gcc12/bin/../lib/gcc/riscv-none-elf/12.2.0/../../../../riscv-none-elf/lib\libg_nano.a(lib_a-errno.o)
                0x000000000000aef6                __errno
 .text.printf   0x000000000000aefc       0x3a d:/mounriver_studio/toolchain/risc-v embedded gcc12/bin/../lib/gcc/riscv-none-elf/12.2.0/../../../../riscv-none-elf/lib\libg_nano.a(lib_a-printf.o)
                0x000000000000aefc                iprintf
                0x000000000000aefc                printf
 .text._puts_r  0x000000000000af36      0x10e d:/mounriver_studio/toolchain/risc-v embedded gcc12/bin/../lib/gcc/riscv-none-elf/12.2.0/../../../../riscv-none-elf/lib\libg_nano.a(lib_a-puts.o)
                0x000000000000af36                _puts_r
 .text.puts     0x000000000000b044        0xa d:/mounriver_studio/toolchain/risc-v embedded gcc12/bin/../lib/gcc/riscv-none-elf/12.2.0/../../../../riscv-none-elf/lib\libg_nano.a(lib_a-puts.o)
                0x000000000000b044                puts
 .text.__swbuf_r
                0x000000000000b04e       0xc0 d:/mounriver_studio/toolchain/risc-v embedded gcc12/bin/../lib/gcc/riscv-none-elf/12.2.0/../../../../riscv-none-elf/lib\libg_nano.a(lib_a-wbuf.o)
                0x000000000000b04e                __swbuf_r
 .text.__swsetup_r
                0x000000000000b10e       0xfa d:/mounriver_studio/toolchain/risc-v embedded gcc12/bin/../lib/gcc/riscv-none-elf/12.2.0/../../../../riscv-none-elf/lib\libg_nano.a(lib_a-wsetup.o)
                0x000000000000b10e                __swsetup_r
 .text.__sflush_r
                0x000000000000b208      0x138 d:/mounriver_studio/toolchain/risc-v embedded gcc12/bin/../lib/gcc/riscv-none-elf/12.2.0/../../../../riscv-none-elf/lib\libg_nano.a(lib_a-fflush.o)
                0x000000000000b208                __sflush_r
 .text._fflush_r
                0x000000000000b340       0x8a d:/mounriver_studio/toolchain/risc-v embedded gcc12/bin/../lib/gcc/riscv-none-elf/12.2.0/../../../../riscv-none-elf/lib\libg_nano.a(lib_a-fflush.o)
                0x000000000000b340                _fflush_r
 .text.std      0x000000000000b3ca       0x6a d:/mounriver_studio/toolchain/risc-v embedded gcc12/bin/../lib/gcc/riscv-none-elf/12.2.0/../../../../riscv-none-elf/lib\libg_nano.a(lib_a-findfp.o)
 .text._cleanup_r
                0x000000000000b434        0xa d:/mounriver_studio/toolchain/risc-v embedded gcc12/bin/../lib/gcc/riscv-none-elf/12.2.0/../../../../riscv-none-elf/lib\libg_nano.a(lib_a-findfp.o)
                0x000000000000b434                _cleanup_r
 .text.__sfmoreglue
                0x000000000000b43e       0x46 d:/mounriver_studio/toolchain/risc-v embedded gcc12/bin/../lib/gcc/riscv-none-elf/12.2.0/../../../../riscv-none-elf/lib\libg_nano.a(lib_a-findfp.o)
                0x000000000000b43e                __sfmoreglue
 .text.__sfp_lock_acquire
                0x000000000000b484        0x6 d:/mounriver_studio/toolchain/risc-v embedded gcc12/bin/../lib/gcc/riscv-none-elf/12.2.0/../../../../riscv-none-elf/lib\libg_nano.a(lib_a-findfp.o)
                0x000000000000b484                __sfp_lock_acquire
 .text.__sfp_lock_release
                0x000000000000b48a        0x6 d:/mounriver_studio/toolchain/risc-v embedded gcc12/bin/../lib/gcc/riscv-none-elf/12.2.0/../../../../riscv-none-elf/lib\libg_nano.a(lib_a-findfp.o)
                0x000000000000b48a                __sfp_lock_release
 .text.__sinit_lock_acquire
                0x000000000000b490        0x6 d:/mounriver_studio/toolchain/risc-v embedded gcc12/bin/../lib/gcc/riscv-none-elf/12.2.0/../../../../riscv-none-elf/lib\libg_nano.a(lib_a-findfp.o)
                0x000000000000b490                __sinit_lock_acquire
 .text.__sinit_lock_release
                0x000000000000b496        0x6 d:/mounriver_studio/toolchain/risc-v embedded gcc12/bin/../lib/gcc/riscv-none-elf/12.2.0/../../../../riscv-none-elf/lib\libg_nano.a(lib_a-findfp.o)
                0x000000000000b496                __sinit_lock_release
 .text.__sinit  0x000000000000b49c       0x72 d:/mounriver_studio/toolchain/risc-v embedded gcc12/bin/../lib/gcc/riscv-none-elf/12.2.0/../../../../riscv-none-elf/lib\libg_nano.a(lib_a-findfp.o)
                0x000000000000b49c                __sinit
 .text.__sfp    0x000000000000b50e       0xb0 d:/mounriver_studio/toolchain/risc-v embedded gcc12/bin/../lib/gcc/riscv-none-elf/12.2.0/../../../../riscv-none-elf/lib\libg_nano.a(lib_a-findfp.o)
                0x000000000000b50e                __sfp
 .text._fwalk_reent
                0x000000000000b5be       0x6a d:/mounriver_studio/toolchain/risc-v embedded gcc12/bin/../lib/gcc/riscv-none-elf/12.2.0/../../../../riscv-none-elf/lib\libg_nano.a(lib_a-fwalk.o)
                0x000000000000b5be                _fwalk_reent
 .text.__retarget_lock_init_recursive
                0x000000000000b628        0x2 d:/mounriver_studio/toolchain/risc-v embedded gcc12/bin/../lib/gcc/riscv-none-elf/12.2.0/../../../../riscv-none-elf/lib\libg_nano.a(lib_a-lock.o)
                0x000000000000b628                __retarget_lock_init_recursive
 .text.__retarget_lock_acquire_recursive
                0x000000000000b62a        0x2 d:/mounriver_studio/toolchain/risc-v embedded gcc12/bin/../lib/gcc/riscv-none-elf/12.2.0/../../../../riscv-none-elf/lib\libg_nano.a(lib_a-lock.o)
                0x000000000000b62a                __retarget_lock_acquire_recursive
 .text.__retarget_lock_release_recursive
                0x000000000000b62c        0x2 d:/mounriver_studio/toolchain/risc-v embedded gcc12/bin/../lib/gcc/riscv-none-elf/12.2.0/../../../../riscv-none-elf/lib\libg_nano.a(lib_a-lock.o)
                0x000000000000b62c                __retarget_lock_release_recursive
 .text.__swhatbuf_r
                0x000000000000b62e       0x5c d:/mounriver_studio/toolchain/risc-v embedded gcc12/bin/../lib/gcc/riscv-none-elf/12.2.0/../../../../riscv-none-elf/lib\libg_nano.a(lib_a-makebuf.o)
                0x000000000000b62e                __swhatbuf_r
 .text.__smakebuf_r
                0x000000000000b68a       0xa4 d:/mounriver_studio/toolchain/risc-v embedded gcc12/bin/../lib/gcc/riscv-none-elf/12.2.0/../../../../riscv-none-elf/lib\libg_nano.a(lib_a-makebuf.o)
                0x000000000000b68a                __smakebuf_r
 .text._free_r  0x000000000000b72e       0x9e d:/mounriver_studio/toolchain/risc-v embedded gcc12/bin/../lib/gcc/riscv-none-elf/12.2.0/../../../../riscv-none-elf/lib\libg_nano.a(lib_a-nano-freer.o)
                0x000000000000b72e                _free_r
 .text.sbrk_aligned
                0x000000000000b7cc       0x54 d:/mounriver_studio/toolchain/risc-v embedded gcc12/bin/../lib/gcc/riscv-none-elf/12.2.0/../../../../riscv-none-elf/lib\libg_nano.a(lib_a-nano-mallocr.o)
 .text._malloc_r
                0x000000000000b820      0x10c d:/mounriver_studio/toolchain/risc-v embedded gcc12/bin/../lib/gcc/riscv-none-elf/12.2.0/../../../../riscv-none-elf/lib\libg_nano.a(lib_a-nano-mallocr.o)
                0x000000000000b820                _malloc_r
 .text.__sfputc_r
                0x000000000000b92c       0x2a d:/mounriver_studio/toolchain/risc-v embedded gcc12/bin/../lib/gcc/riscv-none-elf/12.2.0/../../../../riscv-none-elf/lib\libg_nano.a(lib_a-nano-vfprintf.o)
 .text.__sfputs_r
                0x000000000000b956       0x44 d:/mounriver_studio/toolchain/risc-v embedded gcc12/bin/../lib/gcc/riscv-none-elf/12.2.0/../../../../riscv-none-elf/lib\libg_nano.a(lib_a-nano-vfprintf.o)
                0x000000000000b956                __sfputs_r
 .text._vfprintf_r
                0x000000000000b99a      0x2da d:/mounriver_studio/toolchain/risc-v embedded gcc12/bin/../lib/gcc/riscv-none-elf/12.2.0/../../../../riscv-none-elf/lib\libg_nano.a(lib_a-nano-vfprintf.o)
                0x000000000000b99a                _vfprintf_r
                0x000000000000b99a                _vfiprintf_r
 .text._sbrk_r  0x000000000000bc74       0x28 d:/mounriver_studio/toolchain/risc-v embedded gcc12/bin/../lib/gcc/riscv-none-elf/12.2.0/../../../../riscv-none-elf/lib\libg_nano.a(lib_a-sbrkr.o)
                0x000000000000bc74                _sbrk_r
 .text.__sread  0x000000000000bc9c       0x30 d:/mounriver_studio/toolchain/risc-v embedded gcc12/bin/../lib/gcc/riscv-none-elf/12.2.0/../../../../riscv-none-elf/lib\libg_nano.a(lib_a-stdio.o)
                0x000000000000bc9c                __sread
 .text.__swrite
                0x000000000000bccc       0x4e d:/mounriver_studio/toolchain/risc-v embedded gcc12/bin/../lib/gcc/riscv-none-elf/12.2.0/../../../../riscv-none-elf/lib\libg_nano.a(lib_a-stdio.o)
                0x000000000000bccc                __swrite
 .text.__sseek  0x000000000000bd1a       0x36 d:/mounriver_studio/toolchain/risc-v embedded gcc12/bin/../lib/gcc/riscv-none-elf/12.2.0/../../../../riscv-none-elf/lib\libg_nano.a(lib_a-stdio.o)
                0x000000000000bd1a                __sseek
 .text.__sclose
                0x000000000000bd50        0x6 d:/mounriver_studio/toolchain/risc-v embedded gcc12/bin/../lib/gcc/riscv-none-elf/12.2.0/../../../../riscv-none-elf/lib\libg_nano.a(lib_a-stdio.o)
                0x000000000000bd50                __sclose
 .text._write_r
                0x000000000000bd56       0x2c d:/mounriver_studio/toolchain/risc-v embedded gcc12/bin/../lib/gcc/riscv-none-elf/12.2.0/../../../../riscv-none-elf/lib\libg_nano.a(lib_a-writer.o)
                0x000000000000bd56                _write_r
 .text._close_r
                0x000000000000bd82       0x26 d:/mounriver_studio/toolchain/risc-v embedded gcc12/bin/../lib/gcc/riscv-none-elf/12.2.0/../../../../riscv-none-elf/lib\libg_nano.a(lib_a-closer.o)
                0x000000000000bd82                _close_r
 .text._fstat_r
                0x000000000000bda8       0x28 d:/mounriver_studio/toolchain/risc-v embedded gcc12/bin/../lib/gcc/riscv-none-elf/12.2.0/../../../../riscv-none-elf/lib\libg_nano.a(lib_a-fstatr.o)
                0x000000000000bda8                _fstat_r
 .text._isatty_r
                0x000000000000bdd0       0x26 d:/mounriver_studio/toolchain/risc-v embedded gcc12/bin/../lib/gcc/riscv-none-elf/12.2.0/../../../../riscv-none-elf/lib\libg_nano.a(lib_a-isattyr.o)
                0x000000000000bdd0                _isatty_r
 .text._lseek_r
                0x000000000000bdf6       0x2a d:/mounriver_studio/toolchain/risc-v embedded gcc12/bin/../lib/gcc/riscv-none-elf/12.2.0/../../../../riscv-none-elf/lib\libg_nano.a(lib_a-lseekr.o)
                0x000000000000bdf6                _lseek_r
 .text.memchr   0x000000000000be20       0x1a d:/mounriver_studio/toolchain/risc-v embedded gcc12/bin/../lib/gcc/riscv-none-elf/12.2.0/../../../../riscv-none-elf/lib\libg_nano.a(lib_a-memchr.o)
                0x000000000000be20                memchr
 .text.__malloc_lock
                0x000000000000be3a        0x8 d:/mounriver_studio/toolchain/risc-v embedded gcc12/bin/../lib/gcc/riscv-none-elf/12.2.0/../../../../riscv-none-elf/lib\libg_nano.a(lib_a-mlock.o)
                0x000000000000be3a                __malloc_lock
 .text.__malloc_unlock
                0x000000000000be42        0x8 d:/mounriver_studio/toolchain/risc-v embedded gcc12/bin/../lib/gcc/riscv-none-elf/12.2.0/../../../../riscv-none-elf/lib\libg_nano.a(lib_a-mlock.o)
                0x000000000000be42                __malloc_unlock
 .text._printf_common
                0x000000000000be4a      0x110 d:/mounriver_studio/toolchain/risc-v embedded gcc12/bin/../lib/gcc/riscv-none-elf/12.2.0/../../../../riscv-none-elf/lib\libg_nano.a(lib_a-nano-vfprintf_i.o)
                0x000000000000be4a                _printf_common
 .text._printf_i
                0x000000000000bf5a      0x286 d:/mounriver_studio/toolchain/risc-v embedded gcc12/bin/../lib/gcc/riscv-none-elf/12.2.0/../../../../riscv-none-elf/lib\libg_nano.a(lib_a-nano-vfprintf_i.o)
                0x000000000000bf5a                _printf_i
 .text._read_r  0x000000000000c1e0       0x2a d:/mounriver_studio/toolchain/risc-v embedded gcc12/bin/../lib/gcc/riscv-none-elf/12.2.0/../../../../riscv-none-elf/lib\libg_nano.a(lib_a-readr.o)
                0x000000000000c1e0                _read_r
 .text._close   0x000000000000c20a        0xc d:/mounriver_studio/toolchain/risc-v embedded gcc12/bin/../lib/gcc/riscv-none-elf/12.2.0/../../../../riscv-none-elf/lib\libnosys.a(close.o)
                0x000000000000c20a                _close
 .text._fstat   0x000000000000c216        0xc d:/mounriver_studio/toolchain/risc-v embedded gcc12/bin/../lib/gcc/riscv-none-elf/12.2.0/../../../../riscv-none-elf/lib\libnosys.a(fstat.o)
                0x000000000000c216                _fstat
 .text._isatty  0x000000000000c222        0xc d:/mounriver_studio/toolchain/risc-v embedded gcc12/bin/../lib/gcc/riscv-none-elf/12.2.0/../../../../riscv-none-elf/lib\libnosys.a(isatty.o)
                0x000000000000c222                _isatty
 .text._lseek   0x000000000000c22e        0xc d:/mounriver_studio/toolchain/risc-v embedded gcc12/bin/../lib/gcc/riscv-none-elf/12.2.0/../../../../riscv-none-elf/lib\libnosys.a(lseek.o)
                0x000000000000c22e                _lseek
 .text._read    0x000000000000c23a        0xc d:/mounriver_studio/toolchain/risc-v embedded gcc12/bin/../lib/gcc/riscv-none-elf/12.2.0/../../../../riscv-none-elf/lib\libnosys.a(read.o)
                0x000000000000c23a                _read
 *(.rodata)
 *fill*         0x000000000000c246        0x2 
 .rodata        0x000000000000c248       0x18 ./User/ns_com.o
 *(.rodata*)
 .rodata.USBFS_IRQHandler
                0x000000000000c260       0x5c ./User/ch32v10x_usbfs_device.o
 .rodata.freq_exp2_index_lookup_tb
                0x000000000000c2bc      0x100 ./User/hd_rumble2.o
 .rodata.amp_exp2_index_lookup_tb_high_amp_drop
                0x000000000000c3bc      0x100 ./User/hd_rumble2.o
 .rodata.amp_exp2_index_lookup_tb_low_amp_rise
                0x000000000000c4bc       0x10 ./User/hd_rumble2.o
 .rodata.amp_exp2_index_lookup_tb_raw
                0x000000000000c4cc      0x100 ./User/hd_rumble2.o
 .rodata.exp2_lookup_tb
                0x000000000000c5cc      0x500 ./User/hd_rumble2.o
 .rodata.init_all.str1.4
                0x000000000000cacc       0x14 ./User/main.o
 .rodata.main.str1.4
                0x000000000000cae0        0xf ./User/main.o
 *fill*         0x000000000000caef        0x1 
 .rodata.ns_mux_usb_handshake_handler
                0x000000000000caf0       0x18 ./User/ns_com_mux.o
 .rodata.fw_subcommand_dispatcher
                0x000000000000cb08       0x1c ./User/ns_com_mux.o
 .rodata.set_pwr_mode_stop.str1.4
                0x000000000000cb24        0x7 ./User/pwr.o
 *fill*         0x000000000000cb2b        0x1 
 .rodata.recv_esp32_connect_control
                0x000000000000cb2c       0x40 ./User/uart_com.o
 .rodata.recv_esp32_pkg
                0x000000000000cb6c       0x30 ./User/uart_com.o
 .rodata.MySerNumInfo
                0x000000000000cb9c       0x16 ./User/usb_desc.o
                0x000000000000cb9c                MySerNumInfo
 *fill*         0x000000000000cbb2        0x2 
 .rodata.MyProdInfo
                0x000000000000cbb4       0x2a ./User/usb_desc.o
                0x000000000000cbb4                MyProdInfo
 *fill*         0x000000000000cbde        0x2 
 .rodata.MyManuInfo
                0x000000000000cbe0        0xa ./User/usb_desc.o
                0x000000000000cbe0                MyManuInfo
 *fill*         0x000000000000cbea        0x2 
 .rodata.MyHIDReportDesc
                0x000000000000cbec       0xdf ./User/usb_desc.o
                0x000000000000cbec                MyHIDReportDesc
 *fill*         0x000000000000cccb        0x1 
 .rodata.MyDevDescr
                0x000000000000cccc       0x12 ./User/usb_desc.o
                0x000000000000cccc                MyDevDescr
 *fill*         0x000000000000ccde        0x2 
 .rodata.__divdf3
                0x000000000000cce0       0x40 d:/mounriver_studio/toolchain/risc-v embedded gcc12/bin/../lib/gcc/riscv-none-elf/12.2.0\libgcc.a(divdf3.o)
 .rodata.__divsf3
                0x000000000000cd20       0xa8 d:/mounriver_studio/toolchain/risc-v embedded gcc12/bin/../lib/gcc/riscv-none-elf/12.2.0\libgcc.a(divsf3.o)
 .rodata.__clz_tab
                0x000000000000cdc8      0x100 d:/mounriver_studio/toolchain/risc-v embedded gcc12/bin/../lib/gcc/riscv-none-elf/12.2.0\libgcc.a(_clz.o)
                0x000000000000cdc8                __clz_tab
 .rodata.__sf_fake_stderr
                0x000000000000cec8       0x20 d:/mounriver_studio/toolchain/risc-v embedded gcc12/bin/../lib/gcc/riscv-none-elf/12.2.0/../../../../riscv-none-elf/lib\libg_nano.a(lib_a-findfp.o)
                0x000000000000cec8                __sf_fake_stderr
 .rodata.__sf_fake_stdout
                0x000000000000cee8       0x20 d:/mounriver_studio/toolchain/risc-v embedded gcc12/bin/../lib/gcc/riscv-none-elf/12.2.0/../../../../riscv-none-elf/lib\libg_nano.a(lib_a-findfp.o)
                0x000000000000cee8                __sf_fake_stdout
 .rodata.__sf_fake_stdin
                0x000000000000cf08       0x20 d:/mounriver_studio/toolchain/risc-v embedded gcc12/bin/../lib/gcc/riscv-none-elf/12.2.0/../../../../riscv-none-elf/lib\libg_nano.a(lib_a-findfp.o)
                0x000000000000cf08                __sf_fake_stdin
 .rodata._vfprintf_r.str1.4
                0x000000000000cf28       0x13 d:/mounriver_studio/toolchain/risc-v embedded gcc12/bin/../lib/gcc/riscv-none-elf/12.2.0/../../../../riscv-none-elf/lib\libg_nano.a(lib_a-nano-vfprintf.o)
 *fill*         0x000000000000cf3b        0x1 
 .rodata._printf_i.str1.4
                0x000000000000cf3c       0x25 d:/mounriver_studio/toolchain/risc-v embedded gcc12/bin/../lib/gcc/riscv-none-elf/12.2.0/../../../../riscv-none-elf/lib\libg_nano.a(lib_a-nano-vfprintf_i.o)
 *fill*         0x000000000000cf61        0x3 
 .rodata._printf_i
                0x000000000000cf64       0x58 d:/mounriver_studio/toolchain/risc-v embedded gcc12/bin/../lib/gcc/riscv-none-elf/12.2.0/../../../../riscv-none-elf/lib\libg_nano.a(lib_a-nano-vfprintf_i.o)
 *(.gnu.linkonce.t.*)
                0x000000000000cfbc                . = ALIGN (0x4)

.rela.dyn       0x000000000000cfbc        0x0
 .rela.init     0x000000000000cfbc        0x0 ./User/ch32v10x_it.o
 .rela.vector   0x000000000000cfbc        0x0 ./User/ch32v10x_it.o
 .rela.text.handle_reset
                0x000000000000cfbc        0x0 ./User/ch32v10x_it.o
 .rela.text._sbrk
                0x000000000000cfbc        0x0 ./User/ch32v10x_it.o
 .rela.sdata.curbrk.0
                0x000000000000cfbc        0x0 ./User/ch32v10x_it.o
 .rela.text._vfprintf_r
                0x000000000000cfbc        0x0 ./User/ch32v10x_it.o

.fini           0x000000000000cfbc        0x0
 *(SORT_NONE(.fini))
                0x000000000000cfbc                . = ALIGN (0x4)
                [!provide]                        PROVIDE (_etext = .)
                [!provide]                        PROVIDE (_eitcm = .)

.preinit_array  0x000000000000cfbc        0x0
                [!provide]                        PROVIDE (__preinit_array_start = .)
 *(.preinit_array)
                [!provide]                        PROVIDE (__preinit_array_end = .)

.init_array     0x000000000000cfbc        0x0
                [!provide]                        PROVIDE (__init_array_start = .)
 *(SORT_BY_INIT_PRIORITY(.init_array.*) SORT_BY_INIT_PRIORITY(.ctors.*))
 *(.init_array EXCLUDE_FILE(*crtend?.o *crtend.o *crtbegin?.o *crtbegin.o) .ctors)
                [!provide]                        PROVIDE (__init_array_end = .)

.fini_array     0x000000000000cfbc        0x0
                [!provide]                        PROVIDE (__fini_array_start = .)
 *(SORT_BY_INIT_PRIORITY(.fini_array.*) SORT_BY_INIT_PRIORITY(.dtors.*))
 *(.fini_array EXCLUDE_FILE(*crtend?.o *crtend.o *crtbegin?.o *crtbegin.o) .dtors)
                [!provide]                        PROVIDE (__fini_array_end = .)

.ctors
 *crtbegin.o(.ctors)
 *crtbegin?.o(.ctors)
 *(EXCLUDE_FILE(*crtend?.o *crtend.o) .ctors)
 *(SORT_BY_NAME(.ctors.*))
 *(.ctors)

.dtors
 *crtbegin.o(.dtors)
 *crtbegin?.o(.dtors)
 *(EXCLUDE_FILE(*crtend?.o *crtend.o) .dtors)
 *(SORT_BY_NAME(.dtors.*))
 *(.dtors)

.dalign         0x0000000020000000        0x0 load address 0x000000000000cfbc
                0x0000000020000000                . = ALIGN (0x4)
                0x0000000020000000                PROVIDE (_data_vma = .)

.dlalign        0x000000000000cfbc        0x0
                0x000000000000cfbc                . = ALIGN (0x4)
                0x000000000000cfbc                PROVIDE (_data_lma = .)

.data           0x0000000020000000     0x13c8 load address 0x000000000000cfbc
 *(.gnu.linkonce.r.*)
 *(.data .data.*)
 .data.kb_scan  0x0000000020000000       0x10 ./User/gpio_digit.o
                0x0000000020000000                kb_scan
 .data.kb_pull  0x0000000020000010       0x10 ./User/gpio_digit.o
                0x0000000020000010                kb_pull
 .data.kb_scan_to_hid
                0x0000000020000020       0x40 ./User/gpio_digit.o
                0x0000000020000020                kb_scan_to_hid
 .data._gpio_mask_to_group_unsafe
                0x0000000020000060       0x20 ./User/gpio_digit.o
                0x0000000020000060                _gpio_mask_to_group_unsafe
 .data.CommandTable
                0x0000000020000080       0xc0 ./User/hd_rumble2.o
                0x0000000020000080                CommandTable
 .data.amp_exp2_index_lookup_tb
                0x0000000020000140      0x100 ./User/hd_rumble2.o
                0x0000000020000140                amp_exp2_index_lookup_tb
 .data.ccr_lookup_tb
                0x0000000020000240     0x1000 ./User/hd_rumble_high_accuracy.o
                0x0000000020000240                ccr_lookup_tb
 .data._imu_quat_state
                0x0000000020001240       0x1c ./User/imu_quaternion.o
                0x0000000020001240                _imu_quat_state
 .data.default_et
                0x000000002000125c        0xe ./User/ns_com.o
                0x000000002000125c                default_et
 *fill*         0x000000002000126a        0x2 
 .data.default_device_info
                0x000000002000126c        0xc ./User/ns_com.o
                0x000000002000126c                default_device_info
 .data.AHBPrescTable
                0x0000000020001278       0x10 ./User/system_ch32v10x.o
                0x0000000020001278                AHBPrescTable
 .data.MyCfgDescr
                0x0000000020001288       0x29 ./User/usb_desc.o
                0x0000000020001288                MyCfgDescr
 *fill*         0x00000000200012b1        0x3 
 .data.APBAHBPrescTable
                0x00000000200012b4       0x10 ./Peripheral/src/ch32v10x_rcc.o
 .data.impure_data
                0x00000000200012c4       0x60 d:/mounriver_studio/toolchain/risc-v embedded gcc12/bin/../lib/gcc/riscv-none-elf/12.2.0/../../../../riscv-none-elf/lib\libg_nano.a(lib_a-impure.o)
 *(.gnu.linkonce.d.*)
                0x0000000020001328                . = ALIGN (0x8)
 *fill*         0x0000000020001324        0x4 
                0x0000000020001b28                PROVIDE (__global_pointer$ = (. + 0x800))
 *(.sdata .sdata.*)
 .sdata.rumble_state
                0x0000000020001328        0x1 ./User/hd_rumble.o
                0x0000000020001328                rumble_state
 *fill*         0x0000000020001329        0x3 
 .sdata.hd_rumble_cvr_min
                0x000000002000132c        0x4 ./User/hd_rumble_high_accuracy.o
                0x000000002000132c                hd_rumble_cvr_min
 .sdata.hd_rumble_cvr_max
                0x0000000020001330        0x4 ./User/hd_rumble_high_accuracy.o
                0x0000000020001330                hd_rumble_cvr_max
 .sdata.hd_rumble_cvr_max_offset
                0x0000000020001334        0x4 ./User/hd_rumble_high_accuracy.o
                0x0000000020001334                hd_rumble_cvr_max_offset
 .sdata.hd_rumble_cvr_range
                0x0000000020001338        0x4 ./User/hd_rumble_high_accuracy.o
                0x0000000020001338                hd_rumble_cvr_range
 .sdata.switch_flag
                0x000000002000133c        0x1 ./User/hd_rumble_high_accuracy.o
 .sdata.input_mode
                0x000000002000133d        0x1 ./User/ns_com.o
                0x000000002000133d                input_mode
 *fill*         0x000000002000133e        0x2 
 .sdata.rts_tcnt
                0x0000000020001340        0x4 ./User/ns_com_mux.o
                0x0000000020001340                rts_tcnt
 .sdata.indicate_led_updated
                0x0000000020001344        0x1 ./User/spi.o
 *fill*         0x0000000020001345        0x3 
 .sdata.spi_rgb_trans
                0x0000000020001348        0x2 ./User/spi.o
                0x0000000020001348                spi_rgb_trans
 *fill*         0x000000002000134a        0x2 
 .sdata.SystemCoreClock
                0x000000002000134c        0x4 ./User/system_ch32v10x.o
                0x000000002000134c                SystemCoreClock
 .sdata.bt_connect_mode
                0x0000000020001350        0x1 ./User/uart_com.o
 *fill*         0x0000000020001351        0x3 
 .sdata.ADCPrescTable
                0x0000000020001354        0x4 ./Peripheral/src/ch32v10x_rcc.o
 .sdata.curbrk.0
                0x0000000020001358        0x4 ./Debug/debug.o
 .sdata.tiny    0x000000002000135c        0x4 d:/mounriver_studio/toolchain/risc-v embedded gcc12/bin/../lib/gcc/riscv-none-elf/12.2.0/../../../../riscv-none-elf/lib\libm_nano.a(lib_a-ef_sqrt.o)
 .sdata.one     0x0000000020001360        0x4 d:/mounriver_studio/toolchain/risc-v embedded gcc12/bin/../lib/gcc/riscv-none-elf/12.2.0/../../../../riscv-none-elf/lib\libm_nano.a(lib_a-ef_sqrt.o)
 .sdata._impure_ptr
                0x0000000020001364        0x4 d:/mounriver_studio/toolchain/risc-v embedded gcc12/bin/../lib/gcc/riscv-none-elf/12.2.0/../../../../riscv-none-elf/lib\libg_nano.a(lib_a-impure.o)
                0x0000000020001364                _impure_ptr
 *(.sdata2.*)
 *(.gnu.linkonce.s.*)
                0x0000000020001368                . = ALIGN (0x8)
 *(.srodata.cst16)
 *(.srodata.cst8)
 .srodata.cst8  0x0000000020001368       0x38 ./User/imu_quaternion.o
 *(.srodata.cst4)
 .srodata.cst4  0x00000000200013a0        0x4 ./User/conf.o
 .srodata.cst4  0x00000000200013a4        0xc ./User/imu_quaternion.o
 .srodata.cst4  0x00000000200013b0        0xc ./User/ns_com_mux.o
 *(.srodata.cst2)
 *(.srodata .srodata.*)
 .srodata.FW_VERSION
                0x00000000200013bc        0x4 ./User/conf.o
                0x00000000200013bc                FW_VERSION
 .srodata.MyLangDescr
                0x00000000200013c0        0x4 ./User/usb_desc.o
                0x00000000200013c0                MyLangDescr
 .srodata._global_impure_ptr
                0x00000000200013c4        0x4 d:/mounriver_studio/toolchain/risc-v embedded gcc12/bin/../lib/gcc/riscv-none-elf/12.2.0/../../../../riscv-none-elf/lib\libg_nano.a(lib_a-impure.o)
                0x00000000200013c4                _global_impure_ptr
                0x00000000200013c8                . = ALIGN (0x4)
                0x00000000200013c8                PROVIDE (_edata = .)

.bss            0x00000000200013c8     0x2e8c load address 0x000000000000e384
                0x00000000200013c8                . = ALIGN (0x4)
                0x00000000200013c8                PROVIDE (_sbss = .)
 *(.sbss*)
 .sbss.USBFS_Endp_Busy
                0x00000000200013c8        0x8 ./User/ch32v10x_usbfs_device.o
                0x00000000200013c8                USBFS_Endp_Busy
 .sbss.USBFS_HidProtocol
                0x00000000200013d0        0x1 ./User/ch32v10x_usbfs_device.o
                0x00000000200013d0                USBFS_HidProtocol
 .sbss.USBFS_HidIdle
                0x00000000200013d1        0x1 ./User/ch32v10x_usbfs_device.o
                0x00000000200013d1                USBFS_HidIdle
 .sbss.USBFS_DevEnumStatus
                0x00000000200013d2        0x1 ./User/ch32v10x_usbfs_device.o
                0x00000000200013d2                USBFS_DevEnumStatus
 .sbss.USBFS_DevSleepStatus
                0x00000000200013d3        0x1 ./User/ch32v10x_usbfs_device.o
                0x00000000200013d3                USBFS_DevSleepStatus
 .sbss.USBFS_DevAddr
                0x00000000200013d4        0x1 ./User/ch32v10x_usbfs_device.o
                0x00000000200013d4                USBFS_DevAddr
 .sbss.USBFS_DevConfig
                0x00000000200013d5        0x1 ./User/ch32v10x_usbfs_device.o
                0x00000000200013d5                USBFS_DevConfig
 .sbss.USBFS_SetupReqLen
                0x00000000200013d6        0x2 ./User/ch32v10x_usbfs_device.o
                0x00000000200013d6                USBFS_SetupReqLen
 .sbss.USBFS_SetupReqIndex
                0x00000000200013d8        0x2 ./User/ch32v10x_usbfs_device.o
                0x00000000200013d8                USBFS_SetupReqIndex
 .sbss.USBFS_SetupReqValue
                0x00000000200013da        0x2 ./User/ch32v10x_usbfs_device.o
                0x00000000200013da                USBFS_SetupReqValue
 .sbss.USBFS_SetupReqType
                0x00000000200013dc        0x1 ./User/ch32v10x_usbfs_device.o
                0x00000000200013dc                USBFS_SetupReqType
 .sbss.USBFS_SetupReqCode
                0x00000000200013dd        0x1 ./User/ch32v10x_usbfs_device.o
                0x00000000200013dd                USBFS_SetupReqCode
 *fill*         0x00000000200013de        0x2 
 .sbss.pUSBFS_Descr
                0x00000000200013e0        0x4 ./User/ch32v10x_usbfs_device.o
                0x00000000200013e0                pUSBFS_Descr
 .sbss.button_active_mask
                0x00000000200013e4        0x4 ./User/conf.o
                0x00000000200013e4                button_active_mask
 .sbss.joystick_snapback_deadzone_sq
                0x00000000200013e8        0x8 ./User/conf.o
                0x00000000200013e8                joystick_snapback_deadzone_sq
 .sbss.Calibrattion_Val
                0x00000000200013f0        0x2 ./User/gpio_adc.o
                0x00000000200013f0                Calibrattion_Val
 *fill*         0x00000000200013f2        0x2 
 .sbss.adc_data
                0x00000000200013f4        0x8 ./User/gpio_adc.o
                0x00000000200013f4                adc_data
 .sbss.sts_button_raw
                0x00000000200013fc        0x4 ./User/gpio_digit.o
                0x00000000200013fc                sts_button_raw
 .sbss.sts_button
                0x0000000020001400        0x4 ./User/gpio_digit.o
                0x0000000020001400                sts_button
 .sbss.sample   0x0000000020001404        0x8 ./User/hd_rumble2.o
                0x0000000020001404                sample
 .sbss.m_state  0x000000002000140c        0x8 ./User/hd_rumble2.o
                0x000000002000140c                m_state
 .sbss.global_sample_channel
                0x0000000020001414        0x1 ./User/hd_rumble2.o
                0x0000000020001414                global_sample_channel
 .sbss.decoded_cnt
                0x0000000020001415        0x1 ./User/hd_rumble2.o
                0x0000000020001415                decoded_cnt
 .sbss.switch_upd
                0x0000000020001416        0x1 ./User/hd_rumble_high_accuracy.o
 *fill*         0x0000000020001417        0x1 
 .sbss.tim3_counter
                0x0000000020001418        0x4 ./User/hd_rumble_high_accuracy.o
 .sbss.right_low_tick
                0x000000002000141c        0x4 ./User/hd_rumble_high_accuracy.o
 .sbss.right_high_tick
                0x0000000020001420        0x4 ./User/hd_rumble_high_accuracy.o
 .sbss.left_low_tick
                0x0000000020001424        0x4 ./User/hd_rumble_high_accuracy.o
 .sbss.left_high_tick
                0x0000000020001428        0x4 ./User/hd_rumble_high_accuracy.o
 .sbss.tim3_irq_tmp_r
                0x000000002000142c        0x4 ./User/hd_rumble_high_accuracy.o
 .sbss.tim3_irq_tmp_l
                0x0000000020001430        0x4 ./User/hd_rumble_high_accuracy.o
 .sbss.rumble_rb_overflow
                0x0000000020001434        0x1 ./User/hd_rumble_high_accuracy.o
                0x0000000020001434                rumble_rb_overflow
 *fill*         0x0000000020001435        0x3 
 .sbss.right_low_sum
                0x0000000020001438        0x4 ./User/hd_rumble_high_accuracy.o
                0x0000000020001438                right_low_sum
 .sbss.right_high_sum
                0x000000002000143c        0x4 ./User/hd_rumble_high_accuracy.o
                0x000000002000143c                right_high_sum
 .sbss.left_low_sum
                0x0000000020001440        0x4 ./User/hd_rumble_high_accuracy.o
                0x0000000020001440                left_low_sum
 .sbss.left_high_sum
                0x0000000020001444        0x4 ./User/hd_rumble_high_accuracy.o
                0x0000000020001444                left_high_sum
 .sbss.right_low_pos
                0x0000000020001448        0x2 ./User/hd_rumble_high_accuracy.o
                0x0000000020001448                right_low_pos
 .sbss.right_high_pos
                0x000000002000144a        0x2 ./User/hd_rumble_high_accuracy.o
                0x000000002000144a                right_high_pos
 .sbss.left_low_pos
                0x000000002000144c        0x2 ./User/hd_rumble_high_accuracy.o
                0x000000002000144c                left_low_pos
 .sbss.left_high_pos
                0x000000002000144e        0x2 ./User/hd_rumble_high_accuracy.o
                0x000000002000144e                left_high_pos
 .sbss.right_low_buf_stdby
                0x0000000020001450        0x1 ./User/hd_rumble_high_accuracy.o