Archive member included to satisfy reference by file (symbol)

d:/mounriver_studio/toolchain/risc-v embedded gcc12/bin/../lib/gcc/riscv-none-elf/12.2.0/../../../../riscv-none-elf/lib\libm_nano.a(lib_a-wf_sqrt.o)
                              ./User/imu_quaternion.o (sqrtf)
d:/mounriver_studio/toolchain/risc-v embedded gcc12/bin/../lib/gcc/riscv-none-elf/12.2.0/../../../../riscv-none-elf/lib\libm_nano.a(lib_a-ef_sqrt.o)
                              d:/mounriver_studio/toolchain/risc-v embedded gcc12/bin/../lib/gcc/riscv-none-elf/12.2.0/../../../../riscv-none-elf/lib\libm_nano.a(lib_a-wf_sqrt.o) (__ieee754_sqrtf)
d:/mounriver_studio/toolchain/risc-v embedded gcc12/bin/../lib/gcc/riscv-none-elf/12.2.0/../../../../riscv-none-elf/lib\libprintfloat.a(printfloat.o)
                              ./User/usbd_compatibility_hid.o (putchar)
d:/mounriver_studio/toolchain/risc-v embedded gcc12/bin/../lib/gcc/riscv-none-elf/12.2.0\libgcc.a(_divdi3.o)
                              ./User/hd_rumble2.o (__divdi3)
d:/mounriver_studio/toolchain/risc-v embedded gcc12/bin/../lib/gcc/riscv-none-elf/12.2.0\libgcc.a(_udivdi3.o)
                              ./User/hd_rumble2.o (__udivdi3)
d:/mounriver_studio/toolchain/risc-v embedded gcc12/bin/../lib/gcc/riscv-none-elf/12.2.0\libgcc.a(_umoddi3.o)
                              d:/mounriver_studio/toolchain/risc-v embedded gcc12/bin/../lib/gcc/riscv-none-elf/12.2.0/../../../../riscv-none-elf/lib\libprintfloat.a(printfloat.o) (__umoddi3)
d:/mounriver_studio/toolchain/risc-v embedded gcc12/bin/../lib/gcc/riscv-none-elf/12.2.0\libgcc.a(adddf3.o)
                              ./User/imu_quaternion.o (__adddf3)
d:/mounriver_studio/toolchain/risc-v embedded gcc12/bin/../lib/gcc/riscv-none-elf/12.2.0\libgcc.a(divdf3.o)
                              ./User/imu_quaternion.o (__divdf3)
d:/mounriver_studio/toolchain/risc-v embedded gcc12/bin/../lib/gcc/riscv-none-elf/12.2.0\libgcc.a(ledf2.o)
                              d:/mounriver_studio/toolchain/risc-v embedded gcc12/bin/../lib/gcc/riscv-none-elf/12.2.0/../../../../riscv-none-elf/lib\libprintfloat.a(printfloat.o) (__ltdf2)
d:/mounriver_studio/toolchain/risc-v embedded gcc12/bin/../lib/gcc/riscv-none-elf/12.2.0\libgcc.a(muldf3.o)
                              ./User/imu_quaternion.o (__muldf3)
d:/mounriver_studio/toolchain/risc-v embedded gcc12/bin/../lib/gcc/riscv-none-elf/12.2.0\libgcc.a(subdf3.o)
                              ./User/imu_quaternion.o (__subdf3)
d:/mounriver_studio/toolchain/risc-v embedded gcc12/bin/../lib/gcc/riscv-none-elf/12.2.0\libgcc.a(floatsidf.o)
                              ./User/imu_quaternion.o (__floatsidf)
d:/mounriver_studio/toolchain/risc-v embedded gcc12/bin/../lib/gcc/riscv-none-elf/12.2.0\libgcc.a(floatunsidf.o)
                              ./User/imu_quaternion.o (__floatunsidf)
d:/mounriver_studio/toolchain/risc-v embedded gcc12/bin/../lib/gcc/riscv-none-elf/12.2.0\libgcc.a(fixdfdi.o)
                              d:/mounriver_studio/toolchain/risc-v embedded gcc12/bin/../lib/gcc/riscv-none-elf/12.2.0/../../../../riscv-none-elf/lib\libprintfloat.a(printfloat.o) (__fixdfdi)
d:/mounriver_studio/toolchain/risc-v embedded gcc12/bin/../lib/gcc/riscv-none-elf/12.2.0\libgcc.a(floatdidf.o)
                              d:/mounriver_studio/toolchain/risc-v embedded gcc12/bin/../lib/gcc/riscv-none-elf/12.2.0/../../../../riscv-none-elf/lib\libprintfloat.a(printfloat.o) (__floatdidf)
d:/mounriver_studio/toolchain/risc-v embedded gcc12/bin/../lib/gcc/riscv-none-elf/12.2.0\libgcc.a(addsf3.o)
                              ./User/imu_quaternion.o (__addsf3)
d:/mounriver_studio/toolchain/risc-v embedded gcc12/bin/../lib/gcc/riscv-none-elf/12.2.0\libgcc.a(divsf3.o)
                              ./User/conf.o (__divsf3)
d:/mounriver_studio/toolchain/risc-v embedded gcc12/bin/../lib/gcc/riscv-none-elf/12.2.0\libgcc.a(gesf2.o)
                              ./User/imu_quaternion.o (__gtsf2)
d:/mounriver_studio/toolchain/risc-v embedded gcc12/bin/../lib/gcc/riscv-none-elf/12.2.0\libgcc.a(lesf2.o)
                              d:/mounriver_studio/toolchain/risc-v embedded gcc12/bin/../lib/gcc/riscv-none-elf/12.2.0/../../../../riscv-none-elf/lib\libm_nano.a(lib_a-ef_sqrt.o) (__lesf2)
d:/mounriver_studio/toolchain/risc-v embedded gcc12/bin/../lib/gcc/riscv-none-elf/12.2.0\libgcc.a(mulsf3.o)
                              ./User/imu.o (__mulsf3)
d:/mounriver_studio/toolchain/risc-v embedded gcc12/bin/../lib/gcc/riscv-none-elf/12.2.0\libgcc.a(subsf3.o)
                              ./User/imu_quaternion.o (__subsf3)
d:/mounriver_studio/toolchain/risc-v embedded gcc12/bin/../lib/gcc/riscv-none-elf/12.2.0\libgcc.a(unordsf2.o)
                              d:/mounriver_studio/toolchain/risc-v embedded gcc12/bin/../lib/gcc/riscv-none-elf/12.2.0/../../../../riscv-none-elf/lib\libm_nano.a(lib_a-wf_sqrt.o) (__unordsf2)
d:/mounriver_studio/toolchain/risc-v embedded gcc12/bin/../lib/gcc/riscv-none-elf/12.2.0\libgcc.a(fixsfsi.o)
[...]
Memory Configuration

Name             Origin             Length             Attributes
FLASH            0x0000000000000000 0x0000000000010000 xr
RAM              0x0000000020000000 0x0000000000005000 xrw
*default*        0x0000000000000000 0xffffffffffffffff

Linker script and memory map

LOAD ./User/ch32v10x_it.o
LOAD ./User/ch32v10x_usbfs_device.o
LOAD ./User/conf.o
LOAD ./User/flash.o
LOAD ./User/global_api.o
LOAD ./User/gpio_adc.o
LOAD ./User/gpio_digit.o
LOAD ./User/hd_rumble.o
LOAD ./User/hd_rumble2.o
LOAD ./User/hd_rumble_high_accuracy.o
LOAD ./User/i2c.o
LOAD ./User/imu.o
LOAD ./User/imu_quaternion.o
LOAD ./User/main.o
LOAD ./User/ns_com.o
LOAD ./User/ns_com_mux.o
LOAD ./User/pwr.o
LOAD ./User/ring_buffer.o
LOAD ./User/spi.o
LOAD ./User/system_ch32v10x.o
LOAD ./User/tick.o
LOAD ./User/uart_com.o
LOAD ./User/usb_desc.o
LOAD ./User/usbd_compatibility_hid.o
LOAD ./Startup/startup_ch32v10x.o
LOAD ./Peripheral/src/ch32v10x_adc.o
LOAD ./Peripheral/src/ch32v10x_bkp.o
LOAD ./Peripheral/src/ch32v10x_crc.o
LOAD ./Peripheral/src/ch32v10x_dbgmcu.o
LOAD ./Peripheral/src/ch32v10x_dma.o
LOAD ./Peripheral/src/ch32v10x_exti.o
LOAD ./Peripheral/src/ch32v10x_flash.o
LOAD ./Peripheral/src/ch32v10x_gpio.o
LOAD ./Peripheral/src/ch32v10x_i2c.o
LOAD ./Peripheral/src/ch32v10x_iwdg.o
LOAD ./Peripheral/src/ch32v10x_misc.o
LOAD ./Peripheral/src/ch32v10x_pwr.o
LOAD ./Peripheral/src/ch32v10x_rcc.o
LOAD ./Peripheral/src/ch32v10x_rtc.o
LOAD ./Peripheral/src/ch32v10x_spi.o
LOAD ./Peripheral/src/ch32v10x_tim.o
LOAD ./Peripheral/src/ch32v10x_usart.o
LOAD ./Peripheral/src/ch32v10x_usb.o
LOAD ./Peripheral/src/ch32v10x_usb_host.o
LOAD ./Peripheral/src/ch32v10x_wwdg.o
LOAD ./Debug/debug.o
LOAD ./Core/core_riscv.o
LOAD d:/mounriver_studio/toolchain/risc-v embedded gcc12/bin/../lib/gcc/riscv-none-elf/12.2.0/../../../../riscv-none-elf/lib\libm_nano.a
LOAD d:/mounriver_studio/toolchain/risc-v embedded gcc12/bin/../lib/gcc/riscv-none-elf/12.2.0/../../../../riscv-none-elf/lib\libprintfloat.a
LOAD d:/mounriver_studio/toolchain/risc-v embedded gcc12/bin/../lib/gcc/riscv-none-elf/12.2.0\libgcc.a
LOAD d:/mounriver_studio/toolchain/risc-v embedded gcc12/bin/../lib/gcc/riscv-none-elf/12.2.0/../../../../riscv-none-elf/lib\libg_nano.a
LOAD d:/mounriver_studio/toolchain/risc-v embedded gcc12/bin/../lib/gcc/riscv-none-elf/12.2.0/../../../../riscv-none-elf/lib\libc_nano.a
LOAD d:/mounriver_studio/toolchain/risc-v embedded gcc12/bin/../lib/gcc/riscv-none-elf/12.2.0\libgcc.a
START GROUP
LOAD d:/mounriver_studio/toolchain/risc-v embedded gcc12/bin/../lib/gcc/riscv-none-elf/12.2.0\libgcc.a
LOAD d:/mounriver_studio/toolchain/risc-v embedded gcc12/bin/../lib/gcc/riscv-none-elf/12.2.0/../../../../riscv-none-elf/lib\libc_nano.a
LOAD d:/mounriver_studio/toolchain/risc-v embedded gcc12/bin/../lib/gcc/riscv-none-elf/12.2.0/../../../../riscv-none-elf/lib\libnosys.a
END GROUP
START GROUP
LOAD d:/mounriver_studio/toolchain/risc-v embedded gcc12/bin/../lib/gcc/riscv-none-elf/12.2.0\libgcc.a
LOAD d:/mounriver_studio/toolchain/risc-v embedded gcc12/bin/../lib/gcc/riscv-none-elf/12.2.0/../../../../riscv-none-elf/lib\libc_nano.a
LOAD d:/mounriver_studio/toolchain/risc-v embedded gcc12/bin/../lib/gcc/riscv-none-elf/12.2.0/../../../../riscv-none-elf/lib\libnosys.a
END GROUP
                0x0000000000000800                __stack_size = 0x800
                [!provide]                        PROVIDE (_stack_size = __stack_size)

.init           0x0000000000000000       0x38
                0x0000000000000000                _sinit = .
                0x0000000000000000                . = ALIGN (0x4)
 *(SORT_NONE(.init))
 .init          0x0000000000000000       0x38 ./Startup/startup_ch32v10x.o
                0x0000000000000000                _start
                0x0000000000000038                . = ALIGN (0x4)
                0x0000000000000038                _einit = .

.vector         0x0000000000000038      0x108
 *(.vector)
 .vector        0x0000000000000038       0xf0 ./Startup/startup_ch32v10x.o
                0x0000000000000140                . = ALIGN (0x40)
 *fill*         0x0000000000000128       0x18 

.text           0x0000000000000140     0xbf8c
                0x0000000000000140                . = ALIGN (0x4)
 *(.text)
 .text          0x0000000000000140       0x60 d:/mounriver_studio/toolchain/risc-v embedded gcc12/bin/../lib/gcc/riscv-none-elf/12.2.0\libgcc.a(save-restore.o)
                0x0000000000000140                __riscv_save_12
                0x0000000000000148                __riscv_save_9
                0x0000000000000148                __riscv_save_11
                0x0000000000000148                __riscv_save_10
                0x0000000000000148                __riscv_save_8
                0x0000000000000156                __riscv_save_4
                0x0000000000000156                __riscv_save_6
                0x0000000000000156                __riscv_save_5
                0x0000000000000156                __riscv_save_7
                0x0000000000000170                __riscv_save_3
                0x0000000000000170                __riscv_save_2
                0x0000000000000170                __riscv_save_1
                0x0000000000000170                __riscv_save_0
                0x000000000000017c                __riscv_restore_12
                0x0000000000000180                __riscv_restore_11
                0x0000000000000180                __riscv_restore_9
                0x0000000000000180                __riscv_restore_10
                0x0000000000000180                __riscv_restore_8
                0x000000000000018a                __riscv_restore_5
                0x000000000000018a                __riscv_restore_7
                0x000000000000018a                __riscv_restore_6
                0x000000000000018a                __riscv_restore_4
                0x0000000000000194                __riscv_restore_3
                0x0000000000000194                __riscv_restore_0
                0x0000000000000194                __riscv_restore_2
                0x0000000000000194                __riscv_restore_1
 .text          0x00000000000001a0       0x16 d:/mounriver_studio/toolchain/risc-v embedded gcc12/bin/../lib/gcc/riscv-none-elf/12.2.0/../../../../riscv-none-elf/lib\libg_nano.a(lib_a-memcpy-asm.o)
                0x00000000000001a0                memcpy
 .text          0x00000000000001b6       0x10 d:/mounriver_studio/toolchain/risc-v embedded gcc12/bin/../lib/gcc/riscv-none-elf/12.2.0/../../../../riscv-none-elf/lib\libg_nano.a(lib_a-memset.o)
                0x00000000000001b6                memset
 *(.text.*)
 .text.NMI_Handler
                0x00000000000001c6        0x2 ./User/ch32v10x_it.o
                0x00000000000001c6                NMI_Handler
 .text.HardFault_Handler
                0x00000000000001c8        0x2 ./User/ch32v10x_it.o
                0x00000000000001c8                HardFault_Handler
 .text.USBFS_RCC_Init
                0x00000000000001ca       0x4a ./User/ch32v10x_usbfs_device.o
                0x00000000000001ca                USBFS_RCC_Init
 .text.USBFS_Device_Endp_Init
                0x0000000000000214       0x3c ./User/ch32v10x_usbfs_device.o
                0x0000000000000214                USBFS_Device_Endp_Init
 .text.USBFS_IRQHandler
                0x0000000000000250      0x6f8 ./User/ch32v10x_usbfs_device.o
                0x0000000000000250                USBFS_IRQHandler
 .text.USBFS_Device_Init
                0x0000000000000948       0x96 ./User/ch32v10x_usbfs_device.o
                0x0000000000000948                USBFS_Device_Init
 .text.conf_read
                0x00000000000009de       0x3c ./User/conf.o
                0x00000000000009de                conf_read
 .text.custom_conf_read
                0x0000000000000a1a        0xc ./User/conf.o
                0x0000000000000a1a                custom_conf_read
 .text.custom_conf_write
                0x0000000000000a26        0xc ./User/conf.o
                0x0000000000000a26                custom_conf_write
 .text.pack_fac_conf
                0x0000000000000a32       0x68 ./User/conf.o
                0x0000000000000a32                pack_fac_conf
 .text.fac_conf_write
                0x0000000000000a9a       0x12 ./User/conf.o
                0x0000000000000a9a                fac_conf_write
 .text.conf_write
                0x0000000000000aac       0x4e ./User/conf.o
                0x0000000000000aac                conf_write
 .text.unpack_fac_conf
                0x0000000000000afa      0x210 ./User/conf.o
                0x0000000000000afa                unpack_fac_conf
 .text.fac_conf_read
                0x0000000000000d0a       0x1a ./User/conf.o
                0x0000000000000d0a                fac_conf_read
 .text.conf_flush
                0x0000000000000d24       0x72 ./User/conf.o
                0x0000000000000d24                conf_flush
 .text.conf_init
                0x0000000000000d96      0x1ba ./User/conf.o
                0x0000000000000d96                conf_init
 .text._flash_write
                0x0000000000000f50       0x4e ./User/flash.o
                0x0000000000000f50                _flash_write
 .text.flash_write
                0x0000000000000f9e       0x40 ./User/flash.o
                0x0000000000000f9e                flash_write
 .text.get_raw_flash_buf
                0x0000000000000fde        0x6 ./User/flash.o
                0x0000000000000fde                get_raw_flash_buf
 .text.raw_flash_write
                0x0000000000000fe4        0x2 ./User/flash.o
                0x0000000000000fe4                raw_flash_write
 .text.flash_read
                0x0000000000000fe6       0x40 ./User/flash.o
                0x0000000000000fe6                flash_read
 .text.fetch_uint32
                0x0000000000001026       0x18 ./User/global_api.o
                0x0000000000001026                fetch_uint32
 .text.ADC_Function_Init
                0x000000000000103e       0xb2 ./User/gpio_adc.o
                0x000000000000103e                ADC_Function_Init
 .text.DMA_Tx_Init
                0x00000000000010f0       0x58 ./User/gpio_adc.o
                0x00000000000010f0                DMA_Tx_Init
 .text.adc_init
                0x0000000000001148       0x7c ./User/gpio_adc.o
                0x0000000000001148                adc_init
 .text.gpio_tb_init
                0x00000000000011c4       0x80 ./User/gpio_digit.o
                0x00000000000011c4                gpio_tb_init
 .text.gpio_init
                0x0000000000001244       0xe0 ./User/gpio_digit.o
                0x0000000000001244                gpio_init
 .text.gpio_read_all
                0x0000000000001324       0x72 ./User/gpio_digit.o
                0x0000000000001324                gpio_read_all
 .text.gpio_read
                0x0000000000001396       0x54 ./User/gpio_digit.o
                0x0000000000001396                gpio_read
 .text.hd_rumble_init
                0x00000000000013ea      0x14c ./User/hd_rumble.o
                0x00000000000013ea                hd_rumble_init
 .text.hd_rumble_set_status
                0x0000000000001536        0xe ./User/hd_rumble.o
                0x0000000000001536                hd_rumble_set_status
 .text.ApplyCommand
                0x0000000000001544       0x3e ./User/hd_rumble2.o
                0x0000000000001544                ApplyCommand
 .text.ApplyAmCommand
                0x0000000000001582       0x24 ./User/hd_rumble2.o
                0x0000000000001582                ApplyAmCommand
 .text.ApplyFmCommand
                0x00000000000015a6       0x28 ./User/hd_rumble2.o
                0x00000000000015a6                ApplyFmCommand
 .text.get_hd_rumble_pack
                0x00000000000015ce       0x16 ./User/hd_rumble2.o
                0x00000000000015ce                get_hd_rumble_pack
 .text.deocde_hd_rumble_format1
                0x00000000000015e4       0x60 ./User/hd_rumble2.o
                0x00000000000015e4                deocde_hd_rumble_format1
 .text.decode_hd_rumble_format1long
                0x0000000000001644       0x94 ./User/hd_rumble2.o
                0x0000000000001644                decode_hd_rumble_format1long
 .text.decode_hd_rumble_format1full
                0x00000000000016d8      0x124 ./User/hd_rumble2.o
                0x00000000000016d8                decode_hd_rumble_format1full
 .text.decode_hd_rumble_format2
                0x00000000000017fc       0xb8 ./User/hd_rumble2.o
                0x00000000000017fc                decode_hd_rumble_format2
 .text.decode_hd_rumble_format2long
                0x00000000000018b4       0xfa ./User/hd_rumble2.o
                0x00000000000018b4                decode_hd_rumble_format2long
 .text.decode_hd_rumble_format3
                0x00000000000019ae      0x128 ./User/hd_rumble2.o
                0x00000000000019ae                decode_hd_rumble_format3
 .text.decode_hd_rumble_multiformat_high_acc
                0x0000000000001ad6      0x234 ./User/hd_rumble2.o
                0x0000000000001ad6                decode_hd_rumble_multiformat_high_acc
 .text.hd_rumble_high_accurary_init
                0x0000000000001d0a       0x76 ./User/hd_rumble_high_accuracy.o
                0x0000000000001d0a                hd_rumble_high_accurary_init
 .text.push_waveform
                0x0000000000001d80       0x68 ./User/hd_rumble_high_accuracy.o
                0x0000000000001d80                push_waveform
 .text.push_waveform_into_buffer_task
                0x0000000000001de8      0x104 ./User/hd_rumble_high_accuracy.o
                0x0000000000001de8                push_waveform_into_buffer_task
 .text.step_forward
                0x0000000000001eec       0x40 ./User/hd_rumble_high_accuracy.o
                0x0000000000001eec                step_forward
 .text.rumble_pattern_check
                0x0000000000001f2c       0x5c ./User/hd_rumble_high_accuracy.o
                0x0000000000001f2c                rumble_pattern_check
 .text.TIM3_IRQHandler
                0x0000000000001f88      0x224 ./User/hd_rumble_high_accuracy.o
                0x0000000000001f88                TIM3_IRQHandler
 .text.i2c2_check_error
                0x00000000000021ac       0x32 ./User/i2c.o
                0x00000000000021ac                i2c2_check_error
 .text.i2c2_check_flag
                0x00000000000021de       0x28 ./User/i2c.o
                0x00000000000021de                i2c2_check_flag
 .text.i2c2_check_event
                0x0000000000002206       0x28 ./User/i2c.o
                0x0000000000002206                i2c2_check_event
 .text.I2C2_ER_IRQHandler
                0x000000000000222e       0x2a ./User/i2c.o
                0x000000000000222e                I2C2_ER_IRQHandler
 .text.i2c_software_recovery
                0x0000000000002258      0x11e ./User/i2c.o
                0x0000000000002258                i2c_software_recovery
 .text.i2c2_reset
                0x0000000000002376       0xc6 ./User/i2c.o
                0x0000000000002376                i2c2_reset
 .text.i2c_hardware_init
                0x000000000000243c      0x134 ./User/i2c.o
                0x000000000000243c                i2c_hardware_init
 .text.i2c_read_start
                0x0000000000002570      0x142 ./User/i2c.o
                0x0000000000002570                i2c_read_start
 .text.i2c_read_byte
                0x00000000000026b2       0x7a ./User/i2c.o
                0x00000000000026b2                i2c_read_byte
 .text.i2c_read_continuous
                0x000000000000272c       0xbc ./User/i2c.o
                0x000000000000272c                i2c_read_continuous
 .text.i2c_write_byte
                0x00000000000027e8      0x116 ./User/i2c.o
                0x00000000000027e8                i2c_write_byte
 .text.i2c_init
                0x00000000000028fe       0x10 ./User/i2c.o
                0x00000000000028fe                i2c_init
 .text.imu_set_reg
                0x000000000000290e       0x34 ./User/imu.o
                0x000000000000290e                imu_set_reg
 .text.imu_read
                0x0000000000002942       0x4c ./User/imu.o
                0x0000000000002942                imu_read
 .text.set_imu_awake
                0x000000000000298e      0x12a ./User/imu.o
                0x000000000000298e                set_imu_awake
 .text.set_imu_sleep
                0x0000000000002ab8       0x24 ./User/imu.o
                0x0000000000002ab8                set_imu_sleep
 .text.imu_init
                0x0000000000002adc        0x2 ./User/imu.o
                0x0000000000002adc                imu_init
 .text.imu_upd  0x0000000000002ade      0x220 ./User/imu.o
                0x0000000000002ade                imu_upd
 .text._imu_quat_normalize
                0x0000000000002cfe       0x90 ./User/imu_quaternion.o
                0x0000000000002cfe                _imu_quat_normalize
 .text._imu_rotate_quaternion
                0x0000000000002d8e      0x128 ./User/imu_quaternion.o
                0x0000000000002d8e                _imu_rotate_quaternion
 .text._imu_update_quaternion
                0x0000000000002eb6      0x1fe ./User/imu_quaternion.o
                0x0000000000002eb6                _imu_update_quaternion
 .text.switch_motion_pack_quat
                0x00000000000030b4      0x2b2 ./User/imu_quaternion.o
                0x00000000000030b4                switch_motion_pack_quat
 .text.imu_upd2
                0x0000000000003366       0x44 ./User/imu_quaternion.o
                0x0000000000003366                imu_upd2
 .text.Var_Init
                0x00000000000033aa       0x2c ./User/main.o
                0x00000000000033aa                Var_Init
 .text.button_upd_all
                0x00000000000033d6       0x1e ./User/main.o
                0x00000000000033d6                button_upd_all
 .text.get_peripheral_data_handler
                0x00000000000033f4       0x56 ./User/main.o
                0x00000000000033f4                get_peripheral_data_handler
 .text.joystick_snapback_filter
                0x000000000000344a      0x212 ./User/main.o
                0x000000000000344a                joystick_snapback_filter
 .text.joystick_debounce_task
                0x000000000000365c       0x80 ./User/main.o
                0x000000000000365c                joystick_debounce_task
 .text.send_input_with_uart
                0x00000000000036dc       0xbc ./User/main.o
                0x00000000000036dc                send_input_with_uart
 .text.imu_read_test
                0x0000000000003798       0x4e ./User/main.o
                0x0000000000003798                imu_read_test
 .text.func_switch_task
                0x00000000000037e6      0x1ca ./User/main.o
                0x00000000000037e6                func_switch_task
 .text.top_timer
                0x00000000000039b0      0x106 ./User/main.o
                0x00000000000039b0                top_timer
 .text.start_connect
                0x0000000000003ab6       0x60 ./User/main.o
                0x0000000000003ab6                start_connect
 .text.routine_service
                0x0000000000003b16       0x56 ./User/main.o
                0x0000000000003b16                routine_service
 .text.set_peripherals_state
                0x0000000000003b6c       0x92 ./User/main.o
                0x0000000000003b6c                set_peripherals_state
 .text.wake_esp32
                0x0000000000003bfe       0x2a ./User/main.o
                0x0000000000003bfe                wake_esp32
 .text.init_all
                0x0000000000003c28      0x128 ./User/main.o
                0x0000000000003c28                init_all
 .text.recv_esp32_connect_control
                0x0000000000003d50      0x104 ./User/main.o
                0x0000000000003d50                recv_esp32_connect_control
 .text.recv_rumble_frame
                0x0000000000003e54       0x7e ./User/main.o
                0x0000000000003e54                recv_rumble_frame
 .text.recv_pwr_control
                0x0000000000003ed2       0x52 ./User/main.o
                0x0000000000003ed2                recv_pwr_control
 .text.recv_esp32_pkg
                0x0000000000003f24       0x30 ./User/main.o
                0x0000000000003f24                recv_esp32_pkg
 .text.connection_state_handler
                0x0000000000003f54      0x116 ./User/main.o
                0x0000000000003f54                connection_state_handler
 .text.startup.main
                0x000000000000406a      0x124 ./User/main.o
                0x000000000000406a                main
 .text.ns_subcommand_set_hci_state
                0x000000000000418e        0x2 ./User/ns_com.o
                0x000000000000418e                ns_subcommand_set_hci_state
 .text.ns_subcommand_set_imu_register
                0x0000000000004190       0x2a ./User/ns_com.o
                0x0000000000004190                ns_subcommand_set_imu_register
 .text.ns_subcommand_reset_mcu
                0x00000000000041ba        0x2 ./User/ns_com.o
                0x00000000000041ba                ns_subcommand_reset_mcu
 .text.ns_subcommand_set_home_led
                0x00000000000041bc        0x2 ./User/ns_com.o
                0x00000000000041bc                ns_subcommand_set_home_led
 .text.ns_subcommand_reset_pairing_info
                0x00000000000041be        0x2 ./User/ns_com.o
                0x00000000000041be                ns_subcommand_reset_pairing_info
 .text.pkt_clr  0x00000000000041c0       0x16 ./User/ns_com.o
                0x00000000000041c0                pkt_clr
 .text.ns_subcommand_set_mcu_conf
                0x00000000000041d6       0x40 ./User/ns_com.o
                0x00000000000041d6                ns_subcommand_set_mcu_conf
 .text.ns_subcommand_default
                0x0000000000004216       0x38 ./User/ns_com.o
                0x0000000000004216                ns_subcommand_default
 .text.ns_subcommand_pair_by_wire
                0x000000000000424e       0xac ./User/ns_com.o
                0x000000000000424e                ns_subcommand_pair_by_wire
 .text.ns_subcommand_get_device_info
                0x00000000000042fa       0x9e ./User/ns_com.o
                0x00000000000042fa                ns_subcommand_get_device_info
 .text.ns_subcommand_set_input_mode
                0x0000000000004398       0x5c ./User/ns_com.o
                0x0000000000004398                ns_subcommand_set_input_mode
 .text.ns_subcommand_trigger_buttons_elapsed_time
                0x00000000000043f4       0x46 ./User/ns_com.o
                0x00000000000043f4                ns_subcommand_trigger_buttons_elapsed_time
 .text.ns_subcommand_get_page_list_state
                0x000000000000443a       0x3a ./User/ns_com.o
                0x000000000000443a                ns_subcommand_get_page_list_state
 .text.ns_subcommand_set_shipping_mode
                0x0000000000004474       0x38 ./User/ns_com.o
                0x0000000000004474                ns_subcommand_set_shipping_mode
 .text.ns_subcommand_spi_erase
                0x00000000000044ac        0x4 ./User/ns_com.o
                0x00000000000044ac                ns_subcommand_spi_erase
 .text.ns_subcommand_enable_mcu_polling
                0x00000000000044b0        0x4 ./User/ns_com.o
                0x00000000000044b0                ns_subcommand_enable_mcu_polling
 .text.ns_subcommand_disable_mcu_polling
                0x00000000000044b4        0x4 ./User/ns_com.o
                0x00000000000044b4                ns_subcommand_disable_mcu_polling
 .text.ns_subcommand_spi_read
                0x00000000000044b8       0xb2 ./User/ns_com.o
                0x00000000000044b8                ns_subcommand_spi_read
 .text.ns_subcommand_spi_write
                0x000000000000456a       0x64 ./User/ns_com.o
                0x000000000000456a                ns_subcommand_spi_write
 .text.ns_subcommand_set_mcu_state
                0x00000000000045ce       0x34 ./User/ns_com.o
                0x00000000000045ce                ns_subcommand_set_mcu_state
 .text.ns_subcommand_attachmend_write
                0x0000000000004602        0x4 ./User/ns_com.o
                0x0000000000004602                ns_subcommand_attachmend_write
 .text.ns_subcommand_write_charge_setting
                0x0000000000004606        0x4 ./User/ns_com.o
                0x0000000000004606                ns_subcommand_write_charge_setting
 .text.ns_subcommand_attachmend_read
                0x000000000000460a       0x36 ./User/ns_com.o
                0x000000000000460a                ns_subcommand_attachmend_read
 .text.ns_subcommand_attachment_state
                0x0000000000004640       0x30 ./User/ns_com.o
                0x0000000000004640                ns_subcommand_attachment_state
 .text.ns_subcommand_get_attachment_info
                0x0000000000004670       0x34 ./User/ns_com.o
                0x0000000000004670                ns_subcommand_get_attachment_info
 .text.ns_subcommand_set_indicate_led
                0x00000000000046a4       0x46 ./User/ns_com.o
                0x00000000000046a4                ns_subcommand_set_indicate_led
 .text.ns_subcommand_get_indicate_led
                0x00000000000046ea       0x3c ./User/ns_com.o
                0x00000000000046ea                ns_subcommand_get_indicate_led
 .text.ns_subcommand_set_imu_state
                0x0000000000004726       0x4c ./User/ns_com.o
                0x0000000000004726                ns_subcommand_set_imu_state
 .text.ns_subcommand_set_imu_conf
                0x0000000000004772       0x7e ./User/ns_com.o
                0x0000000000004772                ns_subcommand_set_imu_conf
 .text.ns_subcommand_read_imu_register
                0x00000000000047f0       0x76 ./User/ns_com.o
                0x00000000000047f0                ns_subcommand_read_imu_register
 .text.ns_subcommand_set_rumble_state
                0x0000000000004866       0x3e ./User/ns_com.o
                0x0000000000004866                ns_subcommand_set_rumble_state
 .text.ns_subcommand_get_battery_voltage
                0x00000000000048a4       0x3a ./User/ns_com.o
                0x00000000000048a4                ns_subcommand_get_battery_voltage
 .text.ns_subcommand_read_charge_setting
                0x00000000000048de       0x38 ./User/ns_com.o
                0x00000000000048de                ns_subcommand_read_charge_setting
 .text.ns_subcommand_callback_init
                0x0000000000004916      0x112 ./User/ns_com.o
                0x0000000000004916                ns_subcommand_callback_init
 .text.ns_rumble_handler
                0x0000000000004a28       0x50 ./User/ns_com_mux.o
                0x0000000000004a28                ns_rumble_handler
 .text.ns_cmd_subcommand_dispatcher
                0x0000000000004a78       0x50 ./User/ns_com_mux.o
                0x0000000000004a78                ns_cmd_subcommand_dispatcher
 .text.ns_mux_usb_handshake_handler
                0x0000000000004ac8       0x9e ./User/ns_com_mux.o
                0x0000000000004ac8                ns_mux_usb_handshake_handler
 .text._calibrate_imu_raw
                0x0000000000004b66       0xc0 ./User/ns_com_mux.o
                0x0000000000004b66                _calibrate_imu_raw
 .text.calibrate_imu
                0x0000000000004c26      0x17a ./User/ns_com_mux.o
                0x0000000000004c26                calibrate_imu
 .text.fw_subcommand_reboot
                0x0000000000004da0       0x22 ./User/ns_com_mux.o
                0x0000000000004da0                fw_subcommand_reboot
 .text.ns_mux_init
                0x0000000000004dc2       0x3c ./User/ns_com_mux.o
                0x0000000000004dc2                ns_mux_init
 .text.ns_send_report
                0x0000000000004dfe       0x12 ./User/ns_com_mux.o
                0x0000000000004dfe                ns_send_report
 .text.hid_send_full64byte_report
                0x0000000000004e10       0x10 ./User/ns_com_mux.o
                0x0000000000004e10                hid_send_full64byte_report
 .text.fw_snd_pkt
                0x0000000000004e20       0x20 ./User/ns_com_mux.o
                0x0000000000004e20                fw_snd_pkt
 .text.fw_subcommand_read_setting
                0x0000000000004e40       0x9a ./User/ns_com_mux.o
                0x0000000000004e40                fw_subcommand_read_setting
 .text.fw_subcommand_write_setting
                0x0000000000004eda       0xac ./User/ns_com_mux.o
                0x0000000000004eda                fw_subcommand_write_setting
 .text.fw_subcommand_read_emulate_rom
                0x0000000000004f86       0x4c ./User/ns_com_mux.o
                0x0000000000004f86                fw_subcommand_read_emulate_rom
 .text.fw_subcommand_write_emulate_rom
                0x0000000000004fd2       0x2e ./User/ns_com_mux.o
                0x0000000000004fd2                fw_subcommand_write_emulate_rom
 .text.fw_subcommand_calibrate_imu
                0x0000000000005000       0x1e ./User/ns_com_mux.o
                0x0000000000005000                fw_subcommand_calibrate_imu
 .text.fw_subcommand_calibrate_js_offset
                0x000000000000501e       0x66 ./User/ns_com_mux.o
                0x000000000000501e                fw_subcommand_calibrate_js_offset
 .text.fw_subcommand_get_status
                0x0000000000005084       0x3c ./User/ns_com_mux.o
                0x0000000000005084                fw_subcommand_get_status
 .text.fw_subcommand_get_version
                0x00000000000050c0       0x16 ./User/ns_com_mux.o
                0x00000000000050c0                fw_subcommand_get_version
 .text.fw_subcommand_dispatcher
                0x00000000000050d6       0x96 ./User/ns_com_mux.o
                0x00000000000050d6                fw_subcommand_dispatcher
 .text.hid_dispatch
                0x000000000000516c       0x50 ./User/ns_com_mux.o
                0x000000000000516c                hid_dispatch
 .text.setup_exti
                0x00000000000051bc       0x9e ./User/pwr.o
                0x00000000000051bc                setup_exti
 .text.top_init
                0x000000000000525a       0x2e ./User/pwr.o
                0x000000000000525a                top_init
 .text.set_pwr_mode_stop
                0x0000000000005288       0x54 ./User/pwr.o
                0x0000000000005288                set_pwr_mode_stop
 .text.ring_buffer_init
                0x00000000000052dc       0x46 ./User/ring_buffer.o
                0x00000000000052dc                ring_buffer_init
 .text.ring_buffer_push
                0x0000000000005322       0xa8 ./User/ring_buffer.o
                0x0000000000005322                ring_buffer_push
 .text.ring_buffer_pop
                0x00000000000053ca       0x50 ./User/ring_buffer.o
                0x00000000000053ca                ring_buffer_pop
 .text.SPI_FullDuplex_Init
                0x000000000000541a       0x76 ./User/spi.o
                0x000000000000541a                SPI_FullDuplex_Init
 .text.spi_DMA_Tx_Init
                0x0000000000005490       0x58 ./User/spi.o
                0x0000000000005490                spi_DMA_Tx_Init
 .text.rgb_spi_pkg_gen
                0x00000000000054e8       0x54 ./User/spi.o
                0x00000000000054e8                rgb_spi_pkg_gen
 .text.set_led_rgb
                0x000000000000553c       0x7e ./User/spi.o
                0x000000000000553c                set_led_rgb
 .text.flush_spi_tx_seq
                0x00000000000055ba       0xee ./User/spi.o
                0x00000000000055ba                flush_spi_tx_seq
 .text.flush_rgb
                0x00000000000056a8       0x40 ./User/spi.o
                0x00000000000056a8                flush_rgb
 .text.spi_init
                0x00000000000056e8       0x5e ./User/spi.o
                0x00000000000056e8                spi_init
 .text.DMA1_Channel3_IRQHandler
                0x0000000000005746       0x2e ./User/spi.o
                0x0000000000005746                DMA1_Channel3_IRQHandler
 .text.SetSysClockTo72_HSE
                0x0000000000005774       0xca ./User/system_ch32v10x.o
 .text.SystemInit
                0x000000000000583e       0x4c ./User/system_ch32v10x.o
                0x000000000000583e                SystemInit
 .text.SystemCoreClockUpdate
                0x000000000000588a       0x86 ./User/system_ch32v10x.o
                0x000000000000588a                SystemCoreClockUpdate
 .text.SetSysClock
                0x0000000000005910        0xc ./User/system_ch32v10x.o
                0x0000000000005910                SetSysClock
 .text.TIM2_IRQHandler
                0x000000000000591c       0x28 ./User/tick.o
                0x000000000000591c                TIM2_IRQHandler
 .text._systick_init
                0x0000000000005944       0x70 ./User/tick.o
                0x0000000000005944                _systick_init
 .text.SysTick_Init
                0x00000000000059b4       0x24 ./User/tick.o
                0x00000000000059b4                SysTick_Init
 .text.Get_Systick_US
                0x00000000000059d8       0x18 ./User/tick.o
                0x00000000000059d8                Get_Systick_US
 .text.Get_Systick_MS
                0x00000000000059f0        0x6 ./User/tick.o
                0x00000000000059f0                Get_Systick_MS
 .text.HighPrecisionTimer_Init
                0x00000000000059f6       0x16 ./User/tick.o
                0x00000000000059f6                HighPrecisionTimer_Init
 .text.execute_blocking_us
                0x0000000000005a0c       0x60 ./User/tick.o
                0x0000000000005a0c                execute_blocking_us
 .text.Delay_Us
                0x0000000000005a6c       0x4a ./User/tick.o
                0x0000000000005a6c                Delay_Us
 .text.Delay_Ms
                0x0000000000005ab6       0x40 ./User/tick.o
                0x0000000000005ab6                Delay_Ms
 .text.UART1_DMA_Init
                0x0000000000005af6       0xb2 ./User/uart_com.o
                0x0000000000005af6                UART1_DMA_Init
 .text.UART1_Init
                0x0000000000005ba8       0xce ./User/uart_com.o
                0x0000000000005ba8                UART1_Init
 .text.UART1_DMA_Tx
                0x0000000000005c76       0x48 ./User/uart_com.o
                0x0000000000005c76                UART1_DMA_Tx
 .text.UART1_Tx_Service
                0x0000000000005cbe       0xbe ./User/uart_com.o
                0x0000000000005cbe                UART1_Tx_Service
 .text.encode_uart_pkt
                0x0000000000005d7c       0x64 ./User/uart_com.o
                0x0000000000005d7c                encode_uart_pkt
 .text.decode_uart_pkt
                0x0000000000005de0       0x44 ./User/uart_com.o
                0x0000000000005de0                decode_uart_pkt
 .text.check_uart_pkt
                0x0000000000005e24       0x34 ./User/uart_com.o
                0x0000000000005e24                check_uart_pkt
 .text.UART1_Rx_Service
                0x0000000000005e58      0x14c ./User/uart_com.o
                0x0000000000005e58                UART1_Rx_Service
 .text.send_uart_pkt
                0x0000000000005fa4       0x48 ./User/uart_com.o
                0x0000000000005fa4                send_uart_pkt
 .text.ns_set_peripheral_data_getter
                0x0000000000005fec        0x6 ./User/usbd_compatibility_hid.o
                0x0000000000005fec                ns_set_peripheral_data_getter
 .text.ns_hid_get_packet_timer
                0x0000000000005ff2       0x3a ./User/usbd_compatibility_hid.o
                0x0000000000005ff2                ns_hid_get_packet_timer
 .text.rpt_warpper
                0x000000000000602c       0x66 ./User/usbd_compatibility_hid.o
                0x000000000000602c                rpt_warpper
 .text.set_imu_available
                0x0000000000006092        0x6 ./User/usbd_compatibility_hid.o
                0x0000000000006092                set_imu_available
 .text.hid_init
                0x0000000000006098        0xe ./User/usbd_compatibility_hid.o
                0x0000000000006098                hid_init
 .text.hid_tx_service
                0x00000000000060a6      0x10c ./User/usbd_compatibility_hid.o
                0x00000000000060a6                hid_tx_service
 .text.hid_rx_service
                0x00000000000061b2      0x134 ./User/usbd_compatibility_hid.o
                0x00000000000061b2                hid_rx_service
 .text.vector_handler
                0x00000000000062e6        0x2 ./Startup/startup_ch32v10x.o
                0x00000000000062e6                EXTI2_IRQHandler
                0x00000000000062e6                TIM1_CC_IRQHandler
                0x00000000000062e6                SysTick_Handler
                0x00000000000062e6                PVD_IRQHandler
                0x00000000000062e6                EXTI3_IRQHandler
                0x00000000000062e6                EXTI0_IRQHandler
                0x00000000000062e6                I2C2_EV_IRQHandler
                0x00000000000062e6                ADC1_2_IRQHandler
                0x00000000000062e6                SPI1_IRQHandler
                0x00000000000062e6                TAMPER_IRQHandler
                0x00000000000062e6                DMA1_Channel4_IRQHandler
                0x00000000000062e6                USART3_IRQHandler
                0x00000000000062e6                RTC_IRQHandler
                0x00000000000062e6                DMA1_Channel7_IRQHandler
                0x00000000000062e6                TIM4_IRQHandler
                0x00000000000062e6                I2C1_EV_IRQHandler
                0x00000000000062e6                DMA1_Channel6_IRQHandler
                0x00000000000062e6                RCC_IRQHandler
                0x00000000000062e6                TIM1_TRG_COM_IRQHandler
                0x00000000000062e6                DMA1_Channel1_IRQHandler
                0x00000000000062e6                EXTI15_10_IRQHandler
                0x00000000000062e6                EXTI9_5_IRQHandler
                0x00000000000062e6                SPI2_IRQHandler
                0x00000000000062e6                DMA1_Channel5_IRQHandler
                0x00000000000062e6                EXTI4_IRQHandler
                0x00000000000062e6                TIM1_UP_IRQHandler
                0x00000000000062e6                WWDG_IRQHandler
                0x00000000000062e6                SW_Handler
                0x00000000000062e6                TIM1_BRK_IRQHandler
                0x00000000000062e6                EXTI1_IRQHandler
                0x00000000000062e6                RTCAlarm_IRQHandler
                0x00000000000062e6                USART2_IRQHandler
                0x00000000000062e6                DMA1_Channel2_IRQHandler
                0x00000000000062e6                FLASH_IRQHandler
                0x00000000000062e6                USART1_IRQHandler
                0x00000000000062e6                I2C1_ER_IRQHandler
                0x00000000000062e6                USBWakeUp_IRQHandler
 .text.handle_reset
                0x00000000000062e8       0x7e ./Startup/startup_ch32v10x.o
                0x00000000000062e8                handle_reset
 .text.ADC_DeInit
                0x0000000000006366       0x2a ./Peripheral/src/ch32v10x_adc.o
                0x0000000000006366                ADC_DeInit
 .text.ADC_Init
                0x0000000000006390       0x50 ./Peripheral/src/ch32v10x_adc.o
                0x0000000000006390                ADC_Init
 .text.ADC_Cmd  0x00000000000063e0       0x10 ./Peripheral/src/ch32v10x_adc.o
                0x00000000000063e0                ADC_Cmd
 .text.ADC_DMACmd
                0x00000000000063f0       0x12 ./Peripheral/src/ch32v10x_adc.o
                0x00000000000063f0                ADC_DMACmd
 .text.ADC_ResetCalibration
                0x0000000000006402        0xa ./Peripheral/src/ch32v10x_adc.o
                0x0000000000006402                ADC_ResetCalibration
 .text.ADC_GetResetCalibrationStatus
                0x000000000000640c        0x8 ./Peripheral/src/ch32v10x_adc.o
                0x000000000000640c                ADC_GetResetCalibrationStatus
 .text.ADC_StartCalibration
                0x0000000000006414        0xa ./Peripheral/src/ch32v10x_adc.o
                0x0000000000006414                ADC_StartCalibration
 .text.ADC_GetCalibrationStatus
                0x000000000000641e        0x8 ./Peripheral/src/ch32v10x_adc.o
                0x000000000000641e                ADC_GetCalibrationStatus
 .text.ADC_SoftwareStartConvCmd
                0x0000000000006426       0x18 ./Peripheral/src/ch32v10x_adc.o
                0x0000000000006426                ADC_SoftwareStartConvCmd
 .text.ADC_RegularChannelConfig
                0x000000000000643e       0xb8 ./Peripheral/src/ch32v10x_adc.o
                0x000000000000643e                ADC_RegularChannelConfig
 .text.Get_CalibrationValue
                0x00000000000064f6      0x16c ./Peripheral/src/ch32v10x_adc.o
                0x00000000000064f6                Get_CalibrationValue
 .text.DMA_DeInit
                0x0000000000006662       0xfa ./Peripheral/src/ch32v10x_dma.o
                0x0000000000006662                DMA_DeInit
 .text.DMA_Init
                0x000000000000675c       0x38 ./Peripheral/src/ch32v10x_dma.o
                0x000000000000675c                DMA_Init
 .text.DMA_Cmd  0x0000000000006794       0x14 ./Peripheral/src/ch32v10x_dma.o
                0x0000000000006794                DMA_Cmd
 .text.DMA_GetCurrDataCounter
                0x00000000000067a8        0x8 ./Peripheral/src/ch32v10x_dma.o
                0x00000000000067a8                DMA_GetCurrDataCounter
 .text.DMA_GetFlagStatus
                0x00000000000067b0       0x20 ./Peripheral/src/ch32v10x_dma.o
                0x00000000000067b0                DMA_GetFlagStatus
 .text.DMA_ClearFlag
                0x00000000000067d0       0x1a ./Peripheral/src/ch32v10x_dma.o
                0x00000000000067d0                DMA_ClearFlag
 .text.DMA_GetITStatus
                0x00000000000067ea        0xc ./Peripheral/src/ch32v10x_dma.o
                0x00000000000067ea                DMA_GetITStatus
 .text.DMA_ClearITPendingBit
                0x00000000000067f6        0xc ./Peripheral/src/ch32v10x_dma.o
                0x00000000000067f6                DMA_ClearITPendingBit
 .text.EXTI_Init
                0x0000000000006802       0x6a ./Peripheral/src/ch32v10x_exti.o
                0x0000000000006802                EXTI_Init
 .text.ROM_ERASE
                0x000000000000686c       0x6e ./Peripheral/src/ch32v10x_flash.o
 .text.FLASH_ROM_ERASE
                0x00000000000068da      0x10a ./Peripheral/src/ch32v10x_flash.o
                0x00000000000068da                FLASH_ROM_ERASE
 .text.FLASH_ROM_WRITE
                0x00000000000069e4      0x118 ./Peripheral/src/ch32v10x_flash.o
                0x00000000000069e4                FLASH_ROM_WRITE
 .text.GPIO_Init
                0x0000000000006afc       0xc2 ./Peripheral/src/ch32v10x_gpio.o
                0x0000000000006afc                GPIO_Init
 .text.GPIO_ReadInputDataBit
                0x0000000000006bbe        0xa ./Peripheral/src/ch32v10x_gpio.o
                0x0000000000006bbe                GPIO_ReadInputDataBit
 .text.GPIO_SetBits
                0x0000000000006bc8        0x4 ./Peripheral/src/ch32v10x_gpio.o
                0x0000000000006bc8                GPIO_SetBits
 .text.GPIO_ResetBits
                0x0000000000006bcc        0x4 ./Peripheral/src/ch32v10x_gpio.o
                0x0000000000006bcc                GPIO_ResetBits
 .text.GPIO_EXTILineConfig
                0x0000000000006bd0       0x2c ./Peripheral/src/ch32v10x_gpio.o
                0x0000000000006bd0                GPIO_EXTILineConfig
 .text.I2C_DeInit
                0x0000000000006bfc       0x32 ./Peripheral/src/ch32v10x_i2c.o
                0x0000000000006bfc                I2C_DeInit
 .text.I2C_Init
                0x0000000000006c2e      0x114 ./Peripheral/src/ch32v10x_i2c.o
                0x0000000000006c2e                I2C_Init
 .text.I2C_Cmd  0x0000000000006d42       0x1c ./Peripheral/src/ch32v10x_i2c.o
                0x0000000000006d42                I2C_Cmd
 .text.I2C_GenerateSTART
                0x0000000000006d5e       0x1e ./Peripheral/src/ch32v10x_i2c.o
                0x0000000000006d5e                I2C_GenerateSTART
 .text.I2C_GenerateSTOP
                0x0000000000006d7c       0x1e ./Peripheral/src/ch32v10x_i2c.o
                0x0000000000006d7c                I2C_GenerateSTOP
 .text.I2C_AcknowledgeConfig
                0x0000000000006d9a       0x1e ./Peripheral/src/ch32v10x_i2c.o
                0x0000000000006d9a                I2C_AcknowledgeConfig
 .text.I2C_SendData
                0x0000000000006db8        0x6 ./Peripheral/src/ch32v10x_i2c.o
                0x0000000000006db8                I2C_SendData
 .text.I2C_ReceiveData
                0x0000000000006dbe        0xa ./Peripheral/src/ch32v10x_i2c.o
                0x0000000000006dbe                I2C_ReceiveData
 .text.I2C_Send7bitAddress
                0x0000000000006dc8       0x14 ./Peripheral/src/ch32v10x_i2c.o
                0x0000000000006dc8                I2C_Send7bitAddress
 .text.I2C_SoftwareResetCmd
                0x0000000000006ddc       0x16 ./Peripheral/src/ch32v10x_i2c.o
                0x0000000000006ddc                I2C_SoftwareResetCmd
 .text.I2C_NACKPositionConfig
                0x0000000000006df2       0x26 ./Peripheral/src/ch32v10x_i2c.o
                0x0000000000006df2                I2C_NACKPositionConfig
 .text.I2C_CheckEvent
                0x0000000000006e18       0x1a ./Peripheral/src/ch32v10x_i2c.o
                0x0000000000006e18                I2C_CheckEvent
 .text.I2C_GetFlagStatus
                0x0000000000006e32       0x32 ./Peripheral/src/ch32v10x_i2c.o
                0x0000000000006e32                I2C_GetFlagStatus
 .text.NVIC_PriorityGroupConfig
                0x0000000000006e64       0x10 ./Peripheral/src/ch32v10x_misc.o
                0x0000000000006e64                NVIC_PriorityGroupConfig
 .text.NVIC_Init
                0x0000000000006e74       0x6e ./Peripheral/src/ch32v10x_misc.o
                0x0000000000006e74                NVIC_Init
 .text.PWR_PVDCmd
                0x0000000000006ee2       0x14 ./Peripheral/src/ch32v10x_pwr.o
                0x0000000000006ee2                PWR_PVDCmd
 .text.PWR_PVDLevelConfig
                0x0000000000006ef6       0x10 ./Peripheral/src/ch32v10x_pwr.o
                0x0000000000006ef6                PWR_PVDLevelConfig
 .text.PWR_EnterSTOPMode
                0x0000000000006f06       0x66 ./Peripheral/src/ch32v10x_pwr.o
                0x0000000000006f06                PWR_EnterSTOPMode
 .text.PWR_GetFlagStatus
                0x0000000000006f6c        0xe ./Peripheral/src/ch32v10x_pwr.o
                0x0000000000006f6c                PWR_GetFlagStatus
 .text.PWR_VDD_SupplyVoltage
                0x0000000000006f7a       0x46 ./Peripheral/src/ch32v10x_pwr.o
                0x0000000000006f7a                PWR_VDD_SupplyVoltage
 .text.RCC_USBCLKConfig
                0x0000000000006fc0       0x24 ./Peripheral/src/ch32v10x_rcc.o
                0x0000000000006fc0                RCC_USBCLKConfig
 .text.RCC_ADCCLKConfig
                0x0000000000006fe4       0x12 ./Peripheral/src/ch32v10x_rcc.o
                0x0000000000006fe4                RCC_ADCCLKConfig
 .text.RCC_LSICmd
                0x0000000000006ff6       0x14 ./Peripheral/src/ch32v10x_rcc.o
                0x0000000000006ff6                RCC_LSICmd
 .text.RCC_GetClocksFreq
                0x000000000000700a       0xbc ./Peripheral/src/ch32v10x_rcc.o
                0x000000000000700a                RCC_GetClocksFreq
 .text.RCC_AHBPeriphClockCmd
                0x00000000000070c6       0x1e ./Peripheral/src/ch32v10x_rcc.o
                0x00000000000070c6                RCC_AHBPeriphClockCmd
 .text.RCC_APB2PeriphClockCmd
                0x00000000000070e4       0x1e ./Peripheral/src/ch32v10x_rcc.o
                0x00000000000070e4                RCC_APB2PeriphClockCmd
 .text.RCC_APB1PeriphClockCmd
                0x0000000000007102       0x1e ./Peripheral/src/ch32v10x_rcc.o
                0x0000000000007102                RCC_APB1PeriphClockCmd
 .text.RCC_APB2PeriphResetCmd
                0x0000000000007120       0x1e ./Peripheral/src/ch32v10x_rcc.o
                0x0000000000007120                RCC_APB2PeriphResetCmd
 .text.RCC_APB1PeriphResetCmd
                0x000000000000713e       0x1e ./Peripheral/src/ch32v10x_rcc.o
                0x000000000000713e                RCC_APB1PeriphResetCmd
 .text.RCC_GetFlagStatus
                0x000000000000715c       0x2e ./Peripheral/src/ch32v10x_rcc.o
                0x000000000000715c                RCC_GetFlagStatus
 .text.SPI_Init
                0x000000000000718a       0x5a ./Peripheral/src/ch32v10x_spi.o
                0x000000000000718a                SPI_Init
 .text.SPI_Cmd  0x00000000000071e4       0x1e ./Peripheral/src/ch32v10x_spi.o
                0x00000000000071e4                SPI_Cmd
 .text.SPI_I2S_DMACmd
                0x0000000000007202       0x16 ./Peripheral/src/ch32v10x_spi.o
                0x0000000000007202                SPI_I2S_DMACmd
 .text.TIM_TimeBaseInit
                0x0000000000007218       0x78 ./Peripheral/src/ch32v10x_tim.o
                0x0000000000007218                TIM_TimeBaseInit
 .text.TIM_OC1Init
                0x0000000000007290       0x88 ./Peripheral/src/ch32v10x_tim.o
                0x0000000000007290                TIM_OC1Init
 .text.TIM_OC3Init
                0x0000000000007318       0xb2 ./Peripheral/src/ch32v10x_tim.o
                0x0000000000007318                TIM_OC3Init
 .text.TIM_OC4Init
                0x00000000000073ca       0x82 ./Peripheral/src/ch32v10x_tim.o
                0x00000000000073ca                TIM_OC4Init
 .text.TIM_Cmd  0x000000000000744c       0x1c ./Peripheral/src/ch32v10x_tim.o
                0x000000000000744c                TIM_Cmd
 .text.TIM_CtrlPWMOutputs
                0x0000000000007468       0x16 ./Peripheral/src/ch32v10x_tim.o
                0x0000000000007468                TIM_CtrlPWMOutputs
 .text.TIM_ITConfig
                0x000000000000747e       0x16 ./Peripheral/src/ch32v10x_tim.o
                0x000000000000747e                TIM_ITConfig
 .text.TIM_ARRPreloadConfig
                0x0000000000007494       0x1e ./Peripheral/src/ch32v10x_tim.o
                0x0000000000007494                TIM_ARRPreloadConfig
 .text.TIM_OC1PreloadConfig
                0x00000000000074b2       0x12 ./Peripheral/src/ch32v10x_tim.o
                0x00000000000074b2                TIM_OC1PreloadConfig
 .text.TIM_OC2PreloadConfig
                0x00000000000074c4       0x1a ./Peripheral/src/ch32v10x_tim.o
                0x00000000000074c4                TIM_OC2PreloadConfig
 .text.TIM_OC3PreloadConfig
                0x00000000000074de       0x12 ./Peripheral/src/ch32v10x_tim.o
                0x00000000000074de                TIM_OC3PreloadConfig
 .text.TIM_OC4PreloadConfig
                0x00000000000074f0       0x1a ./Peripheral/src/ch32v10x_tim.o
                0x00000000000074f0                TIM_OC4PreloadConfig
 .text.TIM_SetCompare1
                0x000000000000750a        0x6 ./Peripheral/src/ch32v10x_tim.o
                0x000000000000750a                TIM_SetCompare1
 .text.TIM_SetCompare2
                0x0000000000007510        0x6 ./Peripheral/src/ch32v10x_tim.o
                0x0000000000007510                TIM_SetCompare2
 .text.TIM_SetCompare3
                0x0000000000007516        0x6 ./Peripheral/src/ch32v10x_tim.o
                0x0000000000007516                TIM_SetCompare3
 .text.TIM_SetCompare4
                0x000000000000751c        0x6 ./Peripheral/src/ch32v10x_tim.o
                0x000000000000751c                TIM_SetCompare4
 .text.TIM_GetFlagStatus
                0x0000000000007522        0xc ./Peripheral/src/ch32v10x_tim.o
                0x0000000000007522                TIM_GetFlagStatus
 .text.TIM_GetITStatus
                0x000000000000752e       0x1c ./Peripheral/src/ch32v10x_tim.o
                0x000000000000752e                TIM_GetITStatus
 .text.TIM_ClearITPendingBit
                0x000000000000754a        0xe ./Peripheral/src/ch32v10x_tim.o
                0x000000000000754a                TIM_ClearITPendingBit
 .text.USART_Init
                0x0000000000007558       0xa8 ./Peripheral/src/ch32v10x_usart.o
                0x0000000000007558                USART_Init
 .text.USART_Cmd
                0x0000000000007600       0x1c ./Peripheral/src/ch32v10x_usart.o
                0x0000000000007600                USART_Cmd
 .text.USART_DMACmd
                0x000000000000761c       0x16 ./Peripheral/src/ch32v10x_usart.o
                0x000000000000761c                USART_DMACmd
 .text.USART_GetFlagStatus
                0x0000000000007632        0xc ./Peripheral/src/ch32v10x_usart.o
                0x0000000000007632                USART_GetFlagStatus
 .text.USART_ClearFlag
                0x000000000000763e        0xe ./Peripheral/src/ch32v10x_usart.o
                0x000000000000763e                USART_ClearFlag
 .text.USART_Printf_Init
                0x000000000000764c        0x2 ./Debug/debug.o
                0x000000000000764c                USART_Printf_Init
 .text._write   0x000000000000764e        0x4 ./Debug/debug.o
                0x000000000000764e                _write
 .text.sqrtf    0x0000000000007652       0x48 d:/mounriver_studio/toolchain/risc-v embedded gcc12/bin/../lib/gcc/riscv-none-elf/12.2.0/../../../../riscv-none-elf/lib\libm_nano.a(lib_a-wf_sqrt.o)
                0x0000000000007652                sqrtf
 .text.__ieee754_sqrtf
                0x000000000000769a      0x114 d:/mounriver_studio/toolchain/risc-v embedded gcc12/bin/../lib/gcc/riscv-none-elf/12.2.0/../../../../riscv-none-elf/lib\libm_nano.a(lib_a-ef_sqrt.o)
                0x000000000000769a                __ieee754_sqrtf
 .text.printchar
                0x00000000000077ae       0x4c d:/mounriver_studio/toolchain/risc-v embedded gcc12/bin/../lib/gcc/riscv-none-elf/12.2.0/../../../../riscv-none-elf/lib\libprintfloat.a(printfloat.o)
                0x00000000000077ae                printchar
 .text.prints   0x00000000000077fa       0xe0 d:/mounriver_studio/toolchain/risc-v embedded gcc12/bin/../lib/gcc/riscv-none-elf/12.2.0/../../../../riscv-none-elf/lib\libprintfloat.a(printfloat.o)
                0x00000000000077fa                prints
 .text.printInt
                0x00000000000078da       0xf4 d:/mounriver_studio/toolchain/risc-v embedded gcc12/bin/../lib/gcc/riscv-none-elf/12.2.0/../../../../riscv-none-elf/lib\libprintfloat.a(printfloat.o)
                0x00000000000078da                printInt
 .text.printLongLongInt
                0x00000000000079ce      0x124 d:/mounriver_studio/toolchain/risc-v embedded gcc12/bin/../lib/gcc/riscv-none-elf/12.2.0/../../../../riscv-none-elf/lib\libprintfloat.a(printfloat.o)
                0x00000000000079ce                printLongLongInt
 .text.printDouble
                0x0000000000007af2      0x100 d:/mounriver_studio/toolchain/risc-v embedded gcc12/bin/../lib/gcc/riscv-none-elf/12.2.0/../../../../riscv-none-elf/lib\libprintfloat.a(printfloat.o)
                0x0000000000007af2                printDouble
 .text.print    0x0000000000007bf2      0x356 d:/mounriver_studio/toolchain/risc-v embedded gcc12/bin/../lib/gcc/riscv-none-elf/12.2.0/../../../../riscv-none-elf/lib\libprintfloat.a(printfloat.o)
                0x0000000000007bf2                print
 .text.printf   0x0000000000007f48       0x24 d:/mounriver_studio/toolchain/risc-v embedded gcc12/bin/../lib/gcc/riscv-none-elf/12.2.0/../../../../riscv-none-elf/lib\libprintfloat.a(printfloat.o)
                0x0000000000007f48                printf
 .text.puts     0x0000000000007f6c       0x54 d:/mounriver_studio/toolchain/risc-v embedded gcc12/bin/../lib/gcc/riscv-none-elf/12.2.0/../../../../riscv-none-elf/lib\libprintfloat.a(printfloat.o)
                0x0000000000007f6c                puts
 .text.__udivdi3
                0x0000000000007fc0      0x3b0 d:/mounriver_studio/toolchain/risc-v embedded gcc12/bin/../lib/gcc/riscv-none-elf/12.2.0\libgcc.a(_udivdi3.o)
                0x0000000000007fc0                __udivdi3
 .text.__umoddi3
                0x0000000000008370      0x39a d:/mounriver_studio/toolchain/risc-v embedded gcc12/bin/../lib/gcc/riscv-none-elf/12.2.0\libgcc.a(_umoddi3.o)
                0x0000000000008370                __umoddi3
 .text.__adddf3
                0x000000000000870a      0x6e8 d:/mounriver_studio/toolchain/risc-v embedded gcc12/bin/../lib/gcc/riscv-none-elf/12.2.0\libgcc.a(adddf3.o)
                0x000000000000870a                __adddf3
 .text.__divdf3
                0x0000000000008df2      0x5ae d:/mounriver_studio/toolchain/risc-v embedded gcc12/bin/../lib/gcc/riscv-none-elf/12.2.0\libgcc.a(divdf3.o)
                0x0000000000008df2                __divdf3
 .text.__ledf2  0x00000000000093a0       0xbc d:/mounriver_studio/toolchain/risc-v embedded gcc12/bin/../lib/gcc/riscv-none-elf/12.2.0\libgcc.a(ledf2.o)
                0x00000000000093a0                __ledf2
                0x00000000000093a0                __ltdf2
 .text.__muldf3
                0x000000000000945c      0x54a d:/mounriver_studio/toolchain/risc-v embedded gcc12/bin/../lib/gcc/riscv-none-elf/12.2.0\libgcc.a(muldf3.o)
                0x000000000000945c                __muldf3
 .text.__subdf3
                0x00000000000099a6      0x736 d:/mounriver_studio/toolchain/risc-v embedded gcc12/bin/../lib/gcc/riscv-none-elf/12.2.0\libgcc.a(subdf3.o)
                0x00000000000099a6                __subdf3
 .text.__floatsidf
                0x000000000000a0dc       0x70 d:/mounriver_studio/toolchain/risc-v embedded gcc12/bin/../lib/gcc/riscv-none-elf/12.2.0\libgcc.a(floatsidf.o)
                0x000000000000a0dc                __floatsidf
 .text.__floatunsidf
                0x000000000000a14c       0x70 d:/mounriver_studio/toolchain/risc-v embedded gcc12/bin/../lib/gcc/riscv-none-elf/12.2.0\libgcc.a(floatunsidf.o)
                0x000000000000a14c                __floatunsidf
 .text.__fixdfdi
                0x000000000000a1bc       0xbc d:/mounriver_studio/toolchain/risc-v embedded gcc12/bin/../lib/gcc/riscv-none-elf/12.2.0\libgcc.a(fixdfdi.o)
                0x000000000000a1bc                __fixdfdi
 .text.__floatdidf
                0x000000000000a278      0x1ae d:/mounriver_studio/toolchain/risc-v embedded gcc12/bin/../lib/gcc/riscv-none-elf/12.2.0\libgcc.a(floatdidf.o)
                0x000000000000a278                __floatdidf
 .text.__addsf3
                0x000000000000a426      0x368 d:/mounriver_studio/toolchain/risc-v embedded gcc12/bin/../lib/gcc/riscv-none-elf/12.2.0\libgcc.a(addsf3.o)
                0x000000000000a426                __addsf3
 .text.__divsf3
                0x000000000000a78e      0x2ea d:/mounriver_studio/toolchain/risc-v embedded gcc12/bin/../lib/gcc/riscv-none-elf/12.2.0\libgcc.a(divsf3.o)
                0x000000000000a78e                __divsf3
 .text.__gesf2  0x000000000000aa78       0x96 d:/mounriver_studio/toolchain/risc-v embedded gcc12/bin/../lib/gcc/riscv-none-elf/12.2.0\libgcc.a(gesf2.o)
                0x000000000000aa78                __gesf2
                0x000000000000aa78                __gtsf2
 .text.__lesf2  0x000000000000ab0e       0x98 d:/mounriver_studio/toolchain/risc-v embedded gcc12/bin/../lib/gcc/riscv-none-elf/12.2.0\libgcc.a(lesf2.o)
                0x000000000000ab0e                __ltsf2
                0x000000000000ab0e                __lesf2
 .text.__mulsf3
                0x000000000000aba6      0x2d8 d:/mounriver_studio/toolchain/risc-v embedded gcc12/bin/../lib/gcc/riscv-none-elf/12.2.0\libgcc.a(mulsf3.o)
                0x000000000000aba6                __mulsf3
 .text.__subsf3
                0x000000000000ae7e      0x38c d:/mounriver_studio/toolchain/risc-v embedded gcc12/bin/../lib/gcc/riscv-none-elf/12.2.0\libgcc.a(subsf3.o)
                0x000000000000ae7e                __subsf3
 .text.__unordsf2
                0x000000000000b20a       0x3c d:/mounriver_studio/toolchain/risc-v embedded gcc12/bin/../lib/gcc/riscv-none-elf/12.2.0\libgcc.a(unordsf2.o)
                0x000000000000b20a                __unordsf2
 .text.__fixsfsi
                0x000000000000b246       0x60 d:/mounriver_studio/toolchain/risc-v embedded gcc12/bin/../lib/gcc/riscv-none-elf/12.2.0\libgcc.a(fixsfsi.o)
                0x000000000000b246                __fixsfsi
 .text.__floatsisf
                0x000000000000b2a6       0xcc d:/mounriver_studio/toolchain/risc-v embedded gcc12/bin/../lib/gcc/riscv-none-elf/12.2.0\libgcc.a(floatsisf.o)
                0x000000000000b2a6                __floatsisf
 .text.__truncdfsf2
                0x000000000000b372      0x16c d:/mounriver_studio/toolchain/risc-v embedded gcc12/bin/../lib/gcc/riscv-none-elf/12.2.0\libgcc.a(truncdfsf2.o)
                0x000000000000b372                __truncdfsf2
 .text.__clzsi2
                0x000000000000b4de       0x6e d:/mounriver_studio/toolchain/risc-v embedded gcc12/bin/../lib/gcc/riscv-none-elf/12.2.0\libgcc.a(_clzsi2.o)
                0x000000000000b4de                __clzsi2
 .text.__errno  0x000000000000b54c        0x6 d:/mounriver_studio/toolchain/risc-v embedded gcc12/bin/../lib/gcc/riscv-none-elf/12.2.0/../../../../riscv-none-elf/lib\libg_nano.a(lib_a-errno.o)
                0x000000000000b54c                __errno
 *(.rodata)
 *fill*         0x000000000000b552        0x2 
 .rodata        0x000000000000b554       0x18 ./User/ns_com.o
 *(.rodata*)
 .rodata.USBFS_IRQHandler.str1.4
                0x000000000000b56c       0x32 ./User/ch32v10x_usbfs_device.o
 *fill*         0x000000000000b59e        0x2 
 .rodata.USBFS_IRQHandler
                0x000000000000b5a0       0x5c ./User/ch32v10x_usbfs_device.o
 .rodata.conf_init.str1.4
                0x000000000000b5fc       0x43 ./User/conf.o
 *fill*         0x000000000000b63f        0x1 
 .rodata.adc_init.str1.4
                0x000000000000b640       0x17 ./User/gpio_adc.o
 *fill*         0x000000000000b657        0x1 
 .rodata.gpio_tb_init.str1.4
                0x000000000000b658       0x10 ./User/gpio_digit.o
 .rodata.gpio_init.str1.4
                0x000000000000b668       0x30 ./User/gpio_digit.o
 .rodata.push_waveform.str1.4
                0x000000000000b698       0x1d ./User/hd_rumble_high_accuracy.o
 *fill*         0x000000000000b6b5        0x3 
 .rodata.i2c2_reset.str1.4
                0x000000000000b6b8       0x96 ./User/i2c.o
 *fill*         0x000000000000b74e        0x2 
 .rodata.i2c_hardware_init.str1.4
                0x000000000000b750       0x70 ./User/i2c.o
 .rodata.i2c_read_continuous.str1.4
                0x000000000000b7c0       0x26 ./User/i2c.o
 *fill*         0x000000000000b7e6        0x2 
 .rodata.imu_read.str1.4
                0x000000000000b7e8       0x29 ./User/imu.o
 *fill*         0x000000000000b811        0x3 
 .rodata.set_imu_awake.str1.4
                0x000000000000b814      0x102 ./User/imu.o
 *fill*         0x000000000000b916        0x2 
 .rodata.imu_upd.str1.4
                0x000000000000b918        0xe ./User/imu.o
 *fill*         0x000000000000b926        0x2 
 .rodata.imu_read_test.str1.4
                0x000000000000b928       0x28 ./User/main.o
 .rodata.top_timer.str1.4
                0x000000000000b950       0x94 ./User/main.o
 .rodata.init_all.str1.4
                0x000000000000b9e4       0x42 ./User/main.o
 *fill*         0x000000000000ba26        0x2 
 .rodata.recv_esp32_connect_control
                0x000000000000ba28       0x40 ./User/main.o
 .rodata.connection_state_handler.str1.4
                0x000000000000ba68       0x31 ./User/main.o
 *fill*         0x000000000000ba99        0x3 
 .rodata.main.str1.4
                0x000000000000ba9c       0x1a ./User/main.o
 *fill*         0x000000000000bab6        0x2 
 .rodata.ns_subcommand_set_imu_register.str1.4
                0x000000000000bab8       0x1f ./User/ns_com.o
 *fill*         0x000000000000bad7        0x1 
 .rodata.ns_subcommand_pair_by_wire.str1.4
                0x000000000000bad8       0x23 ./User/ns_com.o
 *fill*         0x000000000000bafb        0x1 
 .rodata.ns_subcommand_get_device_info.str1.4
                0x000000000000bafc        0x8 ./User/ns_com.o
                                          0xa (size before relaxing)
 .rodata.ns_subcommand_set_input_mode.str1.4
                0x000000000000bb04       0x19 ./User/ns_com.o
 *fill*         0x000000000000bb1d        0x3 
 .rodata.ns_subcommand_spi_read.str1.4
                0x000000000000bb20       0x59 ./User/ns_com.o
 *fill*         0x000000000000bb79        0x3 
 .rodata.ns_subcommand_spi_write.str1.4
                0x000000000000bb7c       0x1c ./User/ns_com.o
 .rodata.ns_subcommand_set_imu_state.str1.4
                0x000000000000bb98       0x13 ./User/ns_com.o
 *fill*         0x000000000000bbab        0x1 
 .rodata.ns_subcommand_set_imu_conf.str1.4
                0x000000000000bbac       0x15 ./User/ns_com.o
 *fill*         0x000000000000bbc1        0x3 
 .rodata.ns_subcommand_read_imu_register.str1.4
                0x000000000000bbc4       0x1e ./User/ns_com.o
 *fill*         0x000000000000bbe2        0x2 
 .rodata.ns_cmd_subcommand_dispatcher.str1.4
                0x000000000000bbe4       0x1f ./User/ns_com_mux.o
 *fill*         0x000000000000bc03        0x1 
 .rodata.ns_mux_usb_handshake_handler.str1.4
                0x000000000000bc04       0x17 ./User/ns_com_mux.o
 *fill*         0x000000000000bc1b        0x1 
 .rodata.ns_mux_usb_handshake_handler
                0x000000000000bc1c       0x18 ./User/ns_com_mux.o
 .rodata.fw_subcommand_read_setting.str1.4
                0x000000000000bc34        0xd ./User/ns_com_mux.o
 *fill*         0x000000000000bc41        0x3 
 .rodata.fw_subcommand_write_setting.str1.4
                0x000000000000bc44       0x3e ./User/ns_com_mux.o
 *fill*         0x000000000000bc82        0x2 
 .rodata.fw_subcommand_dispatcher
                0x000000000000bc84       0x1c ./User/ns_com_mux.o
 .rodata.hid_dispatch.str1.4
                0x000000000000bca0       0x1b ./User/ns_com_mux.o
 *fill*         0x000000000000bcbb        0x1 
 .rodata.set_pwr_mode_stop.str1.4
                0x000000000000bcbc        0xe ./User/pwr.o
 *fill*         0x000000000000bcca        0x2 
 .rodata.ring_buffer_push.str1.4
                0x000000000000bccc       0x1c ./User/ring_buffer.o
 .rodata.flush_spi_tx_seq.str1.4
                0x000000000000bce8       0x36 ./User/spi.o
 *fill*         0x000000000000bd1e        0x2 
 .rodata.spi_init.str1.4
                0x000000000000bd20       0x16 ./User/spi.o
 *fill*         0x000000000000bd36        0x2 
 .rodata.SysTick_Init.str1.4
                0x000000000000bd38       0x13 ./User/tick.o
 *fill*         0x000000000000bd4b        0x1 
 .rodata.UART1_Rx_Service.str1.4
                0x000000000000bd4c       0x15 ./User/uart_com.o
 *fill*         0x000000000000bd61        0x3 
 .rodata.MySerNumInfo
                0x000000000000bd64       0x16 ./User/usb_desc.o
                0x000000000000bd64                MySerNumInfo
 *fill*         0x000000000000bd7a        0x2 
 .rodata.MyProdInfo
                0x000000000000bd7c       0x2a ./User/usb_desc.o
                0x000000000000bd7c                MyProdInfo
 *fill*         0x000000000000bda6        0x2 
 .rodata.MyManuInfo
                0x000000000000bda8        0xa ./User/usb_desc.o
                0x000000000000bda8                MyManuInfo
 *fill*         0x000000000000bdb2        0x2 
 .rodata.MyHIDReportDesc
                0x000000000000bdb4       0xdf ./User/usb_desc.o
                0x000000000000bdb4                MyHIDReportDesc
 *fill*         0x000000000000be93        0x1 
 .rodata.MyDevDescr
                0x000000000000be94       0x12 ./User/usb_desc.o
                0x000000000000be94                MyDevDescr
 *fill*         0x000000000000bea6        0x2 
 .rodata.hid_rx_service.str1.4
                0x000000000000bea8       0x33 ./User/usbd_compatibility_hid.o
 *fill*         0x000000000000bedb        0x1 
 .rodata.print.str1.4
                0x000000000000bedc        0x7 d:/mounriver_studio/toolchain/risc-v embedded gcc12/bin/../lib/gcc/riscv-none-elf/12.2.0/../../../../riscv-none-elf/lib\libprintfloat.a(printfloat.o)
 *fill*         0x000000000000bee3        0x1 
 .rodata.__divdf3
                0x000000000000bee4       0x40 d:/mounriver_studio/toolchain/risc-v embedded gcc12/bin/../lib/gcc/riscv-none-elf/12.2.0\libgcc.a(divdf3.o)
 .rodata.__divsf3
                0x000000000000bf24       0xa8 d:/mounriver_studio/toolchain/risc-v embedded gcc12/bin/../lib/gcc/riscv-none-elf/12.2.0\libgcc.a(divsf3.o)
 .rodata.__clz_tab
                0x000000000000bfcc      0x100 d:/mounriver_studio/toolchain/risc-v embedded gcc12/bin/../lib/gcc/riscv-none-elf/12.2.0\libgcc.a(_clz.o)
                0x000000000000bfcc                __clz_tab
 *(.gnu.linkonce.t.*)
                0x000000000000c0cc                . = ALIGN (0x4)

.rela.dyn       0x000000000000c0cc        0x0
 .rela.init     0x000000000000c0cc        0x0 ./User/ch32v10x_it.o
 .rela.vector   0x000000000000c0cc        0x0 ./User/ch32v10x_it.o
 .rela.text.handle_reset
                0x000000000000c0cc        0x0 ./User/ch32v10x_it.o
 .rela.data.impure_data
                0x000000000000c0cc        0x0 ./User/ch32v10x_it.o

.fini           0x000000000000c0cc        0x0
 *(SORT_NONE(.fini))
                0x000000000000c0cc                . = ALIGN (0x4)
                [!provide]                        PROVIDE (_etext = .)
                [!provide]                        PROVIDE (_eitcm = .)

.preinit_array  0x000000000000c0cc        0x0
                [!provide]                        PROVIDE (__preinit_array_start = .)
 *(.preinit_array)
                [!provide]                        PROVIDE (__preinit_array_end = .)

.init_array     0x000000000000c0cc        0x0
                [!provide]                        PROVIDE (__init_array_start = .)
 *(SORT_BY_INIT_PRIORITY(.init_array.*) SORT_BY_INIT_PRIORITY(.ctors.*))
 *(.init_array EXCLUDE_FILE(*crtend?.o *crtend.o *crtbegin?.o *crtbegin.o) .ctors)
                [!provide]                        PROVIDE (__init_array_end = .)

.fini_array     0x000000000000c0cc        0x0
                [!provide]                        PROVIDE (__fini_array_start = .)
 *(SORT_BY_INIT_PRIORITY(.fini_array.*) SORT_BY_INIT_PRIORITY(.dtors.*))
 *(.fini_array EXCLUDE_FILE(*crtend?.o *crtend.o *crtbegin?.o *crtbegin.o) .dtors)
                [!provide]                        PROVIDE (__fini_array_end = .)

.ctors
 *crtbegin.o(.ctors)
 *crtbegin?.o(.ctors)
 *(EXCLUDE_FILE(*crtend?.o *crtend.o) .ctors)
 *(SORT_BY_NAME(.ctors.*))
 *(.ctors)

.dtors
 *crtbegin.o(.dtors)
 *crtbegin?.o(.dtors)
 *(EXCLUDE_FILE(*crtend?.o *crtend.o) .dtors)
 *(SORT_BY_NAME(.dtors.*))
 *(.dtors)

.dalign         0x0000000020000000        0x0 load address 0x000000000000c0cc
                0x0000000020000000                . = ALIGN (0x4)
                0x0000000020000000                PROVIDE (_data_vma = .)

.dlalign        0x000000000000c0cc        0x0
                0x000000000000c0cc                . = ALIGN (0x4)
                0x000000000000c0cc                PROVIDE (_data_lma = .)

.data           0x0000000020000000     0x1924 load address 0x000000000000c0cc
 *(.gnu.linkonce.r.*)
 *(.data .data.*)
 .data.CommandTable
                0x0000000020000000       0xc0 ./User/hd_rumble2.o
                0x0000000020000000                CommandTable
 .data.freq_exp2_index_lookup_tb
                0x00000000200000c0      0x100 ./User/hd_rumble2.o
                0x00000000200000c0                freq_exp2_index_lookup_tb
 .data.amp_exp2_index_lookup_tb
                0x00000000200001c0      0x100 ./User/hd_rumble2.o
                0x00000000200001c0                amp_exp2_index_lookup_tb
 .data.exp2_lookup_tb
                0x00000000200002c0      0x500 ./User/hd_rumble2.o
                0x00000000200002c0                exp2_lookup_tb
 .data.ccr_lookup_tb
                0x00000000200007c0     0x1000 ./User/hd_rumble_high_accuracy.o
                0x00000000200007c0                ccr_lookup_tb
 .data._imu_quat_state
                0x00000000200017c0       0x1c ./User/imu_quaternion.o
                0x00000000200017c0                _imu_quat_state
 .data.default_et
                0x00000000200017dc        0xe ./User/ns_com.o
                0x00000000200017dc                default_et
 *fill*         0x00000000200017ea        0x2 
 .data.default_device_info
                0x00000000200017ec        0xc ./User/ns_com.o
                0x00000000200017ec                default_device_info
 .data.AHBPrescTable
                0x00000000200017f8       0x10 ./User/system_ch32v10x.o
                0x00000000200017f8                AHBPrescTable
 .data.MyCfgDescr
                0x0000000020001808       0x29 ./User/usb_desc.o
                0x0000000020001808                MyCfgDescr
 *fill*         0x0000000020001831        0x3 
 .data.APBAHBPrescTable
                0x0000000020001834       0x10 ./Peripheral/src/ch32v10x_rcc.o
 .data.impure_data
                0x0000000020001844       0x60 d:/mounriver_studio/toolchain/risc-v embedded gcc12/bin/../lib/gcc/riscv-none-elf/12.2.0/../../../../riscv-none-elf/lib\libg_nano.a(lib_a-impure.o)
 *(.gnu.linkonce.d.*)
                0x00000000200018a8                . = ALIGN (0x8)
 *fill*         0x00000000200018a4        0x4 
                0x00000000200020a8                PROVIDE (__global_pointer$ = (. + 0x800))
 *(.sdata .sdata.*)
 .sdata.rumble_state
                0x00000000200018a8        0x1 ./User/hd_rumble.o
                0x00000000200018a8                rumble_state
 *fill*         0x00000000200018a9        0x3 
 .sdata.hliner  0x00000000200018ac        0x4 ./User/hd_rumble2.o
                0x00000000200018ac                hliner
 .sdata.input_mode
                0x00000000200018b0        0x1 ./User/ns_com.o
                0x00000000200018b0                input_mode
 *fill*         0x00000000200018b1        0x3 
 .sdata.rts_tcnt
                0x00000000200018b4        0x4 ./User/ns_com_mux.o
                0x00000000200018b4                rts_tcnt
 .sdata.spi_rgb_trans
                0x00000000200018b8        0x2 ./User/spi.o
                0x00000000200018b8                spi_rgb_trans
 *fill*         0x00000000200018ba        0x2 
 .sdata.SystemCoreClock
                0x00000000200018bc        0x4 ./User/system_ch32v10x.o
                0x00000000200018bc                SystemCoreClock
 .sdata.ADCPrescTable
                0x00000000200018c0        0x4 ./Peripheral/src/ch32v10x_rcc.o
 .sdata.tiny    0x00000000200018c4        0x4 d:/mounriver_studio/toolchain/risc-v embedded gcc12/bin/../lib/gcc/riscv-none-elf/12.2.0/../../../../riscv-none-elf/lib\libm_nano.a(lib_a-ef_sqrt.o)
 .sdata.one     0x00000000200018c8        0x4 d:/mounriver_studio/toolchain/risc-v embedded gcc12/bin/../lib/gcc/riscv-none-elf/12.2.0/../../../../riscv-none-elf/lib\libm_nano.a(lib_a-ef_sqrt.o)
 .sdata._impure_ptr
                0x00000000200018cc        0x4 d:/mounriver_studio/toolchain/risc-v embedded gcc12/bin/../lib/gcc/riscv-none-elf/12.2.0/../../../../riscv-none-elf/lib\libg_nano.a(lib_a-impure.o)
                0x00000000200018cc                _impure_ptr
 *(.sdata2.*)
 *(.gnu.linkonce.s.*)
                0x00000000200018d0                . = ALIGN (0x8)
 *(.srodata.cst16)
 *(.srodata.cst8)
 .srodata.cst8  0x00000000200018d0       0x38 ./User/imu_quaternion.o
 *(.srodata.cst4)
 .srodata.cst4  0x0000000020001908        0x4 ./User/conf.o
 .srodata.cst4  0x000000002000190c        0xc ./User/imu_quaternion.o
 .srodata.cst4  0x0000000020001918        0x8 ./User/ns_com_mux.o
 *(.srodata.cst2)
 *(.srodata .srodata.*)
 .srodata.MyLangDescr
                0x0000000020001920        0x4 ./User/usb_desc.o
                0x0000000020001920                MyLangDescr
                0x0000000020001924                . = ALIGN (0x4)
                0x0000000020001924                PROVIDE (_edata = .)

.bss            0x0000000020001928     0x27d0 load address 0x000000000000d9f0
                0x0000000020001928                . = ALIGN (0x4)
                0x0000000020001928                PROVIDE (_sbss = .)
 *(.sbss*)
 .sbss.USBFS_Endp_Busy
                0x0000000020001928        0x8 ./User/ch32v10x_usbfs_device.o
                0x0000000020001928                USBFS_Endp_Busy
 .sbss.USBFS_HidProtocol
                0x0000000020001930        0x1 ./User/ch32v10x_usbfs_device.o
                0x0000000020001930                USBFS_HidProtocol
 .sbss.USBFS_HidIdle
                0x0000000020001931        0x1 ./User/ch32v10x_usbfs_device.o
                0x0000000020001931                USBFS_HidIdle
 .sbss.USBFS_DevEnumStatus
                0x0000000020001932        0x1 ./User/ch32v10x_usbfs_device.o
                0x0000000020001932                USBFS_DevEnumStatus
 .sbss.USBFS_DevSleepStatus
                0x0000000020001933        0x1 ./User/ch32v10x_usbfs_device.o
                0x0000000020001933                USBFS_DevSleepStatus
 .sbss.USBFS_DevAddr
                0x0000000020001934        0x1 ./User/ch32v10x_usbfs_device.o
                0x0000000020001934                USBFS_DevAddr
 .sbss.USBFS_DevConfig
                0x0000000020001935        0x1 ./User/ch32v10x_usbfs_device.o
                0x0000000020001935                USBFS_DevConfig
 .sbss.USBFS_SetupReqLen
                0x0000000020001936        0x2 ./User/ch32v10x_usbfs_device.o
                0x0000000020001936                USBFS_SetupReqLen
 .sbss.USBFS_SetupReqIndex
                0x0000000020001938        0x2 ./User/ch32v10x_usbfs_device.o
                0x0000000020001938                USBFS_SetupReqIndex
 .sbss.USBFS_SetupReqValue
                0x000000002000193a        0x2 ./User/ch32v10x_usbfs_device.o
                0x000000002000193a                USBFS_SetupReqValue
 .sbss.USBFS_SetupReqType
                0x000000002000193c        0x1 ./User/ch32v10x_usbfs_device.o
                0x000000002000193c                USBFS_SetupReqType
 .sbss.USBFS_SetupReqCode
                0x000000002000193d        0x1 ./User/ch32v10x_usbfs_device.o
                0x000000002000193d                USBFS_SetupReqCode
 *fill*         0x000000002000193e        0x2 
 .sbss.pUSBFS_Descr
                0x0000000020001940        0x4 ./User/ch32v10x_usbfs_device.o
                0x0000000020001940                pUSBFS_Descr
 .sbss.fac      0x0000000020001944        0x4 ./User/conf.o
 .sbss.joystick_snapback_deadzone_sq
                0x0000000020001948        0x8 ./User/conf.o
                0x0000000020001948                joystick_snapback_deadzone_sq
 .sbss.Calibrattion_Val
                0x0000000020001950        0x2 ./User/gpio_adc.o
                0x0000000020001950                Calibrattion_Val
 *fill*         0x0000000020001952        0x2 
 .sbss.adc_data
                0x0000000020001954        0x8 ./User/gpio_adc.o
                0x0000000020001954                adc_data
 .sbss.sample   0x000000002000195c        0x8 ./User/hd_rumble2.o
                0x000000002000195c                sample
 .sbss.m_state  0x0000000020001964        0x8 ./User/hd_rumble2.o
                0x0000000020001964                m_state
 .sbss.global_sample_channel
                0x000000002000196c        0x1 ./User/hd_rumble2.o
                0x000000002000196c                global_sample_channel
 .sbss.decoded_cnt
                0x000000002000196d        0x1 ./User/hd_rumble2.o
                0x000000002000196d                decoded_cnt
 *fill*         0x000000002000196e        0x2 
 .sbss.tim3_counter
                0x0000000020001970        0x4 ./User/hd_rumble_high_accuracy.o
 .sbss.right_low_tick
                0x0000000020001974        0x4 ./User/hd_rumble_high_accuracy.o
 .sbss.right_high_tick
                0x0000000020001978        0x4 ./User/hd_rumble_high_accuracy.o
 .sbss.left_low_tick
                0x000000002000197c        0x4 ./User/hd_rumble_high_accuracy.o
 .sbss.left_high_tick
                0x0000000020001980        0x4 ./User/hd_rumble_high_accuracy.o
 .sbss.tim3_irq_tmp
                0x0000000020001984        0x4 ./User/hd_rumble_high_accuracy.o
 .sbss.right_low_sum
                0x0000000020001988        0x4 ./User/hd_rumble_high_accuracy.o
                0x0000000020001988                right_low_sum
 .sbss.right_high_sum
                0x000000002000198c        0x4 ./User/hd_rumble_high_accuracy.o
                0x000000002000198c                right_high_sum
 .sbss.left_low_sum
                0x0000000020001990        0x4 ./User/hd_rumble_high_accuracy.o
                0x0000000020001990                left_low_sum
 .sbss.left_high_sum
                0x0000000020001994        0x4 ./User/hd_rumble_high_accuracy.o
                0x0000000020001994                left_high_sum
 .sbss.right_low_pos
                0x0000000020001998        0x2 ./User/hd_rumble_high_accuracy.o
                0x0000000020001998                right_low_pos
 .sbss.right_high_pos
                0x000000002000199a        0x2 ./User/hd_rumble_high_accuracy.o
                0x000000002000199a                right_high_pos
 .sbss.left_low_pos
                0x000000002000199c        0x2 ./User/hd_rumble_high_accuracy.o
                0x000000002000199c                left_low_pos
 .sbss.left_high_pos
                0x000000002000199e        0x2 ./User/hd_rumble_high_accuracy.o
                0x000000002000199e                left_high_pos
 .sbss.right_low_buf_stdby
                0x00000000200019a0        0x1 ./User/hd_rumble_high_accuracy.o
                0x00000000200019a0                right_low_buf_stdby
 .sbss.right_high_buf_stdby
                0x00000000200019a1        0x1 ./User/hd_rumble_high_accuracy.o
                0x00000000200019a1                right_high_buf_stdby
 .sbss.left_low_buf_stdby
                0x00000000200019a2        0x1 ./User/hd_rumble_high_accuracy.o
                0x00000000200019a2                left_low_buf_stdby
 .sbss.left_high_buf_stdby
                0x00000000200019a3        0x1 ./User/hd_rumble_high_accuracy.o
                0x00000000200019a3                left_high_buf_stdby
 .sbss.right_low_buf_rdy
                0x00000000200019a4        0x1 ./User/hd_rumble_high_accuracy.o
                0x00000000200019a4                right_low_buf_rdy
 .sbss.right_high_buf_rdy
                0x00000000200019a5        0x1 ./User/hd_rumble_high_accuracy.o
                0x00000000200019a5                right_high_buf_rdy
 .sbss.left_low_buf_rdy
                0x00000000200019a6        0x1 ./User/hd_rumble_high_accuracy.o
                0x00000000200019a6                left_low_buf_rdy
 .sbss.left_high_buf_rdy
                0x00000000200019a7        0x1 ./User/hd_rumble_high_accuracy.o
                0x00000000200019a7                left_high_buf_rdy
 .sbss.right_low_buf
                0x00000000200019a8        0x8 ./User/hd_rumble_high_accuracy.o
                0x00000000200019a8                right_low_buf
 .sbss.right_high_buf
                0x00000000200019b0        0x8 ./User/hd_rumble_high_accuracy.o
                0x00000000200019b0                right_high_buf
 .sbss.left_low_buf
                0x00000000200019b8        0x8 ./User/hd_rumble_high_accuracy.o
                0x00000000200019b8                left_low_buf
 .sbss.left_high_buf
                0x00000000200019c0        0x8 ./User/hd_rumble_high_accuracy.o
                0x00000000200019c0                left_high_buf
 .sbss.right_low
                0x00000000200019c8        0x8 ./User/hd_rumble_high_accuracy.o
                0x00000000200019c8                right_low
 .sbss.right_high
                0x00000000200019d0        0x8 ./User/hd_rumble_high_accuracy.o
                0x00000000200019d0                right_high
 .sbss.left_low
                0x00000000200019d8        0x8 ./User/hd_rumble_high_accuracy.o
                0x00000000200019d8                left_low
 .sbss.left_high
                0x00000000200019e0        0x8 ./User/hd_rumble_high_accuracy.o
                0x00000000200019e0                left_high
 .sbss.last_reset.0
                0x00000000200019e8        0x4 ./User/i2c.o
 .sbss.i2c_intr_error
                0x00000000200019ec        0x1 ./User/i2c.o
                0x00000000200019ec                i2c_intr_error
 .sbss.i2c_error_code
                0x00000000200019ed        0x1 ./User/i2c.o
                0x00000000200019ed                i2c_error_code
 .sbss.i2c_status
                0x00000000200019ee        0x1 ./User/i2c.o
                0x00000000200019ee                i2c_status
 *fill*         0x00000000200019ef        0x1 
 .sbss.last_upd.0
                0x00000000200019f0        0x4 ./User/imu.o
 .sbss.status.1
                0x00000000200019f4        0x1 ./User/imu.o
 *fill*         0x00000000200019f5        0x3 
 .sbss.rep      0x00000000200019f8        0x4 ./User/imu.o
 .sbss.imu_buf_pos
                0x00000000200019fc        0x1 ./User/imu.o
                0x00000000200019fc                imu_buf_pos
 .sbss.imu_sample_cnt
                0x00000000200019fd        0x1 ./User/imu.o
 *fill*         0x00000000200019fe        0x2 
 .sbss.last_imu_upd
                0x0000000020001a00        0x4 ./User/imu.o
 .sbss.imu_ratio_zf
                0x0000000020001a04        0x4 ./User/imu.o
                0x0000000020001a04                imu_ratio_zf
 .sbss.imu_ratio_yf
                0x0000000020001a08        0x4 ./User/imu.o
                0x0000000020001a08                imu_ratio_yf
 .sbss.imu_ratio_xf
                0x0000000020001a0c        0x4 ./User/imu.o
                0x0000000020001a0c                imu_ratio_xf
 .sbss.imu_mode
                0x0000000020001a10        0x1 ./User/imu.o
                0x0000000020001a10                imu_mode
 .sbss.imu_rdy  0x0000000020001a11        0x1 ./User/imu.o
                0x0000000020001a11                imu_rdy
 .sbss.imu_upd_cnt
                0x0000000020001a12        0x1 ./User/imu.o
                0x0000000020001a12                imu_upd_cnt
 .sbss.pos.2    0x0000000020001a13        0x1 ./User/imu_quaternion.o
 .sbss.timestamp.4
                0x0000000020001a14        0x4 ./User/imu_quaternion.o
 .sbss.prev_timestamp.5
                0x0000000020001a18        0x4 ./User/imu_quaternion.o
 .sbss.sts.0    0x0000000020001a1c        0x1 ./User/main.o
 .sbss.f6.2     0x0000000020001a1d        0x1 ./User/main.o
 .sbss.f5.3     0x0000000020001a1e        0x1 ./User/main.o
 .sbss.f4.4     0x0000000020001a1f        0x1 ./User/main.o
 .sbss.f3.5     0x0000000020001a20        0x1 ./User/main.o
 .sbss.f2.6     0x0000000020001a21        0x1 ./User/main.o
 .sbss.f1.7     0x0000000020001a22        0x1 ./User/main.o
 .sbss.upd.8    0x0000000020001a23        0x1 ./User/main.o
 .sbss.save.9   0x0000000020001a24        0x1 ./User/main.o
 .sbss.id.11    0x0000000020001a25        0x1 ./User/main.o
 *fill*         0x0000000020001a26        0x2 
 .sbss.last_tick.12
                0x0000000020001a28        0x4 ./User/main.o
 .sbss.set.13   0x0000000020001a2c        0x1 ./User/main.o
 *fill*         0x0000000020001a2d        0x3 
 .sbss.uart_rumble_buf
                0x0000000020001a30        0x8 ./User/main.o
 .sbss.stop_flag
                0x0000000020001a38        0x1 ./User/main.o
 *fill*         0x0000000020001a39        0x3 
 .sbss.routine_tick
                0x0000000020001a3c        0x4 ./User/main.o
 .sbss.test_uart_pkt
                0x0000000020001a40        0x6 ./User/main.o
 *fill*         0x0000000020001a46        0x2 
 .sbss.top_tick
                0x0000000020001a48        0x4 ./User/main.o
 .sbss.input_update_tick
                0x0000000020001a4c        0x4 ./User/main.o
 .sbss.pkt      0x0000000020001a50        0x6 ./User/main.o
 *fill*         0x0000000020001a56        0x2 
 .sbss.sts_rjoy
                0x0000000020001a58        0x4 ./User/main.o
 .sbss.sts_ljoy
                0x0000000020001a5c        0x4 ./User/main.o
 .sbss.sts_button
                0x0000000020001a60        0x4 ./User/main.o
                0x0000000020001a60                sts_button
 .sbss.top_trigger
                0x0000000020001a64        0x1 ./User/main.o
 *fill*         0x0000000020001a65        0x3 
 .sbss.imu_conf
                0x0000000020001a68        0x5 ./User/ns_com.o
                0x0000000020001a68                imu_conf
 .sbss.indicate_led_status
                0x0000000020001a6d        0x1 ./User/ns_com.o
                0x0000000020001a6d                indicate_led_status
 .sbss.fw_red_cnt
                0x0000000020001a6e        0x1 ./User/ns_com_mux.o
 *fill*         0x0000000020001a6f        0x1 
 .sbss.rts_cnt  0x0000000020001a70        0x4 ./User/ns_com_mux.o
                0x0000000020001a70                rts_cnt
 .sbss.is_rumble_start
                0x0000000020001a74        0x1 ./User/ns_com_mux.o
                0x0000000020001a74                is_rumble_start
 .sbss.force_esp32_active
                0x0000000020001a75        0x1 ./User/pwr.o
                0x0000000020001a75                force_esp32_active
 *fill*         0x0000000020001a76        0x2 
 .sbss.p.1      0x0000000020001a78        0x3 ./User/spi.o
 *fill*         0x0000000020001a7b        0x1 
 .sbss.Systick_MS
                0x0000000020001a7c        0x4 ./User/tick.o
                0x0000000020001a7c                Systick_MS
 .sbss.inited.4594
                0x0000000020001a80        0x4 ./User/tick.o
 .sbss.p_us     0x0000000020001a84        0x1 ./User/tick.o
 *fill*         0x0000000020001a85        0x3 
 .sbss.send_buf
                0x0000000020001a88        0x6 ./User/uart_com.o
 *fill*         0x0000000020001a8e        0x2 
 .sbss.rx_filter_buf
                0x0000000020001a90        0x6 ./User/uart_com.o
                0x0000000020001a90                rx_filter_buf
 .sbss.rx_ptr   0x0000000020001a96        0x1 ./User/uart_com.o
                0x0000000020001a96                rx_ptr
 *fill*         0x0000000020001a97        0x1 
 .sbss.UART1_Rx_Deal_Ptr
                0x0000000020001a98        0x2 ./User/uart_com.o
                0x0000000020001a98                UART1_Rx_Deal_Ptr
 .sbss.UART1_Rx_RemainLen
                0x0000000020001a9a        0x2 ./User/uart_com.o
                0x0000000020001a9a                UART1_Rx_RemainLen
 .sbss.UART1_RX_LastCnt
                0x0000000020001a9c        0x2 ./User/uart_com.o
                0x0000000020001a9c                UART1_RX_LastCnt
 .sbss.UART1_RX_CurCnt
                0x0000000020001a9e        0x2 ./User/uart_com.o
                0x0000000020001a9e                UART1_RX_CurCnt
 .sbss.UART1_Tx_Flag
                0x0000000020001aa0        0x1 ./User/uart_com.o
                0x0000000020001aa0                UART1_Tx_Flag
 *fill*         0x0000000020001aa1        0x1 
 .sbss.UART1_TimeOut
                0x0000000020001aa2        0x2 ./User/uart_com.o
                0x0000000020001aa2                UART1_TimeOut
 .sbss.pkt.0    0x0000000020001aa4        0x8 ./User/usbd_compatibility_hid.o
 .sbss.rep      0x0000000020001aac        0x4 ./User/usbd_compatibility_hid.o
 .sbss.rpt      0x0000000020001ab0        0x4 ./User/usbd_compatibility_hid.o
                0x0000000020001ab0                rpt
 .sbss.pkg_typ  0x0000000020001ab4        0x1 ./User/usbd_compatibility_hid.o
                0x0000000020001ab4                pkg_typ
 .sbss.pkg_len  0x0000000020001ab5        0x1 ./User/usbd_compatibility_hid.o
                0x0000000020001ab5                pkg_len
 *fill*         0x0000000020001ab6        0x2 
 .sbss.pkg_ptr  0x0000000020001ab8        0x4 ./User/usbd_compatibility_hid.o
                0x0000000020001ab8                pkg_ptr
 .sbss.ns_hid_pkt_cnt
                0x0000000020001abc        0x1 ./User/usbd_compatibility_hid.o
 *fill*         0x0000000020001abd        0x3 
 .sbss.get_peripheral_data
                0x0000000020001ac0        0x4 ./User/usbd_compatibility_hid.o
                0x0000000020001ac0                get_peripheral_data
 .sbss.HID_Set_Report_Flag
                0x0000000020001ac4        0x1 ./User/usbd_compatibility_hid.o
                0x0000000020001ac4                HID_Set_Report_Flag
 *fill*         0x0000000020001ac5        0x3 
 .sbss.NVIC_Priority_Group
                0x0000000020001ac8        0x4 ./Peripheral/src/ch32v10x_misc.o
                0x0000000020001ac8                NVIC_Priority_Group
 .sbss.pEP1_RAM_Addr
                0x0000000020001acc        0x4 ./Peripheral/src/ch32v10x_usb.o
                0x0000000020001acc                pEP1_RAM_Addr
 *(.gnu.linkonce.sb.*)
 *(.bss*)
 .bss.ep1_data_buffer
                0x0000000020001ad0      0x200 ./User/ch32v10x_usbfs_device.o
                0x0000000020001ad0                ep1_data_buffer
 .bss.Data_Buffer
                0x0000000020001cd0      0x600 ./User/ch32v10x_usbfs_device.o
                0x0000000020001cd0                Data_Buffer
 .bss.RingBuffer_Comm
                0x00000000200022d0       0x1c ./User/ch32v10x_usbfs_device.o
                0x00000000200022d0                RingBuffer_Comm
 .bss.USBFS_EP0_Buf
                0x00000000200022ec       0x40 ./User/ch32v10x_usbfs_device.o
                0x00000000200022ec                USBFS_EP0_Buf
 .bss.user_config
                0x000000002000232c       0x7b ./User/conf.o
                0x000000002000232c                user_config
 *fill*         0x00000000200023a7        0x1 
 .bss.user_calibration
                0x00000000200023a8       0x48 ./User/conf.o
                0x00000000200023a8                user_calibration
 .bss.factory_configuration
                0x00000000200023f0       0xb1 ./User/conf.o
                0x00000000200023f0                factory_configuration
 *fill*         0x00000000200024a1        0x3 
 .bss.flash_buf
                0x00000000200024a4       0x80 ./User/flash.o
 .bss.hid_num_to_gpio
                0x0000000020002524       0x60 ./User/gpio_digit.o