Archive member included to satisfy reference by file (symbol)

d:/mounriver_studio/toolchain/risc-v embedded gcc12/bin/../lib/gcc/riscv-none-elf/12.2.0/../../../../riscv-none-elf/lib\libm_nano.a(lib_a-wf_sqrt.o)
                              ./User/imu_quaternion.o (sqrtf)
d:/mounriver_studio/toolchain/risc-v embedded gcc12/bin/../lib/gcc/riscv-none-elf/12.2.0/../../../../riscv-none-elf/lib\libm_nano.a(lib_a-ef_sqrt.o)
                              d:/mounriver_studio/toolchain/risc-v embedded gcc12/bin/../lib/gcc/riscv-none-elf/12.2.0/../../../../riscv-none-elf/lib\libm_nano.a(lib_a-wf_sqrt.o) (__ieee754_sqrtf)
d:/mounriver_studio/toolchain/risc-v embedded gcc12/bin/../lib/gcc/riscv-none-elf/12.2.0\libgcc.a(_divdi3.o)
                              ./User/hd_rumble2.o (__divdi3)
d:/mounriver_studio/toolchain/risc-v embedded gcc12/bin/../lib/gcc/riscv-none-elf/12.2.0\libgcc.a(_udivdi3.o)
                              ./User/hd_rumble2.o (__udivdi3)
d:/mounriver_studio/toolchain/risc-v embedded gcc12/bin/../lib/gcc/riscv-none-elf/12.2.0\libgcc.a(adddf3.o)
                              ./User/imu_quaternion.o (__adddf3)
d:/mounriver_studio/toolchain/risc-v embedded gcc12/bin/../lib/gcc/riscv-none-elf/12.2.0\libgcc.a(divdf3.o)
                              ./User/imu_quaternion.o (__divdf3)
d:/mounriver_studio/toolchain/risc-v embedded gcc12/bin/../lib/gcc/riscv-none-elf/12.2.0\libgcc.a(muldf3.o)
                              ./User/imu_quaternion.o (__muldf3)
d:/mounriver_studio/toolchain/risc-v embedded gcc12/bin/../lib/gcc/riscv-none-elf/12.2.0\libgcc.a(subdf3.o)
                              ./User/imu_quaternion.o (__subdf3)
d:/mounriver_studio/toolchain/risc-v embedded gcc12/bin/../lib/gcc/riscv-none-elf/12.2.0\libgcc.a(floatsidf.o)
                              ./User/imu_quaternion.o (__floatsidf)
d:/mounriver_studio/toolchain/risc-v embedded gcc12/bin/../lib/gcc/riscv-none-elf/12.2.0\libgcc.a(floatunsidf.o)
                              ./User/imu_quaternion.o (__floatunsidf)
d:/mounriver_studio/toolchain/risc-v embedded gcc12/bin/../lib/gcc/riscv-none-elf/12.2.0\libgcc.a(addsf3.o)
                              ./User/imu_quaternion.o (__addsf3)
d:/mounriver_studio/toolchain/risc-v embedded gcc12/bin/../lib/gcc/riscv-none-elf/12.2.0\libgcc.a(divsf3.o)
                              ./User/conf.o (__divsf3)
d:/mounriver_studio/toolchain/risc-v embedded gcc12/bin/../lib/gcc/riscv-none-elf/12.2.0\libgcc.a(gesf2.o)
                              ./User/imu_quaternion.o (__gtsf2)
d:/mounriver_studio/toolchain/risc-v embedded gcc12/bin/../lib/gcc/riscv-none-elf/12.2.0\libgcc.a(lesf2.o)
                              d:/mounriver_studio/toolchain/risc-v embedded gcc12/bin/../lib/gcc/riscv-none-elf/12.2.0/../../../../riscv-none-elf/lib\libm_nano.a(lib_a-ef_sqrt.o) (__lesf2)
d:/mounriver_studio/toolchain/risc-v embedded gcc12/bin/../lib/gcc/riscv-none-elf/12.2.0\libgcc.a(mulsf3.o)
                              ./User/imu.o (__mulsf3)
d:/mounriver_studio/toolchain/risc-v embedded gcc12/bin/../lib/gcc/riscv-none-elf/12.2.0\libgcc.a(subsf3.o)
                              ./User/imu_quaternion.o (__subsf3)
d:/mounriver_studio/toolchain/risc-v embedded gcc12/bin/../lib/gcc/riscv-none-elf/12.2.0\libgcc.a(unordsf2.o)
                              d:/mounriver_studio/toolchain/risc-v embedded gcc12/bin/../lib/gcc/riscv-none-elf/12.2.0/../../../../riscv-none-elf/lib\libm_nano.a(lib_a-wf_sqrt.o) (__unordsf2)
d:/mounriver_studio/toolchain/risc-v embedded gcc12/bin/../lib/gcc/riscv-none-elf/12.2.0\libgcc.a(fixsfsi.o)
                              ./User/imu.o (__fixsfsi)
d:/mounriver_studio/toolchain/risc-v embedded gcc12/bin/../lib/gcc/riscv-none-elf/12.2.0\libgcc.a(floatsisf.o)
                              ./User/conf.o (__floatsisf)
d:/mounriver_studio/toolchain/risc-v embedded gcc12/bin/../lib/gcc/riscv-none-elf/12.2.0\libgcc.a(truncdfsf2.o)
                              ./User/imu_quaternion.o (__truncdfsf2)
d:/mounriver_studio/toolchain/risc-v embedded gcc12/bin/../lib/gcc/riscv-none-elf/12.2.0\libgcc.a(save-restore.o)
                              ./User/imu.o (__riscv_save_12)
d:/mounriver_studio/toolchain/risc-v embedded gcc12/bin/../lib/gcc/riscv-none-elf/12.2.0\libgcc.a(_clz.o)
                              d:/mounriver_studio/toolchain/risc-v embedded gcc12/bin/../lib/gcc/riscv-none-elf/12.2.0\libgcc.a(_divdi3.o) (__clz_tab)
d:/mounriver_studio/toolchain/risc-v embedded gcc12/bin/../lib/gcc/riscv-none-elf/12.2.0\libgcc.a(_clzsi2.o)
                              d:/mounriver_studio/toolchain/risc-v embedded gcc12/bin/../lib/gcc/riscv-none-elf/12.2.0\libgcc.a(adddf3.o) (__clzsi2)
d:/mounriver_studio/toolchain/risc-v embedded gcc12/bin/../lib/gcc/riscv-none-elf/12.2.0/../../../../riscv-none-elf/lib\libg_nano.a(lib_a-errno.o)
                              d:/mounriver_studio/toolchain/risc-v embedded gcc12/bin/../lib/gcc/riscv-none-elf/12.2.0/../../../../riscv-none-elf/lib\libm_nano.a(lib_a-wf_sqrt.o) (__errno)
[...]
Memory Configuration

Name             Origin             Length             Attributes
FLASH            0x0000000000000000 0x0000000000010000 xr
RAM              0x0000000020000000 0x0000000000005000 xrw
*default*        0x0000000000000000 0xffffffffffffffff

Linker script and memory map

LOAD ./User/ch32v10x_it.o
LOAD ./User/ch32v10x_usbfs_device.o
LOAD ./User/conf.o
LOAD ./User/flash.o
LOAD ./User/global_api.o
LOAD ./User/gpio_adc.o
LOAD ./User/gpio_digit.o
LOAD ./User/hd_rumble.o
LOAD ./User/hd_rumble2.o
LOAD ./User/hd_rumble_high_accuracy.o
LOAD ./User/hd_rumble_high_accurary_packed.o
LOAD ./User/i2c.o
LOAD ./User/imu.o
LOAD ./User/imu_quaternion.o
LOAD ./User/main.o
LOAD ./User/ns_com.o
LOAD ./User/ns_com_mux.o
LOAD ./User/pwr.o
LOAD ./User/ring_buffer.o
LOAD ./User/spi.o
LOAD ./User/system_ch32v10x.o
LOAD ./User/tick.o
LOAD ./User/uart.o
LOAD ./User/uart_com.o
LOAD ./User/usb_desc.o
LOAD ./User/usbd_compatibility_hid.o
LOAD ./Startup/startup_ch32v10x.o
LOAD ./Peripheral/src/ch32v10x_adc.o
LOAD ./Peripheral/src/ch32v10x_bkp.o
LOAD ./Peripheral/src/ch32v10x_crc.o
LOAD ./Peripheral/src/ch32v10x_dbgmcu.o
LOAD ./Peripheral/src/ch32v10x_dma.o
LOAD ./Peripheral/src/ch32v10x_exti.o
LOAD ./Peripheral/src/ch32v10x_flash.o
LOAD ./Peripheral/src/ch32v10x_gpio.o
LOAD ./Peripheral/src/ch32v10x_i2c.o
LOAD ./Peripheral/src/ch32v10x_iwdg.o
LOAD ./Peripheral/src/ch32v10x_misc.o
LOAD ./Peripheral/src/ch32v10x_pwr.o
LOAD ./Peripheral/src/ch32v10x_rcc.o
LOAD ./Peripheral/src/ch32v10x_rtc.o
LOAD ./Peripheral/src/ch32v10x_spi.o
LOAD ./Peripheral/src/ch32v10x_tim.o
LOAD ./Peripheral/src/ch32v10x_usart.o
LOAD ./Peripheral/src/ch32v10x_usb.o
LOAD ./Peripheral/src/ch32v10x_usb_host.o
LOAD ./Peripheral/src/ch32v10x_wwdg.o
LOAD ./Debug/debug.o
LOAD ./Core/core_riscv.o
LOAD d:/mounriver_studio/toolchain/risc-v embedded gcc12/bin/../lib/gcc/riscv-none-elf/12.2.0/../../../../riscv-none-elf/lib\libm_nano.a
LOAD d:/mounriver_studio/toolchain/risc-v embedded gcc12/bin/../lib/gcc/riscv-none-elf/12.2.0\libgcc.a
LOAD d:/mounriver_studio/toolchain/risc-v embedded gcc12/bin/../lib/gcc/riscv-none-elf/12.2.0/../../../../riscv-none-elf/lib\libg_nano.a
LOAD d:/mounriver_studio/toolchain/risc-v embedded gcc12/bin/../lib/gcc/riscv-none-elf/12.2.0/../../../../riscv-none-elf/lib\libc_nano.a
LOAD d:/mounriver_studio/toolchain/risc-v embedded gcc12/bin/../lib/gcc/riscv-none-elf/12.2.0\libgcc.a
START GROUP
LOAD d:/mounriver_studio/toolchain/risc-v embedded gcc12/bin/../lib/gcc/riscv-none-elf/12.2.0\libgcc.a
LOAD d:/mounriver_studio/toolchain/risc-v embedded gcc12/bin/../lib/gcc/riscv-none-elf/12.2.0/../../../../riscv-none-elf/lib\libc_nano.a
LOAD d:/mounriver_studio/toolchain/risc-v embedded gcc12/bin/../lib/gcc/riscv-none-elf/12.2.0/../../../../riscv-none-elf/lib\libnosys.a
END GROUP
START GROUP
LOAD d:/mounriver_studio/toolchain/risc-v embedded gcc12/bin/../lib/gcc/riscv-none-elf/12.2.0\libgcc.a
LOAD d:/mounriver_studio/toolchain/risc-v embedded gcc12/bin/../lib/gcc/riscv-none-elf/12.2.0/../../../../riscv-none-elf/lib\libc_nano.a
LOAD d:/mounriver_studio/toolchain/risc-v embedded gcc12/bin/../lib/gcc/riscv-none-elf/12.2.0/../../../../riscv-none-elf/lib\libnosys.a
END GROUP
                0x0000000000000800                __stack_size = 0x800
                [!provide]                        PROVIDE (_stack_size = __stack_size)

.init           0x0000000000000000       0x38
                0x0000000000000000                _sinit = .
                0x0000000000000000                . = ALIGN (0x4)
 *(SORT_NONE(.init))
 .init          0x0000000000000000       0x38 ./Startup/startup_ch32v10x.o
                0x0000000000000000                _start
                0x0000000000000038                . = ALIGN (0x4)
                0x0000000000000038                _einit = .

.vector         0x0000000000000038      0x108
 *(.vector)
 .vector        0x0000000000000038       0xf0 ./Startup/startup_ch32v10x.o
                0x0000000000000140                . = ALIGN (0x40)
 *fill*         0x0000000000000128       0x18 

.text           0x0000000000000140     0xc930
                0x0000000000000140                . = ALIGN (0x4)
 *(.text)
 .text          0x0000000000000140       0x60 d:/mounriver_studio/toolchain/risc-v embedded gcc12/bin/../lib/gcc/riscv-none-elf/12.2.0\libgcc.a(save-restore.o)
                0x0000000000000140                __riscv_save_12
                0x0000000000000148                __riscv_save_9
                0x0000000000000148                __riscv_save_11
                0x0000000000000148                __riscv_save_10
                0x0000000000000148                __riscv_save_8
                0x0000000000000156                __riscv_save_4
                0x0000000000000156                __riscv_save_6
                0x0000000000000156                __riscv_save_5
                0x0000000000000156                __riscv_save_7
                0x0000000000000170                __riscv_save_3
                0x0000000000000170                __riscv_save_2
                0x0000000000000170                __riscv_save_1
                0x0000000000000170                __riscv_save_0
                0x000000000000017c                __riscv_restore_12
                0x0000000000000180                __riscv_restore_11
                0x0000000000000180                __riscv_restore_9
                0x0000000000000180                __riscv_restore_10
                0x0000000000000180                __riscv_restore_8
                0x000000000000018a                __riscv_restore_5
                0x000000000000018a                __riscv_restore_7
                0x000000000000018a                __riscv_restore_6
                0x000000000000018a                __riscv_restore_4
                0x0000000000000194                __riscv_restore_3
                0x0000000000000194                __riscv_restore_0
                0x0000000000000194                __riscv_restore_2
                0x0000000000000194                __riscv_restore_1
 .text          0x00000000000001a0       0x16 d:/mounriver_studio/toolchain/risc-v embedded gcc12/bin/../lib/gcc/riscv-none-elf/12.2.0/../../../../riscv-none-elf/lib\libg_nano.a(lib_a-memcpy-asm.o)
                0x00000000000001a0                memcpy
 .text          0x00000000000001b6       0x10 d:/mounriver_studio/toolchain/risc-v embedded gcc12/bin/../lib/gcc/riscv-none-elf/12.2.0/../../../../riscv-none-elf/lib\libg_nano.a(lib_a-memset.o)
                0x00000000000001b6                memset
 *(.text.*)
 .text.NMI_Handler
                0x00000000000001c6       0x28 ./User/ch32v10x_it.o
                0x00000000000001c6                NMI_Handler
 .text.HardFault_Handler
                0x00000000000001ee       0x80 ./User/ch32v10x_it.o
                0x00000000000001ee                HardFault_Handler
 .text.USBFS_RCC_Init
                0x000000000000026e       0x4a ./User/ch32v10x_usbfs_device.o
                0x000000000000026e                USBFS_RCC_Init
 .text.USBFS_Device_Endp_Init
                0x00000000000002b8       0x3c ./User/ch32v10x_usbfs_device.o
                0x00000000000002b8                USBFS_Device_Endp_Init
 .text.USBFS_IRQHandler
                0x00000000000002f4      0x672 ./User/ch32v10x_usbfs_device.o
                0x00000000000002f4                USBFS_IRQHandler
 .text.USBFS_Device_Init
                0x0000000000000966       0xbc ./User/ch32v10x_usbfs_device.o
                0x0000000000000966                USBFS_Device_Init
 .text.set_hd_rumble_range
                0x0000000000000a22       0x4a ./User/conf.o
                0x0000000000000a22                set_hd_rumble_range
 .text.conf_read
                0x0000000000000a6c       0x68 ./User/conf.o
                0x0000000000000a6c                conf_read
 .text.custom_conf_read
                0x0000000000000ad4       0x10 ./User/conf.o
                0x0000000000000ad4                custom_conf_read
 .text.custom_conf_write
                0x0000000000000ae4       0x10 ./User/conf.o
                0x0000000000000ae4                custom_conf_write
 .text.fac_conf_read
                0x0000000000000af4       0x12 ./User/conf.o
                0x0000000000000af4                fac_conf_read
 .text.fac_conf_write
                0x0000000000000b06       0x12 ./User/conf.o
                0x0000000000000b06                fac_conf_write
 .text.conf_flush
                0x0000000000000b18       0x74 ./User/conf.o
                0x0000000000000b18                conf_flush
 .text.conf_init
                0x0000000000000b8c      0x2ca ./User/conf.o
                0x0000000000000b8c                conf_init
 .text.hw_config_flush
                0x0000000000000e56       0x10 ./User/conf.o
                0x0000000000000e56                hw_config_flush
 .text.conf_write
                0x0000000000000e66       0xc6 ./User/conf.o
                0x0000000000000e66                conf_write
 .text.write_flash
                0x0000000000000f2c       0x6e ./User/flash.o
                0x0000000000000f2c                write_flash
 .text.read_flash
                0x0000000000000f9a       0x30 ./User/flash.o
                0x0000000000000f9a                read_flash
 .text.i32_min  0x0000000000000fca        0xc ./User/global_api.o
                0x0000000000000fca                i32_min
 .text.fetch_uint32
                0x0000000000000fd6       0x18 ./User/global_api.o
                0x0000000000000fd6                fetch_uint32
 .text.i32_clamp
                0x0000000000000fee       0x12 ./User/global_api.o
                0x0000000000000fee                i32_clamp
 .text.ADC_Function_Init
                0x0000000000001000       0xb2 ./User/gpio_adc.o
                0x0000000000001000                ADC_Function_Init
 .text.DMA_Tx_Init
                0x00000000000010b2       0x56 ./User/gpio_adc.o
                0x00000000000010b2                DMA_Tx_Init
 .text.adc_init
                0x0000000000001108       0x6e ./User/gpio_adc.o
                0x0000000000001108                adc_init
 .text.gpio_tb_init
                0x0000000000001176       0xb8 ./User/gpio_digit.o
                0x0000000000001176                gpio_tb_init
 .text._gpio_init
                0x000000000000122e       0xce ./User/gpio_digit.o
                0x000000000000122e                _gpio_init
 .text.gpio_kb_scan_init
                0x00000000000012fc       0x8c ./User/gpio_digit.o
                0x00000000000012fc                gpio_kb_scan_init
 .text.gpio_init
                0x0000000000001388       0x22 ./User/gpio_digit.o
                0x0000000000001388                gpio_init
 .text.gpio_kb_scan
                0x00000000000013aa       0xa0 ./User/gpio_digit.o
                0x00000000000013aa                gpio_kb_scan
 .text.gpio_read_all
                0x000000000000144a       0x7e ./User/gpio_digit.o
                0x000000000000144a                gpio_read_all
 .text.gpio_read
                0x00000000000014c8       0x54 ./User/gpio_digit.o
                0x00000000000014c8                gpio_read
 .text.gpio_set
                0x000000000000151c       0x1e ./User/gpio_digit.o
                0x000000000000151c                gpio_set
 .text.hd_rumble_init
                0x000000000000153a      0x116 ./User/hd_rumble.o
                0x000000000000153a                hd_rumble_init
 .text.hd_rumble_set_status
                0x0000000000001650        0xe ./User/hd_rumble.o
                0x0000000000001650                hd_rumble_set_status
 .text.ApplyCommand
                0x000000000000165e       0x36 ./User/hd_rumble2.o
                0x000000000000165e                ApplyCommand
 .text.ApplyAmCommand
                0x0000000000001694       0x24 ./User/hd_rumble2.o
                0x0000000000001694                ApplyAmCommand
 .text.ApplyFmCommand
                0x00000000000016b8       0x28 ./User/hd_rumble2.o
                0x00000000000016b8                ApplyFmCommand
 .text.get_hd_rumble_pack
                0x00000000000016e0       0x1a ./User/hd_rumble2.o
                0x00000000000016e0                get_hd_rumble_pack
 .text.deocde_hd_rumble_format1
                0x00000000000016fa       0x70 ./User/hd_rumble2.o
                0x00000000000016fa                deocde_hd_rumble_format1
 .text.decode_hd_rumble_format1long
                0x000000000000176a       0x82 ./User/hd_rumble2.o
                0x000000000000176a                decode_hd_rumble_format1long
 .text.decode_hd_rumble_format1full
                0x00000000000017ec      0x12a ./User/hd_rumble2.o
                0x00000000000017ec                decode_hd_rumble_format1full
 .text.decode_hd_rumble_format2
                0x0000000000001916       0xcc ./User/hd_rumble2.o
                0x0000000000001916                decode_hd_rumble_format2
 .text.decode_hd_rumble_format2long
                0x00000000000019e2      0x10e ./User/hd_rumble2.o
                0x00000000000019e2                decode_hd_rumble_format2long
 .text.decode_hd_rumble_format3
                0x0000000000001af0      0x142 ./User/hd_rumble2.o
                0x0000000000001af0                decode_hd_rumble_format3
 .text.decode_hd_rumble_multiformat_high_acc
                0x0000000000001c32      0x27e ./User/hd_rumble2.o
                0x0000000000001c32                decode_hd_rumble_multiformat_high_acc
 .text.hd_rumble_lookup_tb_init
                0x0000000000001eb0       0x4a ./User/hd_rumble2.o
                0x0000000000001eb0                hd_rumble_lookup_tb_init
 .text.hd_rumble_high_accurary_init
                0x0000000000001efa       0xa2 ./User/hd_rumble_high_accuracy.o
                0x0000000000001efa                hd_rumble_high_accurary_init
 .text.push_waveform
                0x0000000000001f9c       0x60 ./User/hd_rumble_high_accuracy.o
                0x0000000000001f9c                push_waveform
 .text.push_waveform_into_buffer_task
                0x0000000000001ffc      0x108 ./User/hd_rumble_high_accuracy.o
                0x0000000000001ffc                push_waveform_into_buffer_task
 .text.step_forward
                0x0000000000002104       0x44 ./User/hd_rumble_high_accuracy.o
                0x0000000000002104                step_forward
 .text.rumble_pattern_check
                0x0000000000002148       0x5c ./User/hd_rumble_high_accuracy.o
                0x0000000000002148                rumble_pattern_check
 .text.TIM3_IRQHandler
                0x00000000000021a4      0x484 ./User/hd_rumble_high_accuracy.o
                0x00000000000021a4                TIM3_IRQHandler
 .text.i2c2_check_flag
                0x0000000000002628       0x1a ./User/i2c.o
                0x0000000000002628                i2c2_check_flag
 .text.i2c2_check_event
                0x0000000000002642       0x1a ./User/i2c.o
                0x0000000000002642                i2c2_check_event
 .text.I2C2_ER_IRQHandler
                0x000000000000265c       0x2a ./User/i2c.o
                0x000000000000265c                I2C2_ER_IRQHandler
 .text.i2c_software_recovery
                0x0000000000002686      0x11e ./User/i2c.o
                0x0000000000002686                i2c_software_recovery
 .text.i2c2_reset
                0x00000000000027a4       0x44 ./User/i2c.o
                0x00000000000027a4                i2c2_reset
 .text.i2c_hardware_init
                0x00000000000027e8       0xc0 ./User/i2c.o
                0x00000000000027e8                i2c_hardware_init
 .text.i2c_read_start
                0x00000000000028a8      0x140 ./User/i2c.o
                0x00000000000028a8                i2c_read_start
 .text.i2c_read_byte
                0x00000000000029e8       0x84 ./User/i2c.o
                0x00000000000029e8                i2c_read_byte
 .text.i2c_read_continuous
                0x0000000000002a6c       0xac ./User/i2c.o
                0x0000000000002a6c                i2c_read_continuous
 .text.i2c_write_byte
                0x0000000000002b18      0x116 ./User/i2c.o
                0x0000000000002b18                i2c_write_byte
 .text.i2c_init
                0x0000000000002c2e       0x10 ./User/i2c.o
                0x0000000000002c2e                i2c_init
 .text.imu_set_reg
                0x0000000000002c3e       0x34 ./User/imu.o
                0x0000000000002c3e                imu_set_reg
 .text.imu_read
                0x0000000000002c72       0xca ./User/imu.o
                0x0000000000002c72                imu_read
 .text.set_imu_awake
                0x0000000000002d3c       0x96 ./User/imu.o
                0x0000000000002d3c                set_imu_awake
 .text.set_imu_sleep
                0x0000000000002dd2       0x24 ./User/imu.o
                0x0000000000002dd2                set_imu_sleep
 .text.imu_init
                0x0000000000002df6        0x2 ./User/imu.o
                0x0000000000002df6                imu_init
 .text.imu_upd  0x0000000000002df8      0x236 ./User/imu.o
                0x0000000000002df8                imu_upd
 .text._imu_quat_normalize
                0x000000000000302e       0x90 ./User/imu_quaternion.o
                0x000000000000302e                _imu_quat_normalize
 .text._imu_rotate_quaternion
                0x00000000000030be      0x128 ./User/imu_quaternion.o
                0x00000000000030be                _imu_rotate_quaternion
 .text._imu_update_quaternion
                0x00000000000031e6      0x1fe ./User/imu_quaternion.o
                0x00000000000031e6                _imu_update_quaternion
 .text.switch_motion_pack_quat
                0x00000000000033e4      0x326 ./User/imu_quaternion.o
                0x00000000000033e4                switch_motion_pack_quat
 .text.imu_upd2
                0x000000000000370a       0x32 ./User/imu_quaternion.o
                0x000000000000370a                imu_upd2
 .text.button_upd_all
                0x000000000000373c       0x1e ./User/main.o
                0x000000000000373c                button_upd_all
 .text.get_peripheral_data_handler
                0x000000000000375a       0x56 ./User/main.o
                0x000000000000375a                get_peripheral_data_handler
 .text.joystick_snapback_filter
                0x00000000000037b0      0x20e ./User/main.o
                0x00000000000037b0                joystick_snapback_filter
 .text.joystick_debounce_task
                0x00000000000039be       0x84 ./User/main.o
                0x00000000000039be                joystick_debounce_task
 .text.func_switch_task
                0x0000000000003a42      0x210 ./User/main.o
                0x0000000000003a42                func_switch_task
 .text.top_timer
                0x0000000000003c52       0x56 ./User/main.o
                0x0000000000003c52                top_timer
 .text.routine_service
                0x0000000000003ca8       0x52 ./User/main.o
                0x0000000000003ca8                routine_service
 .text.set_peripherals_state
                0x0000000000003cfa       0x92 ./User/main.o
                0x0000000000003cfa                set_peripherals_state
 .text.init_all
                0x0000000000003d8c       0xd4 ./User/main.o
                0x0000000000003d8c                init_all
 .text.startup.main
                0x0000000000003e60       0xcc ./User/main.o
                0x0000000000003e60                main
 .text.ns_subcommand_set_hci_state
                0x0000000000003f2c        0x2 ./User/ns_com.o
                0x0000000000003f2c                ns_subcommand_set_hci_state
 .text.ns_subcommand_set_imu_register
                0x0000000000003f2e       0x10 ./User/ns_com.o
                0x0000000000003f2e                ns_subcommand_set_imu_register
 .text.ns_subcommand_reset_mcu
                0x0000000000003f3e        0x2 ./User/ns_com.o
                0x0000000000003f3e                ns_subcommand_reset_mcu
 .text.ns_subcommand_set_home_led
                0x0000000000003f40        0x2 ./User/ns_com.o
                0x0000000000003f40                ns_subcommand_set_home_led
 .text.ns_subcommand_reset_pairing_info
                0x0000000000003f42        0x2 ./User/ns_com.o
                0x0000000000003f42                ns_subcommand_reset_pairing_info
 .text.pkt_clr  0x0000000000003f44       0x16 ./User/ns_com.o
                0x0000000000003f44                pkt_clr
 .text.ns_subcommand_set_mcu_conf
                0x0000000000003f5a       0x40 ./User/ns_com.o
                0x0000000000003f5a                ns_subcommand_set_mcu_conf
 .text.ns_subcommand_default
                0x0000000000003f9a       0x38 ./User/ns_com.o
                0x0000000000003f9a                ns_subcommand_default
 .text.ns_subcommand_pair_by_wire
                0x0000000000003fd2       0xa0 ./User/ns_com.o
                0x0000000000003fd2                ns_subcommand_pair_by_wire
 .text.ns_subcommand_get_device_info
                0x0000000000004072       0x9c ./User/ns_com.o
                0x0000000000004072                ns_subcommand_get_device_info
 .text.ns_subcommand_set_input_mode
                0x000000000000410e       0x4a ./User/ns_com.o
                0x000000000000410e                ns_subcommand_set_input_mode
 .text.ns_subcommand_trigger_buttons_elapsed_time
                0x0000000000004158       0x46 ./User/ns_com.o
                0x0000000000004158                ns_subcommand_trigger_buttons_elapsed_time
 .text.ns_subcommand_get_page_list_state
                0x000000000000419e       0x3a ./User/ns_com.o
                0x000000000000419e                ns_subcommand_get_page_list_state
 .text.ns_subcommand_set_shipping_mode
                0x00000000000041d8       0x38 ./User/ns_com.o
                0x00000000000041d8                ns_subcommand_set_shipping_mode
 .text.ns_subcommand_spi_erase
                0x0000000000004210        0x4 ./User/ns_com.o
                0x0000000000004210                ns_subcommand_spi_erase
 .text.ns_subcommand_enable_mcu_polling
                0x0000000000004214        0x4 ./User/ns_com.o
                0x0000000000004214                ns_subcommand_enable_mcu_polling
 .text.ns_subcommand_disable_mcu_polling
                0x0000000000004218        0x4 ./User/ns_com.o
                0x0000000000004218                ns_subcommand_disable_mcu_polling
 .text.ns_subcommand_spi_read
                0x000000000000421c       0x7a ./User/ns_com.o
                0x000000000000421c                ns_subcommand_spi_read
 .text.ns_subcommand_spi_write
                0x0000000000004296       0x62 ./User/ns_com.o
                0x0000000000004296                ns_subcommand_spi_write
 .text.ns_subcommand_set_mcu_state
                0x00000000000042f8       0x34 ./User/ns_com.o
                0x00000000000042f8                ns_subcommand_set_mcu_state
 .text.ns_subcommand_attachmend_write
                0x000000000000432c        0x4 ./User/ns_com.o
                0x000000000000432c                ns_subcommand_attachmend_write
 .text.ns_subcommand_write_charge_setting
                0x0000000000004330        0x4 ./User/ns_com.o
                0x0000000000004330                ns_subcommand_write_charge_setting
 .text.ns_subcommand_attachmend_read
                0x0000000000004334       0x36 ./User/ns_com.o
                0x0000000000004334                ns_subcommand_attachmend_read
 .text.ns_subcommand_attachment_state
                0x000000000000436a       0x30 ./User/ns_com.o
                0x000000000000436a                ns_subcommand_attachment_state
 .text.ns_subcommand_get_attachment_info
                0x000000000000439a       0x34 ./User/ns_com.o
                0x000000000000439a                ns_subcommand_get_attachment_info
 .text.ns_subcommand_set_indicate_led
                0x00000000000043ce       0x4e ./User/ns_com.o
                0x00000000000043ce                ns_subcommand_set_indicate_led
 .text.ns_subcommand_get_indicate_led
                0x000000000000441c       0x3c ./User/ns_com.o
                0x000000000000441c                ns_subcommand_get_indicate_led
 .text.ns_subcommand_set_imu_state
                0x0000000000004458       0x40 ./User/ns_com.o
                0x0000000000004458                ns_subcommand_set_imu_state
 .text.ns_subcommand_set_imu_conf
                0x0000000000004498       0x5e ./User/ns_com.o
                0x0000000000004498                ns_subcommand_set_imu_conf
 .text.ns_subcommand_read_imu_register
                0x00000000000044f6       0x68 ./User/ns_com.o
                0x00000000000044f6                ns_subcommand_read_imu_register
 .text.ns_subcommand_set_rumble_state
                0x000000000000455e       0x40 ./User/ns_com.o
                0x000000000000455e                ns_subcommand_set_rumble_state
 .text.ns_subcommand_get_battery_voltage
                0x000000000000459e       0x3c ./User/ns_com.o
                0x000000000000459e                ns_subcommand_get_battery_voltage
 .text.ns_subcommand_read_charge_setting
                0x00000000000045da       0x3a ./User/ns_com.o
                0x00000000000045da                ns_subcommand_read_charge_setting
 .text.ns_subcommand_callback_init
                0x0000000000004614      0x112 ./User/ns_com.o
                0x0000000000004614                ns_subcommand_callback_init
 .text.ns_rumble_handler
                0x0000000000004726       0x14 ./User/ns_com_mux.o
                0x0000000000004726                ns_rumble_handler
 .text.ns_cmd_subcommand_dispatcher
                0x000000000000473a       0x3c ./User/ns_com_mux.o
                0x000000000000473a                ns_cmd_subcommand_dispatcher
 .text.ns_mux_usb_handshake_handler
                0x0000000000004776       0x8e ./User/ns_com_mux.o
                0x0000000000004776                ns_mux_usb_handshake_handler
 .text.fw_snd_pkt
                0x0000000000004804       0x28 ./User/ns_com_mux.o
                0x0000000000004804                fw_snd_pkt
 .text.fw_subcommand_read_setting
                0x000000000000482c       0x9c ./User/ns_com_mux.o
                0x000000000000482c                fw_subcommand_read_setting
 .text.fw_subcommand_write_setting
                0x00000000000048c8       0x8c ./User/ns_com_mux.o
                0x00000000000048c8                fw_subcommand_write_setting
 .text.fw_subcommand_read_emulate_rom
                0x0000000000004954       0x4c ./User/ns_com_mux.o
                0x0000000000004954                fw_subcommand_read_emulate_rom
 .text.fw_subcommand_write_emulate_rom
                0x00000000000049a0       0x30 ./User/ns_com_mux.o
                0x00000000000049a0                fw_subcommand_write_emulate_rom
 .text._calibrate_imu_raw
                0x00000000000049d0       0xac ./User/ns_com_mux.o
                0x00000000000049d0                _calibrate_imu_raw
 .text.calibrate_imu
                0x0000000000004a7c      0x17e ./User/ns_com_mux.o
                0x0000000000004a7c                calibrate_imu
 .text.fw_subcommand_calibrate_imu
                0x0000000000004bfa       0x2a ./User/ns_com_mux.o
                0x0000000000004bfa                fw_subcommand_calibrate_imu
 .text.fw_subcommand_calibrate_js_offset
                0x0000000000004c24       0x6c ./User/ns_com_mux.o
                0x0000000000004c24                fw_subcommand_calibrate_js_offset
 .text.fw_subcommand_get_status
                0x0000000000004c90       0x70 ./User/ns_com_mux.o
                0x0000000000004c90                fw_subcommand_get_status
 .text.fw_subcommand_reboot
                0x0000000000004d00       0x22 ./User/ns_com_mux.o
                0x0000000000004d00                fw_subcommand_reboot
 .text.fw_subcommand_get_version
                0x0000000000004d22       0x16 ./User/ns_com_mux.o
                0x0000000000004d22                fw_subcommand_get_version
 .text.fw_subcommand_dispatcher
                0x0000000000004d38       0x96 ./User/ns_com_mux.o
                0x0000000000004d38                fw_subcommand_dispatcher
 .text.ns_mux_init
                0x0000000000004dce        0x4 ./User/ns_com_mux.o
                0x0000000000004dce                ns_mux_init
 .text.hid_dispatch
                0x0000000000004dd2       0x46 ./User/ns_com_mux.o
                0x0000000000004dd2                hid_dispatch
 .text.ns_send_report
                0x0000000000004e18        0xe ./User/ns_com_mux.o
                0x0000000000004e18                ns_send_report
 .text.setup_exti
                0x0000000000004e26       0xae ./User/pwr.o
                0x0000000000004e26                setup_exti
 .text.top_init
                0x0000000000004ed4       0x2e ./User/pwr.o
                0x0000000000004ed4                top_init
 .text.set_pwr_mode_sleep
                0x0000000000004f02       0x4c ./User/pwr.o
                0x0000000000004f02                set_pwr_mode_sleep
 .text.set_pwr_mode_stop
                0x0000000000004f4e       0x4c ./User/pwr.o
                0x0000000000004f4e                set_pwr_mode_stop
 .text.ring_buffer_init
                0x0000000000004f9a       0x3e ./User/ring_buffer.o
                0x0000000000004f9a                ring_buffer_init
 .text.ring_buffer_push
                0x0000000000004fd8       0x8e ./User/ring_buffer.o
                0x0000000000004fd8                ring_buffer_push
 .text.ring_buffer_push_with_hdr
                0x0000000000005066       0xa8 ./User/ring_buffer.o
                0x0000000000005066                ring_buffer_push_with_hdr
 .text.ring_buffer_pop
                0x000000000000510e       0x52 ./User/ring_buffer.o
                0x000000000000510e                ring_buffer_pop
 .text.SPI_FullDuplex_Init
                0x0000000000005160       0x76 ./User/spi.o
                0x0000000000005160                SPI_FullDuplex_Init
 .text.spi_DMA_Tx_Init
                0x00000000000051d6       0x58 ./User/spi.o
                0x00000000000051d6                spi_DMA_Tx_Init
 .text.rgb_spi_pkg_gen
                0x000000000000522e       0x54 ./User/spi.o
                0x000000000000522e                rgb_spi_pkg_gen
 .text.set_led_rgb
                0x0000000000005282       0x7e ./User/spi.o
                0x0000000000005282                set_led_rgb
 .text.flush_spi_tx_seq
                0x0000000000005300      0x1d0 ./User/spi.o
                0x0000000000005300                flush_spi_tx_seq
 .text._flush_rgb
                0x00000000000054d0       0x46 ./User/spi.o
                0x00000000000054d0                _flush_rgb
 .text.flush_rgb
                0x0000000000005516       0x14 ./User/spi.o
                0x0000000000005516                flush_rgb
 .text.spi_init
                0x000000000000552a       0x44 ./User/spi.o
                0x000000000000552a                spi_init
 .text.set_indicate_led_status
                0x000000000000556e        0xa ./User/spi.o
                0x000000000000556e                set_indicate_led_status
 .text.DMA1_Channel3_IRQHandler
                0x0000000000005578       0x2e ./User/spi.o
                0x0000000000005578                DMA1_Channel3_IRQHandler
 .text.SetSysClockTo72_HSE
                0x00000000000055a6       0xc6 ./User/system_ch32v10x.o
 .text.SystemInit
                0x000000000000566c       0x44 ./User/system_ch32v10x.o
                0x000000000000566c                SystemInit
 .text.SystemCoreClockUpdate
                0x00000000000056b0       0x76 ./User/system_ch32v10x.o
                0x00000000000056b0                SystemCoreClockUpdate
 .text.SetSysClock
                0x0000000000005726        0x4 ./User/system_ch32v10x.o
                0x0000000000005726                SetSysClock
 .text.TIM2_IRQHandler
                0x000000000000572a       0x28 ./User/tick.o
                0x000000000000572a                TIM2_IRQHandler
 .text._systick_init
                0x0000000000005752       0x68 ./User/tick.o
                0x0000000000005752                _systick_init
 .text.SysTick_Init
                0x00000000000057ba       0x12 ./User/tick.o
                0x00000000000057ba                SysTick_Init
 .text.Get_Systick_US
                0x00000000000057cc       0x18 ./User/tick.o
                0x00000000000057cc                Get_Systick_US
 .text.Get_Systick_MS
                0x00000000000057e4        0x6 ./User/tick.o
                0x00000000000057e4                Get_Systick_MS
 .text.HighPrecisionTimer_Init
                0x00000000000057ea       0x16 ./User/tick.o
                0x00000000000057ea                HighPrecisionTimer_Init
 .text.wait_nonblocking_us
                0x0000000000005800       0x3c ./User/tick.o
                0x0000000000005800                wait_nonblocking_us
 .text.Delay_Us
                0x000000000000583c       0x20 ./User/tick.o
                0x000000000000583c                Delay_Us
 .text.Delay_Ms
                0x000000000000585c       0x18 ./User/tick.o
                0x000000000000585c                Delay_Ms
 .text.decode_uart_pkt.part.0
                0x0000000000005874       0x52 ./User/uart.o
 .text.UART1_DMA_Init
                0x00000000000058c6       0xae ./User/uart.o
                0x00000000000058c6                UART1_DMA_Init
 .text.UART1_Init
                0x0000000000005974       0xde ./User/uart.o
                0x0000000000005974                UART1_Init
 .text.UART1_DMA_Tx
                0x0000000000005a52       0x48 ./User/uart.o
                0x0000000000005a52                UART1_DMA_Tx
 .text.UART1_Tx_Service
                0x0000000000005a9a       0xb2 ./User/uart.o
                0x0000000000005a9a                UART1_Tx_Service
 .text.encode_uart_pkt
                0x0000000000005b4c       0xae ./User/uart.o
                0x0000000000005b4c                encode_uart_pkt
 .text.check_uart_pkt
                0x0000000000005bfa       0x34 ./User/uart.o
                0x0000000000005bfa                check_uart_pkt
 .text.UART1_Rx_Service
                0x0000000000005c2e      0x13c ./User/uart.o
                0x0000000000005c2e                UART1_Rx_Service
 .text.send_uart_pkt
                0x0000000000005d6a       0x4a ./User/uart.o
                0x0000000000005d6a                send_uart_pkt
 .text.send_uart_large_pkt
                0x0000000000005db4       0x9e ./User/uart.o
                0x0000000000005db4                send_uart_large_pkt
 .text.uart_conf_write
                0x0000000000005e52       0x6a ./User/uart_com.o
                0x0000000000005e52                uart_conf_write
 .text.imu_buffer_reset_notifier
                0x0000000000005ebc        0x8 ./User/uart_com.o
                0x0000000000005ebc                imu_buffer_reset_notifier
 .text.send_input_with_uart
                0x0000000000005ec4       0x64 ./User/uart_com.o
                0x0000000000005ec4                send_input_with_uart
 .text.start_connect
                0x0000000000005f28       0x7a ./User/uart_com.o
                0x0000000000005f28                start_connect
 .text.wake_esp32
                0x0000000000005fa2       0x38 ./User/uart_com.o
                0x0000000000005fa2                wake_esp32
 .text.recv_esp32_connect_control
                0x0000000000005fda       0xe2 ./User/uart_com.o
                0x0000000000005fda                recv_esp32_connect_control
 .text.recv_rumble_frame
                0x00000000000060bc       0x24 ./User/uart_com.o
                0x00000000000060bc                recv_rumble_frame
 .text.recv_pwr_control
                0x00000000000060e0       0x58 ./User/uart_com.o
                0x00000000000060e0                recv_pwr_control
 .text.recv_flash_operation
                0x0000000000006138      0x10a ./User/uart_com.o
                0x0000000000006138                recv_flash_operation
 .text.recv_esp32_pkg
                0x0000000000006242       0x5c ./User/uart_com.o
                0x0000000000006242                recv_esp32_pkg
 .text.connection_state_handler
                0x000000000000629e      0x138 ./User/uart_com.o
                0x000000000000629e                connection_state_handler
 .text.uart_com_task
                0x00000000000063d6       0x60 ./User/uart_com.o
                0x00000000000063d6                uart_com_task
 .text.ns_set_peripheral_data_getter
                0x0000000000006436        0x6 ./User/usbd_compatibility_hid.o
                0x0000000000006436                ns_set_peripheral_data_getter
 .text.ns_hid_get_packet_timer
                0x000000000000643c       0x3e ./User/usbd_compatibility_hid.o
                0x000000000000643c                ns_hid_get_packet_timer
 .text.rpt_warpper
                0x000000000000647a       0x62 ./User/usbd_compatibility_hid.o
                0x000000000000647a                rpt_warpper
 .text.set_imu_available
                0x00000000000064dc        0x8 ./User/usbd_compatibility_hid.o
                0x00000000000064dc                set_imu_available
 .text.hid_init
                0x00000000000064e4        0xe ./User/usbd_compatibility_hid.o
                0x00000000000064e4                hid_init
 .text.hid_tx_service
                0x00000000000064f2       0xec ./User/usbd_compatibility_hid.o
                0x00000000000064f2                hid_tx_service
 .text.hid_rx_service
                0x00000000000065de       0x5c ./User/usbd_compatibility_hid.o
                0x00000000000065de                hid_rx_service
 .text.vector_handler
                0x000000000000663a        0x2 ./Startup/startup_ch32v10x.o
                0x000000000000663a                EXTI2_IRQHandler
                0x000000000000663a                TIM1_CC_IRQHandler
                0x000000000000663a                SysTick_Handler
                0x000000000000663a                PVD_IRQHandler
                0x000000000000663a                EXTI3_IRQHandler
                0x000000000000663a                EXTI0_IRQHandler
                0x000000000000663a                I2C2_EV_IRQHandler
                0x000000000000663a                ADC1_2_IRQHandler
                0x000000000000663a                SPI1_IRQHandler
                0x000000000000663a                TAMPER_IRQHandler
                0x000000000000663a                DMA1_Channel4_IRQHandler
                0x000000000000663a                USART3_IRQHandler
                0x000000000000663a                RTC_IRQHandler
                0x000000000000663a                DMA1_Channel7_IRQHandler
                0x000000000000663a                TIM4_IRQHandler
                0x000000000000663a                I2C1_EV_IRQHandler
                0x000000000000663a                DMA1_Channel6_IRQHandler
                0x000000000000663a                RCC_IRQHandler
                0x000000000000663a                TIM1_TRG_COM_IRQHandler
                0x000000000000663a                DMA1_Channel1_IRQHandler
                0x000000000000663a                EXTI15_10_IRQHandler
                0x000000000000663a                EXTI9_5_IRQHandler
                0x000000000000663a                SPI2_IRQHandler
                0x000000000000663a                DMA1_Channel5_IRQHandler
                0x000000000000663a                EXTI4_IRQHandler
                0x000000000000663a                TIM1_UP_IRQHandler
                0x000000000000663a                WWDG_IRQHandler
                0x000000000000663a                SW_Handler
                0x000000000000663a                TIM1_BRK_IRQHandler
                0x000000000000663a                EXTI1_IRQHandler
                0x000000000000663a                RTCAlarm_IRQHandler
                0x000000000000663a                USART2_IRQHandler
                0x000000000000663a                DMA1_Channel2_IRQHandler
                0x000000000000663a                FLASH_IRQHandler
                0x000000000000663a                USART1_IRQHandler
                0x000000000000663a                I2C1_ER_IRQHandler
                0x000000000000663a                USBWakeUp_IRQHandler
 .text.handle_reset
                0x000000000000663c       0x7e ./Startup/startup_ch32v10x.o
                0x000000000000663c                handle_reset
 .text.ADC_DeInit
                0x00000000000066ba       0x2a ./Peripheral/src/ch32v10x_adc.o
                0x00000000000066ba                ADC_DeInit
 .text.ADC_Init
                0x00000000000066e4       0x50 ./Peripheral/src/ch32v10x_adc.o
                0x00000000000066e4                ADC_Init
 .text.ADC_Cmd  0x0000000000006734       0x10 ./Peripheral/src/ch32v10x_adc.o
                0x0000000000006734                ADC_Cmd
 .text.ADC_DMACmd
                0x0000000000006744       0x12 ./Peripheral/src/ch32v10x_adc.o
                0x0000000000006744                ADC_DMACmd
 .text.ADC_ResetCalibration
                0x0000000000006756        0xa ./Peripheral/src/ch32v10x_adc.o
                0x0000000000006756                ADC_ResetCalibration
 .text.ADC_GetResetCalibrationStatus
                0x0000000000006760        0x8 ./Peripheral/src/ch32v10x_adc.o
                0x0000000000006760                ADC_GetResetCalibrationStatus
 .text.ADC_StartCalibration
                0x0000000000006768        0xa ./Peripheral/src/ch32v10x_adc.o
                0x0000000000006768                ADC_StartCalibration
 .text.ADC_GetCalibrationStatus
                0x0000000000006772        0x8 ./Peripheral/src/ch32v10x_adc.o
                0x0000000000006772                ADC_GetCalibrationStatus
 .text.ADC_SoftwareStartConvCmd
                0x000000000000677a       0x18 ./Peripheral/src/ch32v10x_adc.o
                0x000000000000677a                ADC_SoftwareStartConvCmd
 .text.ADC_RegularChannelConfig
                0x0000000000006792       0xb8 ./Peripheral/src/ch32v10x_adc.o
                0x0000000000006792                ADC_RegularChannelConfig
 .text.Get_CalibrationValue
                0x000000000000684a      0x182 ./Peripheral/src/ch32v10x_adc.o
                0x000000000000684a                Get_CalibrationValue
 .text.DMA_DeInit
                0x00000000000069cc       0xe0 ./Peripheral/src/ch32v10x_dma.o
                0x00000000000069cc                DMA_DeInit
 .text.DMA_Init
                0x0000000000006aac       0x38 ./Peripheral/src/ch32v10x_dma.o
                0x0000000000006aac                DMA_Init
 .text.DMA_Cmd  0x0000000000006ae4       0x14 ./Peripheral/src/ch32v10x_dma.o
                0x0000000000006ae4                DMA_Cmd
 .text.DMA_GetCurrDataCounter
                0x0000000000006af8        0x8 ./Peripheral/src/ch32v10x_dma.o
                0x0000000000006af8                DMA_GetCurrDataCounter
 .text.DMA_GetFlagStatus
                0x0000000000006b00       0x20 ./Peripheral/src/ch32v10x_dma.o
                0x0000000000006b00                DMA_GetFlagStatus
 .text.DMA_ClearFlag
                0x0000000000006b20       0x1a ./Peripheral/src/ch32v10x_dma.o
                0x0000000000006b20                DMA_ClearFlag
 .text.DMA_GetITStatus
                0x0000000000006b3a        0x4 ./Peripheral/src/ch32v10x_dma.o
                0x0000000000006b3a                DMA_GetITStatus
 .text.DMA_ClearITPendingBit
                0x0000000000006b3e        0x4 ./Peripheral/src/ch32v10x_dma.o
                0x0000000000006b3e                DMA_ClearITPendingBit
 .text.EXTI_Init
                0x0000000000006b42       0x62 ./Peripheral/src/ch32v10x_exti.o
                0x0000000000006b42                EXTI_Init
 .text.ROM_ERASE
                0x0000000000006ba4       0x80 ./Peripheral/src/ch32v10x_flash.o
 .text.FLASH_ROM_ERASE
                0x0000000000006c24      0x11a ./Peripheral/src/ch32v10x_flash.o
                0x0000000000006c24                FLASH_ROM_ERASE
 .text.FLASH_ROM_WRITE
                0x0000000000006d3e      0x11a ./Peripheral/src/ch32v10x_flash.o
                0x0000000000006d3e                FLASH_ROM_WRITE
 .text.GPIO_Init
                0x0000000000006e58       0xbe ./Peripheral/src/ch32v10x_gpio.o
                0x0000000000006e58                GPIO_Init
 .text.GPIO_ReadInputDataBit
                0x0000000000006f16        0xc ./Peripheral/src/ch32v10x_gpio.o
                0x0000000000006f16                GPIO_ReadInputDataBit
 .text.GPIO_SetBits
                0x0000000000006f22        0x4 ./Peripheral/src/ch32v10x_gpio.o
                0x0000000000006f22                GPIO_SetBits
 .text.GPIO_ResetBits
                0x0000000000006f26        0x4 ./Peripheral/src/ch32v10x_gpio.o
                0x0000000000006f26                GPIO_ResetBits
 .text.GPIO_WriteBit
                0x0000000000006f2a        0xa ./Peripheral/src/ch32v10x_gpio.o
                0x0000000000006f2a                GPIO_WriteBit
 .text.GPIO_EXTILineConfig
                0x0000000000006f34       0x2c ./Peripheral/src/ch32v10x_gpio.o
                0x0000000000006f34                GPIO_EXTILineConfig
 .text.I2C_DeInit
                0x0000000000006f60       0x32 ./Peripheral/src/ch32v10x_i2c.o
                0x0000000000006f60                I2C_DeInit
 .text.I2C_Init
                0x0000000000006f92      0x112 ./Peripheral/src/ch32v10x_i2c.o
                0x0000000000006f92                I2C_Init
 .text.I2C_Cmd  0x00000000000070a4       0x1c ./Peripheral/src/ch32v10x_i2c.o
                0x00000000000070a4                I2C_Cmd
 .text.I2C_GenerateSTART
                0x00000000000070c0       0x1e ./Peripheral/src/ch32v10x_i2c.o
                0x00000000000070c0                I2C_GenerateSTART
 .text.I2C_GenerateSTOP
                0x00000000000070de       0x1e ./Peripheral/src/ch32v10x_i2c.o
                0x00000000000070de                I2C_GenerateSTOP
 .text.I2C_AcknowledgeConfig
                0x00000000000070fc       0x1e ./Peripheral/src/ch32v10x_i2c.o
                0x00000000000070fc                I2C_AcknowledgeConfig
 .text.I2C_SendData
                0x000000000000711a        0x6 ./Peripheral/src/ch32v10x_i2c.o
                0x000000000000711a                I2C_SendData
 .text.I2C_ReceiveData
                0x0000000000007120        0xa ./Peripheral/src/ch32v10x_i2c.o
                0x0000000000007120                I2C_ReceiveData
 .text.I2C_Send7bitAddress
                0x000000000000712a       0x10 ./Peripheral/src/ch32v10x_i2c.o
                0x000000000000712a                I2C_Send7bitAddress
 .text.I2C_SoftwareResetCmd
                0x000000000000713a       0x16 ./Peripheral/src/ch32v10x_i2c.o
                0x000000000000713a                I2C_SoftwareResetCmd
 .text.I2C_NACKPositionConfig
                0x0000000000007150       0x26 ./Peripheral/src/ch32v10x_i2c.o
                0x0000000000007150                I2C_NACKPositionConfig
 .text.I2C_CheckEvent
                0x0000000000007176       0x1a ./Peripheral/src/ch32v10x_i2c.o
                0x0000000000007176                I2C_CheckEvent
 .text.I2C_GetFlagStatus
                0x0000000000007190       0x32 ./Peripheral/src/ch32v10x_i2c.o
                0x0000000000007190                I2C_GetFlagStatus
 .text.NVIC_PriorityGroupConfig
                0x00000000000071c2       0x10 ./Peripheral/src/ch32v10x_misc.o
                0x00000000000071c2                NVIC_PriorityGroupConfig
 .text.NVIC_Init
                0x00000000000071d2       0x6e ./Peripheral/src/ch32v10x_misc.o
                0x00000000000071d2                NVIC_Init
 .text.PWR_PVDCmd
                0x0000000000007240       0x14 ./Peripheral/src/ch32v10x_pwr.o
                0x0000000000007240                PWR_PVDCmd
 .text.PWR_PVDLevelConfig
                0x0000000000007254       0x10 ./Peripheral/src/ch32v10x_pwr.o
                0x0000000000007254                PWR_PVDLevelConfig
 .text.PWR_GetFlagStatus
                0x0000000000007264        0xe ./Peripheral/src/ch32v10x_pwr.o
                0x0000000000007264                PWR_GetFlagStatus
 .text.PWR_VDD_SupplyVoltage
                0x0000000000007272       0x42 ./Peripheral/src/ch32v10x_pwr.o
                0x0000000000007272                PWR_VDD_SupplyVoltage
 .text.RCC_HSICmd
                0x00000000000072b4       0x14 ./Peripheral/src/ch32v10x_rcc.o
                0x00000000000072b4                RCC_HSICmd
 .text.RCC_USBCLKConfig
                0x00000000000072c8       0x24 ./Peripheral/src/ch32v10x_rcc.o
                0x00000000000072c8                RCC_USBCLKConfig
 .text.RCC_ADCCLKConfig
                0x00000000000072ec       0x12 ./Peripheral/src/ch32v10x_rcc.o
                0x00000000000072ec                RCC_ADCCLKConfig
 .text.RCC_LSICmd
                0x00000000000072fe       0x14 ./Peripheral/src/ch32v10x_rcc.o
                0x00000000000072fe                RCC_LSICmd
 .text.RCC_GetClocksFreq
                0x0000000000007312       0xb0 ./Peripheral/src/ch32v10x_rcc.o
                0x0000000000007312                RCC_GetClocksFreq
 .text.RCC_AHBPeriphClockCmd
                0x00000000000073c2       0x1e ./Peripheral/src/ch32v10x_rcc.o
                0x00000000000073c2                RCC_AHBPeriphClockCmd
 .text.RCC_APB2PeriphClockCmd
                0x00000000000073e0       0x1e ./Peripheral/src/ch32v10x_rcc.o
                0x00000000000073e0                RCC_APB2PeriphClockCmd
 .text.RCC_APB1PeriphClockCmd
                0x00000000000073fe       0x1e ./Peripheral/src/ch32v10x_rcc.o
                0x00000000000073fe                RCC_APB1PeriphClockCmd
 .text.RCC_APB2PeriphResetCmd
                0x000000000000741c       0x1e ./Peripheral/src/ch32v10x_rcc.o
                0x000000000000741c                RCC_APB2PeriphResetCmd
 .text.RCC_APB1PeriphResetCmd
                0x000000000000743a       0x1e ./Peripheral/src/ch32v10x_rcc.o
                0x000000000000743a                RCC_APB1PeriphResetCmd
 .text.RCC_GetFlagStatus
                0x0000000000007458       0x2e ./Peripheral/src/ch32v10x_rcc.o
                0x0000000000007458                RCC_GetFlagStatus
 .text.SPI_Init
                0x0000000000007486       0x5a ./Peripheral/src/ch32v10x_spi.o
                0x0000000000007486                SPI_Init
 .text.SPI_Cmd  0x00000000000074e0       0x1e ./Peripheral/src/ch32v10x_spi.o
                0x00000000000074e0                SPI_Cmd
 .text.SPI_I2S_DMACmd
                0x00000000000074fe       0x16 ./Peripheral/src/ch32v10x_spi.o
                0x00000000000074fe                SPI_I2S_DMACmd
 .text.TIM_TimeBaseInit
                0x0000000000007514       0x78 ./Peripheral/src/ch32v10x_tim.o
                0x0000000000007514                TIM_TimeBaseInit
 .text.TIM_OC3Init
                0x000000000000758c       0xb0 ./Peripheral/src/ch32v10x_tim.o
                0x000000000000758c                TIM_OC3Init
 .text.TIM_OC4Init
                0x000000000000763c       0x80 ./Peripheral/src/ch32v10x_tim.o
                0x000000000000763c                TIM_OC4Init
 .text.TIM_Cmd  0x00000000000076bc       0x1c ./Peripheral/src/ch32v10x_tim.o
                0x00000000000076bc                TIM_Cmd
 .text.TIM_CtrlPWMOutputs
                0x00000000000076d8       0x16 ./Peripheral/src/ch32v10x_tim.o
                0x00000000000076d8                TIM_CtrlPWMOutputs
 .text.TIM_ITConfig
                0x00000000000076ee       0x16 ./Peripheral/src/ch32v10x_tim.o
                0x00000000000076ee                TIM_ITConfig
 .text.TIM_ARRPreloadConfig
                0x0000000000007704       0x1e ./Peripheral/src/ch32v10x_tim.o
                0x0000000000007704                TIM_ARRPreloadConfig
 .text.TIM_OC3PreloadConfig
                0x0000000000007722       0x12 ./Peripheral/src/ch32v10x_tim.o
                0x0000000000007722                TIM_OC3PreloadConfig
 .text.TIM_OC4PreloadConfig
                0x0000000000007734       0x1a ./Peripheral/src/ch32v10x_tim.o
                0x0000000000007734                TIM_OC4PreloadConfig
 .text.TIM_SetCompare3
                0x000000000000774e        0x6 ./Peripheral/src/ch32v10x_tim.o
                0x000000000000774e                TIM_SetCompare3
 .text.TIM_SetCompare4
                0x0000000000007754        0x6 ./Peripheral/src/ch32v10x_tim.o
                0x0000000000007754                TIM_SetCompare4
 .text.TIM_GetFlagStatus
                0x000000000000775a        0xc ./Peripheral/src/ch32v10x_tim.o
                0x000000000000775a                TIM_GetFlagStatus
 .text.TIM_GetITStatus
                0x0000000000007766       0x1c ./Peripheral/src/ch32v10x_tim.o
                0x0000000000007766                TIM_GetITStatus
 .text.TIM_ClearITPendingBit
                0x0000000000007782        0xe ./Peripheral/src/ch32v10x_tim.o
                0x0000000000007782                TIM_ClearITPendingBit
 .text.USART_Init
                0x0000000000007790       0xa6 ./Peripheral/src/ch32v10x_usart.o
                0x0000000000007790                USART_Init
 .text.USART_Cmd
                0x0000000000007836       0x18 ./Peripheral/src/ch32v10x_usart.o
                0x0000000000007836                USART_Cmd
 .text.USART_DMACmd
                0x000000000000784e       0x16 ./Peripheral/src/ch32v10x_usart.o
                0x000000000000784e                USART_DMACmd
 .text.USART_SendData
                0x0000000000007864        0xa ./Peripheral/src/ch32v10x_usart.o
                0x0000000000007864                USART_SendData
 .text.USART_GetFlagStatus
                0x000000000000786e        0xc ./Peripheral/src/ch32v10x_usart.o
                0x000000000000786e                USART_GetFlagStatus
 .text.USART_ClearFlag
                0x000000000000787a        0xe ./Peripheral/src/ch32v10x_usart.o
                0x000000000000787a                USART_ClearFlag
 .text.USART_printf_Init
                0x0000000000007888       0x62 ./Debug/debug.o
                0x0000000000007888                USART_printf_Init
 .text._write   0x00000000000078ea       0x3e ./Debug/debug.o
                0x00000000000078ea                _write
 .text._sbrk    0x0000000000007928       0x2a ./Debug/debug.o
                0x0000000000007928                _sbrk
 .text.sqrtf    0x0000000000007952       0x48 d:/mounriver_studio/toolchain/risc-v embedded gcc12/bin/../lib/gcc/riscv-none-elf/12.2.0/../../../../riscv-none-elf/lib\libm_nano.a(lib_a-wf_sqrt.o)
                0x0000000000007952                sqrtf
 .text.__ieee754_sqrtf
                0x000000000000799a      0x114 d:/mounriver_studio/toolchain/risc-v embedded gcc12/bin/../lib/gcc/riscv-none-elf/12.2.0/../../../../riscv-none-elf/lib\libm_nano.a(lib_a-ef_sqrt.o)
                0x000000000000799a                __ieee754_sqrtf
 .text.__udivdi3
                0x0000000000007aae      0x3b0 d:/mounriver_studio/toolchain/risc-v embedded gcc12/bin/../lib/gcc/riscv-none-elf/12.2.0\libgcc.a(_udivdi3.o)
                0x0000000000007aae                __udivdi3
 .text.__adddf3
                0x0000000000007e5e      0x6e8 d:/mounriver_studio/toolchain/risc-v embedded gcc12/bin/../lib/gcc/riscv-none-elf/12.2.0\libgcc.a(adddf3.o)
                0x0000000000007e5e                __adddf3
 .text.__divdf3
                0x0000000000008546      0x5ae d:/mounriver_studio/toolchain/risc-v embedded gcc12/bin/../lib/gcc/riscv-none-elf/12.2.0\libgcc.a(divdf3.o)
                0x0000000000008546                __divdf3
 .text.__muldf3
                0x0000000000008af4      0x54a d:/mounriver_studio/toolchain/risc-v embedded gcc12/bin/../lib/gcc/riscv-none-elf/12.2.0\libgcc.a(muldf3.o)
                0x0000000000008af4                __muldf3
 .text.__subdf3
                0x000000000000903e      0x736 d:/mounriver_studio/toolchain/risc-v embedded gcc12/bin/../lib/gcc/riscv-none-elf/12.2.0\libgcc.a(subdf3.o)
                0x000000000000903e                __subdf3
 .text.__floatsidf
                0x0000000000009774       0x70 d:/mounriver_studio/toolchain/risc-v embedded gcc12/bin/../lib/gcc/riscv-none-elf/12.2.0\libgcc.a(floatsidf.o)
                0x0000000000009774                __floatsidf
 .text.__floatunsidf
                0x00000000000097e4       0x70 d:/mounriver_studio/toolchain/risc-v embedded gcc12/bin/../lib/gcc/riscv-none-elf/12.2.0\libgcc.a(floatunsidf.o)
                0x00000000000097e4                __floatunsidf
 .text.__addsf3
                0x0000000000009854      0x368 d:/mounriver_studio/toolchain/risc-v embedded gcc12/bin/../lib/gcc/riscv-none-elf/12.2.0\libgcc.a(addsf3.o)
                0x0000000000009854                __addsf3
 .text.__divsf3
                0x0000000000009bbc      0x2ea d:/mounriver_studio/toolchain/risc-v embedded gcc12/bin/../lib/gcc/riscv-none-elf/12.2.0\libgcc.a(divsf3.o)
                0x0000000000009bbc                __divsf3
 .text.__gesf2  0x0000000000009ea6       0x96 d:/mounriver_studio/toolchain/risc-v embedded gcc12/bin/../lib/gcc/riscv-none-elf/12.2.0\libgcc.a(gesf2.o)
                0x0000000000009ea6                __gesf2
                0x0000000000009ea6                __gtsf2
 .text.__lesf2  0x0000000000009f3c       0x98 d:/mounriver_studio/toolchain/risc-v embedded gcc12/bin/../lib/gcc/riscv-none-elf/12.2.0\libgcc.a(lesf2.o)
                0x0000000000009f3c                __ltsf2
                0x0000000000009f3c                __lesf2
 .text.__mulsf3
                0x0000000000009fd4      0x2d8 d:/mounriver_studio/toolchain/risc-v embedded gcc12/bin/../lib/gcc/riscv-none-elf/12.2.0\libgcc.a(mulsf3.o)
                0x0000000000009fd4                __mulsf3
 .text.__subsf3
                0x000000000000a2ac      0x38c d:/mounriver_studio/toolchain/risc-v embedded gcc12/bin/../lib/gcc/riscv-none-elf/12.2.0\libgcc.a(subsf3.o)
                0x000000000000a2ac                __subsf3
 .text.__unordsf2
                0x000000000000a638       0x3c d:/mounriver_studio/toolchain/risc-v embedded gcc12/bin/../lib/gcc/riscv-none-elf/12.2.0\libgcc.a(unordsf2.o)
                0x000000000000a638                __unordsf2
 .text.__fixsfsi
                0x000000000000a674       0x60 d:/mounriver_studio/toolchain/risc-v embedded gcc12/bin/../lib/gcc/riscv-none-elf/12.2.0\libgcc.a(fixsfsi.o)
                0x000000000000a674                __fixsfsi
 .text.__floatsisf
                0x000000000000a6d4       0xcc d:/mounriver_studio/toolchain/risc-v embedded gcc12/bin/../lib/gcc/riscv-none-elf/12.2.0\libgcc.a(floatsisf.o)
                0x000000000000a6d4                __floatsisf
 .text.__truncdfsf2
                0x000000000000a7a0      0x16c d:/mounriver_studio/toolchain/risc-v embedded gcc12/bin/../lib/gcc/riscv-none-elf/12.2.0\libgcc.a(truncdfsf2.o)
                0x000000000000a7a0                __truncdfsf2
 .text.__clzsi2
                0x000000000000a90c       0x6e d:/mounriver_studio/toolchain/risc-v embedded gcc12/bin/../lib/gcc/riscv-none-elf/12.2.0\libgcc.a(_clzsi2.o)
                0x000000000000a90c                __clzsi2
 .text.__errno  0x000000000000a97a        0x6 d:/mounriver_studio/toolchain/risc-v embedded gcc12/bin/../lib/gcc/riscv-none-elf/12.2.0/../../../../riscv-none-elf/lib\libg_nano.a(lib_a-errno.o)
                0x000000000000a97a                __errno
 .text.printf   0x000000000000a980       0x3a d:/mounriver_studio/toolchain/risc-v embedded gcc12/bin/../lib/gcc/riscv-none-elf/12.2.0/../../../../riscv-none-elf/lib\libg_nano.a(lib_a-printf.o)
                0x000000000000a980                iprintf
                0x000000000000a980                printf
 .text._puts_r  0x000000000000a9ba      0x10e d:/mounriver_studio/toolchain/risc-v embedded gcc12/bin/../lib/gcc/riscv-none-elf/12.2.0/../../../../riscv-none-elf/lib\libg_nano.a(lib_a-puts.o)
                0x000000000000a9ba                _puts_r
 .text.puts     0x000000000000aac8        0xa d:/mounriver_studio/toolchain/risc-v embedded gcc12/bin/../lib/gcc/riscv-none-elf/12.2.0/../../../../riscv-none-elf/lib\libg_nano.a(lib_a-puts.o)
                0x000000000000aac8                puts
 .text.__swbuf_r
                0x000000000000aad2       0xc0 d:/mounriver_studio/toolchain/risc-v embedded gcc12/bin/../lib/gcc/riscv-none-elf/12.2.0/../../../../riscv-none-elf/lib\libg_nano.a(lib_a-wbuf.o)
                0x000000000000aad2                __swbuf_r
 .text.__swsetup_r
                0x000000000000ab92       0xfa d:/mounriver_studio/toolchain/risc-v embedded gcc12/bin/../lib/gcc/riscv-none-elf/12.2.0/../../../../riscv-none-elf/lib\libg_nano.a(lib_a-wsetup.o)
                0x000000000000ab92                __swsetup_r
 .text.__sflush_r
                0x000000000000ac8c      0x138 d:/mounriver_studio/toolchain/risc-v embedded gcc12/bin/../lib/gcc/riscv-none-elf/12.2.0/../../../../riscv-none-elf/lib\libg_nano.a(lib_a-fflush.o)
                0x000000000000ac8c                __sflush_r
 .text._fflush_r
                0x000000000000adc4       0x8a d:/mounriver_studio/toolchain/risc-v embedded gcc12/bin/../lib/gcc/riscv-none-elf/12.2.0/../../../../riscv-none-elf/lib\libg_nano.a(lib_a-fflush.o)
                0x000000000000adc4                _fflush_r
 .text.std      0x000000000000ae4e       0x6a d:/mounriver_studio/toolchain/risc-v embedded gcc12/bin/../lib/gcc/riscv-none-elf/12.2.0/../../../../riscv-none-elf/lib\libg_nano.a(lib_a-findfp.o)
 .text._cleanup_r
                0x000000000000aeb8        0xa d:/mounriver_studio/toolchain/risc-v embedded gcc12/bin/../lib/gcc/riscv-none-elf/12.2.0/../../../../riscv-none-elf/lib\libg_nano.a(lib_a-findfp.o)
                0x000000000000aeb8                _cleanup_r
 .text.__sfmoreglue
                0x000000000000aec2       0x46 d:/mounriver_studio/toolchain/risc-v embedded gcc12/bin/../lib/gcc/riscv-none-elf/12.2.0/../../../../riscv-none-elf/lib\libg_nano.a(lib_a-findfp.o)
                0x000000000000aec2                __sfmoreglue
 .text.__sfp_lock_acquire
                0x000000000000af08        0x6 d:/mounriver_studio/toolchain/risc-v embedded gcc12/bin/../lib/gcc/riscv-none-elf/12.2.0/../../../../riscv-none-elf/lib\libg_nano.a(lib_a-findfp.o)
                0x000000000000af08                __sfp_lock_acquire
 .text.__sfp_lock_release
                0x000000000000af0e        0x6 d:/mounriver_studio/toolchain/risc-v embedded gcc12/bin/../lib/gcc/riscv-none-elf/12.2.0/../../../../riscv-none-elf/lib\libg_nano.a(lib_a-findfp.o)
                0x000000000000af0e                __sfp_lock_release
 .text.__sinit_lock_acquire
                0x000000000000af14        0x6 d:/mounriver_studio/toolchain/risc-v embedded gcc12/bin/../lib/gcc/riscv-none-elf/12.2.0/../../../../riscv-none-elf/lib\libg_nano.a(lib_a-findfp.o)
                0x000000000000af14                __sinit_lock_acquire
 .text.__sinit_lock_release
                0x000000000000af1a        0x6 d:/mounriver_studio/toolchain/risc-v embedded gcc12/bin/../lib/gcc/riscv-none-elf/12.2.0/../../../../riscv-none-elf/lib\libg_nano.a(lib_a-findfp.o)
                0x000000000000af1a                __sinit_lock_release
 .text.__sinit  0x000000000000af20       0x72 d:/mounriver_studio/toolchain/risc-v embedded gcc12/bin/../lib/gcc/riscv-none-elf/12.2.0/../../../../riscv-none-elf/lib\libg_nano.a(lib_a-findfp.o)
                0x000000000000af20                __sinit
 .text.__sfp    0x000000000000af92       0xb0 d:/mounriver_studio/toolchain/risc-v embedded gcc12/bin/../lib/gcc/riscv-none-elf/12.2.0/../../../../riscv-none-elf/lib\libg_nano.a(lib_a-findfp.o)
                0x000000000000af92                __sfp
 .text._fwalk_reent
                0x000000000000b042       0x6a d:/mounriver_studio/toolchain/risc-v embedded gcc12/bin/../lib/gcc/riscv-none-elf/12.2.0/../../../../riscv-none-elf/lib\libg_nano.a(lib_a-fwalk.o)
                0x000000000000b042                _fwalk_reent
 .text.__retarget_lock_init_recursive
                0x000000000000b0ac        0x2 d:/mounriver_studio/toolchain/risc-v embedded gcc12/bin/../lib/gcc/riscv-none-elf/12.2.0/../../../../riscv-none-elf/lib\libg_nano.a(lib_a-lock.o)
                0x000000000000b0ac                __retarget_lock_init_recursive
 .text.__retarget_lock_acquire_recursive
                0x000000000000b0ae        0x2 d:/mounriver_studio/toolchain/risc-v embedded gcc12/bin/../lib/gcc/riscv-none-elf/12.2.0/../../../../riscv-none-elf/lib\libg_nano.a(lib_a-lock.o)
                0x000000000000b0ae                __retarget_lock_acquire_recursive
 .text.__retarget_lock_release_recursive
                0x000000000000b0b0        0x2 d:/mounriver_studio/toolchain/risc-v embedded gcc12/bin/../lib/gcc/riscv-none-elf/12.2.0/../../../../riscv-none-elf/lib\libg_nano.a(lib_a-lock.o)
                0x000000000000b0b0                __retarget_lock_release_recursive
 .text.__swhatbuf_r
                0x000000000000b0b2       0x5c d:/mounriver_studio/toolchain/risc-v embedded gcc12/bin/../lib/gcc/riscv-none-elf/12.2.0/../../../../riscv-none-elf/lib\libg_nano.a(lib_a-makebuf.o)
                0x000000000000b0b2                __swhatbuf_r
 .text.__smakebuf_r
                0x000000000000b10e       0xa4 d:/mounriver_studio/toolchain/risc-v embedded gcc12/bin/../lib/gcc/riscv-none-elf/12.2.0/../../../../riscv-none-elf/lib\libg_nano.a(lib_a-makebuf.o)
                0x000000000000b10e                __smakebuf_r
 .text._free_r  0x000000000000b1b2       0x9e d:/mounriver_studio/toolchain/risc-v embedded gcc12/bin/../lib/gcc/riscv-none-elf/12.2.0/../../../../riscv-none-elf/lib\libg_nano.a(lib_a-nano-freer.o)
                0x000000000000b1b2                _free_r
 .text.sbrk_aligned
                0x000000000000b250       0x54 d:/mounriver_studio/toolchain/risc-v embedded gcc12/bin/../lib/gcc/riscv-none-elf/12.2.0/../../../../riscv-none-elf/lib\libg_nano.a(lib_a-nano-mallocr.o)
 .text._malloc_r
                0x000000000000b2a4      0x10c d:/mounriver_studio/toolchain/risc-v embedded gcc12/bin/../lib/gcc/riscv-none-elf/12.2.0/../../../../riscv-none-elf/lib\libg_nano.a(lib_a-nano-mallocr.o)
                0x000000000000b2a4                _malloc_r
 .text.__sfputc_r
                0x000000000000b3b0       0x2a d:/mounriver_studio/toolchain/risc-v embedded gcc12/bin/../lib/gcc/riscv-none-elf/12.2.0/../../../../riscv-none-elf/lib\libg_nano.a(lib_a-nano-vfprintf.o)
 .text.__sfputs_r
                0x000000000000b3da       0x44 d:/mounriver_studio/toolchain/risc-v embedded gcc12/bin/../lib/gcc/riscv-none-elf/12.2.0/../../../../riscv-none-elf/lib\libg_nano.a(lib_a-nano-vfprintf.o)
                0x000000000000b3da                __sfputs_r
 .text._vfprintf_r
                0x000000000000b41e      0x2da d:/mounriver_studio/toolchain/risc-v embedded gcc12/bin/../lib/gcc/riscv-none-elf/12.2.0/../../../../riscv-none-elf/lib\libg_nano.a(lib_a-nano-vfprintf.o)
                0x000000000000b41e                _vfprintf_r
                0x000000000000b41e                _vfiprintf_r
 .text._sbrk_r  0x000000000000b6f8       0x28 d:/mounriver_studio/toolchain/risc-v embedded gcc12/bin/../lib/gcc/riscv-none-elf/12.2.0/../../../../riscv-none-elf/lib\libg_nano.a(lib_a-sbrkr.o)
                0x000000000000b6f8                _sbrk_r
 .text.__sread  0x000000000000b720       0x30 d:/mounriver_studio/toolchain/risc-v embedded gcc12/bin/../lib/gcc/riscv-none-elf/12.2.0/../../../../riscv-none-elf/lib\libg_nano.a(lib_a-stdio.o)
                0x000000000000b720                __sread
 .text.__swrite
                0x000000000000b750       0x4e d:/mounriver_studio/toolchain/risc-v embedded gcc12/bin/../lib/gcc/riscv-none-elf/12.2.0/../../../../riscv-none-elf/lib\libg_nano.a(lib_a-stdio.o)
                0x000000000000b750                __swrite
 .text.__sseek  0x000000000000b79e       0x36 d:/mounriver_studio/toolchain/risc-v embedded gcc12/bin/../lib/gcc/riscv-none-elf/12.2.0/../../../../riscv-none-elf/lib\libg_nano.a(lib_a-stdio.o)
                0x000000000000b79e                __sseek
 .text.__sclose
                0x000000000000b7d4        0x6 d:/mounriver_studio/toolchain/risc-v embedded gcc12/bin/../lib/gcc/riscv-none-elf/12.2.0/../../../../riscv-none-elf/lib\libg_nano.a(lib_a-stdio.o)
                0x000000000000b7d4                __sclose
 .text._write_r
                0x000000000000b7da       0x2c d:/mounriver_studio/toolchain/risc-v embedded gcc12/bin/../lib/gcc/riscv-none-elf/12.2.0/../../../../riscv-none-elf/lib\libg_nano.a(lib_a-writer.o)
                0x000000000000b7da                _write_r
 .text._close_r
                0x000000000000b806       0x26 d:/mounriver_studio/toolchain/risc-v embedded gcc12/bin/../lib/gcc/riscv-none-elf/12.2.0/../../../../riscv-none-elf/lib\libg_nano.a(lib_a-closer.o)
                0x000000000000b806                _close_r
 .text._fstat_r
                0x000000000000b82c       0x28 d:/mounriver_studio/toolchain/risc-v embedded gcc12/bin/../lib/gcc/riscv-none-elf/12.2.0/../../../../riscv-none-elf/lib\libg_nano.a(lib_a-fstatr.o)
                0x000000000000b82c                _fstat_r
 .text._isatty_r
                0x000000000000b854       0x26 d:/mounriver_studio/toolchain/risc-v embedded gcc12/bin/../lib/gcc/riscv-none-elf/12.2.0/../../../../riscv-none-elf/lib\libg_nano.a(lib_a-isattyr.o)
                0x000000000000b854                _isatty_r
 .text._lseek_r
                0x000000000000b87a       0x2a d:/mounriver_studio/toolchain/risc-v embedded gcc12/bin/../lib/gcc/riscv-none-elf/12.2.0/../../../../riscv-none-elf/lib\libg_nano.a(lib_a-lseekr.o)
                0x000000000000b87a                _lseek_r
 .text.memchr   0x000000000000b8a4       0x1a d:/mounriver_studio/toolchain/risc-v embedded gcc12/bin/../lib/gcc/riscv-none-elf/12.2.0/../../../../riscv-none-elf/lib\libg_nano.a(lib_a-memchr.o)
                0x000000000000b8a4                memchr
 .text.__malloc_lock
                0x000000000000b8be        0x8 d:/mounriver_studio/toolchain/risc-v embedded gcc12/bin/../lib/gcc/riscv-none-elf/12.2.0/../../../../riscv-none-elf/lib\libg_nano.a(lib_a-mlock.o)
                0x000000000000b8be                __malloc_lock
 .text.__malloc_unlock
                0x000000000000b8c6        0x8 d:/mounriver_studio/toolchain/risc-v embedded gcc12/bin/../lib/gcc/riscv-none-elf/12.2.0/../../../../riscv-none-elf/lib\libg_nano.a(lib_a-mlock.o)
                0x000000000000b8c6                __malloc_unlock
 .text._printf_common
                0x000000000000b8ce      0x110 d:/mounriver_studio/toolchain/risc-v embedded gcc12/bin/../lib/gcc/riscv-none-elf/12.2.0/../../../../riscv-none-elf/lib\libg_nano.a(lib_a-nano-vfprintf_i.o)
                0x000000000000b8ce                _printf_common
 .text._printf_i
                0x000000000000b9de      0x286 d:/mounriver_studio/toolchain/risc-v embedded gcc12/bin/../lib/gcc/riscv-none-elf/12.2.0/../../../../riscv-none-elf/lib\libg_nano.a(lib_a-nano-vfprintf_i.o)
                0x000000000000b9de                _printf_i
 .text._read_r  0x000000000000bc64       0x2a d:/mounriver_studio/toolchain/risc-v embedded gcc12/bin/../lib/gcc/riscv-none-elf/12.2.0/../../../../riscv-none-elf/lib\libg_nano.a(lib_a-readr.o)
                0x000000000000bc64                _read_r
 .text._close   0x000000000000bc8e        0xc d:/mounriver_studio/toolchain/risc-v embedded gcc12/bin/../lib/gcc/riscv-none-elf/12.2.0/../../../../riscv-none-elf/lib\libnosys.a(close.o)
                0x000000000000bc8e                _close
 .text._fstat   0x000000000000bc9a        0xc d:/mounriver_studio/toolchain/risc-v embedded gcc12/bin/../lib/gcc/riscv-none-elf/12.2.0/../../../../riscv-none-elf/lib\libnosys.a(fstat.o)
                0x000000000000bc9a                _fstat
 .text._isatty  0x000000000000bca6        0xc d:/mounriver_studio/toolchain/risc-v embedded gcc12/bin/../lib/gcc/riscv-none-elf/12.2.0/../../../../riscv-none-elf/lib\libnosys.a(isatty.o)
                0x000000000000bca6                _isatty
 .text._lseek   0x000000000000bcb2        0xc d:/mounriver_studio/toolchain/risc-v embedded gcc12/bin/../lib/gcc/riscv-none-elf/12.2.0/../../../../riscv-none-elf/lib\libnosys.a(lseek.o)
                0x000000000000bcb2                _lseek
 .text._read    0x000000000000bcbe        0xc d:/mounriver_studio/toolchain/risc-v embedded gcc12/bin/../lib/gcc/riscv-none-elf/12.2.0/../../../../riscv-none-elf/lib\libnosys.a(read.o)
                0x000000000000bcbe                _read
 *(.rodata)
 *fill*         0x000000000000bcca        0x2 
 .rodata        0x000000000000bccc       0x18 ./User/ns_com.o
 *(.rodata*)
 .rodata.USBFS_IRQHandler
                0x000000000000bce4       0x5c ./User/ch32v10x_usbfs_device.o
 .rodata.freq_exp2_index_lookup_tb
                0x000000000000bd40      0x100 ./User/hd_rumble2.o
 .rodata.amp_exp2_index_lookup_tb_high_amp_drop
                0x000000000000be40      0x100 ./User/hd_rumble2.o
 .rodata.amp_exp2_index_lookup_tb_low_amp_rise
                0x000000000000bf40       0x10 ./User/hd_rumble2.o
 .rodata.amp_exp2_index_lookup_tb_raw
                0x000000000000bf50      0x100 ./User/hd_rumble2.o
 .rodata.exp2_lookup_tb
                0x000000000000c050      0x500 ./User/hd_rumble2.o
 .rodata.top_timer.str1.4
                0x000000000000c550        0xd ./User/main.o
 *fill*         0x000000000000c55d        0x3 
 .rodata.init_all.str1.4
                0x000000000000c560       0x14 ./User/main.o
 .rodata.main.str1.4
                0x000000000000c574        0xf ./User/main.o
 *fill*         0x000000000000c583        0x1 
 .rodata.ns_mux_usb_handshake_handler
                0x000000000000c584       0x18 ./User/ns_com_mux.o
 .rodata.fw_subcommand_dispatcher
                0x000000000000c59c       0x1c ./User/ns_com_mux.o
 .rodata.set_pwr_mode_stop.str1.4
                0x000000000000c5b8        0x7 ./User/pwr.o
 *fill*         0x000000000000c5bf        0x1 
 .rodata.recv_esp32_connect_control
                0x000000000000c5c0       0x40 ./User/uart_com.o
 .rodata.recv_esp32_pkg.str1.4
                0x000000000000c600       0x15 ./User/uart_com.o
 *fill*         0x000000000000c615        0x3 
 .rodata.recv_esp32_pkg
                0x000000000000c618       0x24 ./User/uart_com.o
 .rodata.connection_state_handler.str1.4
                0x000000000000c63c       0x14 ./User/uart_com.o
 .rodata.MySerNumInfo
                0x000000000000c650       0x16 ./User/usb_desc.o
                0x000000000000c650                MySerNumInfo
 *fill*         0x000000000000c666        0x2 
 .rodata.MyProdInfo
                0x000000000000c668       0x2a ./User/usb_desc.o
                0x000000000000c668                MyProdInfo
 *fill*         0x000000000000c692        0x2 
 .rodata.MyManuInfo
                0x000000000000c694        0xa ./User/usb_desc.o
                0x000000000000c694                MyManuInfo
 *fill*         0x000000000000c69e        0x2 
 .rodata.MyHIDReportDesc
                0x000000000000c6a0       0xdf ./User/usb_desc.o
                0x000000000000c6a0                MyHIDReportDesc
 *fill*         0x000000000000c77f        0x1 
 .rodata.MyDevDescr
                0x000000000000c780       0x12 ./User/usb_desc.o
                0x000000000000c780                MyDevDescr
 *fill*         0x000000000000c792        0x2 
 .rodata.__divdf3
                0x000000000000c794       0x40 d:/mounriver_studio/toolchain/risc-v embedded gcc12/bin/../lib/gcc/riscv-none-elf/12.2.0\libgcc.a(divdf3.o)
 .rodata.__divsf3
                0x000000000000c7d4       0xa8 d:/mounriver_studio/toolchain/risc-v embedded gcc12/bin/../lib/gcc/riscv-none-elf/12.2.0\libgcc.a(divsf3.o)
 .rodata.__clz_tab
                0x000000000000c87c      0x100 d:/mounriver_studio/toolchain/risc-v embedded gcc12/bin/../lib/gcc/riscv-none-elf/12.2.0\libgcc.a(_clz.o)
                0x000000000000c87c                __clz_tab
 .rodata.__sf_fake_stderr
                0x000000000000c97c       0x20 d:/mounriver_studio/toolchain/risc-v embedded gcc12/bin/../lib/gcc/riscv-none-elf/12.2.0/../../../../riscv-none-elf/lib\libg_nano.a(lib_a-findfp.o)
                0x000000000000c97c                __sf_fake_stderr
 .rodata.__sf_fake_stdout
                0x000000000000c99c       0x20 d:/mounriver_studio/toolchain/risc-v embedded gcc12/bin/../lib/gcc/riscv-none-elf/12.2.0/../../../../riscv-none-elf/lib\libg_nano.a(lib_a-findfp.o)
                0x000000000000c99c                __sf_fake_stdout
 .rodata.__sf_fake_stdin
                0x000000000000c9bc       0x20 d:/mounriver_studio/toolchain/risc-v embedded gcc12/bin/../lib/gcc/riscv-none-elf/12.2.0/../../../../riscv-none-elf/lib\libg_nano.a(lib_a-findfp.o)
                0x000000000000c9bc                __sf_fake_stdin
 .rodata._vfprintf_r.str1.4
                0x000000000000c9dc       0x13 d:/mounriver_studio/toolchain/risc-v embedded gcc12/bin/../lib/gcc/riscv-none-elf/12.2.0/../../../../riscv-none-elf/lib\libg_nano.a(lib_a-nano-vfprintf.o)
 *fill*         0x000000000000c9ef        0x1 
 .rodata._printf_i.str1.4
                0x000000000000c9f0       0x25 d:/mounriver_studio/toolchain/risc-v embedded gcc12/bin/../lib/gcc/riscv-none-elf/12.2.0/../../../../riscv-none-elf/lib\libg_nano.a(lib_a-nano-vfprintf_i.o)
 *fill*         0x000000000000ca15        0x3 
 .rodata._printf_i
                0x000000000000ca18       0x58 d:/mounriver_studio/toolchain/risc-v embedded gcc12/bin/../lib/gcc/riscv-none-elf/12.2.0/../../../../riscv-none-elf/lib\libg_nano.a(lib_a-nano-vfprintf_i.o)
 *(.gnu.linkonce.t.*)
                0x000000000000ca70                . = ALIGN (0x4)

.rela.dyn       0x000000000000ca70        0x0
 .rela.init     0x000000000000ca70        0x0 ./User/ch32v10x_it.o
 .rela.vector   0x000000000000ca70        0x0 ./User/ch32v10x_it.o
 .rela.text.handle_reset
                0x000000000000ca70        0x0 ./User/ch32v10x_it.o
 .rela.text._sbrk
                0x000000000000ca70        0x0 ./User/ch32v10x_it.o
 .rela.sdata.curbrk.0
                0x000000000000ca70        0x0 ./User/ch32v10x_it.o
 .rela.text._vfprintf_r
                0x000000000000ca70        0x0 ./User/ch32v10x_it.o

.fini           0x000000000000ca70        0x0
 *(SORT_NONE(.fini))
                0x000000000000ca70                . = ALIGN (0x4)
                [!provide]                        PROVIDE (_etext = .)
                [!provide]                        PROVIDE (_eitcm = .)

.preinit_array  0x000000000000ca70        0x0
                [!provide]                        PROVIDE (__preinit_array_start = .)
 *(.preinit_array)
                [!provide]                        PROVIDE (__preinit_array_end = .)

.init_array     0x000000000000ca70        0x0
                [!provide]                        PROVIDE (__init_array_start = .)
 *(SORT_BY_INIT_PRIORITY(.init_array.*) SORT_BY_INIT_PRIORITY(.ctors.*))
 *(.init_array EXCLUDE_FILE(*crtend?.o *crtend.o *crtbegin?.o *crtbegin.o) .ctors)
                [!provide]                        PROVIDE (__init_array_end = .)

.fini_array     0x000000000000ca70        0x0
                [!provide]                        PROVIDE (__fini_array_start = .)
 *(SORT_BY_INIT_PRIORITY(.fini_array.*) SORT_BY_INIT_PRIORITY(.dtors.*))
 *(.fini_array EXCLUDE_FILE(*crtend?.o *crtend.o *crtbegin?.o *crtbegin.o) .dtors)
                [!provide]                        PROVIDE (__fini_array_end = .)

.ctors
 *crtbegin.o(.ctors)
 *crtbegin?.o(.ctors)
 *(EXCLUDE_FILE(*crtend?.o *crtend.o) .ctors)
 *(SORT_BY_NAME(.ctors.*))
 *(.ctors)

.dtors
 *crtbegin.o(.dtors)
 *crtbegin?.o(.dtors)
 *(EXCLUDE_FILE(*crtend?.o *crtend.o) .dtors)
 *(SORT_BY_NAME(.dtors.*))
 *(.dtors)

.dalign         0x0000000020000000        0x0 load address 0x000000000000ca70
                0x0000000020000000                . = ALIGN (0x4)
                0x0000000020000000                PROVIDE (_data_vma = .)

.dlalign        0x000000000000ca70        0x0
                0x000000000000ca70                . = ALIGN (0x4)
                0x000000000000ca70                PROVIDE (_data_lma = .)

.data           0x0000000020000000     0x13b8 load address 0x000000000000ca70
 *(.gnu.linkonce.r.*)
 *(.data .data.*)
 .data.kb_scan  0x0000000020000000       0x10 ./User/gpio_digit.o
                0x0000000020000000                kb_scan
 .data.kb_pull  0x0000000020000010       0x10 ./User/gpio_digit.o
                0x0000000020000010                kb_pull
 .data.kb_scan_to_hid
                0x0000000020000020       0x40 ./User/gpio_digit.o
                0x0000000020000020                kb_scan_to_hid
 .data._gpio_mask_to_group_unsafe
                0x0000000020000060       0x20 ./User/gpio_digit.o
                0x0000000020000060                _gpio_mask_to_group_unsafe
 .data.CommandTable
                0x0000000020000080       0xc0 ./User/hd_rumble2.o
                0x0000000020000080                CommandTable
 .data.amp_exp2_index_lookup_tb
                0x0000000020000140      0x100 ./User/hd_rumble2.o
                0x0000000020000140                amp_exp2_index_lookup_tb
 .data.ccr_lookup_tb
                0x0000000020000240     0x1000 ./User/hd_rumble_high_accuracy.o
                0x0000000020000240                ccr_lookup_tb
 .data._imu_quat_state
                0x0000000020001240       0x1c ./User/imu_quaternion.o
                0x0000000020001240                _imu_quat_state
 .data.default_et
                0x000000002000125c        0xe ./User/ns_com.o
                0x000000002000125c                default_et
 *fill*         0x000000002000126a        0x2 
 .data.default_device_info
                0x000000002000126c        0xc ./User/ns_com.o
                0x000000002000126c                default_device_info
 .data.AHBPrescTable
                0x0000000020001278       0x10 ./User/system_ch32v10x.o
                0x0000000020001278                AHBPrescTable
 .data.MyCfgDescr
                0x0000000020001288       0x29 ./User/usb_desc.o
                0x0000000020001288                MyCfgDescr
 *fill*         0x00000000200012b1        0x3 
 .data.APBAHBPrescTable
                0x00000000200012b4       0x10 ./Peripheral/src/ch32v10x_rcc.o
 .data.impure_data
                0x00000000200012c4       0x60 d:/mounriver_studio/toolchain/risc-v embedded gcc12/bin/../lib/gcc/riscv-none-elf/12.2.0/../../../../riscv-none-elf/lib\libg_nano.a(lib_a-impure.o)
 *(.gnu.linkonce.d.*)
                0x0000000020001328                . = ALIGN (0x8)
 *fill*         0x0000000020001324        0x4 
                0x0000000020001b28                PROVIDE (__global_pointer$ = (. + 0x800))
 *(.sdata .sdata.*)
 .sdata.rumble_state
                0x0000000020001328        0x1 ./User/hd_rumble.o
                0x0000000020001328                rumble_state
 *fill*         0x0000000020001329        0x3 
 .sdata.hd_rumble_cvr_min
                0x000000002000132c        0x4 ./User/hd_rumble_high_accuracy.o
                0x000000002000132c                hd_rumble_cvr_min
 .sdata.hd_rumble_cvr_max
                0x0000000020001330        0x4 ./User/hd_rumble_high_accuracy.o
                0x0000000020001330                hd_rumble_cvr_max
 .sdata.hd_rumble_cvr_max_offset
                0x0000000020001334        0x4 ./User/hd_rumble_high_accuracy.o
                0x0000000020001334                hd_rumble_cvr_max_offset
 .sdata.hd_rumble_cvr_range
                0x0000000020001338        0x4 ./User/hd_rumble_high_accuracy.o
                0x0000000020001338                hd_rumble_cvr_range
 .sdata.switch_flag
                0x000000002000133c        0x1 ./User/hd_rumble_high_accuracy.o
 .sdata.input_mode
                0x000000002000133d        0x1 ./User/ns_com.o
                0x000000002000133d                input_mode
 *fill*         0x000000002000133e        0x2 
 .sdata.rts_tcnt
                0x0000000020001340        0x4 ./User/ns_com_mux.o
                0x0000000020001340                rts_tcnt
 .sdata.spi_rgb_trans
                0x0000000020001344        0x2 ./User/spi.o
                0x0000000020001344                spi_rgb_trans
 *fill*         0x0000000020001346        0x2 
 .sdata.SystemCoreClock
                0x0000000020001348        0x4 ./User/system_ch32v10x.o
                0x0000000020001348                SystemCoreClock
 .sdata.ADCPrescTable
                0x000000002000134c        0x4 ./Peripheral/src/ch32v10x_rcc.o
 .sdata.curbrk.0
                0x0000000020001350        0x4 ./Debug/debug.o
 .sdata.tiny    0x0000000020001354        0x4 d:/mounriver_studio/toolchain/risc-v embedded gcc12/bin/../lib/gcc/riscv-none-elf/12.2.0/../../../../riscv-none-elf/lib\libm_nano.a(lib_a-ef_sqrt.o)
 .sdata.one     0x0000000020001358        0x4 d:/mounriver_studio/toolchain/risc-v embedded gcc12/bin/../lib/gcc/riscv-none-elf/12.2.0/../../../../riscv-none-elf/lib\libm_nano.a(lib_a-ef_sqrt.o)
 .sdata._impure_ptr
                0x000000002000135c        0x4 d:/mounriver_studio/toolchain/risc-v embedded gcc12/bin/../lib/gcc/riscv-none-elf/12.2.0/../../../../riscv-none-elf/lib\libg_nano.a(lib_a-impure.o)
                0x000000002000135c                _impure_ptr
 *(.sdata2.*)
 *(.gnu.linkonce.s.*)
                0x0000000020001360                . = ALIGN (0x8)
 *(.srodata.cst16)
 *(.srodata.cst8)
 .srodata.cst8  0x0000000020001360       0x38 ./User/imu_quaternion.o
 *(.srodata.cst4)
 .srodata.cst4  0x0000000020001398        0x4 ./User/conf.o
 .srodata.cst4  0x000000002000139c        0xc ./User/imu_quaternion.o
 .srodata.cst4  0x00000000200013a8        0x8 ./User/ns_com_mux.o
 *(.srodata.cst2)
 *(.srodata .srodata.*)
 .srodata.MyLangDescr
                0x00000000200013b0        0x4 ./User/usb_desc.o
                0x00000000200013b0                MyLangDescr
 .srodata._global_impure_ptr
                0x00000000200013b4        0x4 d:/mounriver_studio/toolchain/risc-v embedded gcc12/bin/../lib/gcc/riscv-none-elf/12.2.0/../../../../riscv-none-elf/lib\libg_nano.a(lib_a-impure.o)
                0x00000000200013b4                _global_impure_ptr
                0x00000000200013b8                . = ALIGN (0x4)
                0x00000000200013b8                PROVIDE (_edata = .)

.bss            0x00000000200013b8     0x2754 load address 0x000000000000de28
                0x00000000200013b8                . = ALIGN (0x4)
                0x00000000200013b8                PROVIDE (_sbss = .)
 *(.sbss*)
 .sbss.EXC_PC   0x00000000200013b8        0x4 ./User/ch32v10x_it.o
                0x00000000200013b8                EXC_PC
 .sbss.EXC_CAUSE
                0x00000000200013bc        0x4 ./User/ch32v10x_it.o
                0x00000000200013bc                EXC_CAUSE
 .sbss.USBFS_Endp_Busy
                0x00000000200013c0        0x8 ./User/ch32v10x_usbfs_device.o
                0x00000000200013c0                USBFS_Endp_Busy
 .sbss.USBFS_HidProtocol
                0x00000000200013c8        0x1 ./User/ch32v10x_usbfs_device.o
                0x00000000200013c8                USBFS_HidProtocol
 .sbss.USBFS_HidIdle
                0x00000000200013c9        0x1 ./User/ch32v10x_usbfs_device.o
                0x00000000200013c9                USBFS_HidIdle
 .sbss.USBFS_DevEnumStatus
                0x00000000200013ca        0x1 ./User/ch32v10x_usbfs_device.o
                0x00000000200013ca                USBFS_DevEnumStatus
 .sbss.USBFS_DevSleepStatus
                0x00000000200013cb        0x1 ./User/ch32v10x_usbfs_device.o
                0x00000000200013cb                USBFS_DevSleepStatus
 .sbss.USBFS_DevAddr
                0x00000000200013cc        0x1 ./User/ch32v10x_usbfs_device.o
                0x00000000200013cc                USBFS_DevAddr
 .sbss.USBFS_DevConfig
                0x00000000200013cd        0x1 ./User/ch32v10x_usbfs_device.o
                0x00000000200013cd                USBFS_DevConfig
 .sbss.USBFS_SetupReqLen
                0x00000000200013ce        0x2 ./User/ch32v10x_usbfs_device.o
                0x00000000200013ce                USBFS_SetupReqLen
 .sbss.USBFS_SetupReqIndex
                0x00000000200013d0        0x2 ./User/ch32v10x_usbfs_device.o
                0x00000000200013d0                USBFS_SetupReqIndex
 .sbss.USBFS_SetupReqValue
                0x00000000200013d2        0x2 ./User/ch32v10x_usbfs_device.o
                0x00000000200013d2                USBFS_SetupReqValue
 .sbss.USBFS_SetupReqType
                0x00000000200013d4        0x1 ./User/ch32v10x_usbfs_device.o
                0x00000000200013d4                USBFS_SetupReqType
 .sbss.USBFS_SetupReqCode
                0x00000000200013d5        0x1 ./User/ch32v10x_usbfs_device.o
                0x00000000200013d5                USBFS_SetupReqCode
 *fill*         0x00000000200013d6        0x2 
 .sbss.pUSBFS_Descr
                0x00000000200013d8        0x4 ./User/ch32v10x_usbfs_device.o
                0x00000000200013d8                pUSBFS_Descr
 .sbss.joystick_snapback_deadzone_sq
                0x00000000200013dc        0x8 ./User/conf.o
                0x00000000200013dc                joystick_snapback_deadzone_sq
 .sbss.Calibrattion_Val
                0x00000000200013e4        0x2 ./User/gpio_adc.o
                0x00000000200013e4                Calibrattion_Val
 *fill*         0x00000000200013e6        0x2 
 .sbss.adc_data
                0x00000000200013e8        0x8 ./User/gpio_adc.o
                0x00000000200013e8                adc_data
 .sbss.sts_button
                0x00000000200013f0        0x4 ./User/gpio_digit.o
                0x00000000200013f0                sts_button
 .sbss.sample   0x00000000200013f4        0x8 ./User/hd_rumble2.o
                0x00000000200013f4                sample
 .sbss.m_state  0x00000000200013fc        0x8 ./User/hd_rumble2.o
                0x00000000200013fc                m_state
 .sbss.global_sample_channel
                0x0000000020001404        0x1 ./User/hd_rumble2.o
                0x0000000020001404                global_sample_channel
 .sbss.decoded_cnt
                0x0000000020001405        0x1 ./User/hd_rumble2.o
                0x0000000020001405                decoded_cnt
 .sbss.switch_upd
                0x0000000020001406        0x1 ./User/hd_rumble_high_accuracy.o
 *fill*         0x0000000020001407        0x1 
 .sbss.tim3_counter
                0x0000000020001408        0x4 ./User/hd_rumble_high_accuracy.o
 .sbss.right_low_tick
                0x000000002000140c        0x4 ./User/hd_rumble_high_accuracy.o
 .sbss.right_high_tick
                0x0000000020001410        0x4 ./User/hd_rumble_high_accuracy.o
 .sbss.left_low_tick
                0x0000000020001414        0x4 ./User/hd_rumble_high_accuracy.o
 .sbss.left_high_tick
                0x0000000020001418        0x4 ./User/hd_rumble_high_accuracy.o
 .sbss.tim3_irq_tmp_r
                0x000000002000141c        0x4 ./User/hd_rumble_high_accuracy.o
 .sbss.tim3_irq_tmp_l
                0x0000000020001420        0x4 ./User/hd_rumble_high_accuracy.o
 .sbss.rumble_rb_overflow
                0x0000000020001424        0x1 ./User/hd_rumble_high_accuracy.o
                0x0000000020001424                rumble_rb_overflow
 *fill*         0x0000000020001425        0x3 
 .sbss.right_low_sum
                0x0000000020001428        0x4 ./User/hd_rumble_high_accuracy.o
                0x0000000020001428                right_low_sum
 .sbss.right_high_sum
                0x000000002000142c        0x4 ./User/hd_rumble_high_accuracy.o
                0x000000002000142c                right_high_sum
 .sbss.left_low_sum
                0x0000000020001430        0x4 ./User/hd_rumble_high_accuracy.o
                0x0000000020001430                left_low_sum
 .sbss.left_high_sum
                0x0000000020001434        0x4 ./User/hd_rumble_high_accuracy.o
                0x0000000020001434                left_high_sum
 .sbss.right_low_pos
                0x0000000020001438        0x2 ./User/hd_rumble_high_accuracy.o
                0x0000000020001438                right_low_pos
 .sbss.right_high_pos
                0x000000002000143a        0x2 ./User/hd_rumble_high_accuracy.o
                0x000000002000143a                right_high_pos
 .sbss.left_low_pos
                0x000000002000143c        0x2 ./User/hd_rumble_high_accuracy.o
                0x000000002000143c                left_low_pos
 .sbss.left_high_pos
                0x000000002000143e        0x2 ./User/hd_rumble_high_accuracy.o
                0x000000002000143e                left_high_pos
 .sbss.right_low_buf_stdby
                0x0000000020001440        0x1 ./User/hd_rumble_high_accuracy.o
                0x0000000020001440                right_low_buf_stdby
 .sbss.right_high_buf_stdby
                0x0000000020001441        0x1 ./User/hd_rumble_high_accuracy.o
                0x0000000020001441                right_high_buf_stdby
 .sbss.left_low_buf_stdby
                0x0000000020001442        0x1 ./User/hd_rumble_high_accuracy.o
                0x0000000020001442                left_low_buf_stdby
 .sbss.left_high_buf_stdby
                0x0000000020001443        0x1 ./User/hd_rumble_high_accuracy.o
                0x0000000020001443                left_high_buf_stdby
 .sbss.right_low_buf_rdy
                0x0000000020001444        0x1 ./User/hd_rumble_high_accuracy.o
                0x0000000020001444                right_low_buf_rdy
 .sbss.right_high_buf_rdy
                0x0000000020001445        0x1 ./User/hd_rumble_high_accuracy.o
                0x0000000020001445                right_high_buf_rdy
 .sbss.left_low_buf_rdy
                0x0000000020001446        0x1 ./User/hd_rumble_high_accuracy.o
                0x0000000020001446                left_low_buf_rdy
 .sbss.left_high_buf_rdy
                0x0000000020001447        0x1 ./User/hd_rumble_high_accuracy.o
                0x0000000020001447                left_high_buf_rdy
 .sbss.right_low_buf
                0x0000000020001448        0x8 ./User/hd_rumble_high_accuracy.o
                0x0000000020001448                right_low_buf
 .sbss.right_high_buf
                0x0000000020001450        0x8 ./User/hd_rumble_high_accuracy.o
                0x0000000020001450                right_high_buf
 .sbss.left_low_buf
                0x0000000020001458        0x8 ./User/hd_rumble_high_accuracy.o
                0x0000000020001458                left_low_buf