Archive member included to satisfy reference by file (symbol)

d:/mounriver_studio/toolchain/risc-v embedded gcc12/bin/../lib/gcc/riscv-none-elf/12.2.0/../../../../riscv-none-elf/lib\libm_nano.a(lib_a-wf_sqrt.o)
                              ./User/imu_quaternion.o (sqrtf)
d:/mounriver_studio/toolchain/risc-v embedded gcc12/bin/../lib/gcc/riscv-none-elf/12.2.0/../../../../riscv-none-elf/lib\libm_nano.a(lib_a-ef_sqrt.o)
                              d:/mounriver_studio/toolchain/risc-v embedded gcc12/bin/../lib/gcc/riscv-none-elf/12.2.0/../../../../riscv-none-elf/lib\libm_nano.a(lib_a-wf_sqrt.o) (__ieee754_sqrtf)
d:/mounriver_studio/toolchain/risc-v embedded gcc12/bin/../lib/gcc/riscv-none-elf/12.2.0\libgcc.a(_divdi3.o)
                              ./User/hd_rumble2.o (__divdi3)
d:/mounriver_studio/toolchain/risc-v embedded gcc12/bin/../lib/gcc/riscv-none-elf/12.2.0\libgcc.a(_udivdi3.o)
                              ./User/hd_rumble2.o (__udivdi3)
d:/mounriver_studio/toolchain/risc-v embedded gcc12/bin/../lib/gcc/riscv-none-elf/12.2.0\libgcc.a(adddf3.o)
                              ./User/imu_quaternion.o (__adddf3)
d:/mounriver_studio/toolchain/risc-v embedded gcc12/bin/../lib/gcc/riscv-none-elf/12.2.0\libgcc.a(divdf3.o)
                              ./User/imu_quaternion.o (__divdf3)
d:/mounriver_studio/toolchain/risc-v embedded gcc12/bin/../lib/gcc/riscv-none-elf/12.2.0\libgcc.a(muldf3.o)
                              ./User/imu_quaternion.o (__muldf3)
d:/mounriver_studio/toolchain/risc-v embedded gcc12/bin/../lib/gcc/riscv-none-elf/12.2.0\libgcc.a(subdf3.o)
                              ./User/imu_quaternion.o (__subdf3)
d:/mounriver_studio/toolchain/risc-v embedded gcc12/bin/../lib/gcc/riscv-none-elf/12.2.0\libgcc.a(floatsidf.o)
                              ./User/imu_quaternion.o (__floatsidf)
d:/mounriver_studio/toolchain/risc-v embedded gcc12/bin/../lib/gcc/riscv-none-elf/12.2.0\libgcc.a(floatunsidf.o)
                              ./User/imu_quaternion.o (__floatunsidf)
d:/mounriver_studio/toolchain/risc-v embedded gcc12/bin/../lib/gcc/riscv-none-elf/12.2.0\libgcc.a(addsf3.o)
                              ./User/imu_quaternion.o (__addsf3)
d:/mounriver_studio/toolchain/risc-v embedded gcc12/bin/../lib/gcc/riscv-none-elf/12.2.0\libgcc.a(divsf3.o)
                              ./User/conf.o (__divsf3)
d:/mounriver_studio/toolchain/risc-v embedded gcc12/bin/../lib/gcc/riscv-none-elf/12.2.0\libgcc.a(gesf2.o)
                              ./User/imu_quaternion.o (__gtsf2)
d:/mounriver_studio/toolchain/risc-v embedded gcc12/bin/../lib/gcc/riscv-none-elf/12.2.0\libgcc.a(lesf2.o)
                              d:/mounriver_studio/toolchain/risc-v embedded gcc12/bin/../lib/gcc/riscv-none-elf/12.2.0/../../../../riscv-none-elf/lib\libm_nano.a(lib_a-ef_sqrt.o) (__lesf2)
d:/mounriver_studio/toolchain/risc-v embedded gcc12/bin/../lib/gcc/riscv-none-elf/12.2.0\libgcc.a(mulsf3.o)
                              ./User/imu.o (__mulsf3)
d:/mounriver_studio/toolchain/risc-v embedded gcc12/bin/../lib/gcc/riscv-none-elf/12.2.0\libgcc.a(subsf3.o)
                              ./User/imu_quaternion.o (__subsf3)
d:/mounriver_studio/toolchain/risc-v embedded gcc12/bin/../lib/gcc/riscv-none-elf/12.2.0\libgcc.a(unordsf2.o)
                              d:/mounriver_studio/toolchain/risc-v embedded gcc12/bin/../lib/gcc/riscv-none-elf/12.2.0/../../../../riscv-none-elf/lib\libm_nano.a(lib_a-wf_sqrt.o) (__unordsf2)
d:/mounriver_studio/toolchain/risc-v embedded gcc12/bin/../lib/gcc/riscv-none-elf/12.2.0\libgcc.a(fixsfsi.o)
                              ./User/imu.o (__fixsfsi)
d:/mounriver_studio/toolchain/risc-v embedded gcc12/bin/../lib/gcc/riscv-none-elf/12.2.0\libgcc.a(floatsisf.o)
                              ./User/conf.o (__floatsisf)
d:/mounriver_studio/toolchain/risc-v embedded gcc12/bin/../lib/gcc/riscv-none-elf/12.2.0\libgcc.a(truncdfsf2.o)
                              ./User/imu_quaternion.o (__truncdfsf2)
d:/mounriver_studio/toolchain/risc-v embedded gcc12/bin/../lib/gcc/riscv-none-elf/12.2.0\libgcc.a(save-restore.o)
                              ./User/hd_rumble2.o (__riscv_save_12)
d:/mounriver_studio/toolchain/risc-v embedded gcc12/bin/../lib/gcc/riscv-none-elf/12.2.0\libgcc.a(_clz.o)
                              d:/mounriver_studio/toolchain/risc-v embedded gcc12/bin/../lib/gcc/riscv-none-elf/12.2.0\libgcc.a(_divdi3.o) (__clz_tab)
d:/mounriver_studio/toolchain/risc-v embedded gcc12/bin/../lib/gcc/riscv-none-elf/12.2.0\libgcc.a(_clzsi2.o)
                              d:/mounriver_studio/toolchain/risc-v embedded gcc12/bin/../lib/gcc/riscv-none-elf/12.2.0\libgcc.a(adddf3.o) (__clzsi2)
d:/mounriver_studio/toolchain/risc-v embedded gcc12/bin/../lib/gcc/riscv-none-elf/12.2.0/../../../../riscv-none-elf/lib\libg_nano.a(lib_a-errno.o)
[...]
Memory Configuration

Name             Origin             Length             Attributes
FLASH            0x0000000000000000 0x0000000000010000 xr
RAM              0x0000000020000000 0x0000000000005000 xrw
*default*        0x0000000000000000 0xffffffffffffffff

Linker script and memory map

LOAD ./User/ch32v10x_it.o
LOAD ./User/ch32v10x_usbfs_device.o
LOAD ./User/conf.o
LOAD ./User/flash.o
LOAD ./User/global_api.o
LOAD ./User/gpio_adc.o
LOAD ./User/gpio_digit.o
LOAD ./User/hd_rumble.o
LOAD ./User/hd_rumble2.o
LOAD ./User/hd_rumble_high_accuracy.o
LOAD ./User/i2c.o
LOAD ./User/imu.o
LOAD ./User/imu_quaternion.o
LOAD ./User/main.o
LOAD ./User/ns_com.o
LOAD ./User/ns_com_mux.o
LOAD ./User/pwr.o
LOAD ./User/ring_buffer.o
LOAD ./User/spi.o
LOAD ./User/system_ch32v10x.o
LOAD ./User/tick.o
LOAD ./User/uart.o
LOAD ./User/uart_com.o
LOAD ./User/usb_desc.o
LOAD ./User/usbd_compatibility_hid.o
LOAD ./User/watchdog.o
LOAD ./Startup/startup_ch32v10x.o
LOAD ./Peripheral/src/ch32v10x_adc.o
LOAD ./Peripheral/src/ch32v10x_bkp.o
LOAD ./Peripheral/src/ch32v10x_crc.o
LOAD ./Peripheral/src/ch32v10x_dbgmcu.o
LOAD ./Peripheral/src/ch32v10x_dma.o
LOAD ./Peripheral/src/ch32v10x_exti.o
LOAD ./Peripheral/src/ch32v10x_flash.o
LOAD ./Peripheral/src/ch32v10x_gpio.o
LOAD ./Peripheral/src/ch32v10x_i2c.o
LOAD ./Peripheral/src/ch32v10x_iwdg.o
LOAD ./Peripheral/src/ch32v10x_misc.o
LOAD ./Peripheral/src/ch32v10x_pwr.o
LOAD ./Peripheral/src/ch32v10x_rcc.o
LOAD ./Peripheral/src/ch32v10x_rtc.o
LOAD ./Peripheral/src/ch32v10x_spi.o
LOAD ./Peripheral/src/ch32v10x_tim.o
LOAD ./Peripheral/src/ch32v10x_usart.o
LOAD ./Peripheral/src/ch32v10x_usb.o
LOAD ./Peripheral/src/ch32v10x_usb_host.o
LOAD ./Peripheral/src/ch32v10x_wwdg.o
LOAD ./Debug/debug.o
LOAD ./Core/core_riscv.o
LOAD d:/mounriver_studio/toolchain/risc-v embedded gcc12/bin/../lib/gcc/riscv-none-elf/12.2.0/../../../../riscv-none-elf/lib\libm_nano.a
LOAD d:/mounriver_studio/toolchain/risc-v embedded gcc12/bin/../lib/gcc/riscv-none-elf/12.2.0\libgcc.a
LOAD d:/mounriver_studio/toolchain/risc-v embedded gcc12/bin/../lib/gcc/riscv-none-elf/12.2.0/../../../../riscv-none-elf/lib\libg_nano.a
LOAD d:/mounriver_studio/toolchain/risc-v embedded gcc12/bin/../lib/gcc/riscv-none-elf/12.2.0/../../../../riscv-none-elf/lib\libc_nano.a
LOAD d:/mounriver_studio/toolchain/risc-v embedded gcc12/bin/../lib/gcc/riscv-none-elf/12.2.0\libgcc.a
START GROUP
LOAD d:/mounriver_studio/toolchain/risc-v embedded gcc12/bin/../lib/gcc/riscv-none-elf/12.2.0\libgcc.a
LOAD d:/mounriver_studio/toolchain/risc-v embedded gcc12/bin/../lib/gcc/riscv-none-elf/12.2.0/../../../../riscv-none-elf/lib\libc_nano.a
LOAD d:/mounriver_studio/toolchain/risc-v embedded gcc12/bin/../lib/gcc/riscv-none-elf/12.2.0/../../../../riscv-none-elf/lib\libnosys.a
END GROUP
START GROUP
LOAD d:/mounriver_studio/toolchain/risc-v embedded gcc12/bin/../lib/gcc/riscv-none-elf/12.2.0\libgcc.a
LOAD d:/mounriver_studio/toolchain/risc-v embedded gcc12/bin/../lib/gcc/riscv-none-elf/12.2.0/../../../../riscv-none-elf/lib\libc_nano.a
LOAD d:/mounriver_studio/toolchain/risc-v embedded gcc12/bin/../lib/gcc/riscv-none-elf/12.2.0/../../../../riscv-none-elf/lib\libnosys.a
END GROUP
                0x0000000000000a00                __stack_size = 0xa00
                [!provide]                        PROVIDE (_stack_size = __stack_size)

.init           0x0000000000000000       0x38
                0x0000000000000000                _sinit = .
                0x0000000000000000                . = ALIGN (0x4)
 *(SORT_NONE(.init))
 .init          0x0000000000000000       0x38 ./Startup/startup_ch32v10x.o
                0x0000000000000000                _start
                0x0000000000000038                . = ALIGN (0x4)
                0x0000000000000038                _einit = .

.vector         0x0000000000000038      0x108
 *(.vector)
 .vector        0x0000000000000038       0xf0 ./Startup/startup_ch32v10x.o
                0x0000000000000140                . = ALIGN (0x40)
 *fill*         0x0000000000000128       0x18 

.text           0x0000000000000140     0xb8a8
                0x0000000000000140                . = ALIGN (0x4)
 *(.text)
 .text          0x0000000000000140       0x60 d:/mounriver_studio/toolchain/risc-v embedded gcc12/bin/../lib/gcc/riscv-none-elf/12.2.0\libgcc.a(save-restore.o)
                0x0000000000000140                __riscv_save_12
                0x0000000000000148                __riscv_save_9
                0x0000000000000148                __riscv_save_11
                0x0000000000000148                __riscv_save_10
                0x0000000000000148                __riscv_save_8
                0x0000000000000156                __riscv_save_4
                0x0000000000000156                __riscv_save_6
                0x0000000000000156                __riscv_save_5
                0x0000000000000156                __riscv_save_7
                0x0000000000000170                __riscv_save_3
                0x0000000000000170                __riscv_save_2
                0x0000000000000170                __riscv_save_1
                0x0000000000000170                __riscv_save_0
                0x000000000000017c                __riscv_restore_12
                0x0000000000000180                __riscv_restore_11
                0x0000000000000180                __riscv_restore_9
                0x0000000000000180                __riscv_restore_10
                0x0000000000000180                __riscv_restore_8
                0x000000000000018a                __riscv_restore_5
                0x000000000000018a                __riscv_restore_7
                0x000000000000018a                __riscv_restore_6
                0x000000000000018a                __riscv_restore_4
                0x0000000000000194                __riscv_restore_3
                0x0000000000000194                __riscv_restore_0
                0x0000000000000194                __riscv_restore_2
                0x0000000000000194                __riscv_restore_1
 .text          0x00000000000001a0       0x16 d:/mounriver_studio/toolchain/risc-v embedded gcc12/bin/../lib/gcc/riscv-none-elf/12.2.0/../../../../riscv-none-elf/lib\libg_nano.a(lib_a-memcpy-asm.o)
                0x00000000000001a0                memcpy
 .text          0x00000000000001b6       0x10 d:/mounriver_studio/toolchain/risc-v embedded gcc12/bin/../lib/gcc/riscv-none-elf/12.2.0/../../../../riscv-none-elf/lib\libg_nano.a(lib_a-memset.o)
                0x00000000000001b6                memset
 *(.text.*)
 .text.NMI_Handler
                0x00000000000001c6       0x28 ./User/ch32v10x_it.o
                0x00000000000001c6                NMI_Handler
 .text.HardFault_Handler
                0x00000000000001ee       0xa4 ./User/ch32v10x_it.o
                0x00000000000001ee                HardFault_Handler
 .text.USBFS_RCC_Init
                0x0000000000000292       0x4a ./User/ch32v10x_usbfs_device.o
                0x0000000000000292                USBFS_RCC_Init
 .text.USBFS_Device_Endp_Init
                0x00000000000002dc       0x44 ./User/ch32v10x_usbfs_device.o
                0x00000000000002dc                USBFS_Device_Endp_Init
 .text.USBFS_Device_Init
                0x0000000000000320       0xa6 ./User/ch32v10x_usbfs_device.o
                0x0000000000000320                USBFS_Device_Init
 .text.USBFS_IRQHandler
                0x00000000000003c6      0x680 ./User/ch32v10x_usbfs_device.o
                0x00000000000003c6                USBFS_IRQHandler
 .text.conf_read
                0x0000000000000a46       0x56 ./User/conf.o
                0x0000000000000a46                conf_read
 .text.custom_conf_read
                0x0000000000000a9c       0x10 ./User/conf.o
                0x0000000000000a9c                custom_conf_read
 .text.custom_conf_write
                0x0000000000000aac       0x10 ./User/conf.o
                0x0000000000000aac                custom_conf_write
 .text.pack_fac_conf
                0x0000000000000abc       0x6c ./User/conf.o
                0x0000000000000abc                pack_fac_conf
 .text.fac_conf_write
                0x0000000000000b28       0x12 ./User/conf.o
                0x0000000000000b28                fac_conf_write
 .text.conf_write
                0x0000000000000b3a       0x6e ./User/conf.o
                0x0000000000000b3a                conf_write
 .text.unpack_fac_conf
                0x0000000000000ba8      0x214 ./User/conf.o
                0x0000000000000ba8                unpack_fac_conf
 .text.fac_conf_read
                0x0000000000000dbc       0x1a ./User/conf.o
                0x0000000000000dbc                fac_conf_read
 .text.conf_flush
                0x0000000000000dd6       0x7a ./User/conf.o
                0x0000000000000dd6                conf_flush
 .text.conf_init
                0x0000000000000e50      0x18e ./User/conf.o
                0x0000000000000e50                conf_init
 .text._flash_write
                0x0000000000000fde       0x52 ./User/flash.o
                0x0000000000000fde                _flash_write
 .text.flash_write
                0x0000000000001030       0x44 ./User/flash.o
                0x0000000000001030                flash_write
 .text.get_raw_flash_buf
                0x0000000000001074        0xa ./User/flash.o
                0x0000000000001074                get_raw_flash_buf
 .text.raw_flash_write
                0x000000000000107e        0x2 ./User/flash.o
                0x000000000000107e                raw_flash_write
 .text.flash_read
                0x0000000000001080       0x40 ./User/flash.o
                0x0000000000001080                flash_read
 .text.i32_min  0x00000000000010c0        0xc ./User/global_api.o
                0x00000000000010c0                i32_min
 .text.fetch_uint32
                0x00000000000010cc       0x18 ./User/global_api.o
                0x00000000000010cc                fetch_uint32
 .text.i32_clamp
                0x00000000000010e4       0x12 ./User/global_api.o
                0x00000000000010e4                i32_clamp
 .text.ADC_Function_Init
                0x00000000000010f6       0xb2 ./User/gpio_adc.o
                0x00000000000010f6                ADC_Function_Init
 .text.DMA_Tx_Init
                0x00000000000011a8       0x56 ./User/gpio_adc.o
                0x00000000000011a8                DMA_Tx_Init
 .text.adc_init
                0x00000000000011fe       0x6e ./User/gpio_adc.o
                0x00000000000011fe                adc_init
 .text.gpio_tb_init
                0x000000000000126c       0x7a ./User/gpio_digit.o
                0x000000000000126c                gpio_tb_init
 .text.gpio_init
                0x00000000000012e6       0xc2 ./User/gpio_digit.o
                0x00000000000012e6                gpio_init
 .text.gpio_read_all
                0x00000000000013a8       0x76 ./User/gpio_digit.o
                0x00000000000013a8                gpio_read_all
 .text.gpio_read
                0x000000000000141e       0x54 ./User/gpio_digit.o
                0x000000000000141e                gpio_read
 .text.hd_rumble_init
                0x0000000000001472      0x14c ./User/hd_rumble.o
                0x0000000000001472                hd_rumble_init
 .text.hd_rumble_set_status
                0x00000000000015be        0xe ./User/hd_rumble.o
                0x00000000000015be                hd_rumble_set_status
 .text.ApplyCommand
                0x00000000000015cc       0x3e ./User/hd_rumble2.o
                0x00000000000015cc                ApplyCommand
 .text.ApplyAmCommand
                0x000000000000160a       0x24 ./User/hd_rumble2.o
                0x000000000000160a                ApplyAmCommand
 .text.ApplyFmCommand
                0x000000000000162e       0x28 ./User/hd_rumble2.o
                0x000000000000162e                ApplyFmCommand
 .text.get_hd_rumble_pack
                0x0000000000001656       0x1a ./User/hd_rumble2.o
                0x0000000000001656                get_hd_rumble_pack
 .text.deocde_hd_rumble_format1
                0x0000000000001670       0x60 ./User/hd_rumble2.o
                0x0000000000001670                deocde_hd_rumble_format1
 .text.decode_hd_rumble_format1long
                0x00000000000016d0       0x94 ./User/hd_rumble2.o
                0x00000000000016d0                decode_hd_rumble_format1long
 .text.decode_hd_rumble_format1full
                0x0000000000001764      0x124 ./User/hd_rumble2.o
                0x0000000000001764                decode_hd_rumble_format1full
 .text.decode_hd_rumble_format2
                0x0000000000001888       0xb8 ./User/hd_rumble2.o
                0x0000000000001888                decode_hd_rumble_format2
 .text.decode_hd_rumble_format2long
                0x0000000000001940       0xfa ./User/hd_rumble2.o
                0x0000000000001940                decode_hd_rumble_format2long
 .text.decode_hd_rumble_format3
                0x0000000000001a3a      0x128 ./User/hd_rumble2.o
                0x0000000000001a3a                decode_hd_rumble_format3
 .text.decode_hd_rumble_multiformat_high_acc
                0x0000000000001b62      0x266 ./User/hd_rumble2.o
                0x0000000000001b62                decode_hd_rumble_multiformat_high_acc
 .text.hd_rumble_high_accurary_init
                0x0000000000001dc8       0x82 ./User/hd_rumble_high_accuracy.o
                0x0000000000001dc8                hd_rumble_high_accurary_init
 .text.push_waveform
                0x0000000000001e4a       0x5a ./User/hd_rumble_high_accuracy.o
                0x0000000000001e4a                push_waveform
 .text.push_waveform_into_buffer_task
                0x0000000000001ea4      0x110 ./User/hd_rumble_high_accuracy.o
                0x0000000000001ea4                push_waveform_into_buffer_task
 .text.step_forward
                0x0000000000001fb4       0x40 ./User/hd_rumble_high_accuracy.o
                0x0000000000001fb4                step_forward
 .text.rumble_pattern_check
                0x0000000000001ff4       0x5c ./User/hd_rumble_high_accuracy.o
                0x0000000000001ff4                rumble_pattern_check
 .text.TIM3_IRQHandler
                0x0000000000002050      0x204 ./User/hd_rumble_high_accuracy.o
                0x0000000000002050                TIM3_IRQHandler
 .text.i2c2_check_flag
                0x0000000000002254       0x1a ./User/i2c.o
                0x0000000000002254                i2c2_check_flag
 .text.i2c2_check_event
                0x000000000000226e       0x1a ./User/i2c.o
                0x000000000000226e                i2c2_check_event
 .text.I2C2_ER_IRQHandler
                0x0000000000002288       0x2a ./User/i2c.o
                0x0000000000002288                I2C2_ER_IRQHandler
 .text.i2c_software_recovery
                0x00000000000022b2      0x11e ./User/i2c.o
                0x00000000000022b2                i2c_software_recovery
 .text.i2c2_reset
                0x00000000000023d0       0x44 ./User/i2c.o
                0x00000000000023d0                i2c2_reset
 .text.i2c_hardware_init
                0x0000000000002414       0xc0 ./User/i2c.o
                0x0000000000002414                i2c_hardware_init
 .text.i2c_read_start
                0x00000000000024d4      0x140 ./User/i2c.o
                0x00000000000024d4                i2c_read_start
 .text.i2c_read_byte
                0x0000000000002614       0x84 ./User/i2c.o
                0x0000000000002614                i2c_read_byte
 .text.i2c_read_continuous
                0x0000000000002698       0xac ./User/i2c.o
                0x0000000000002698                i2c_read_continuous
 .text.i2c_write_byte
                0x0000000000002744      0x116 ./User/i2c.o
                0x0000000000002744                i2c_write_byte
 .text.i2c_init
                0x000000000000285a       0x10 ./User/i2c.o
                0x000000000000285a                i2c_init
 .text.imu_set_reg
                0x000000000000286a       0x34 ./User/imu.o
                0x000000000000286a                imu_set_reg
 .text.imu_read
                0x000000000000289e       0x62 ./User/imu.o
                0x000000000000289e                imu_read
 .text.set_imu_awake
                0x0000000000002900      0x12c ./User/imu.o
                0x0000000000002900                set_imu_awake
 .text.set_imu_sleep
                0x0000000000002a2c       0x24 ./User/imu.o
                0x0000000000002a2c                set_imu_sleep
 .text.imu_init
                0x0000000000002a50        0x2 ./User/imu.o
                0x0000000000002a50                imu_init
 .text.imu_upd  0x0000000000002a52      0x236 ./User/imu.o
                0x0000000000002a52                imu_upd
 .text._imu_quat_normalize
                0x0000000000002c88       0x90 ./User/imu_quaternion.o
                0x0000000000002c88                _imu_quat_normalize
 .text._imu_rotate_quaternion
                0x0000000000002d18      0x128 ./User/imu_quaternion.o
                0x0000000000002d18                _imu_rotate_quaternion
 .text._imu_update_quaternion
                0x0000000000002e40      0x1fe ./User/imu_quaternion.o
                0x0000000000002e40                _imu_update_quaternion
 .text.switch_motion_pack_quat
                0x000000000000303e      0x2b2 ./User/imu_quaternion.o
                0x000000000000303e                switch_motion_pack_quat
 .text.imu_upd2
                0x00000000000032f0       0x44 ./User/imu_quaternion.o
                0x00000000000032f0                imu_upd2
 .text.button_upd_all
                0x0000000000003334       0x1e ./User/main.o
                0x0000000000003334                button_upd_all
 .text.get_peripheral_data_handler
                0x0000000000003352       0x56 ./User/main.o
                0x0000000000003352                get_peripheral_data_handler
 .text.joystick_snapback_filter
                0x00000000000033a8      0x20c ./User/main.o
                0x00000000000033a8                joystick_snapback_filter
 .text.joystick_debounce_task
                0x00000000000035b4       0x84 ./User/main.o
                0x00000000000035b4                joystick_debounce_task
 .text.func_switch_task
                0x0000000000003638      0x20e ./User/main.o
                0x0000000000003638                func_switch_task
 .text.top_timer
                0x0000000000003846       0x56 ./User/main.o
                0x0000000000003846                top_timer
 .text.routine_service
                0x000000000000389c       0x52 ./User/main.o
                0x000000000000389c                routine_service
 .text.set_peripherals_state
                0x00000000000038ee       0x92 ./User/main.o
                0x00000000000038ee                set_peripherals_state
 .text.init_all
                0x0000000000003980       0xd0 ./User/main.o
                0x0000000000003980                init_all
 .text.startup.main
                0x0000000000003a50       0xda ./User/main.o
                0x0000000000003a50                main
 .text.ns_subcommand_set_hci_state
                0x0000000000003b2a        0x2 ./User/ns_com.o
                0x0000000000003b2a                ns_subcommand_set_hci_state
 .text.ns_subcommand_set_imu_register
                0x0000000000003b2c       0x10 ./User/ns_com.o
                0x0000000000003b2c                ns_subcommand_set_imu_register
 .text.ns_subcommand_reset_mcu
                0x0000000000003b3c        0x2 ./User/ns_com.o
                0x0000000000003b3c                ns_subcommand_reset_mcu
 .text.ns_subcommand_set_home_led
                0x0000000000003b3e        0x2 ./User/ns_com.o
                0x0000000000003b3e                ns_subcommand_set_home_led
 .text.ns_subcommand_reset_pairing_info
                0x0000000000003b40        0x2 ./User/ns_com.o
                0x0000000000003b40                ns_subcommand_reset_pairing_info
 .text.pkt_clr  0x0000000000003b42       0x16 ./User/ns_com.o
                0x0000000000003b42                pkt_clr
 .text.ns_subcommand_set_mcu_conf
                0x0000000000003b58       0x40 ./User/ns_com.o
                0x0000000000003b58                ns_subcommand_set_mcu_conf
 .text.ns_subcommand_default
                0x0000000000003b98       0x38 ./User/ns_com.o
                0x0000000000003b98                ns_subcommand_default
 .text.ns_subcommand_pair_by_wire
                0x0000000000003bd0       0xa0 ./User/ns_com.o
                0x0000000000003bd0                ns_subcommand_pair_by_wire
 .text.ns_subcommand_get_device_info
                0x0000000000003c70       0x9c ./User/ns_com.o
                0x0000000000003c70                ns_subcommand_get_device_info
 .text.ns_subcommand_set_input_mode
                0x0000000000003d0c       0x4e ./User/ns_com.o
                0x0000000000003d0c                ns_subcommand_set_input_mode
 .text.ns_subcommand_trigger_buttons_elapsed_time
                0x0000000000003d5a       0x46 ./User/ns_com.o
                0x0000000000003d5a                ns_subcommand_trigger_buttons_elapsed_time
 .text.ns_subcommand_get_page_list_state
                0x0000000000003da0       0x3a ./User/ns_com.o
                0x0000000000003da0                ns_subcommand_get_page_list_state
 .text.ns_subcommand_set_shipping_mode
                0x0000000000003dda       0x38 ./User/ns_com.o
                0x0000000000003dda                ns_subcommand_set_shipping_mode
 .text.ns_subcommand_spi_erase
                0x0000000000003e12        0x4 ./User/ns_com.o
                0x0000000000003e12                ns_subcommand_spi_erase
 .text.ns_subcommand_enable_mcu_polling
                0x0000000000003e16        0x4 ./User/ns_com.o
                0x0000000000003e16                ns_subcommand_enable_mcu_polling
 .text.ns_subcommand_disable_mcu_polling
                0x0000000000003e1a        0x4 ./User/ns_com.o
                0x0000000000003e1a                ns_subcommand_disable_mcu_polling
 .text.ns_subcommand_spi_read
                0x0000000000003e1e       0x7a ./User/ns_com.o
                0x0000000000003e1e                ns_subcommand_spi_read
 .text.ns_subcommand_spi_write
                0x0000000000003e98       0x60 ./User/ns_com.o
                0x0000000000003e98                ns_subcommand_spi_write
 .text.ns_subcommand_set_mcu_state
                0x0000000000003ef8       0x34 ./User/ns_com.o
                0x0000000000003ef8                ns_subcommand_set_mcu_state
 .text.ns_subcommand_attachmend_write
                0x0000000000003f2c        0x4 ./User/ns_com.o
                0x0000000000003f2c                ns_subcommand_attachmend_write
 .text.ns_subcommand_write_charge_setting
                0x0000000000003f30        0x4 ./User/ns_com.o
                0x0000000000003f30                ns_subcommand_write_charge_setting
 .text.ns_subcommand_attachmend_read
                0x0000000000003f34       0x36 ./User/ns_com.o
                0x0000000000003f34                ns_subcommand_attachmend_read
 .text.ns_subcommand_attachment_state
                0x0000000000003f6a       0x30 ./User/ns_com.o
                0x0000000000003f6a                ns_subcommand_attachment_state
 .text.ns_subcommand_get_attachment_info
                0x0000000000003f9a       0x34 ./User/ns_com.o
                0x0000000000003f9a                ns_subcommand_get_attachment_info
 .text.ns_subcommand_set_indicate_led
                0x0000000000003fce       0x46 ./User/ns_com.o
                0x0000000000003fce                ns_subcommand_set_indicate_led
 .text.ns_subcommand_get_indicate_led
                0x0000000000004014       0x3c ./User/ns_com.o
                0x0000000000004014                ns_subcommand_get_indicate_led
 .text.ns_subcommand_set_imu_state
                0x0000000000004050       0x3e ./User/ns_com.o
                0x0000000000004050                ns_subcommand_set_imu_state
 .text.ns_subcommand_set_imu_conf
                0x000000000000408e       0x72 ./User/ns_com.o
                0x000000000000408e                ns_subcommand_set_imu_conf
 .text.ns_subcommand_read_imu_register
                0x0000000000004100       0x66 ./User/ns_com.o
                0x0000000000004100                ns_subcommand_read_imu_register
 .text.ns_subcommand_set_rumble_state
                0x0000000000004166       0x3e ./User/ns_com.o
                0x0000000000004166                ns_subcommand_set_rumble_state
 .text.ns_subcommand_get_battery_voltage
                0x00000000000041a4       0x3a ./User/ns_com.o
                0x00000000000041a4                ns_subcommand_get_battery_voltage
 .text.ns_subcommand_read_charge_setting
                0x00000000000041de       0x38 ./User/ns_com.o
                0x00000000000041de                ns_subcommand_read_charge_setting
 .text.ns_subcommand_callback_init
                0x0000000000004216      0x112 ./User/ns_com.o
                0x0000000000004216                ns_subcommand_callback_init
 .text.ns_rumble_handler
                0x0000000000004328       0x14 ./User/ns_com_mux.o
                0x0000000000004328                ns_rumble_handler
 .text.ns_cmd_subcommand_dispatcher
                0x000000000000433c       0x3c ./User/ns_com_mux.o
                0x000000000000433c                ns_cmd_subcommand_dispatcher
 .text.ns_mux_usb_handshake_handler
                0x0000000000004378       0x8e ./User/ns_com_mux.o
                0x0000000000004378                ns_mux_usb_handshake_handler
 .text._calibrate_imu_raw
                0x0000000000004406       0xac ./User/ns_com_mux.o
                0x0000000000004406                _calibrate_imu_raw
 .text.calibrate_imu
                0x00000000000044b2      0x17e ./User/ns_com_mux.o
                0x00000000000044b2                calibrate_imu
 .text.fw_subcommand_reboot
                0x0000000000004630       0x22 ./User/ns_com_mux.o
                0x0000000000004630                fw_subcommand_reboot
 .text.ns_mux_init
                0x0000000000004652        0x4 ./User/ns_com_mux.o
                0x0000000000004652                ns_mux_init
 .text.ns_send_report
                0x0000000000004656        0xe ./User/ns_com_mux.o
                0x0000000000004656                ns_send_report
 .text.hid_send_full64byte_report
                0x0000000000004664        0xc ./User/ns_com_mux.o
                0x0000000000004664                hid_send_full64byte_report
 .text.fw_snd_pkt
                0x0000000000004670       0x20 ./User/ns_com_mux.o
                0x0000000000004670                fw_snd_pkt
 .text.fw_subcommand_read_setting
                0x0000000000004690       0x92 ./User/ns_com_mux.o
                0x0000000000004690                fw_subcommand_read_setting
 .text.fw_subcommand_write_setting
                0x0000000000004722       0x8c ./User/ns_com_mux.o
                0x0000000000004722                fw_subcommand_write_setting
 .text.fw_subcommand_read_emulate_rom
                0x00000000000047ae       0x4c ./User/ns_com_mux.o
                0x00000000000047ae                fw_subcommand_read_emulate_rom
 .text.fw_subcommand_write_emulate_rom
                0x00000000000047fa       0x2e ./User/ns_com_mux.o
                0x00000000000047fa                fw_subcommand_write_emulate_rom
 .text.fw_subcommand_calibrate_imu
                0x0000000000004828       0x2a ./User/ns_com_mux.o
                0x0000000000004828                fw_subcommand_calibrate_imu
 .text.fw_subcommand_calibrate_js_offset
                0x0000000000004852       0x6a ./User/ns_com_mux.o
                0x0000000000004852                fw_subcommand_calibrate_js_offset
 .text.fw_subcommand_get_status
                0x00000000000048bc       0x70 ./User/ns_com_mux.o
                0x00000000000048bc                fw_subcommand_get_status
 .text.fw_subcommand_get_version
                0x000000000000492c       0x16 ./User/ns_com_mux.o
                0x000000000000492c                fw_subcommand_get_version
 .text.fw_subcommand_dispatcher
                0x0000000000004942       0x96 ./User/ns_com_mux.o
                0x0000000000004942                fw_subcommand_dispatcher
 .text.hid_dispatch
                0x00000000000049d8       0x46 ./User/ns_com_mux.o
                0x00000000000049d8                hid_dispatch
 .text.top_init
                0x0000000000004a1e       0x2e ./User/pwr.o
                0x0000000000004a1e                top_init
 .text.ring_buffer_init
                0x0000000000004a4c       0x46 ./User/ring_buffer.o
                0x0000000000004a4c                ring_buffer_init
 .text.ring_buffer_push
                0x0000000000004a92       0x98 ./User/ring_buffer.o
                0x0000000000004a92                ring_buffer_push
 .text.ring_buffer_pop
                0x0000000000004b2a       0x58 ./User/ring_buffer.o
                0x0000000000004b2a                ring_buffer_pop
 .text.SPI_FullDuplex_Init
                0x0000000000004b82       0x76 ./User/spi.o
                0x0000000000004b82                SPI_FullDuplex_Init
 .text.spi_DMA_Tx_Init
                0x0000000000004bf8       0x58 ./User/spi.o
                0x0000000000004bf8                spi_DMA_Tx_Init
 .text.rgb_spi_pkg_gen
                0x0000000000004c50       0x54 ./User/spi.o
                0x0000000000004c50                rgb_spi_pkg_gen
 .text.set_led_rgb
                0x0000000000004ca4       0x7e ./User/spi.o
                0x0000000000004ca4                set_led_rgb
 .text.flush_spi_tx_seq
                0x0000000000004d22       0xd0 ./User/spi.o
                0x0000000000004d22                flush_spi_tx_seq
 .text.flush_rgb
                0x0000000000004df2       0x44 ./User/spi.o
                0x0000000000004df2                flush_rgb
 .text.spi_init
                0x0000000000004e36       0x44 ./User/spi.o
                0x0000000000004e36                spi_init
 .text.DMA1_Channel3_IRQHandler
                0x0000000000004e7a       0x2e ./User/spi.o
                0x0000000000004e7a                DMA1_Channel3_IRQHandler
 .text.SetSysClockTo72_HSI
                0x0000000000004ea8       0x86 ./User/system_ch32v10x.o
 .text.SystemInit
                0x0000000000004f2e       0x44 ./User/system_ch32v10x.o
                0x0000000000004f2e                SystemInit
 .text.SystemCoreClockUpdate
                0x0000000000004f72       0x76 ./User/system_ch32v10x.o
                0x0000000000004f72                SystemCoreClockUpdate
 .text.SetSysClock
                0x0000000000004fe8        0x4 ./User/system_ch32v10x.o
                0x0000000000004fe8                SetSysClock
 .text.TIM2_IRQHandler
                0x0000000000004fec       0x28 ./User/tick.o
                0x0000000000004fec                TIM2_IRQHandler
 .text._systick_init
                0x0000000000005014       0x66 ./User/tick.o
                0x0000000000005014                _systick_init
 .text.SysTick_Init
                0x000000000000507a       0x12 ./User/tick.o
                0x000000000000507a                SysTick_Init
 .text.Get_Systick_US
                0x000000000000508c       0x18 ./User/tick.o
                0x000000000000508c                Get_Systick_US
 .text.Get_Systick_MS
                0x00000000000050a4        0x6 ./User/tick.o
                0x00000000000050a4                Get_Systick_MS
 .text.HighPrecisionTimer_Init
                0x00000000000050aa       0x16 ./User/tick.o
                0x00000000000050aa                HighPrecisionTimer_Init
 .text.wait_nonblocking_us
                0x00000000000050c0       0x3c ./User/tick.o
                0x00000000000050c0                wait_nonblocking_us
 .text.Delay_Us
                0x00000000000050fc       0x20 ./User/tick.o
                0x00000000000050fc                Delay_Us
 .text.Delay_Ms
                0x000000000000511c       0x18 ./User/tick.o
                0x000000000000511c                Delay_Ms
 .text.decode_uart_pkt.part.0
                0x0000000000005134       0x52 ./User/uart.o
 .text.UART1_DMA_Init
                0x0000000000005186       0xae ./User/uart.o
                0x0000000000005186                UART1_DMA_Init
 .text.UART1_Init
                0x0000000000005234       0xce ./User/uart.o
                0x0000000000005234                UART1_Init
 .text.UART1_DMA_Tx
                0x0000000000005302       0x48 ./User/uart.o
                0x0000000000005302                UART1_DMA_Tx
 .text.UART1_Tx_Service
                0x000000000000534a       0xb6 ./User/uart.o
                0x000000000000534a                UART1_Tx_Service
 .text.encode_uart_pkt
                0x0000000000005400       0xae ./User/uart.o
                0x0000000000005400                encode_uart_pkt
 .text.check_uart_pkt
                0x00000000000054ae       0x34 ./User/uart.o
                0x00000000000054ae                check_uart_pkt
 .text.UART1_Rx_Service
                0x00000000000054e2      0x14c ./User/uart.o
                0x00000000000054e2                UART1_Rx_Service
 .text.send_uart_pkt
                0x000000000000562e       0x4c ./User/uart.o
                0x000000000000562e                send_uart_pkt
 .text.uart_conf_write
                0x000000000000567a       0x6a ./User/uart_com.o
                0x000000000000567a                uart_conf_write
 .text.uart_update_config
                0x00000000000056e4       0x60 ./User/uart_com.o
                0x00000000000056e4                uart_update_config
 .text.send_input_with_uart
                0x0000000000005744       0x40 ./User/uart_com.o
                0x0000000000005744                send_input_with_uart
 .text.start_connect
                0x0000000000005784       0x6e ./User/uart_com.o
                0x0000000000005784                start_connect
 .text.wake_esp32
                0x00000000000057f2       0x38 ./User/uart_com.o
                0x00000000000057f2                wake_esp32
 .text.recv_esp32_connect_control
                0x000000000000582a       0xd2 ./User/uart_com.o
                0x000000000000582a                recv_esp32_connect_control
 .text.recv_rumble_frame
                0x00000000000058fc       0x24 ./User/uart_com.o
                0x00000000000058fc                recv_rumble_frame
 .text.recv_pwr_control
                0x0000000000005920       0x58 ./User/uart_com.o
                0x0000000000005920                recv_pwr_control
 .text.recv_flash_operation
                0x0000000000005978      0x10e ./User/uart_com.o
                0x0000000000005978                recv_flash_operation
 .text.recv_esp32_pkg
                0x0000000000005a86       0x4c ./User/uart_com.o
                0x0000000000005a86                recv_esp32_pkg
 .text.connection_state_handler
                0x0000000000005ad2      0x120 ./User/uart_com.o
                0x0000000000005ad2                connection_state_handler
 .text.uart_com_task
                0x0000000000005bf2       0x60 ./User/uart_com.o
                0x0000000000005bf2                uart_com_task
 .text.ns_set_peripheral_data_getter
                0x0000000000005c52        0x6 ./User/usbd_compatibility_hid.o
                0x0000000000005c52                ns_set_peripheral_data_getter
 .text.ns_hid_get_packet_timer
                0x0000000000005c58       0x3e ./User/usbd_compatibility_hid.o
                0x0000000000005c58                ns_hid_get_packet_timer
 .text.rpt_warpper
                0x0000000000005c96       0x66 ./User/usbd_compatibility_hid.o
                0x0000000000005c96                rpt_warpper
 .text.set_imu_available
                0x0000000000005cfc        0x6 ./User/usbd_compatibility_hid.o
                0x0000000000005cfc                set_imu_available
 .text.hid_init
                0x0000000000005d02        0xe ./User/usbd_compatibility_hid.o
                0x0000000000005d02                hid_init
 .text.hid_tx_service
                0x0000000000005d10      0x10c ./User/usbd_compatibility_hid.o
                0x0000000000005d10                hid_tx_service
 .text.hid_rx_service
                0x0000000000005e1c       0x56 ./User/usbd_compatibility_hid.o
                0x0000000000005e1c                hid_rx_service
 .text.soft_watchdog_feed
                0x0000000000005e72       0x10 ./User/watchdog.o
                0x0000000000005e72                soft_watchdog_feed
 .text.TIM4_IRQHandler
                0x0000000000005e82       0x58 ./User/watchdog.o
                0x0000000000005e82                TIM4_IRQHandler
 .text.vector_handler
                0x0000000000005eda        0x2 ./Startup/startup_ch32v10x.o
                0x0000000000005eda                EXTI2_IRQHandler
                0x0000000000005eda                TIM1_CC_IRQHandler
                0x0000000000005eda                SysTick_Handler
                0x0000000000005eda                PVD_IRQHandler
                0x0000000000005eda                EXTI3_IRQHandler
                0x0000000000005eda                EXTI0_IRQHandler
                0x0000000000005eda                I2C2_EV_IRQHandler
                0x0000000000005eda                ADC1_2_IRQHandler
                0x0000000000005eda                SPI1_IRQHandler
                0x0000000000005eda                TAMPER_IRQHandler
                0x0000000000005eda                DMA1_Channel4_IRQHandler
                0x0000000000005eda                USART3_IRQHandler
                0x0000000000005eda                RTC_IRQHandler
                0x0000000000005eda                DMA1_Channel7_IRQHandler
                0x0000000000005eda                I2C1_EV_IRQHandler
                0x0000000000005eda                DMA1_Channel6_IRQHandler
                0x0000000000005eda                RCC_IRQHandler
                0x0000000000005eda                TIM1_TRG_COM_IRQHandler
                0x0000000000005eda                DMA1_Channel1_IRQHandler
                0x0000000000005eda                EXTI15_10_IRQHandler
                0x0000000000005eda                EXTI9_5_IRQHandler
                0x0000000000005eda                SPI2_IRQHandler
                0x0000000000005eda                DMA1_Channel5_IRQHandler
                0x0000000000005eda                EXTI4_IRQHandler
                0x0000000000005eda                TIM1_UP_IRQHandler
                0x0000000000005eda                WWDG_IRQHandler
                0x0000000000005eda                SW_Handler
                0x0000000000005eda                TIM1_BRK_IRQHandler
                0x0000000000005eda                EXTI1_IRQHandler
                0x0000000000005eda                RTCAlarm_IRQHandler
                0x0000000000005eda                USART2_IRQHandler
                0x0000000000005eda                DMA1_Channel2_IRQHandler
                0x0000000000005eda                FLASH_IRQHandler
                0x0000000000005eda                USART1_IRQHandler
                0x0000000000005eda                I2C1_ER_IRQHandler
                0x0000000000005eda                USBWakeUp_IRQHandler
 .text.handle_reset
                0x0000000000005edc       0x7e ./Startup/startup_ch32v10x.o
                0x0000000000005edc                handle_reset
 .text.ADC_DeInit
                0x0000000000005f5a       0x2a ./Peripheral/src/ch32v10x_adc.o
                0x0000000000005f5a                ADC_DeInit
 .text.ADC_Init
                0x0000000000005f84       0x50 ./Peripheral/src/ch32v10x_adc.o
                0x0000000000005f84                ADC_Init
 .text.ADC_Cmd  0x0000000000005fd4       0x10 ./Peripheral/src/ch32v10x_adc.o
                0x0000000000005fd4                ADC_Cmd
 .text.ADC_DMACmd
                0x0000000000005fe4       0x12 ./Peripheral/src/ch32v10x_adc.o
                0x0000000000005fe4                ADC_DMACmd
 .text.ADC_ResetCalibration
                0x0000000000005ff6        0xa ./Peripheral/src/ch32v10x_adc.o
                0x0000000000005ff6                ADC_ResetCalibration
 .text.ADC_GetResetCalibrationStatus
                0x0000000000006000        0x8 ./Peripheral/src/ch32v10x_adc.o
                0x0000000000006000                ADC_GetResetCalibrationStatus
 .text.ADC_StartCalibration
                0x0000000000006008        0xa ./Peripheral/src/ch32v10x_adc.o
                0x0000000000006008                ADC_StartCalibration
 .text.ADC_GetCalibrationStatus
                0x0000000000006012        0x8 ./Peripheral/src/ch32v10x_adc.o
                0x0000000000006012                ADC_GetCalibrationStatus
 .text.ADC_SoftwareStartConvCmd
                0x000000000000601a       0x18 ./Peripheral/src/ch32v10x_adc.o
                0x000000000000601a                ADC_SoftwareStartConvCmd
 .text.ADC_RegularChannelConfig
                0x0000000000006032       0xb8 ./Peripheral/src/ch32v10x_adc.o
                0x0000000000006032                ADC_RegularChannelConfig
 .text.Get_CalibrationValue
                0x00000000000060ea      0x182 ./Peripheral/src/ch32v10x_adc.o
                0x00000000000060ea                Get_CalibrationValue
 .text.DMA_DeInit
                0x000000000000626c       0xe0 ./Peripheral/src/ch32v10x_dma.o
                0x000000000000626c                DMA_DeInit
 .text.DMA_Init
                0x000000000000634c       0x38 ./Peripheral/src/ch32v10x_dma.o
                0x000000000000634c                DMA_Init
 .text.DMA_Cmd  0x0000000000006384       0x14 ./Peripheral/src/ch32v10x_dma.o
                0x0000000000006384                DMA_Cmd
 .text.DMA_GetCurrDataCounter
                0x0000000000006398        0x8 ./Peripheral/src/ch32v10x_dma.o
                0x0000000000006398                DMA_GetCurrDataCounter
 .text.DMA_GetFlagStatus
                0x00000000000063a0       0x20 ./Peripheral/src/ch32v10x_dma.o
                0x00000000000063a0                DMA_GetFlagStatus
 .text.DMA_ClearFlag
                0x00000000000063c0       0x1a ./Peripheral/src/ch32v10x_dma.o
                0x00000000000063c0                DMA_ClearFlag
 .text.DMA_GetITStatus
                0x00000000000063da        0x4 ./Peripheral/src/ch32v10x_dma.o
                0x00000000000063da                DMA_GetITStatus
 .text.DMA_ClearITPendingBit
                0x00000000000063de        0x4 ./Peripheral/src/ch32v10x_dma.o
                0x00000000000063de                DMA_ClearITPendingBit
 .text.ROM_ERASE
                0x00000000000063e2       0x80 ./Peripheral/src/ch32v10x_flash.o
 .text.FLASH_ROM_ERASE
                0x0000000000006462      0x11a ./Peripheral/src/ch32v10x_flash.o
                0x0000000000006462                FLASH_ROM_ERASE
 .text.FLASH_ROM_WRITE
                0x000000000000657c      0x11a ./Peripheral/src/ch32v10x_flash.o
                0x000000000000657c                FLASH_ROM_WRITE
 .text.GPIO_Init
                0x0000000000006696       0xbe ./Peripheral/src/ch32v10x_gpio.o
                0x0000000000006696                GPIO_Init
 .text.GPIO_ReadInputDataBit
                0x0000000000006754        0xc ./Peripheral/src/ch32v10x_gpio.o
                0x0000000000006754                GPIO_ReadInputDataBit
 .text.GPIO_SetBits
                0x0000000000006760        0x4 ./Peripheral/src/ch32v10x_gpio.o
                0x0000000000006760                GPIO_SetBits
 .text.GPIO_ResetBits
                0x0000000000006764        0x4 ./Peripheral/src/ch32v10x_gpio.o
                0x0000000000006764                GPIO_ResetBits
 .text.I2C_DeInit
                0x0000000000006768       0x32 ./Peripheral/src/ch32v10x_i2c.o
                0x0000000000006768                I2C_DeInit
 .text.I2C_Init
                0x000000000000679a      0x112 ./Peripheral/src/ch32v10x_i2c.o
                0x000000000000679a                I2C_Init
 .text.I2C_Cmd  0x00000000000068ac       0x1c ./Peripheral/src/ch32v10x_i2c.o
                0x00000000000068ac                I2C_Cmd
 .text.I2C_GenerateSTART
                0x00000000000068c8       0x1e ./Peripheral/src/ch32v10x_i2c.o
                0x00000000000068c8                I2C_GenerateSTART
 .text.I2C_GenerateSTOP
                0x00000000000068e6       0x1e ./Peripheral/src/ch32v10x_i2c.o
                0x00000000000068e6                I2C_GenerateSTOP
 .text.I2C_AcknowledgeConfig
                0x0000000000006904       0x1e ./Peripheral/src/ch32v10x_i2c.o
                0x0000000000006904                I2C_AcknowledgeConfig
 .text.I2C_SendData
                0x0000000000006922        0x6 ./Peripheral/src/ch32v10x_i2c.o
                0x0000000000006922                I2C_SendData
 .text.I2C_ReceiveData
                0x0000000000006928        0xa ./Peripheral/src/ch32v10x_i2c.o
                0x0000000000006928                I2C_ReceiveData
 .text.I2C_Send7bitAddress
                0x0000000000006932       0x10 ./Peripheral/src/ch32v10x_i2c.o
                0x0000000000006932                I2C_Send7bitAddress
 .text.I2C_SoftwareResetCmd
                0x0000000000006942       0x16 ./Peripheral/src/ch32v10x_i2c.o
                0x0000000000006942                I2C_SoftwareResetCmd
 .text.I2C_NACKPositionConfig
                0x0000000000006958       0x26 ./Peripheral/src/ch32v10x_i2c.o
                0x0000000000006958                I2C_NACKPositionConfig
 .text.I2C_CheckEvent
                0x000000000000697e       0x1a ./Peripheral/src/ch32v10x_i2c.o
                0x000000000000697e                I2C_CheckEvent
 .text.I2C_GetFlagStatus
                0x0000000000006998       0x32 ./Peripheral/src/ch32v10x_i2c.o
                0x0000000000006998                I2C_GetFlagStatus
 .text.NVIC_PriorityGroupConfig
                0x00000000000069ca       0x10 ./Peripheral/src/ch32v10x_misc.o
                0x00000000000069ca                NVIC_PriorityGroupConfig
 .text.NVIC_Init
                0x00000000000069da       0x6e ./Peripheral/src/ch32v10x_misc.o
                0x00000000000069da                NVIC_Init
 .text.PWR_PVDCmd
                0x0000000000006a48       0x14 ./Peripheral/src/ch32v10x_pwr.o
                0x0000000000006a48                PWR_PVDCmd
 .text.PWR_PVDLevelConfig
                0x0000000000006a5c       0x10 ./Peripheral/src/ch32v10x_pwr.o
                0x0000000000006a5c                PWR_PVDLevelConfig
 .text.PWR_GetFlagStatus
                0x0000000000006a6c        0xe ./Peripheral/src/ch32v10x_pwr.o
                0x0000000000006a6c                PWR_GetFlagStatus
 .text.PWR_VDD_SupplyVoltage
                0x0000000000006a7a       0x42 ./Peripheral/src/ch32v10x_pwr.o
                0x0000000000006a7a                PWR_VDD_SupplyVoltage
 .text.RCC_USBCLKConfig
                0x0000000000006abc       0x24 ./Peripheral/src/ch32v10x_rcc.o
                0x0000000000006abc                RCC_USBCLKConfig
 .text.RCC_ADCCLKConfig
                0x0000000000006ae0       0x12 ./Peripheral/src/ch32v10x_rcc.o
                0x0000000000006ae0                RCC_ADCCLKConfig
 .text.RCC_LSICmd
                0x0000000000006af2       0x14 ./Peripheral/src/ch32v10x_rcc.o
                0x0000000000006af2                RCC_LSICmd
 .text.RCC_GetClocksFreq
                0x0000000000006b06       0xb0 ./Peripheral/src/ch32v10x_rcc.o
                0x0000000000006b06                RCC_GetClocksFreq
 .text.RCC_AHBPeriphClockCmd
                0x0000000000006bb6       0x1e ./Peripheral/src/ch32v10x_rcc.o
                0x0000000000006bb6                RCC_AHBPeriphClockCmd
 .text.RCC_APB2PeriphClockCmd
                0x0000000000006bd4       0x1e ./Peripheral/src/ch32v10x_rcc.o
                0x0000000000006bd4                RCC_APB2PeriphClockCmd
 .text.RCC_APB1PeriphClockCmd
                0x0000000000006bf2       0x1e ./Peripheral/src/ch32v10x_rcc.o
                0x0000000000006bf2                RCC_APB1PeriphClockCmd
 .text.RCC_APB2PeriphResetCmd
                0x0000000000006c10       0x1e ./Peripheral/src/ch32v10x_rcc.o
                0x0000000000006c10                RCC_APB2PeriphResetCmd
 .text.RCC_APB1PeriphResetCmd
                0x0000000000006c2e       0x1e ./Peripheral/src/ch32v10x_rcc.o
                0x0000000000006c2e                RCC_APB1PeriphResetCmd
 .text.SPI_Init
                0x0000000000006c4c       0x5a ./Peripheral/src/ch32v10x_spi.o
                0x0000000000006c4c                SPI_Init
 .text.SPI_Cmd  0x0000000000006ca6       0x1e ./Peripheral/src/ch32v10x_spi.o
                0x0000000000006ca6                SPI_Cmd
 .text.SPI_I2S_DMACmd
                0x0000000000006cc4       0x16 ./Peripheral/src/ch32v10x_spi.o
                0x0000000000006cc4                SPI_I2S_DMACmd
 .text.TIM_TimeBaseInit
                0x0000000000006cda       0x78 ./Peripheral/src/ch32v10x_tim.o
                0x0000000000006cda                TIM_TimeBaseInit
 .text.TIM_OC1Init
                0x0000000000006d52       0x88 ./Peripheral/src/ch32v10x_tim.o
                0x0000000000006d52                TIM_OC1Init
 .text.TIM_OC3Init
                0x0000000000006dda       0xb0 ./Peripheral/src/ch32v10x_tim.o
                0x0000000000006dda                TIM_OC3Init
 .text.TIM_OC4Init
                0x0000000000006e8a       0x80 ./Peripheral/src/ch32v10x_tim.o
                0x0000000000006e8a                TIM_OC4Init
 .text.TIM_Cmd  0x0000000000006f0a       0x1c ./Peripheral/src/ch32v10x_tim.o
                0x0000000000006f0a                TIM_Cmd
 .text.TIM_CtrlPWMOutputs
                0x0000000000006f26       0x16 ./Peripheral/src/ch32v10x_tim.o
                0x0000000000006f26                TIM_CtrlPWMOutputs
 .text.TIM_ITConfig
                0x0000000000006f3c       0x16 ./Peripheral/src/ch32v10x_tim.o
                0x0000000000006f3c                TIM_ITConfig
 .text.TIM_ARRPreloadConfig
                0x0000000000006f52       0x1e ./Peripheral/src/ch32v10x_tim.o
                0x0000000000006f52                TIM_ARRPreloadConfig
 .text.TIM_OC1PreloadConfig
                0x0000000000006f70       0x12 ./Peripheral/src/ch32v10x_tim.o
                0x0000000000006f70                TIM_OC1PreloadConfig
 .text.TIM_OC2PreloadConfig
                0x0000000000006f82       0x1a ./Peripheral/src/ch32v10x_tim.o
                0x0000000000006f82                TIM_OC2PreloadConfig
 .text.TIM_OC3PreloadConfig
                0x0000000000006f9c       0x12 ./Peripheral/src/ch32v10x_tim.o
                0x0000000000006f9c                TIM_OC3PreloadConfig
 .text.TIM_OC4PreloadConfig
                0x0000000000006fae       0x1a ./Peripheral/src/ch32v10x_tim.o
                0x0000000000006fae                TIM_OC4PreloadConfig
 .text.TIM_SetCompare1
                0x0000000000006fc8        0x6 ./Peripheral/src/ch32v10x_tim.o
                0x0000000000006fc8                TIM_SetCompare1
 .text.TIM_SetCompare2
                0x0000000000006fce        0x6 ./Peripheral/src/ch32v10x_tim.o
                0x0000000000006fce                TIM_SetCompare2
 .text.TIM_SetCompare3
                0x0000000000006fd4        0x6 ./Peripheral/src/ch32v10x_tim.o
                0x0000000000006fd4                TIM_SetCompare3
 .text.TIM_SetCompare4
                0x0000000000006fda        0x6 ./Peripheral/src/ch32v10x_tim.o
                0x0000000000006fda                TIM_SetCompare4
 .text.TIM_GetFlagStatus
                0x0000000000006fe0        0xc ./Peripheral/src/ch32v10x_tim.o
                0x0000000000006fe0                TIM_GetFlagStatus
 .text.TIM_GetITStatus
                0x0000000000006fec       0x1c ./Peripheral/src/ch32v10x_tim.o
                0x0000000000006fec                TIM_GetITStatus
 .text.TIM_ClearITPendingBit
                0x0000000000007008        0xe ./Peripheral/src/ch32v10x_tim.o
                0x0000000000007008                TIM_ClearITPendingBit
 .text.USART_Init
                0x0000000000007016       0xa6 ./Peripheral/src/ch32v10x_usart.o
                0x0000000000007016                USART_Init
 .text.USART_Cmd
                0x00000000000070bc       0x18 ./Peripheral/src/ch32v10x_usart.o
                0x00000000000070bc                USART_Cmd
 .text.USART_DMACmd
                0x00000000000070d4       0x16 ./Peripheral/src/ch32v10x_usart.o
                0x00000000000070d4                USART_DMACmd
 .text.USART_GetFlagStatus
                0x00000000000070ea        0xc ./Peripheral/src/ch32v10x_usart.o
                0x00000000000070ea                USART_GetFlagStatus
 .text.USART_ClearFlag
                0x00000000000070f6        0xe ./Peripheral/src/ch32v10x_usart.o
                0x00000000000070f6                USART_ClearFlag
 .text.USART_printf_Init
                0x0000000000007104        0x2 ./Debug/debug.o
                0x0000000000007104                USART_printf_Init
 .text._write   0x0000000000007106        0x4 ./Debug/debug.o
                0x0000000000007106                _write
 .text._sbrk    0x000000000000710a       0x2a ./Debug/debug.o
                0x000000000000710a                _sbrk
 .text.sqrtf    0x0000000000007134       0x48 d:/mounriver_studio/toolchain/risc-v embedded gcc12/bin/../lib/gcc/riscv-none-elf/12.2.0/../../../../riscv-none-elf/lib\libm_nano.a(lib_a-wf_sqrt.o)
                0x0000000000007134                sqrtf
 .text.__ieee754_sqrtf
                0x000000000000717c      0x114 d:/mounriver_studio/toolchain/risc-v embedded gcc12/bin/../lib/gcc/riscv-none-elf/12.2.0/../../../../riscv-none-elf/lib\libm_nano.a(lib_a-ef_sqrt.o)
                0x000000000000717c                __ieee754_sqrtf
 .text.__udivdi3
                0x0000000000007290      0x3b0 d:/mounriver_studio/toolchain/risc-v embedded gcc12/bin/../lib/gcc/riscv-none-elf/12.2.0\libgcc.a(_udivdi3.o)
                0x0000000000007290                __udivdi3
 .text.__adddf3
                0x0000000000007640      0x6e8 d:/mounriver_studio/toolchain/risc-v embedded gcc12/bin/../lib/gcc/riscv-none-elf/12.2.0\libgcc.a(adddf3.o)
                0x0000000000007640                __adddf3
 .text.__divdf3
                0x0000000000007d28      0x5ae d:/mounriver_studio/toolchain/risc-v embedded gcc12/bin/../lib/gcc/riscv-none-elf/12.2.0\libgcc.a(divdf3.o)
                0x0000000000007d28                __divdf3
 .text.__muldf3
                0x00000000000082d6      0x54a d:/mounriver_studio/toolchain/risc-v embedded gcc12/bin/../lib/gcc/riscv-none-elf/12.2.0\libgcc.a(muldf3.o)
                0x00000000000082d6                __muldf3
 .text.__subdf3
                0x0000000000008820      0x736 d:/mounriver_studio/toolchain/risc-v embedded gcc12/bin/../lib/gcc/riscv-none-elf/12.2.0\libgcc.a(subdf3.o)
                0x0000000000008820                __subdf3
 .text.__floatsidf
                0x0000000000008f56       0x70 d:/mounriver_studio/toolchain/risc-v embedded gcc12/bin/../lib/gcc/riscv-none-elf/12.2.0\libgcc.a(floatsidf.o)
                0x0000000000008f56                __floatsidf
 .text.__floatunsidf
                0x0000000000008fc6       0x70 d:/mounriver_studio/toolchain/risc-v embedded gcc12/bin/../lib/gcc/riscv-none-elf/12.2.0\libgcc.a(floatunsidf.o)
                0x0000000000008fc6                __floatunsidf
 .text.__addsf3
                0x0000000000009036      0x368 d:/mounriver_studio/toolchain/risc-v embedded gcc12/bin/../lib/gcc/riscv-none-elf/12.2.0\libgcc.a(addsf3.o)
                0x0000000000009036                __addsf3
 .text.__divsf3
                0x000000000000939e      0x2ea d:/mounriver_studio/toolchain/risc-v embedded gcc12/bin/../lib/gcc/riscv-none-elf/12.2.0\libgcc.a(divsf3.o)
                0x000000000000939e                __divsf3
 .text.__gesf2  0x0000000000009688       0x96 d:/mounriver_studio/toolchain/risc-v embedded gcc12/bin/../lib/gcc/riscv-none-elf/12.2.0\libgcc.a(gesf2.o)
                0x0000000000009688                __gesf2
                0x0000000000009688                __gtsf2
 .text.__lesf2  0x000000000000971e       0x98 d:/mounriver_studio/toolchain/risc-v embedded gcc12/bin/../lib/gcc/riscv-none-elf/12.2.0\libgcc.a(lesf2.o)
                0x000000000000971e                __ltsf2
                0x000000000000971e                __lesf2
 .text.__mulsf3
                0x00000000000097b6      0x2d8 d:/mounriver_studio/toolchain/risc-v embedded gcc12/bin/../lib/gcc/riscv-none-elf/12.2.0\libgcc.a(mulsf3.o)
                0x00000000000097b6                __mulsf3
 .text.__subsf3
                0x0000000000009a8e      0x38c d:/mounriver_studio/toolchain/risc-v embedded gcc12/bin/../lib/gcc/riscv-none-elf/12.2.0\libgcc.a(subsf3.o)
                0x0000000000009a8e                __subsf3
 .text.__unordsf2
                0x0000000000009e1a       0x3c d:/mounriver_studio/toolchain/risc-v embedded gcc12/bin/../lib/gcc/riscv-none-elf/12.2.0\libgcc.a(unordsf2.o)
                0x0000000000009e1a                __unordsf2
 .text.__fixsfsi
                0x0000000000009e56       0x60 d:/mounriver_studio/toolchain/risc-v embedded gcc12/bin/../lib/gcc/riscv-none-elf/12.2.0\libgcc.a(fixsfsi.o)
                0x0000000000009e56                __fixsfsi
 .text.__floatsisf
                0x0000000000009eb6       0xcc d:/mounriver_studio/toolchain/risc-v embedded gcc12/bin/../lib/gcc/riscv-none-elf/12.2.0\libgcc.a(floatsisf.o)
                0x0000000000009eb6                __floatsisf
 .text.__truncdfsf2
                0x0000000000009f82      0x16c d:/mounriver_studio/toolchain/risc-v embedded gcc12/bin/../lib/gcc/riscv-none-elf/12.2.0\libgcc.a(truncdfsf2.o)
                0x0000000000009f82                __truncdfsf2
 .text.__clzsi2
                0x000000000000a0ee       0x6e d:/mounriver_studio/toolchain/risc-v embedded gcc12/bin/../lib/gcc/riscv-none-elf/12.2.0\libgcc.a(_clzsi2.o)
                0x000000000000a0ee                __clzsi2
 .text.__errno  0x000000000000a15c        0x6 d:/mounriver_studio/toolchain/risc-v embedded gcc12/bin/../lib/gcc/riscv-none-elf/12.2.0/../../../../riscv-none-elf/lib\libg_nano.a(lib_a-errno.o)
                0x000000000000a15c                __errno
 .text.printf   0x000000000000a162       0x3a d:/mounriver_studio/toolchain/risc-v embedded gcc12/bin/../lib/gcc/riscv-none-elf/12.2.0/../../../../riscv-none-elf/lib\libg_nano.a(lib_a-printf.o)
                0x000000000000a162                iprintf
                0x000000000000a162                printf
 .text._puts_r  0x000000000000a19c      0x10e d:/mounriver_studio/toolchain/risc-v embedded gcc12/bin/../lib/gcc/riscv-none-elf/12.2.0/../../../../riscv-none-elf/lib\libg_nano.a(lib_a-puts.o)
                0x000000000000a19c                _puts_r
 .text.puts     0x000000000000a2aa        0xa d:/mounriver_studio/toolchain/risc-v embedded gcc12/bin/../lib/gcc/riscv-none-elf/12.2.0/../../../../riscv-none-elf/lib\libg_nano.a(lib_a-puts.o)
                0x000000000000a2aa                puts
 .text.__swbuf_r
                0x000000000000a2b4       0xc0 d:/mounriver_studio/toolchain/risc-v embedded gcc12/bin/../lib/gcc/riscv-none-elf/12.2.0/../../../../riscv-none-elf/lib\libg_nano.a(lib_a-wbuf.o)
                0x000000000000a2b4                __swbuf_r
 .text.__swsetup_r
                0x000000000000a374       0xfa d:/mounriver_studio/toolchain/risc-v embedded gcc12/bin/../lib/gcc/riscv-none-elf/12.2.0/../../../../riscv-none-elf/lib\libg_nano.a(lib_a-wsetup.o)
                0x000000000000a374                __swsetup_r
 .text.__sflush_r
                0x000000000000a46e      0x138 d:/mounriver_studio/toolchain/risc-v embedded gcc12/bin/../lib/gcc/riscv-none-elf/12.2.0/../../../../riscv-none-elf/lib\libg_nano.a(lib_a-fflush.o)
                0x000000000000a46e                __sflush_r
 .text._fflush_r
                0x000000000000a5a6       0x8a d:/mounriver_studio/toolchain/risc-v embedded gcc12/bin/../lib/gcc/riscv-none-elf/12.2.0/../../../../riscv-none-elf/lib\libg_nano.a(lib_a-fflush.o)
                0x000000000000a5a6                _fflush_r
 .text.std      0x000000000000a630       0x6a d:/mounriver_studio/toolchain/risc-v embedded gcc12/bin/../lib/gcc/riscv-none-elf/12.2.0/../../../../riscv-none-elf/lib\libg_nano.a(lib_a-findfp.o)
 .text._cleanup_r
                0x000000000000a69a        0xa d:/mounriver_studio/toolchain/risc-v embedded gcc12/bin/../lib/gcc/riscv-none-elf/12.2.0/../../../../riscv-none-elf/lib\libg_nano.a(lib_a-findfp.o)
                0x000000000000a69a                _cleanup_r
 .text.__sfmoreglue
                0x000000000000a6a4       0x46 d:/mounriver_studio/toolchain/risc-v embedded gcc12/bin/../lib/gcc/riscv-none-elf/12.2.0/../../../../riscv-none-elf/lib\libg_nano.a(lib_a-findfp.o)
                0x000000000000a6a4                __sfmoreglue
 .text.__sfp_lock_acquire
                0x000000000000a6ea        0x6 d:/mounriver_studio/toolchain/risc-v embedded gcc12/bin/../lib/gcc/riscv-none-elf/12.2.0/../../../../riscv-none-elf/lib\libg_nano.a(lib_a-findfp.o)
                0x000000000000a6ea                __sfp_lock_acquire
 .text.__sfp_lock_release
                0x000000000000a6f0        0x6 d:/mounriver_studio/toolchain/risc-v embedded gcc12/bin/../lib/gcc/riscv-none-elf/12.2.0/../../../../riscv-none-elf/lib\libg_nano.a(lib_a-findfp.o)
                0x000000000000a6f0                __sfp_lock_release
 .text.__sinit_lock_acquire
                0x000000000000a6f6        0x6 d:/mounriver_studio/toolchain/risc-v embedded gcc12/bin/../lib/gcc/riscv-none-elf/12.2.0/../../../../riscv-none-elf/lib\libg_nano.a(lib_a-findfp.o)
                0x000000000000a6f6                __sinit_lock_acquire
 .text.__sinit_lock_release
                0x000000000000a6fc        0x6 d:/mounriver_studio/toolchain/risc-v embedded gcc12/bin/../lib/gcc/riscv-none-elf/12.2.0/../../../../riscv-none-elf/lib\libg_nano.a(lib_a-findfp.o)
                0x000000000000a6fc                __sinit_lock_release
 .text.__sinit  0x000000000000a702       0x72 d:/mounriver_studio/toolchain/risc-v embedded gcc12/bin/../lib/gcc/riscv-none-elf/12.2.0/../../../../riscv-none-elf/lib\libg_nano.a(lib_a-findfp.o)
                0x000000000000a702                __sinit
 .text.__sfp    0x000000000000a774       0xb0 d:/mounriver_studio/toolchain/risc-v embedded gcc12/bin/../lib/gcc/riscv-none-elf/12.2.0/../../../../riscv-none-elf/lib\libg_nano.a(lib_a-findfp.o)
                0x000000000000a774                __sfp
 .text._fwalk_reent
                0x000000000000a824       0x6a d:/mounriver_studio/toolchain/risc-v embedded gcc12/bin/../lib/gcc/riscv-none-elf/12.2.0/../../../../riscv-none-elf/lib\libg_nano.a(lib_a-fwalk.o)
                0x000000000000a824                _fwalk_reent
 .text.__retarget_lock_init_recursive
                0x000000000000a88e        0x2 d:/mounriver_studio/toolchain/risc-v embedded gcc12/bin/../lib/gcc/riscv-none-elf/12.2.0/../../../../riscv-none-elf/lib\libg_nano.a(lib_a-lock.o)
                0x000000000000a88e                __retarget_lock_init_recursive
 .text.__retarget_lock_acquire_recursive
                0x000000000000a890        0x2 d:/mounriver_studio/toolchain/risc-v embedded gcc12/bin/../lib/gcc/riscv-none-elf/12.2.0/../../../../riscv-none-elf/lib\libg_nano.a(lib_a-lock.o)
                0x000000000000a890                __retarget_lock_acquire_recursive
 .text.__retarget_lock_release_recursive
                0x000000000000a892        0x2 d:/mounriver_studio/toolchain/risc-v embedded gcc12/bin/../lib/gcc/riscv-none-elf/12.2.0/../../../../riscv-none-elf/lib\libg_nano.a(lib_a-lock.o)
                0x000000000000a892                __retarget_lock_release_recursive
 .text.__swhatbuf_r
                0x000000000000a894       0x5c d:/mounriver_studio/toolchain/risc-v embedded gcc12/bin/../lib/gcc/riscv-none-elf/12.2.0/../../../../riscv-none-elf/lib\libg_nano.a(lib_a-makebuf.o)
                0x000000000000a894                __swhatbuf_r
 .text.__smakebuf_r
                0x000000000000a8f0       0xa4 d:/mounriver_studio/toolchain/risc-v embedded gcc12/bin/../lib/gcc/riscv-none-elf/12.2.0/../../../../riscv-none-elf/lib\libg_nano.a(lib_a-makebuf.o)
                0x000000000000a8f0                __smakebuf_r
 .text._free_r  0x000000000000a994       0x9e d:/mounriver_studio/toolchain/risc-v embedded gcc12/bin/../lib/gcc/riscv-none-elf/12.2.0/../../../../riscv-none-elf/lib\libg_nano.a(lib_a-nano-freer.o)
                0x000000000000a994                _free_r
 .text.sbrk_aligned
                0x000000000000aa32       0x54 d:/mounriver_studio/toolchain/risc-v embedded gcc12/bin/../lib/gcc/riscv-none-elf/12.2.0/../../../../riscv-none-elf/lib\libg_nano.a(lib_a-nano-mallocr.o)
 .text._malloc_r
                0x000000000000aa86      0x10c d:/mounriver_studio/toolchain/risc-v embedded gcc12/bin/../lib/gcc/riscv-none-elf/12.2.0/../../../../riscv-none-elf/lib\libg_nano.a(lib_a-nano-mallocr.o)
                0x000000000000aa86                _malloc_r
 .text.__sfputc_r
                0x000000000000ab92       0x2a d:/mounriver_studio/toolchain/risc-v embedded gcc12/bin/../lib/gcc/riscv-none-elf/12.2.0/../../../../riscv-none-elf/lib\libg_nano.a(lib_a-nano-vfprintf.o)
 .text.__sfputs_r
                0x000000000000abbc       0x44 d:/mounriver_studio/toolchain/risc-v embedded gcc12/bin/../lib/gcc/riscv-none-elf/12.2.0/../../../../riscv-none-elf/lib\libg_nano.a(lib_a-nano-vfprintf.o)
                0x000000000000abbc                __sfputs_r
 .text._vfprintf_r
                0x000000000000ac00      0x2da d:/mounriver_studio/toolchain/risc-v embedded gcc12/bin/../lib/gcc/riscv-none-elf/12.2.0/../../../../riscv-none-elf/lib\libg_nano.a(lib_a-nano-vfprintf.o)
                0x000000000000ac00                _vfprintf_r
                0x000000000000ac00                _vfiprintf_r
 .text._sbrk_r  0x000000000000aeda       0x28 d:/mounriver_studio/toolchain/risc-v embedded gcc12/bin/../lib/gcc/riscv-none-elf/12.2.0/../../../../riscv-none-elf/lib\libg_nano.a(lib_a-sbrkr.o)
                0x000000000000aeda                _sbrk_r
 .text.__sread  0x000000000000af02       0x30 d:/mounriver_studio/toolchain/risc-v embedded gcc12/bin/../lib/gcc/riscv-none-elf/12.2.0/../../../../riscv-none-elf/lib\libg_nano.a(lib_a-stdio.o)
                0x000000000000af02                __sread
 .text.__swrite
                0x000000000000af32       0x4e d:/mounriver_studio/toolchain/risc-v embedded gcc12/bin/../lib/gcc/riscv-none-elf/12.2.0/../../../../riscv-none-elf/lib\libg_nano.a(lib_a-stdio.o)
                0x000000000000af32                __swrite
 .text.__sseek  0x000000000000af80       0x36 d:/mounriver_studio/toolchain/risc-v embedded gcc12/bin/../lib/gcc/riscv-none-elf/12.2.0/../../../../riscv-none-elf/lib\libg_nano.a(lib_a-stdio.o)
                0x000000000000af80                __sseek
 .text.__sclose
                0x000000000000afb6        0x6 d:/mounriver_studio/toolchain/risc-v embedded gcc12/bin/../lib/gcc/riscv-none-elf/12.2.0/../../../../riscv-none-elf/lib\libg_nano.a(lib_a-stdio.o)
                0x000000000000afb6                __sclose
 .text._write_r
                0x000000000000afbc       0x2c d:/mounriver_studio/toolchain/risc-v embedded gcc12/bin/../lib/gcc/riscv-none-elf/12.2.0/../../../../riscv-none-elf/lib\libg_nano.a(lib_a-writer.o)
                0x000000000000afbc                _write_r
 .text._close_r
                0x000000000000afe8       0x26 d:/mounriver_studio/toolchain/risc-v embedded gcc12/bin/../lib/gcc/riscv-none-elf/12.2.0/../../../../riscv-none-elf/lib\libg_nano.a(lib_a-closer.o)
                0x000000000000afe8                _close_r
 .text._fstat_r
                0x000000000000b00e       0x28 d:/mounriver_studio/toolchain/risc-v embedded gcc12/bin/../lib/gcc/riscv-none-elf/12.2.0/../../../../riscv-none-elf/lib\libg_nano.a(lib_a-fstatr.o)
                0x000000000000b00e                _fstat_r
 .text._isatty_r
                0x000000000000b036       0x26 d:/mounriver_studio/toolchain/risc-v embedded gcc12/bin/../lib/gcc/riscv-none-elf/12.2.0/../../../../riscv-none-elf/lib\libg_nano.a(lib_a-isattyr.o)
                0x000000000000b036                _isatty_r
 .text._lseek_r
                0x000000000000b05c       0x2a d:/mounriver_studio/toolchain/risc-v embedded gcc12/bin/../lib/gcc/riscv-none-elf/12.2.0/../../../../riscv-none-elf/lib\libg_nano.a(lib_a-lseekr.o)
                0x000000000000b05c                _lseek_r
 .text.memchr   0x000000000000b086       0x1a d:/mounriver_studio/toolchain/risc-v embedded gcc12/bin/../lib/gcc/riscv-none-elf/12.2.0/../../../../riscv-none-elf/lib\libg_nano.a(lib_a-memchr.o)
                0x000000000000b086                memchr
 .text.__malloc_lock
                0x000000000000b0a0        0x8 d:/mounriver_studio/toolchain/risc-v embedded gcc12/bin/../lib/gcc/riscv-none-elf/12.2.0/../../../../riscv-none-elf/lib\libg_nano.a(lib_a-mlock.o)
                0x000000000000b0a0                __malloc_lock
 .text.__malloc_unlock
                0x000000000000b0a8        0x8 d:/mounriver_studio/toolchain/risc-v embedded gcc12/bin/../lib/gcc/riscv-none-elf/12.2.0/../../../../riscv-none-elf/lib\libg_nano.a(lib_a-mlock.o)
                0x000000000000b0a8                __malloc_unlock
 .text._printf_common
                0x000000000000b0b0      0x110 d:/mounriver_studio/toolchain/risc-v embedded gcc12/bin/../lib/gcc/riscv-none-elf/12.2.0/../../../../riscv-none-elf/lib\libg_nano.a(lib_a-nano-vfprintf_i.o)
                0x000000000000b0b0                _printf_common
 .text._printf_i
                0x000000000000b1c0      0x286 d:/mounriver_studio/toolchain/risc-v embedded gcc12/bin/../lib/gcc/riscv-none-elf/12.2.0/../../../../riscv-none-elf/lib\libg_nano.a(lib_a-nano-vfprintf_i.o)
                0x000000000000b1c0                _printf_i
 .text._read_r  0x000000000000b446       0x2a d:/mounriver_studio/toolchain/risc-v embedded gcc12/bin/../lib/gcc/riscv-none-elf/12.2.0/../../../../riscv-none-elf/lib\libg_nano.a(lib_a-readr.o)
                0x000000000000b446                _read_r
 .text._close   0x000000000000b470        0xc d:/mounriver_studio/toolchain/risc-v embedded gcc12/bin/../lib/gcc/riscv-none-elf/12.2.0/../../../../riscv-none-elf/lib\libnosys.a(close.o)
                0x000000000000b470                _close
 .text._fstat   0x000000000000b47c        0xc d:/mounriver_studio/toolchain/risc-v embedded gcc12/bin/../lib/gcc/riscv-none-elf/12.2.0/../../../../riscv-none-elf/lib\libnosys.a(fstat.o)
                0x000000000000b47c                _fstat
 .text._isatty  0x000000000000b488        0xc d:/mounriver_studio/toolchain/risc-v embedded gcc12/bin/../lib/gcc/riscv-none-elf/12.2.0/../../../../riscv-none-elf/lib\libnosys.a(isatty.o)
                0x000000000000b488                _isatty
 .text._lseek   0x000000000000b494        0xc d:/mounriver_studio/toolchain/risc-v embedded gcc12/bin/../lib/gcc/riscv-none-elf/12.2.0/../../../../riscv-none-elf/lib\libnosys.a(lseek.o)
                0x000000000000b494                _lseek
 .text._read    0x000000000000b4a0        0xc d:/mounriver_studio/toolchain/risc-v embedded gcc12/bin/../lib/gcc/riscv-none-elf/12.2.0/../../../../riscv-none-elf/lib\libnosys.a(read.o)
                0x000000000000b4a0                _read
 *(.rodata)
 *fill*         0x000000000000b4ac        0x0 
 .rodata        0x000000000000b4ac       0x18 ./User/ns_com.o
 *(.rodata*)
 .rodata.USBFS_IRQHandler
                0x000000000000b4c4       0x5c ./User/ch32v10x_usbfs_device.o
 .rodata.top_timer.str1.4
                0x000000000000b520        0xd ./User/main.o
 *fill*         0x000000000000b52d        0x3 
 .rodata.init_all.str1.4
                0x000000000000b530       0x14 ./User/main.o
 .rodata.main.str1.4
                0x000000000000b544        0xf ./User/main.o
 *fill*         0x000000000000b553        0x1 
 .rodata.ns_mux_usb_handshake_handler
                0x000000000000b554       0x18 ./User/ns_com_mux.o
 .rodata.fw_subcommand_dispatcher
                0x000000000000b56c       0x1c ./User/ns_com_mux.o
 .rodata.recv_esp32_connect_control
                0x000000000000b588       0x40 ./User/uart_com.o
 .rodata.MySerNumInfo
                0x000000000000b5c8       0x16 ./User/usb_desc.o
                0x000000000000b5c8                MySerNumInfo
 *fill*         0x000000000000b5de        0x2 
 .rodata.MyProdInfo
                0x000000000000b5e0       0x2a ./User/usb_desc.o
                0x000000000000b5e0                MyProdInfo
 *fill*         0x000000000000b60a        0x2 
 .rodata.MyManuInfo
                0x000000000000b60c        0xa ./User/usb_desc.o
                0x000000000000b60c                MyManuInfo
 *fill*         0x000000000000b616        0x2 
 .rodata.MyHIDReportDesc
                0x000000000000b618       0xdf ./User/usb_desc.o
                0x000000000000b618                MyHIDReportDesc
 *fill*         0x000000000000b6f7        0x1 
 .rodata.MyDevDescr
                0x000000000000b6f8       0x12 ./User/usb_desc.o
                0x000000000000b6f8                MyDevDescr
 *fill*         0x000000000000b70a        0x2 
 .rodata.__divdf3
                0x000000000000b70c       0x40 d:/mounriver_studio/toolchain/risc-v embedded gcc12/bin/../lib/gcc/riscv-none-elf/12.2.0\libgcc.a(divdf3.o)
 .rodata.__divsf3
                0x000000000000b74c       0xa8 d:/mounriver_studio/toolchain/risc-v embedded gcc12/bin/../lib/gcc/riscv-none-elf/12.2.0\libgcc.a(divsf3.o)
 .rodata.__clz_tab
                0x000000000000b7f4      0x100 d:/mounriver_studio/toolchain/risc-v embedded gcc12/bin/../lib/gcc/riscv-none-elf/12.2.0\libgcc.a(_clz.o)
                0x000000000000b7f4                __clz_tab
 .rodata.__sf_fake_stderr
                0x000000000000b8f4       0x20 d:/mounriver_studio/toolchain/risc-v embedded gcc12/bin/../lib/gcc/riscv-none-elf/12.2.0/../../../../riscv-none-elf/lib\libg_nano.a(lib_a-findfp.o)
                0x000000000000b8f4                __sf_fake_stderr
 .rodata.__sf_fake_stdout
                0x000000000000b914       0x20 d:/mounriver_studio/toolchain/risc-v embedded gcc12/bin/../lib/gcc/riscv-none-elf/12.2.0/../../../../riscv-none-elf/lib\libg_nano.a(lib_a-findfp.o)
                0x000000000000b914                __sf_fake_stdout
 .rodata.__sf_fake_stdin
                0x000000000000b934       0x20 d:/mounriver_studio/toolchain/risc-v embedded gcc12/bin/../lib/gcc/riscv-none-elf/12.2.0/../../../../riscv-none-elf/lib\libg_nano.a(lib_a-findfp.o)
                0x000000000000b934                __sf_fake_stdin
 .rodata._vfprintf_r.str1.4
                0x000000000000b954       0x13 d:/mounriver_studio/toolchain/risc-v embedded gcc12/bin/../lib/gcc/riscv-none-elf/12.2.0/../../../../riscv-none-elf/lib\libg_nano.a(lib_a-nano-vfprintf.o)
 *fill*         0x000000000000b967        0x1 
 .rodata._printf_i.str1.4
                0x000000000000b968       0x25 d:/mounriver_studio/toolchain/risc-v embedded gcc12/bin/../lib/gcc/riscv-none-elf/12.2.0/../../../../riscv-none-elf/lib\libg_nano.a(lib_a-nano-vfprintf_i.o)
 *fill*         0x000000000000b98d        0x3 
 .rodata._printf_i
                0x000000000000b990       0x58 d:/mounriver_studio/toolchain/risc-v embedded gcc12/bin/../lib/gcc/riscv-none-elf/12.2.0/../../../../riscv-none-elf/lib\libg_nano.a(lib_a-nano-vfprintf_i.o)
 *(.gnu.linkonce.t.*)
                0x000000000000b9e8                . = ALIGN (0x4)

.rela.dyn       0x000000000000b9e8        0x0
 .rela.init     0x000000000000b9e8        0x0 ./User/ch32v10x_it.o
 .rela.vector   0x000000000000b9e8        0x0 ./User/ch32v10x_it.o
 .rela.text.handle_reset
                0x000000000000b9e8        0x0 ./User/ch32v10x_it.o
 .rela.text._sbrk
                0x000000000000b9e8        0x0 ./User/ch32v10x_it.o
 .rela.sdata.curbrk.0
                0x000000000000b9e8        0x0 ./User/ch32v10x_it.o
 .rela.text._vfprintf_r
                0x000000000000b9e8        0x0 ./User/ch32v10x_it.o

.fini           0x000000000000b9e8        0x0
 *(SORT_NONE(.fini))
                0x000000000000b9e8                . = ALIGN (0x4)
                [!provide]                        PROVIDE (_etext = .)
                [!provide]                        PROVIDE (_eitcm = .)

.preinit_array  0x000000000000b9e8        0x0
                [!provide]                        PROVIDE (__preinit_array_start = .)
 *(.preinit_array)
                [!provide]                        PROVIDE (__preinit_array_end = .)

.init_array     0x000000000000b9e8        0x0
                [!provide]                        PROVIDE (__init_array_start = .)
 *(SORT_BY_INIT_PRIORITY(.init_array.*) SORT_BY_INIT_PRIORITY(.ctors.*))
 *(.init_array EXCLUDE_FILE(*crtend?.o *crtend.o *crtbegin?.o *crtbegin.o) .ctors)
                [!provide]                        PROVIDE (__init_array_end = .)

.fini_array     0x000000000000b9e8        0x0
                [!provide]                        PROVIDE (__fini_array_start = .)
 *(SORT_BY_INIT_PRIORITY(.fini_array.*) SORT_BY_INIT_PRIORITY(.dtors.*))
 *(.fini_array EXCLUDE_FILE(*crtend?.o *crtend.o *crtbegin?.o *crtbegin.o) .dtors)
                [!provide]                        PROVIDE (__fini_array_end = .)

.ctors
 *crtbegin.o(.ctors)
 *crtbegin?.o(.ctors)
 *(EXCLUDE_FILE(*crtend?.o *crtend.o) .ctors)
 *(SORT_BY_NAME(.ctors.*))
 *(.ctors)

.dtors
 *crtbegin.o(.dtors)
 *crtbegin?.o(.dtors)
 *(EXCLUDE_FILE(*crtend?.o *crtend.o) .dtors)
 *(SORT_BY_NAME(.dtors.*))
 *(.dtors)

.dalign         0x0000000020000000        0x0 load address 0x000000000000b9e8
                0x0000000020000000                . = ALIGN (0x4)
                0x0000000020000000                PROVIDE (_data_vma = .)

.dlalign        0x000000000000b9e8        0x0
                0x000000000000b9e8                . = ALIGN (0x4)
                0x000000000000b9e8                PROVIDE (_data_lma = .)

.data           0x0000000020000000     0x1930 load address 0x000000000000b9e8
 *(.gnu.linkonce.r.*)
 *(.data .data.*)
 .data.CommandTable
                0x0000000020000000       0xc0 ./User/hd_rumble2.o
                0x0000000020000000                CommandTable
 .data.freq_exp2_index_lookup_tb
                0x00000000200000c0      0x100 ./User/hd_rumble2.o
                0x00000000200000c0                freq_exp2_index_lookup_tb
 .data.amp_exp2_index_lookup_tb
                0x00000000200001c0      0x100 ./User/hd_rumble2.o
                0x00000000200001c0                amp_exp2_index_lookup_tb
 .data.exp2_lookup_tb
                0x00000000200002c0      0x500 ./User/hd_rumble2.o
                0x00000000200002c0                exp2_lookup_tb
 .data.ccr_lookup_tb
                0x00000000200007c0     0x1000 ./User/hd_rumble_high_accuracy.o
                0x00000000200007c0                ccr_lookup_tb
 .data._imu_quat_state
                0x00000000200017c0       0x1c ./User/imu_quaternion.o
                0x00000000200017c0                _imu_quat_state
 .data.default_et
                0x00000000200017dc        0xe ./User/ns_com.o
                0x00000000200017dc                default_et
 *fill*         0x00000000200017ea        0x2 
 .data.default_device_info
                0x00000000200017ec        0xc ./User/ns_com.o
                0x00000000200017ec                default_device_info
 .data.AHBPrescTable
                0x00000000200017f8       0x10 ./User/system_ch32v10x.o
                0x00000000200017f8                AHBPrescTable
 .data.MyCfgDescr
                0x0000000020001808       0x29 ./User/usb_desc.o
                0x0000000020001808                MyCfgDescr
 *fill*         0x0000000020001831        0x3 
 .data.APBAHBPrescTable
                0x0000000020001834       0x10 ./Peripheral/src/ch32v10x_rcc.o
 .data.impure_data
                0x0000000020001844       0x60 d:/mounriver_studio/toolchain/risc-v embedded gcc12/bin/../lib/gcc/riscv-none-elf/12.2.0/../../../../riscv-none-elf/lib\libg_nano.a(lib_a-impure.o)
 *(.gnu.linkonce.d.*)
                0x00000000200018a8                . = ALIGN (0x8)
 *fill*         0x00000000200018a4        0x4 
                0x00000000200020a8                PROVIDE (__global_pointer$ = (. + 0x800))
 *(.sdata .sdata.*)
 .sdata.rumble_state
                0x00000000200018a8        0x1 ./User/hd_rumble.o
                0x00000000200018a8                rumble_state
 *fill*         0x00000000200018a9        0x3 
 .sdata.hliner  0x00000000200018ac        0x4 ./User/hd_rumble2.o
                0x00000000200018ac                hliner
 .sdata.input_mode
                0x00000000200018b0        0x1 ./User/ns_com.o
                0x00000000200018b0                input_mode
 *fill*         0x00000000200018b1        0x3 
 .sdata.rts_tcnt
                0x00000000200018b4        0x4 ./User/ns_com_mux.o
                0x00000000200018b4                rts_tcnt
 .sdata.spi_rgb_trans
                0x00000000200018b8        0x2 ./User/spi.o
                0x00000000200018b8                spi_rgb_trans
 *fill*         0x00000000200018ba        0x2 
 .sdata.SystemCoreClock
                0x00000000200018bc        0x4 ./User/system_ch32v10x.o
                0x00000000200018bc                SystemCoreClock
 .sdata.ADCPrescTable
                0x00000000200018c0        0x4 ./Peripheral/src/ch32v10x_rcc.o
 .sdata.curbrk.0
                0x00000000200018c4        0x4 ./Debug/debug.o
 .sdata.tiny    0x00000000200018c8        0x4 d:/mounriver_studio/toolchain/risc-v embedded gcc12/bin/../lib/gcc/riscv-none-elf/12.2.0/../../../../riscv-none-elf/lib\libm_nano.a(lib_a-ef_sqrt.o)
 .sdata.one     0x00000000200018cc        0x4 d:/mounriver_studio/toolchain/risc-v embedded gcc12/bin/../lib/gcc/riscv-none-elf/12.2.0/../../../../riscv-none-elf/lib\libm_nano.a(lib_a-ef_sqrt.o)
 .sdata._impure_ptr
                0x00000000200018d0        0x4 d:/mounriver_studio/toolchain/risc-v embedded gcc12/bin/../lib/gcc/riscv-none-elf/12.2.0/../../../../riscv-none-elf/lib\libg_nano.a(lib_a-impure.o)
                0x00000000200018d0                _impure_ptr
 *(.sdata2.*)
 *(.gnu.linkonce.s.*)
                0x00000000200018d8                . = ALIGN (0x8)
 *fill*         0x00000000200018d4        0x4 
 *(.srodata.cst16)
 *(.srodata.cst8)
 .srodata.cst8  0x00000000200018d8       0x38 ./User/imu_quaternion.o
 *(.srodata.cst4)
 .srodata.cst4  0x0000000020001910        0x4 ./User/conf.o
 .srodata.cst4  0x0000000020001914        0xc ./User/imu_quaternion.o
 .srodata.cst4  0x0000000020001920        0x8 ./User/ns_com_mux.o
 *(.srodata.cst2)
 *(.srodata .srodata.*)
 .srodata.MyLangDescr
                0x0000000020001928        0x4 ./User/usb_desc.o
                0x0000000020001928                MyLangDescr
 .srodata._global_impure_ptr
                0x000000002000192c        0x4 d:/mounriver_studio/toolchain/risc-v embedded gcc12/bin/../lib/gcc/riscv-none-elf/12.2.0/../../../../riscv-none-elf/lib\libg_nano.a(lib_a-impure.o)
                0x000000002000192c                _global_impure_ptr
                0x0000000020001930                . = ALIGN (0x4)
                0x0000000020001930                PROVIDE (_edata = .)

.bss            0x0000000020001930     0x2a4c load address 0x000000000000d318
                0x0000000020001930                . = ALIGN (0x4)
                0x0000000020001930                PROVIDE (_sbss = .)
 *(.sbss*)
 .sbss.EXC_PC   0x0000000020001930        0x4 ./User/ch32v10x_it.o
                0x0000000020001930                EXC_PC
 .sbss.EXC_CAUSE
                0x0000000020001934        0x4 ./User/ch32v10x_it.o
                0x0000000020001934                EXC_CAUSE
 .sbss.USBFS_Endp_Busy
                0x0000000020001938        0x8 ./User/ch32v10x_usbfs_device.o
                0x0000000020001938                USBFS_Endp_Busy
 .sbss.USBFS_HidProtocol
                0x0000000020001940        0x1 ./User/ch32v10x_usbfs_device.o
                0x0000000020001940                USBFS_HidProtocol
 .sbss.USBFS_HidIdle
                0x0000000020001941        0x1 ./User/ch32v10x_usbfs_device.o
                0x0000000020001941                USBFS_HidIdle
 .sbss.USBFS_DevEnumStatus
                0x0000000020001942        0x1 ./User/ch32v10x_usbfs_device.o
                0x0000000020001942                USBFS_DevEnumStatus
 .sbss.USBFS_DevSleepStatus
                0x0000000020001943        0x1 ./User/ch32v10x_usbfs_device.o
                0x0000000020001943                USBFS_DevSleepStatus
 .sbss.USBFS_DevAddr
                0x0000000020001944        0x1 ./User/ch32v10x_usbfs_device.o
                0x0000000020001944                USBFS_DevAddr
 .sbss.USBFS_DevConfig
                0x0000000020001945        0x1 ./User/ch32v10x_usbfs_device.o
                0x0000000020001945                USBFS_DevConfig
 .sbss.USBFS_SetupReqLen
                0x0000000020001946        0x2 ./User/ch32v10x_usbfs_device.o
                0x0000000020001946                USBFS_SetupReqLen
 .sbss.USBFS_SetupReqIndex
                0x0000000020001948        0x2 ./User/ch32v10x_usbfs_device.o
                0x0000000020001948                USBFS_SetupReqIndex
 .sbss.USBFS_SetupReqValue
                0x000000002000194a        0x2 ./User/ch32v10x_usbfs_device.o
                0x000000002000194a                USBFS_SetupReqValue
 .sbss.USBFS_SetupReqType
                0x000000002000194c        0x1 ./User/ch32v10x_usbfs_device.o
                0x000000002000194c                USBFS_SetupReqType
 .sbss.USBFS_SetupReqCode
                0x000000002000194d        0x1 ./User/ch32v10x_usbfs_device.o
                0x000000002000194d                USBFS_SetupReqCode
 *fill*         0x000000002000194e        0x2 
 .sbss.pUSBFS_Descr
                0x0000000020001950        0x4 ./User/ch32v10x_usbfs_device.o
                0x0000000020001950                pUSBFS_Descr
 .sbss.fac      0x0000000020001954        0x4 ./User/conf.o
 .sbss.joystick_snapback_deadzone_sq
                0x0000000020001958        0x8 ./User/conf.o
                0x0000000020001958                joystick_snapback_deadzone_sq
 .sbss.Calibrattion_Val
                0x0000000020001960        0x2 ./User/gpio_adc.o
                0x0000000020001960                Calibrattion_Val
 *fill*         0x0000000020001962        0x2 
 .sbss.adc_data
                0x0000000020001964        0x8 ./User/gpio_adc.o
                0x0000000020001964                adc_data
 .sbss.sts_button
                0x000000002000196c        0x4 ./User/gpio_digit.o
                0x000000002000196c                sts_button
 .sbss.sample   0x0000000020001970        0x8 ./User/hd_rumble2.o
                0x0000000020001970                sample
 .sbss.m_state  0x0000000020001978        0x8 ./User/hd_rumble2.o
                0x0000000020001978                m_state
 .sbss.global_sample_channel
                0x0000000020001980        0x1 ./User/hd_rumble2.o
                0x0000000020001980                global_sample_channel
 .sbss.decoded_cnt
                0x0000000020001981        0x1 ./User/hd_rumble2.o
                0x0000000020001981                decoded_cnt
 *fill*         0x0000000020001982        0x2 
 .sbss.tim3_counter
                0x0000000020001984        0x4 ./User/hd_rumble_high_accuracy.o
 .sbss.right_low_tick
                0x0000000020001988        0x4 ./User/hd_rumble_high_accuracy.o
 .sbss.right_high_tick
                0x000000002000198c        0x4 ./User/hd_rumble_high_accuracy.o
 .sbss.left_low_tick
                0x0000000020001990        0x4 ./User/hd_rumble_high_accuracy.o
 .sbss.left_high_tick
                0x0000000020001994        0x4 ./User/hd_rumble_high_accuracy.o
 .sbss.right_low_sum
                0x0000000020001998        0x4 ./User/hd_rumble_high_accuracy.o
                0x0000000020001998                right_low_sum
 .sbss.right_high_sum
                0x000000002000199c        0x4 ./User/hd_rumble_high_accuracy.o
                0x000000002000199c                right_high_sum
 .sbss.left_low_sum
                0x00000000200019a0        0x4 ./User/hd_rumble_high_accuracy.o
                0x00000000200019a0                left_low_sum
 .sbss.left_high_sum
                0x00000000200019a4        0x4 ./User/hd_rumble_high_accuracy.o
                0x00000000200019a4                left_high_sum
 .sbss.right_low_pos
                0x00000000200019a8        0x2 ./User/hd_rumble_high_accuracy.o
                0x00000000200019a8                right_low_pos
 .sbss.right_high_pos
                0x00000000200019aa        0x2 ./User/hd_rumble_high_accuracy.o
                0x00000000200019aa                right_high_pos
 .sbss.left_low_pos
                0x00000000200019ac        0x2 ./User/hd_rumble_high_accuracy.o
                0x00000000200019ac                left_low_pos
 .sbss.left_high_pos
                0x00000000200019ae        0x2 ./User/hd_rumble_high_accuracy.o
                0x00000000200019ae                left_high_pos
 .sbss.right_low_buf_stdby
                0x00000000200019b0        0x1 ./User/hd_rumble_high_accuracy.o
                0x00000000200019b0                right_low_buf_stdby
 .sbss.right_high_buf_stdby
                0x00000000200019b1        0x1 ./User/hd_rumble_high_accuracy.o
                0x00000000200019b1                right_high_buf_stdby
 .sbss.left_low_buf_stdby
                0x00000000200019b2        0x1 ./User/hd_rumble_high_accuracy.o
                0x00000000200019b2                left_low_buf_stdby
 .sbss.left_high_buf_stdby
                0x00000000200019b3        0x1 ./User/hd_rumble_high_accuracy.o
                0x00000000200019b3                left_high_buf_stdby
 .sbss.right_low_buf_rdy
                0x00000000200019b4        0x1 ./User/hd_rumble_high_accuracy.o
                0x00000000200019b4                right_low_buf_rdy
 .sbss.right_high_buf_rdy
                0x00000000200019b5        0x1 ./User/hd_rumble_high_accuracy.o
                0x00000000200019b5                right_high_buf_rdy
 .sbss.left_low_buf_rdy
                0x00000000200019b6        0x1 ./User/hd_rumble_high_accuracy.o
                0x00000000200019b6                left_low_buf_rdy
 .sbss.left_high_buf_rdy
                0x00000000200019b7        0x1 ./User/hd_rumble_high_accuracy.o
                0x00000000200019b7                left_high_buf_rdy
 .sbss.right_low_buf
                0x00000000200019b8        0x8 ./User/hd_rumble_high_accuracy.o
                0x00000000200019b8                right_low_buf
 .sbss.right_high_buf
                0x00000000200019c0        0x8 ./User/hd_rumble_high_accuracy.o
                0x00000000200019c0                right_high_buf
 .sbss.left_low_buf
                0x00000000200019c8        0x8 ./User/hd_rumble_high_accuracy.o
                0x00000000200019c8                left_low_buf
 .sbss.left_high_buf
                0x00000000200019d0        0x8 ./User/hd_rumble_high_accuracy.o
                0x00000000200019d0                left_high_buf
 .sbss.right_low
                0x00000000200019d8        0x8 ./User/hd_rumble_high_accuracy.o
                0x00000000200019d8                right_low
 .sbss.right_high
                0x00000000200019e0        0x8 ./User/hd_rumble_high_accuracy.o
                0x00000000200019e0                right_high
 .sbss.left_low
                0x00000000200019e8        0x8 ./User/hd_rumble_high_accuracy.o
                0x00000000200019e8                left_low
 .sbss.left_high
                0x00000000200019f0        0x8 ./User/hd_rumble_high_accuracy.o
                0x00000000200019f0                left_high
 .sbss.res.0    0x00000000200019f8        0x1 ./User/i2c.o
 .sbss.i2c_intr_error
                0x00000000200019f9        0x1 ./User/i2c.o
                0x00000000200019f9                i2c_intr_error
 .sbss.i2c_error_code
                0x00000000200019fa        0x1 ./User/i2c.o
                0x00000000200019fa                i2c_error_code
 .sbss.i2c_status
                0x00000000200019fb        0x1 ./User/i2c.o
                0x00000000200019fb                i2c_status
 .sbss.last_upd.0
                0x00000000200019fc        0x4 ./User/imu.o
 .sbss.status.2
                0x0000000020001a00        0x1 ./User/imu.o
 *fill*         0x0000000020001a01        0x3 
 .sbss.rep      0x0000000020001a04        0x4 ./User/imu.o
 .sbss.imu_buf_pos
                0x0000000020001a08        0x1 ./User/imu.o
                0x0000000020001a08                imu_buf_pos
 .sbss.imu_sample_cnt
                0x0000000020001a09        0x1 ./User/imu.o
 *fill*         0x0000000020001a0a        0x2 
 .sbss.last_imu_upd
                0x0000000020001a0c        0x4 ./User/imu.o
 .sbss.imu_read_fail_cnt
                0x0000000020001a10        0x4 ./User/imu.o
                0x0000000020001a10                imu_read_fail_cnt
 .sbss.imu_read_cnt
                0x0000000020001a14        0x4 ./User/imu.o
                0x0000000020001a14                imu_read_cnt
 .sbss.imu_ratio_zf
                0x0000000020001a18        0x4 ./User/imu.o
                0x0000000020001a18                imu_ratio_zf
 .sbss.imu_ratio_yf
                0x0000000020001a1c        0x4 ./User/imu.o
                0x0000000020001a1c                imu_ratio_yf
 .sbss.imu_ratio_xf
                0x0000000020001a20        0x4 ./User/imu.o
                0x0000000020001a20                imu_ratio_xf
 .sbss.imu_mode
                0x0000000020001a24        0x1 ./User/imu.o
                0x0000000020001a24                imu_mode
 .sbss.imu_rdy  0x0000000020001a25        0x1 ./User/imu.o
                0x0000000020001a25                imu_rdy
 .sbss.imu_upd_cnt
                0x0000000020001a26        0x1 ./User/imu.o
                0x0000000020001a26                imu_upd_cnt
 .sbss.pos.2    0x0000000020001a27        0x1 ./User/imu_quaternion.o
 .sbss.timestamp.4
                0x0000000020001a28        0x4 ./User/imu_quaternion.o
 .sbss.prev_timestamp.5
                0x0000000020001a2c        0x4 ./User/imu_quaternion.o
 .sbss.f6.0     0x0000000020001a30        0x1 ./User/main.o
 .sbss.f5.1     0x0000000020001a31        0x1 ./User/main.o
 .sbss.f4.2     0x0000000020001a32        0x1 ./User/main.o
 .sbss.f3.3     0x0000000020001a33        0x1 ./User/main.o