Archive member included to satisfy reference by file (symbol)

d:/mounriver_studio/toolchain/risc-v embedded gcc12/bin/../lib/gcc/riscv-none-elf/12.2.0/../../../../riscv-none-elf/lib\libm_nano.a(lib_a-wf_sqrt.o)
                              ./User/imu_quaternion.o (sqrtf)
d:/mounriver_studio/toolchain/risc-v embedded gcc12/bin/../lib/gcc/riscv-none-elf/12.2.0/../../../../riscv-none-elf/lib\libm_nano.a(lib_a-ef_sqrt.o)
                              d:/mounriver_studio/toolchain/risc-v embedded gcc12/bin/../lib/gcc/riscv-none-elf/12.2.0/../../../../riscv-none-elf/lib\libm_nano.a(lib_a-wf_sqrt.o) (__ieee754_sqrtf)
d:/mounriver_studio/toolchain/risc-v embedded gcc12/bin/../lib/gcc/riscv-none-elf/12.2.0\libgcc.a(_divdi3.o)
                              ./User/hd_rumble2.o (__divdi3)
d:/mounriver_studio/toolchain/risc-v embedded gcc12/bin/../lib/gcc/riscv-none-elf/12.2.0\libgcc.a(_udivdi3.o)
                              ./User/hd_rumble2.o (__udivdi3)
d:/mounriver_studio/toolchain/risc-v embedded gcc12/bin/../lib/gcc/riscv-none-elf/12.2.0\libgcc.a(adddf3.o)
                              ./User/imu_quaternion.o (__adddf3)
d:/mounriver_studio/toolchain/risc-v embedded gcc12/bin/../lib/gcc/riscv-none-elf/12.2.0\libgcc.a(divdf3.o)
                              ./User/imu_quaternion.o (__divdf3)
d:/mounriver_studio/toolchain/risc-v embedded gcc12/bin/../lib/gcc/riscv-none-elf/12.2.0\libgcc.a(muldf3.o)
                              ./User/imu_quaternion.o (__muldf3)
d:/mounriver_studio/toolchain/risc-v embedded gcc12/bin/../lib/gcc/riscv-none-elf/12.2.0\libgcc.a(subdf3.o)
                              ./User/imu_quaternion.o (__subdf3)
d:/mounriver_studio/toolchain/risc-v embedded gcc12/bin/../lib/gcc/riscv-none-elf/12.2.0\libgcc.a(floatsidf.o)
                              ./User/imu_quaternion.o (__floatsidf)
d:/mounriver_studio/toolchain/risc-v embedded gcc12/bin/../lib/gcc/riscv-none-elf/12.2.0\libgcc.a(floatunsidf.o)
                              ./User/imu_quaternion.o (__floatunsidf)
d:/mounriver_studio/toolchain/risc-v embedded gcc12/bin/../lib/gcc/riscv-none-elf/12.2.0\libgcc.a(addsf3.o)
                              ./User/imu_quaternion.o (__addsf3)
d:/mounriver_studio/toolchain/risc-v embedded gcc12/bin/../lib/gcc/riscv-none-elf/12.2.0\libgcc.a(divsf3.o)
                              ./User/conf.o (__divsf3)
d:/mounriver_studio/toolchain/risc-v embedded gcc12/bin/../lib/gcc/riscv-none-elf/12.2.0\libgcc.a(gesf2.o)
                              ./User/imu_quaternion.o (__gtsf2)
d:/mounriver_studio/toolchain/risc-v embedded gcc12/bin/../lib/gcc/riscv-none-elf/12.2.0\libgcc.a(lesf2.o)
                              d:/mounriver_studio/toolchain/risc-v embedded gcc12/bin/../lib/gcc/riscv-none-elf/12.2.0/../../../../riscv-none-elf/lib\libm_nano.a(lib_a-ef_sqrt.o) (__lesf2)
d:/mounriver_studio/toolchain/risc-v embedded gcc12/bin/../lib/gcc/riscv-none-elf/12.2.0\libgcc.a(mulsf3.o)
                              ./User/imu.o (__mulsf3)
d:/mounriver_studio/toolchain/risc-v embedded gcc12/bin/../lib/gcc/riscv-none-elf/12.2.0\libgcc.a(subsf3.o)
                              ./User/imu_quaternion.o (__subsf3)
d:/mounriver_studio/toolchain/risc-v embedded gcc12/bin/../lib/gcc/riscv-none-elf/12.2.0\libgcc.a(unordsf2.o)
                              d:/mounriver_studio/toolchain/risc-v embedded gcc12/bin/../lib/gcc/riscv-none-elf/12.2.0/../../../../riscv-none-elf/lib\libm_nano.a(lib_a-wf_sqrt.o) (__unordsf2)
d:/mounriver_studio/toolchain/risc-v embedded gcc12/bin/../lib/gcc/riscv-none-elf/12.2.0\libgcc.a(fixsfsi.o)
                              ./User/imu.o (__fixsfsi)
d:/mounriver_studio/toolchain/risc-v embedded gcc12/bin/../lib/gcc/riscv-none-elf/12.2.0\libgcc.a(floatsisf.o)
                              ./User/conf.o (__floatsisf)
d:/mounriver_studio/toolchain/risc-v embedded gcc12/bin/../lib/gcc/riscv-none-elf/12.2.0\libgcc.a(truncdfsf2.o)
                              ./User/imu_quaternion.o (__truncdfsf2)
d:/mounriver_studio/toolchain/risc-v embedded gcc12/bin/../lib/gcc/riscv-none-elf/12.2.0\libgcc.a(save-restore.o)
                              ./User/imu.o (__riscv_save_12)
d:/mounriver_studio/toolchain/risc-v embedded gcc12/bin/../lib/gcc/riscv-none-elf/12.2.0\libgcc.a(_clz.o)
                              d:/mounriver_studio/toolchain/risc-v embedded gcc12/bin/../lib/gcc/riscv-none-elf/12.2.0\libgcc.a(_divdi3.o) (__clz_tab)
d:/mounriver_studio/toolchain/risc-v embedded gcc12/bin/../lib/gcc/riscv-none-elf/12.2.0\libgcc.a(_clzsi2.o)
                              d:/mounriver_studio/toolchain/risc-v embedded gcc12/bin/../lib/gcc/riscv-none-elf/12.2.0\libgcc.a(adddf3.o) (__clzsi2)
d:/mounriver_studio/toolchain/risc-v embedded gcc12/bin/../lib/gcc/riscv-none-elf/12.2.0/../../../../riscv-none-elf/lib\libg_nano.a(lib_a-errno.o)
                              d:/mounriver_studio/toolchain/risc-v embedded gcc12/bin/../lib/gcc/riscv-none-elf/12.2.0/../../../../riscv-none-elf/lib\libm_nano.a(lib_a-wf_sqrt.o) (__errno)
[...]
Memory Configuration

Name             Origin             Length             Attributes
FLASH            0x0000000000000000 0x0000000000010000 xr
RAM              0x0000000020000000 0x0000000000005000 xrw
*default*        0x0000000000000000 0xffffffffffffffff

Linker script and memory map

LOAD ./User/ch32v10x_it.o
LOAD ./User/ch32v10x_usbfs_device.o
LOAD ./User/conf.o
LOAD ./User/flash.o
LOAD ./User/global_api.o
LOAD ./User/gpio_adc.o
LOAD ./User/gpio_digit.o
LOAD ./User/hd_rumble.o
LOAD ./User/hd_rumble2.o
LOAD ./User/hd_rumble_high_accuracy.o
LOAD ./User/hd_rumble_high_accurary_packed.o
LOAD ./User/i2c.o
LOAD ./User/imu.o
LOAD ./User/imu_quaternion.o
LOAD ./User/main.o
LOAD ./User/ns_com.o
LOAD ./User/ns_com_mux.o
LOAD ./User/pwr.o
LOAD ./User/ring_buffer.o
LOAD ./User/spi.o
LOAD ./User/system_ch32v10x.o
LOAD ./User/tick.o
LOAD ./User/uart.o
LOAD ./User/uart_com.o
LOAD ./User/usb_desc.o
LOAD ./User/usbd_compatibility_hid.o
LOAD ./Startup/startup_ch32v10x.o
LOAD ./Peripheral/src/ch32v10x_adc.o
LOAD ./Peripheral/src/ch32v10x_bkp.o
LOAD ./Peripheral/src/ch32v10x_crc.o
LOAD ./Peripheral/src/ch32v10x_dbgmcu.o
LOAD ./Peripheral/src/ch32v10x_dma.o
LOAD ./Peripheral/src/ch32v10x_exti.o
LOAD ./Peripheral/src/ch32v10x_flash.o
LOAD ./Peripheral/src/ch32v10x_gpio.o
LOAD ./Peripheral/src/ch32v10x_i2c.o
LOAD ./Peripheral/src/ch32v10x_iwdg.o
LOAD ./Peripheral/src/ch32v10x_misc.o
LOAD ./Peripheral/src/ch32v10x_pwr.o
LOAD ./Peripheral/src/ch32v10x_rcc.o
LOAD ./Peripheral/src/ch32v10x_rtc.o
LOAD ./Peripheral/src/ch32v10x_spi.o
LOAD ./Peripheral/src/ch32v10x_tim.o
LOAD ./Peripheral/src/ch32v10x_usart.o
LOAD ./Peripheral/src/ch32v10x_usb.o
LOAD ./Peripheral/src/ch32v10x_usb_host.o
LOAD ./Peripheral/src/ch32v10x_wwdg.o
LOAD ./Debug/debug.o
LOAD ./Core/core_riscv.o
LOAD d:/mounriver_studio/toolchain/risc-v embedded gcc12/bin/../lib/gcc/riscv-none-elf/12.2.0/../../../../riscv-none-elf/lib\libm_nano.a
LOAD d:/mounriver_studio/toolchain/risc-v embedded gcc12/bin/../lib/gcc/riscv-none-elf/12.2.0\libgcc.a
LOAD d:/mounriver_studio/toolchain/risc-v embedded gcc12/bin/../lib/gcc/riscv-none-elf/12.2.0/../../../../riscv-none-elf/lib\libg_nano.a
LOAD d:/mounriver_studio/toolchain/risc-v embedded gcc12/bin/../lib/gcc/riscv-none-elf/12.2.0/../../../../riscv-none-elf/lib\libc_nano.a
LOAD d:/mounriver_studio/toolchain/risc-v embedded gcc12/bin/../lib/gcc/riscv-none-elf/12.2.0\libgcc.a
START GROUP
LOAD d:/mounriver_studio/toolchain/risc-v embedded gcc12/bin/../lib/gcc/riscv-none-elf/12.2.0\libgcc.a
LOAD d:/mounriver_studio/toolchain/risc-v embedded gcc12/bin/../lib/gcc/riscv-none-elf/12.2.0/../../../../riscv-none-elf/lib\libc_nano.a
LOAD d:/mounriver_studio/toolchain/risc-v embedded gcc12/bin/../lib/gcc/riscv-none-elf/12.2.0/../../../../riscv-none-elf/lib\libnosys.a
END GROUP
START GROUP
LOAD d:/mounriver_studio/toolchain/risc-v embedded gcc12/bin/../lib/gcc/riscv-none-elf/12.2.0\libgcc.a
LOAD d:/mounriver_studio/toolchain/risc-v embedded gcc12/bin/../lib/gcc/riscv-none-elf/12.2.0/../../../../riscv-none-elf/lib\libc_nano.a
LOAD d:/mounriver_studio/toolchain/risc-v embedded gcc12/bin/../lib/gcc/riscv-none-elf/12.2.0/../../../../riscv-none-elf/lib\libnosys.a
END GROUP
                0x0000000000000800                __stack_size = 0x800
                [!provide]                        PROVIDE (_stack_size = __stack_size)

.init           0x0000000000000000       0x38
                0x0000000000000000                _sinit = .
                0x0000000000000000                . = ALIGN (0x4)
 *(SORT_NONE(.init))
 .init          0x0000000000000000       0x38 ./Startup/startup_ch32v10x.o
                0x0000000000000000                _start
                0x0000000000000038                . = ALIGN (0x4)
                0x0000000000000038                _einit = .

.vector         0x0000000000000038      0x108
 *(.vector)
 .vector        0x0000000000000038       0xf0 ./Startup/startup_ch32v10x.o
                0x0000000000000140                . = ALIGN (0x40)
 *fill*         0x0000000000000128       0x18 

.text           0x0000000000000140     0xbe6c
                0x0000000000000140                . = ALIGN (0x4)
 *(.text)
 .text          0x0000000000000140       0x60 d:/mounriver_studio/toolchain/risc-v embedded gcc12/bin/../lib/gcc/riscv-none-elf/12.2.0\libgcc.a(save-restore.o)
                0x0000000000000140                __riscv_save_12
                0x0000000000000148                __riscv_save_9
                0x0000000000000148                __riscv_save_11
                0x0000000000000148                __riscv_save_10
                0x0000000000000148                __riscv_save_8
                0x0000000000000156                __riscv_save_4
                0x0000000000000156                __riscv_save_6
                0x0000000000000156                __riscv_save_5
                0x0000000000000156                __riscv_save_7
                0x0000000000000170                __riscv_save_3
                0x0000000000000170                __riscv_save_2
                0x0000000000000170                __riscv_save_1
                0x0000000000000170                __riscv_save_0
                0x000000000000017c                __riscv_restore_12
                0x0000000000000180                __riscv_restore_11
                0x0000000000000180                __riscv_restore_9
                0x0000000000000180                __riscv_restore_10
                0x0000000000000180                __riscv_restore_8
                0x000000000000018a                __riscv_restore_5
                0x000000000000018a                __riscv_restore_7
                0x000000000000018a                __riscv_restore_6
                0x000000000000018a                __riscv_restore_4
                0x0000000000000194                __riscv_restore_3
                0x0000000000000194                __riscv_restore_0
                0x0000000000000194                __riscv_restore_2
                0x0000000000000194                __riscv_restore_1
 .text          0x00000000000001a0       0x16 d:/mounriver_studio/toolchain/risc-v embedded gcc12/bin/../lib/gcc/riscv-none-elf/12.2.0/../../../../riscv-none-elf/lib\libg_nano.a(lib_a-memcpy-asm.o)
                0x00000000000001a0                memcpy
 .text          0x00000000000001b6       0x10 d:/mounriver_studio/toolchain/risc-v embedded gcc12/bin/../lib/gcc/riscv-none-elf/12.2.0/../../../../riscv-none-elf/lib\libg_nano.a(lib_a-memset.o)
                0x00000000000001b6                memset
 *(.text.*)
 .text.NMI_Handler
                0x00000000000001c6       0x28 ./User/ch32v10x_it.o
                0x00000000000001c6                NMI_Handler
 .text.HardFault_Handler
                0x00000000000001ee       0x80 ./User/ch32v10x_it.o
                0x00000000000001ee                HardFault_Handler
 .text.USBFS_RCC_Init
                0x000000000000026e       0x4a ./User/ch32v10x_usbfs_device.o
                0x000000000000026e                USBFS_RCC_Init
 .text.USBFS_Device_Endp_Init
                0x00000000000002b8       0x3c ./User/ch32v10x_usbfs_device.o
                0x00000000000002b8                USBFS_Device_Endp_Init
 .text.USBFS_IRQHandler
                0x00000000000002f4      0x672 ./User/ch32v10x_usbfs_device.o
                0x00000000000002f4                USBFS_IRQHandler
 .text.USBFS_Device_Init
                0x0000000000000966       0xbc ./User/ch32v10x_usbfs_device.o
                0x0000000000000966                USBFS_Device_Init
 .text.conf_read
                0x0000000000000a22       0x52 ./User/conf.o
                0x0000000000000a22                conf_read
 .text.custom_conf_read
                0x0000000000000a74        0xc ./User/conf.o
                0x0000000000000a74                custom_conf_read
 .text.custom_conf_write
                0x0000000000000a80        0xc ./User/conf.o
                0x0000000000000a80                custom_conf_write
 .text.fac_conf_read
                0x0000000000000a8c       0x12 ./User/conf.o
                0x0000000000000a8c                fac_conf_read
 .text.fac_conf_write
                0x0000000000000a9e       0x12 ./User/conf.o
                0x0000000000000a9e                fac_conf_write
 .text.conf_write
                0x0000000000000ab0       0x8e ./User/conf.o
                0x0000000000000ab0                conf_write
 .text.conf_flush
                0x0000000000000b3e       0x94 ./User/conf.o
                0x0000000000000b3e                conf_flush
 .text.conf_init
                0x0000000000000bd2      0x272 ./User/conf.o
                0x0000000000000bd2                conf_init
 .text.write_flash
                0x0000000000000e44       0x6e ./User/flash.o
                0x0000000000000e44                write_flash
 .text.read_flash
                0x0000000000000eb2       0x30 ./User/flash.o
                0x0000000000000eb2                read_flash
 .text.i32_min  0x0000000000000ee2        0xc ./User/global_api.o
                0x0000000000000ee2                i32_min
 .text.fetch_uint32
                0x0000000000000eee       0x18 ./User/global_api.o
                0x0000000000000eee                fetch_uint32
 .text.i32_clamp
                0x0000000000000f06       0x12 ./User/global_api.o
                0x0000000000000f06                i32_clamp
 .text.ADC_Function_Init
                0x0000000000000f18       0xb2 ./User/gpio_adc.o
                0x0000000000000f18                ADC_Function_Init
 .text.DMA_Tx_Init
                0x0000000000000fca       0x56 ./User/gpio_adc.o
                0x0000000000000fca                DMA_Tx_Init
 .text.adc_init
                0x0000000000001020       0x6e ./User/gpio_adc.o
                0x0000000000001020                adc_init
 .text.gpio_tb_init
                0x000000000000108e       0xb4 ./User/gpio_digit.o
                0x000000000000108e                gpio_tb_init
 .text._gpio_init
                0x0000000000001142       0xce ./User/gpio_digit.o
                0x0000000000001142                _gpio_init
 .text.gpio_kb_scan_init
                0x0000000000001210       0x68 ./User/gpio_digit.o
                0x0000000000001210                gpio_kb_scan_init
 .text.gpio_init
                0x0000000000001278       0x24 ./User/gpio_digit.o
                0x0000000000001278                gpio_init
 .text.gpio_kb_scan
                0x000000000000129c       0xa0 ./User/gpio_digit.o
                0x000000000000129c                gpio_kb_scan
 .text.gpio_read_all
                0x000000000000133c       0x80 ./User/gpio_digit.o
                0x000000000000133c                gpio_read_all
 .text.gpio_read
                0x00000000000013bc       0x54 ./User/gpio_digit.o
                0x00000000000013bc                gpio_read
 .text.hd_rumble_init
                0x0000000000001410      0x116 ./User/hd_rumble.o
                0x0000000000001410                hd_rumble_init
 .text.hd_rumble_set_status
                0x0000000000001526        0xe ./User/hd_rumble.o
                0x0000000000001526                hd_rumble_set_status
 .text.ApplyCommand
                0x0000000000001534       0x36 ./User/hd_rumble2.o
                0x0000000000001534                ApplyCommand
 .text.ApplyAmCommand
                0x000000000000156a       0x24 ./User/hd_rumble2.o
                0x000000000000156a                ApplyAmCommand
 .text.ApplyFmCommand
                0x000000000000158e       0x28 ./User/hd_rumble2.o
                0x000000000000158e                ApplyFmCommand
 .text.get_hd_rumble_pack
                0x00000000000015b6       0x1a ./User/hd_rumble2.o
                0x00000000000015b6                get_hd_rumble_pack
 .text.deocde_hd_rumble_format1
                0x00000000000015d0       0x70 ./User/hd_rumble2.o
                0x00000000000015d0                deocde_hd_rumble_format1
 .text.decode_hd_rumble_format1long
                0x0000000000001640       0x84 ./User/hd_rumble2.o
                0x0000000000001640                decode_hd_rumble_format1long
 .text.decode_hd_rumble_format1full
                0x00000000000016c4      0x12e ./User/hd_rumble2.o
                0x00000000000016c4                decode_hd_rumble_format1full
 .text.decode_hd_rumble_format2
                0x00000000000017f2       0xcc ./User/hd_rumble2.o
                0x00000000000017f2                decode_hd_rumble_format2
 .text.decode_hd_rumble_format2long
                0x00000000000018be      0x110 ./User/hd_rumble2.o
                0x00000000000018be                decode_hd_rumble_format2long
 .text.decode_hd_rumble_format3
                0x00000000000019ce      0x142 ./User/hd_rumble2.o
                0x00000000000019ce                decode_hd_rumble_format3
 .text.decode_hd_rumble_multiformat_high_acc
                0x0000000000001b10      0x296 ./User/hd_rumble2.o
                0x0000000000001b10                decode_hd_rumble_multiformat_high_acc
 .text.hd_rumble_lookup_tb_init
                0x0000000000001da6       0x28 ./User/hd_rumble2.o
                0x0000000000001da6                hd_rumble_lookup_tb_init
 .text.hd_rumble_high_accurary_init
                0x0000000000001dce       0xa2 ./User/hd_rumble_high_accuracy.o
                0x0000000000001dce                hd_rumble_high_accurary_init
 .text.push_waveform
                0x0000000000001e70       0x60 ./User/hd_rumble_high_accuracy.o
                0x0000000000001e70                push_waveform
 .text.push_waveform_into_buffer_task
                0x0000000000001ed0      0x108 ./User/hd_rumble_high_accuracy.o
                0x0000000000001ed0                push_waveform_into_buffer_task
 .text.step_forward
                0x0000000000001fd8       0x44 ./User/hd_rumble_high_accuracy.o
                0x0000000000001fd8                step_forward
 .text.rumble_pattern_check
                0x000000000000201c       0x58 ./User/hd_rumble_high_accuracy.o
                0x000000000000201c                rumble_pattern_check
 .text.TIM3_IRQHandler
                0x0000000000002074      0x4c0 ./User/hd_rumble_high_accuracy.o
                0x0000000000002074                TIM3_IRQHandler
 .text.i2c2_check_flag
                0x0000000000002534       0x1a ./User/i2c.o
                0x0000000000002534                i2c2_check_flag
 .text.i2c2_check_event
                0x000000000000254e       0x1a ./User/i2c.o
                0x000000000000254e                i2c2_check_event
 .text.I2C2_ER_IRQHandler
                0x0000000000002568       0x2a ./User/i2c.o
                0x0000000000002568                I2C2_ER_IRQHandler
 .text.i2c_software_recovery
                0x0000000000002592      0x11e ./User/i2c.o
                0x0000000000002592                i2c_software_recovery
 .text.i2c2_reset
                0x00000000000026b0       0x44 ./User/i2c.o
                0x00000000000026b0                i2c2_reset
 .text.i2c_hardware_init
                0x00000000000026f4       0xc0 ./User/i2c.o
                0x00000000000026f4                i2c_hardware_init
 .text.i2c_read_start
                0x00000000000027b4      0x140 ./User/i2c.o
                0x00000000000027b4                i2c_read_start
 .text.i2c_read_byte
                0x00000000000028f4       0x84 ./User/i2c.o
                0x00000000000028f4                i2c_read_byte
 .text.i2c_read_continuous
                0x0000000000002978       0xac ./User/i2c.o
                0x0000000000002978                i2c_read_continuous
 .text.i2c_write_byte
                0x0000000000002a24      0x116 ./User/i2c.o
                0x0000000000002a24                i2c_write_byte
 .text.i2c_init
                0x0000000000002b3a       0x10 ./User/i2c.o
                0x0000000000002b3a                i2c_init
 .text.imu_set_reg
                0x0000000000002b4a       0x34 ./User/imu.o
                0x0000000000002b4a                imu_set_reg
 .text.imu_read
                0x0000000000002b7e       0xc0 ./User/imu.o
                0x0000000000002b7e                imu_read
 .text.set_imu_awake
                0x0000000000002c3e       0x96 ./User/imu.o
                0x0000000000002c3e                set_imu_awake
 .text.set_imu_sleep
                0x0000000000002cd4       0x24 ./User/imu.o
                0x0000000000002cd4                set_imu_sleep
 .text.imu_init
                0x0000000000002cf8        0x2 ./User/imu.o
                0x0000000000002cf8                imu_init
 .text.imu_upd  0x0000000000002cfa      0x232 ./User/imu.o
                0x0000000000002cfa                imu_upd
 .text._imu_quat_normalize
                0x0000000000002f2c       0x90 ./User/imu_quaternion.o
                0x0000000000002f2c                _imu_quat_normalize
 .text._imu_rotate_quaternion
                0x0000000000002fbc      0x128 ./User/imu_quaternion.o
                0x0000000000002fbc                _imu_rotate_quaternion
 .text._imu_update_quaternion
                0x00000000000030e4      0x1fe ./User/imu_quaternion.o
                0x00000000000030e4                _imu_update_quaternion
 .text.switch_motion_pack_quat
                0x00000000000032e2      0x2b2 ./User/imu_quaternion.o
                0x00000000000032e2                switch_motion_pack_quat
 .text.imu_upd2
                0x0000000000003594       0x44 ./User/imu_quaternion.o
                0x0000000000003594                imu_upd2
 .text.button_upd_all
                0x00000000000035d8       0x1e ./User/main.o
                0x00000000000035d8                button_upd_all
 .text.get_peripheral_data_handler
                0x00000000000035f6       0x56 ./User/main.o
                0x00000000000035f6                get_peripheral_data_handler
 .text.joystick_snapback_filter
                0x000000000000364c      0x20a ./User/main.o
                0x000000000000364c                joystick_snapback_filter
 .text.joystick_debounce_task
                0x0000000000003856       0x84 ./User/main.o
                0x0000000000003856                joystick_debounce_task
 .text.func_switch_task
                0x00000000000038da      0x210 ./User/main.o
                0x00000000000038da                func_switch_task
 .text.top_timer
                0x0000000000003aea       0x56 ./User/main.o
                0x0000000000003aea                top_timer
 .text.routine_service
                0x0000000000003b40       0x5a ./User/main.o
                0x0000000000003b40                routine_service
 .text.set_peripherals_state
                0x0000000000003b9a       0x92 ./User/main.o
                0x0000000000003b9a                set_peripherals_state
 .text.init_all
                0x0000000000003c2c       0xd0 ./User/main.o
                0x0000000000003c2c                init_all
 .text.startup.main
                0x0000000000003cfc       0xd6 ./User/main.o
                0x0000000000003cfc                main
 .text.ns_subcommand_set_hci_state
                0x0000000000003dd2        0x2 ./User/ns_com.o
                0x0000000000003dd2                ns_subcommand_set_hci_state
 .text.ns_subcommand_set_imu_register
                0x0000000000003dd4       0x10 ./User/ns_com.o
                0x0000000000003dd4                ns_subcommand_set_imu_register
 .text.ns_subcommand_reset_mcu
                0x0000000000003de4        0x2 ./User/ns_com.o
                0x0000000000003de4                ns_subcommand_reset_mcu
 .text.ns_subcommand_set_home_led
                0x0000000000003de6        0x2 ./User/ns_com.o
                0x0000000000003de6                ns_subcommand_set_home_led
 .text.ns_subcommand_reset_pairing_info
                0x0000000000003de8        0x2 ./User/ns_com.o
                0x0000000000003de8                ns_subcommand_reset_pairing_info
 .text.pkt_clr  0x0000000000003dea       0x16 ./User/ns_com.o
                0x0000000000003dea                pkt_clr
 .text.ns_subcommand_set_mcu_conf
                0x0000000000003e00       0x40 ./User/ns_com.o
                0x0000000000003e00                ns_subcommand_set_mcu_conf
 .text.ns_subcommand_default
                0x0000000000003e40       0x38 ./User/ns_com.o
                0x0000000000003e40                ns_subcommand_default
 .text.ns_subcommand_pair_by_wire
                0x0000000000003e78       0xa0 ./User/ns_com.o
                0x0000000000003e78                ns_subcommand_pair_by_wire
 .text.ns_subcommand_get_device_info
                0x0000000000003f18       0x98 ./User/ns_com.o
                0x0000000000003f18                ns_subcommand_get_device_info
 .text.ns_subcommand_set_input_mode
                0x0000000000003fb0       0x4e ./User/ns_com.o
                0x0000000000003fb0                ns_subcommand_set_input_mode
 .text.ns_subcommand_trigger_buttons_elapsed_time
                0x0000000000003ffe       0x46 ./User/ns_com.o
                0x0000000000003ffe                ns_subcommand_trigger_buttons_elapsed_time
 .text.ns_subcommand_get_page_list_state
                0x0000000000004044       0x3a ./User/ns_com.o
                0x0000000000004044                ns_subcommand_get_page_list_state
 .text.ns_subcommand_set_shipping_mode
                0x000000000000407e       0x38 ./User/ns_com.o
                0x000000000000407e                ns_subcommand_set_shipping_mode
 .text.ns_subcommand_spi_erase
                0x00000000000040b6        0x4 ./User/ns_com.o
                0x00000000000040b6                ns_subcommand_spi_erase
 .text.ns_subcommand_enable_mcu_polling
                0x00000000000040ba        0x4 ./User/ns_com.o
                0x00000000000040ba                ns_subcommand_enable_mcu_polling
 .text.ns_subcommand_disable_mcu_polling
                0x00000000000040be        0x4 ./User/ns_com.o
                0x00000000000040be                ns_subcommand_disable_mcu_polling
 .text.ns_subcommand_spi_read
                0x00000000000040c2       0x7a ./User/ns_com.o
                0x00000000000040c2                ns_subcommand_spi_read
 .text.ns_subcommand_spi_write
                0x000000000000413c       0x62 ./User/ns_com.o
                0x000000000000413c                ns_subcommand_spi_write
 .text.ns_subcommand_set_mcu_state
                0x000000000000419e       0x34 ./User/ns_com.o
                0x000000000000419e                ns_subcommand_set_mcu_state
 .text.ns_subcommand_attachmend_write
                0x00000000000041d2        0x4 ./User/ns_com.o
                0x00000000000041d2                ns_subcommand_attachmend_write
 .text.ns_subcommand_write_charge_setting
                0x00000000000041d6        0x4 ./User/ns_com.o
                0x00000000000041d6                ns_subcommand_write_charge_setting
 .text.ns_subcommand_attachmend_read
                0x00000000000041da       0x36 ./User/ns_com.o
                0x00000000000041da                ns_subcommand_attachmend_read
 .text.ns_subcommand_attachment_state
                0x0000000000004210       0x30 ./User/ns_com.o
                0x0000000000004210                ns_subcommand_attachment_state
 .text.ns_subcommand_get_attachment_info
                0x0000000000004240       0x34 ./User/ns_com.o
                0x0000000000004240                ns_subcommand_get_attachment_info
 .text.ns_subcommand_set_indicate_led
                0x0000000000004274       0x4a ./User/ns_com.o
                0x0000000000004274                ns_subcommand_set_indicate_led
 .text.ns_subcommand_get_indicate_led
                0x00000000000042be       0x3c ./User/ns_com.o
                0x00000000000042be                ns_subcommand_get_indicate_led
 .text.ns_subcommand_set_imu_state
                0x00000000000042fa       0x44 ./User/ns_com.o
                0x00000000000042fa                ns_subcommand_set_imu_state
 .text.ns_subcommand_set_imu_conf
                0x000000000000433e       0x78 ./User/ns_com.o
                0x000000000000433e                ns_subcommand_set_imu_conf
 .text.ns_subcommand_read_imu_register
                0x00000000000043b6       0x68 ./User/ns_com.o
                0x00000000000043b6                ns_subcommand_read_imu_register
 .text.ns_subcommand_set_rumble_state
                0x000000000000441e       0x40 ./User/ns_com.o
                0x000000000000441e                ns_subcommand_set_rumble_state
 .text.ns_subcommand_get_battery_voltage
                0x000000000000445e       0x3c ./User/ns_com.o
                0x000000000000445e                ns_subcommand_get_battery_voltage
 .text.ns_subcommand_read_charge_setting
                0x000000000000449a       0x3a ./User/ns_com.o
                0x000000000000449a                ns_subcommand_read_charge_setting
 .text.ns_subcommand_callback_init
                0x00000000000044d4      0x112 ./User/ns_com.o
                0x00000000000044d4                ns_subcommand_callback_init
 .text.ns_rumble_handler
                0x00000000000045e6       0x14 ./User/ns_com_mux.o
                0x00000000000045e6                ns_rumble_handler
 .text.ns_cmd_subcommand_dispatcher
                0x00000000000045fa       0x3c ./User/ns_com_mux.o
                0x00000000000045fa                ns_cmd_subcommand_dispatcher
 .text.ns_mux_usb_handshake_handler
                0x0000000000004636       0x8e ./User/ns_com_mux.o
                0x0000000000004636                ns_mux_usb_handshake_handler
 .text.fw_snd_pkt
                0x00000000000046c4       0x28 ./User/ns_com_mux.o
                0x00000000000046c4                fw_snd_pkt
 .text.fw_subcommand_read_setting
                0x00000000000046ec       0x90 ./User/ns_com_mux.o
                0x00000000000046ec                fw_subcommand_read_setting
 .text.fw_subcommand_write_setting
                0x000000000000477c       0x88 ./User/ns_com_mux.o
                0x000000000000477c                fw_subcommand_write_setting
 .text.fw_subcommand_read_emulate_rom
                0x0000000000004804       0x4c ./User/ns_com_mux.o
                0x0000000000004804                fw_subcommand_read_emulate_rom
 .text.fw_subcommand_write_emulate_rom
                0x0000000000004850       0x30 ./User/ns_com_mux.o
                0x0000000000004850                fw_subcommand_write_emulate_rom
 .text._calibrate_imu_raw
                0x0000000000004880       0xac ./User/ns_com_mux.o
                0x0000000000004880                _calibrate_imu_raw
 .text.calibrate_imu
                0x000000000000492c      0x17e ./User/ns_com_mux.o
                0x000000000000492c                calibrate_imu
 .text.fw_subcommand_calibrate_imu
                0x0000000000004aaa       0x2a ./User/ns_com_mux.o
                0x0000000000004aaa                fw_subcommand_calibrate_imu
 .text.fw_subcommand_calibrate_js_offset
                0x0000000000004ad4       0x6c ./User/ns_com_mux.o
                0x0000000000004ad4                fw_subcommand_calibrate_js_offset
 .text.fw_subcommand_get_status
                0x0000000000004b40       0x74 ./User/ns_com_mux.o
                0x0000000000004b40                fw_subcommand_get_status
 .text.fw_subcommand_reboot
                0x0000000000004bb4       0x22 ./User/ns_com_mux.o
                0x0000000000004bb4                fw_subcommand_reboot
 .text.fw_subcommand_get_version
                0x0000000000004bd6       0x16 ./User/ns_com_mux.o
                0x0000000000004bd6                fw_subcommand_get_version
 .text.fw_subcommand_dispatcher
                0x0000000000004bec       0x96 ./User/ns_com_mux.o
                0x0000000000004bec                fw_subcommand_dispatcher
 .text.ns_mux_init
                0x0000000000004c82        0x4 ./User/ns_com_mux.o
                0x0000000000004c82                ns_mux_init
 .text.hid_dispatch
                0x0000000000004c86       0x46 ./User/ns_com_mux.o
                0x0000000000004c86                hid_dispatch
 .text.ns_send_report
                0x0000000000004ccc        0xe ./User/ns_com_mux.o
                0x0000000000004ccc                ns_send_report
 .text.setup_exti
                0x0000000000004cda       0x9e ./User/pwr.o
                0x0000000000004cda                setup_exti
 .text.top_init
                0x0000000000004d78       0x2e ./User/pwr.o
                0x0000000000004d78                top_init
 .text.set_pwr_mode_stop
                0x0000000000004da6       0x4a ./User/pwr.o
                0x0000000000004da6                set_pwr_mode_stop
 .text.ring_buffer_init
                0x0000000000004df0       0x3e ./User/ring_buffer.o
                0x0000000000004df0                ring_buffer_init
 .text.ring_buffer_push
                0x0000000000004e2e       0x8e ./User/ring_buffer.o
                0x0000000000004e2e                ring_buffer_push
 .text.ring_buffer_push_with_hdr
                0x0000000000004ebc       0xa8 ./User/ring_buffer.o
                0x0000000000004ebc                ring_buffer_push_with_hdr
 .text.ring_buffer_pop
                0x0000000000004f64       0x52 ./User/ring_buffer.o
                0x0000000000004f64                ring_buffer_pop
 .text.SPI_FullDuplex_Init
                0x0000000000004fb6       0x9a ./User/spi.o
                0x0000000000004fb6                SPI_FullDuplex_Init
 .text.spi_DMA_Tx_Init
                0x0000000000005050       0x58 ./User/spi.o
                0x0000000000005050                spi_DMA_Tx_Init
 .text.rgb_spi_pkg_gen
                0x00000000000050a8       0x54 ./User/spi.o
                0x00000000000050a8                rgb_spi_pkg_gen
 .text.set_led_rgb
                0x00000000000050fc       0x7e ./User/spi.o
                0x00000000000050fc                set_led_rgb
 .text.flush_spi_tx_seq
                0x000000000000517a      0x176 ./User/spi.o
                0x000000000000517a                flush_spi_tx_seq
 .text.flush_rgb
                0x00000000000052f0       0x4e ./User/spi.o
                0x00000000000052f0                flush_rgb
 .text.spi_init
                0x000000000000533e       0x44 ./User/spi.o
                0x000000000000533e                spi_init
 .text.set_indicate_led_status
                0x0000000000005382        0x6 ./User/spi.o
                0x0000000000005382                set_indicate_led_status
 .text.DMA1_Channel3_IRQHandler
                0x0000000000005388       0x2e ./User/spi.o
                0x0000000000005388                DMA1_Channel3_IRQHandler
 .text.SetSysClockTo72_HSE
                0x00000000000053b6       0xc6 ./User/system_ch32v10x.o
 .text.SystemInit
                0x000000000000547c       0x44 ./User/system_ch32v10x.o
                0x000000000000547c                SystemInit
 .text.SystemCoreClockUpdate
                0x00000000000054c0       0x76 ./User/system_ch32v10x.o
                0x00000000000054c0                SystemCoreClockUpdate
 .text.SetSysClock
                0x0000000000005536        0x4 ./User/system_ch32v10x.o
                0x0000000000005536                SetSysClock
 .text.TIM2_IRQHandler
                0x000000000000553a       0x28 ./User/tick.o
                0x000000000000553a                TIM2_IRQHandler
 .text._systick_init
                0x0000000000005562       0x68 ./User/tick.o
                0x0000000000005562                _systick_init
 .text.SysTick_Init
                0x00000000000055ca       0x12 ./User/tick.o
                0x00000000000055ca                SysTick_Init
 .text.Get_Systick_US
                0x00000000000055dc       0x18 ./User/tick.o
                0x00000000000055dc                Get_Systick_US
 .text.Get_Systick_MS
                0x00000000000055f4        0x6 ./User/tick.o
                0x00000000000055f4                Get_Systick_MS
 .text.HighPrecisionTimer_Init
                0x00000000000055fa       0x16 ./User/tick.o
                0x00000000000055fa                HighPrecisionTimer_Init
 .text.wait_nonblocking_us
                0x0000000000005610       0x3c ./User/tick.o
                0x0000000000005610                wait_nonblocking_us
 .text.Delay_Us
                0x000000000000564c       0x20 ./User/tick.o
                0x000000000000564c                Delay_Us
 .text.Delay_Ms
                0x000000000000566c       0x18 ./User/tick.o
                0x000000000000566c                Delay_Ms
 .text.decode_uart_pkt.part.0
                0x0000000000005684       0x52 ./User/uart.o
 .text.UART1_DMA_Init
                0x00000000000056d6       0xae ./User/uart.o
                0x00000000000056d6                UART1_DMA_Init
 .text.UART1_Init
                0x0000000000005784       0xde ./User/uart.o
                0x0000000000005784                UART1_Init
 .text.UART1_DMA_Tx
                0x0000000000005862       0x48 ./User/uart.o
                0x0000000000005862                UART1_DMA_Tx
 .text.UART1_Tx_Service
                0x00000000000058aa       0xb2 ./User/uart.o
                0x00000000000058aa                UART1_Tx_Service
 .text.encode_uart_pkt
                0x000000000000595c       0xaa ./User/uart.o
                0x000000000000595c                encode_uart_pkt
 .text.check_uart_pkt
                0x0000000000005a06       0x34 ./User/uart.o
                0x0000000000005a06                check_uart_pkt
 .text.UART1_Rx_Service
                0x0000000000005a3a      0x14a ./User/uart.o
                0x0000000000005a3a                UART1_Rx_Service
 .text.send_uart_pkt
                0x0000000000005b84       0x4a ./User/uart.o
                0x0000000000005b84                send_uart_pkt
 .text.send_uart_large_pkt
                0x0000000000005bce       0x82 ./User/uart.o
                0x0000000000005bce                send_uart_large_pkt
 .text.uart_conf_write
                0x0000000000005c50       0x6a ./User/uart_com.o
                0x0000000000005c50                uart_conf_write
 .text.imu_buffer_reset_notifier
                0x0000000000005cba        0x8 ./User/uart_com.o
                0x0000000000005cba                imu_buffer_reset_notifier
 .text.send_input_with_uart
                0x0000000000005cc2       0x54 ./User/uart_com.o
                0x0000000000005cc2                send_input_with_uart
 .text.start_connect
                0x0000000000005d16       0x76 ./User/uart_com.o
                0x0000000000005d16                start_connect
 .text.wake_esp32
                0x0000000000005d8c       0x40 ./User/uart_com.o
                0x0000000000005d8c                wake_esp32
 .text.recv_esp32_connect_control
                0x0000000000005dcc       0xe2 ./User/uart_com.o
                0x0000000000005dcc                recv_esp32_connect_control
 .text.recv_rumble_frame
                0x0000000000005eae       0x24 ./User/uart_com.o
                0x0000000000005eae                recv_rumble_frame
 .text.recv_pwr_control
                0x0000000000005ed2       0x58 ./User/uart_com.o
                0x0000000000005ed2                recv_pwr_control
 .text.recv_flash_operation
                0x0000000000005f2a      0x10a ./User/uart_com.o
                0x0000000000005f2a                recv_flash_operation
 .text.recv_esp32_pkg
                0x0000000000006034       0x4a ./User/uart_com.o
                0x0000000000006034                recv_esp32_pkg
 .text.connection_state_handler
                0x000000000000607e      0x158 ./User/uart_com.o
                0x000000000000607e                connection_state_handler
 .text.uart_com_task
                0x00000000000061d6       0x60 ./User/uart_com.o
                0x00000000000061d6                uart_com_task
 .text.ns_set_peripheral_data_getter
                0x0000000000006236        0x6 ./User/usbd_compatibility_hid.o
                0x0000000000006236                ns_set_peripheral_data_getter
 .text.ns_hid_get_packet_timer
                0x000000000000623c       0x3a ./User/usbd_compatibility_hid.o
                0x000000000000623c                ns_hid_get_packet_timer
 .text.rpt_warpper
                0x0000000000006276       0x66 ./User/usbd_compatibility_hid.o
                0x0000000000006276                rpt_warpper
 .text.set_imu_available
                0x00000000000062dc        0x8 ./User/usbd_compatibility_hid.o
                0x00000000000062dc                set_imu_available
 .text.hid_init
                0x00000000000062e4        0xe ./User/usbd_compatibility_hid.o
                0x00000000000062e4                hid_init
 .text.hid_tx_service
                0x00000000000062f2       0xe8 ./User/usbd_compatibility_hid.o
                0x00000000000062f2                hid_tx_service
 .text.hid_rx_service
                0x00000000000063da       0x5c ./User/usbd_compatibility_hid.o
                0x00000000000063da                hid_rx_service
 .text.vector_handler
                0x0000000000006436        0x2 ./Startup/startup_ch32v10x.o
                0x0000000000006436                EXTI2_IRQHandler
                0x0000000000006436                TIM1_CC_IRQHandler
                0x0000000000006436                SysTick_Handler
                0x0000000000006436                PVD_IRQHandler
                0x0000000000006436                EXTI3_IRQHandler
                0x0000000000006436                EXTI0_IRQHandler
                0x0000000000006436                I2C2_EV_IRQHandler
                0x0000000000006436                ADC1_2_IRQHandler
                0x0000000000006436                SPI1_IRQHandler
                0x0000000000006436                TAMPER_IRQHandler
                0x0000000000006436                DMA1_Channel4_IRQHandler
                0x0000000000006436                USART3_IRQHandler
                0x0000000000006436                RTC_IRQHandler
                0x0000000000006436                DMA1_Channel7_IRQHandler
                0x0000000000006436                TIM4_IRQHandler
                0x0000000000006436                I2C1_EV_IRQHandler
                0x0000000000006436                DMA1_Channel6_IRQHandler
                0x0000000000006436                RCC_IRQHandler
                0x0000000000006436                TIM1_TRG_COM_IRQHandler
                0x0000000000006436                DMA1_Channel1_IRQHandler
                0x0000000000006436                EXTI15_10_IRQHandler
                0x0000000000006436                EXTI9_5_IRQHandler
                0x0000000000006436                SPI2_IRQHandler
                0x0000000000006436                DMA1_Channel5_IRQHandler
                0x0000000000006436                EXTI4_IRQHandler
                0x0000000000006436                TIM1_UP_IRQHandler
                0x0000000000006436                WWDG_IRQHandler
                0x0000000000006436                SW_Handler
                0x0000000000006436                TIM1_BRK_IRQHandler
                0x0000000000006436                EXTI1_IRQHandler
                0x0000000000006436                RTCAlarm_IRQHandler
                0x0000000000006436                USART2_IRQHandler
                0x0000000000006436                DMA1_Channel2_IRQHandler
                0x0000000000006436                FLASH_IRQHandler
                0x0000000000006436                USART1_IRQHandler
                0x0000000000006436                I2C1_ER_IRQHandler
                0x0000000000006436                USBWakeUp_IRQHandler
 .text.handle_reset
                0x0000000000006438       0x7e ./Startup/startup_ch32v10x.o
                0x0000000000006438                handle_reset
 .text.ADC_DeInit
                0x00000000000064b6       0x2a ./Peripheral/src/ch32v10x_adc.o
                0x00000000000064b6                ADC_DeInit
 .text.ADC_Init
                0x00000000000064e0       0x50 ./Peripheral/src/ch32v10x_adc.o
                0x00000000000064e0                ADC_Init
 .text.ADC_Cmd  0x0000000000006530       0x10 ./Peripheral/src/ch32v10x_adc.o
                0x0000000000006530                ADC_Cmd
 .text.ADC_DMACmd
                0x0000000000006540       0x12 ./Peripheral/src/ch32v10x_adc.o
                0x0000000000006540                ADC_DMACmd
 .text.ADC_ResetCalibration
                0x0000000000006552        0xa ./Peripheral/src/ch32v10x_adc.o
                0x0000000000006552                ADC_ResetCalibration
 .text.ADC_GetResetCalibrationStatus
                0x000000000000655c        0x8 ./Peripheral/src/ch32v10x_adc.o
                0x000000000000655c                ADC_GetResetCalibrationStatus
 .text.ADC_StartCalibration
                0x0000000000006564        0xa ./Peripheral/src/ch32v10x_adc.o
                0x0000000000006564                ADC_StartCalibration
 .text.ADC_GetCalibrationStatus
                0x000000000000656e        0x8 ./Peripheral/src/ch32v10x_adc.o
                0x000000000000656e                ADC_GetCalibrationStatus
 .text.ADC_SoftwareStartConvCmd
                0x0000000000006576       0x18 ./Peripheral/src/ch32v10x_adc.o
                0x0000000000006576                ADC_SoftwareStartConvCmd
 .text.ADC_RegularChannelConfig
                0x000000000000658e       0xb8 ./Peripheral/src/ch32v10x_adc.o
                0x000000000000658e                ADC_RegularChannelConfig
 .text.Get_CalibrationValue
                0x0000000000006646      0x182 ./Peripheral/src/ch32v10x_adc.o
                0x0000000000006646                Get_CalibrationValue
 .text.DMA_DeInit
                0x00000000000067c8       0xe0 ./Peripheral/src/ch32v10x_dma.o
                0x00000000000067c8                DMA_DeInit
 .text.DMA_Init
                0x00000000000068a8       0x38 ./Peripheral/src/ch32v10x_dma.o
                0x00000000000068a8                DMA_Init
 .text.DMA_Cmd  0x00000000000068e0       0x14 ./Peripheral/src/ch32v10x_dma.o
                0x00000000000068e0                DMA_Cmd
 .text.DMA_GetCurrDataCounter
                0x00000000000068f4        0x8 ./Peripheral/src/ch32v10x_dma.o
                0x00000000000068f4                DMA_GetCurrDataCounter
 .text.DMA_GetFlagStatus
                0x00000000000068fc       0x20 ./Peripheral/src/ch32v10x_dma.o
                0x00000000000068fc                DMA_GetFlagStatus
 .text.DMA_ClearFlag
                0x000000000000691c       0x1a ./Peripheral/src/ch32v10x_dma.o
                0x000000000000691c                DMA_ClearFlag
 .text.DMA_GetITStatus
                0x0000000000006936        0x4 ./Peripheral/src/ch32v10x_dma.o
                0x0000000000006936                DMA_GetITStatus
 .text.DMA_ClearITPendingBit
                0x000000000000693a        0x4 ./Peripheral/src/ch32v10x_dma.o
                0x000000000000693a                DMA_ClearITPendingBit
 .text.EXTI_Init
                0x000000000000693e       0x62 ./Peripheral/src/ch32v10x_exti.o
                0x000000000000693e                EXTI_Init
 .text.ROM_ERASE
                0x00000000000069a0       0x80 ./Peripheral/src/ch32v10x_flash.o
 .text.FLASH_ROM_ERASE
                0x0000000000006a20      0x11a ./Peripheral/src/ch32v10x_flash.o
                0x0000000000006a20                FLASH_ROM_ERASE
 .text.FLASH_ROM_WRITE
                0x0000000000006b3a      0x11a ./Peripheral/src/ch32v10x_flash.o
                0x0000000000006b3a                FLASH_ROM_WRITE
 .text.GPIO_Init
                0x0000000000006c54       0xbe ./Peripheral/src/ch32v10x_gpio.o
                0x0000000000006c54                GPIO_Init
 .text.GPIO_ReadInputDataBit
                0x0000000000006d12        0xc ./Peripheral/src/ch32v10x_gpio.o
                0x0000000000006d12                GPIO_ReadInputDataBit
 .text.GPIO_SetBits
                0x0000000000006d1e        0x4 ./Peripheral/src/ch32v10x_gpio.o
                0x0000000000006d1e                GPIO_SetBits
 .text.GPIO_ResetBits
                0x0000000000006d22        0x4 ./Peripheral/src/ch32v10x_gpio.o
                0x0000000000006d22                GPIO_ResetBits
 .text.GPIO_WriteBit
                0x0000000000006d26        0xa ./Peripheral/src/ch32v10x_gpio.o
                0x0000000000006d26                GPIO_WriteBit
 .text.GPIO_EXTILineConfig
                0x0000000000006d30       0x2c ./Peripheral/src/ch32v10x_gpio.o
                0x0000000000006d30                GPIO_EXTILineConfig
 .text.I2C_DeInit
                0x0000000000006d5c       0x32 ./Peripheral/src/ch32v10x_i2c.o
                0x0000000000006d5c                I2C_DeInit
 .text.I2C_Init
                0x0000000000006d8e      0x112 ./Peripheral/src/ch32v10x_i2c.o
                0x0000000000006d8e                I2C_Init
 .text.I2C_Cmd  0x0000000000006ea0       0x1c ./Peripheral/src/ch32v10x_i2c.o
                0x0000000000006ea0                I2C_Cmd
 .text.I2C_GenerateSTART
                0x0000000000006ebc       0x1e ./Peripheral/src/ch32v10x_i2c.o
                0x0000000000006ebc                I2C_GenerateSTART
 .text.I2C_GenerateSTOP
                0x0000000000006eda       0x1e ./Peripheral/src/ch32v10x_i2c.o
                0x0000000000006eda                I2C_GenerateSTOP
 .text.I2C_AcknowledgeConfig
                0x0000000000006ef8       0x1e ./Peripheral/src/ch32v10x_i2c.o
                0x0000000000006ef8                I2C_AcknowledgeConfig
 .text.I2C_SendData
                0x0000000000006f16        0x6 ./Peripheral/src/ch32v10x_i2c.o
                0x0000000000006f16                I2C_SendData
 .text.I2C_ReceiveData
                0x0000000000006f1c        0xa ./Peripheral/src/ch32v10x_i2c.o
                0x0000000000006f1c                I2C_ReceiveData
 .text.I2C_Send7bitAddress
                0x0000000000006f26       0x10 ./Peripheral/src/ch32v10x_i2c.o
                0x0000000000006f26                I2C_Send7bitAddress
 .text.I2C_SoftwareResetCmd
                0x0000000000006f36       0x16 ./Peripheral/src/ch32v10x_i2c.o
                0x0000000000006f36                I2C_SoftwareResetCmd
 .text.I2C_NACKPositionConfig
                0x0000000000006f4c       0x26 ./Peripheral/src/ch32v10x_i2c.o
                0x0000000000006f4c                I2C_NACKPositionConfig
 .text.I2C_CheckEvent
                0x0000000000006f72       0x1a ./Peripheral/src/ch32v10x_i2c.o
                0x0000000000006f72                I2C_CheckEvent
 .text.I2C_GetFlagStatus
                0x0000000000006f8c       0x32 ./Peripheral/src/ch32v10x_i2c.o
                0x0000000000006f8c                I2C_GetFlagStatus
 .text.NVIC_PriorityGroupConfig
                0x0000000000006fbe       0x10 ./Peripheral/src/ch32v10x_misc.o
                0x0000000000006fbe                NVIC_PriorityGroupConfig
 .text.NVIC_Init
                0x0000000000006fce       0x6e ./Peripheral/src/ch32v10x_misc.o
                0x0000000000006fce                NVIC_Init
 .text.PWR_PVDCmd
                0x000000000000703c       0x14 ./Peripheral/src/ch32v10x_pwr.o
                0x000000000000703c                PWR_PVDCmd
 .text.PWR_PVDLevelConfig
                0x0000000000007050       0x10 ./Peripheral/src/ch32v10x_pwr.o
                0x0000000000007050                PWR_PVDLevelConfig
 .text.PWR_EnterSTOPMode
                0x0000000000007060       0x62 ./Peripheral/src/ch32v10x_pwr.o
                0x0000000000007060                PWR_EnterSTOPMode
 .text.PWR_GetFlagStatus
                0x00000000000070c2        0xe ./Peripheral/src/ch32v10x_pwr.o
                0x00000000000070c2                PWR_GetFlagStatus
 .text.PWR_VDD_SupplyVoltage
                0x00000000000070d0       0x42 ./Peripheral/src/ch32v10x_pwr.o
                0x00000000000070d0                PWR_VDD_SupplyVoltage
 .text.RCC_USBCLKConfig
                0x0000000000007112       0x24 ./Peripheral/src/ch32v10x_rcc.o
                0x0000000000007112                RCC_USBCLKConfig
 .text.RCC_ADCCLKConfig
                0x0000000000007136       0x12 ./Peripheral/src/ch32v10x_rcc.o
                0x0000000000007136                RCC_ADCCLKConfig
 .text.RCC_LSICmd
                0x0000000000007148       0x14 ./Peripheral/src/ch32v10x_rcc.o
                0x0000000000007148                RCC_LSICmd
 .text.RCC_GetClocksFreq
                0x000000000000715c       0xb0 ./Peripheral/src/ch32v10x_rcc.o
                0x000000000000715c                RCC_GetClocksFreq
 .text.RCC_AHBPeriphClockCmd
                0x000000000000720c       0x1e ./Peripheral/src/ch32v10x_rcc.o
                0x000000000000720c                RCC_AHBPeriphClockCmd
 .text.RCC_APB2PeriphClockCmd
                0x000000000000722a       0x1e ./Peripheral/src/ch32v10x_rcc.o
                0x000000000000722a                RCC_APB2PeriphClockCmd
 .text.RCC_APB1PeriphClockCmd
                0x0000000000007248       0x1e ./Peripheral/src/ch32v10x_rcc.o
                0x0000000000007248                RCC_APB1PeriphClockCmd
 .text.RCC_APB2PeriphResetCmd
                0x0000000000007266       0x1e ./Peripheral/src/ch32v10x_rcc.o
                0x0000000000007266                RCC_APB2PeriphResetCmd
 .text.RCC_APB1PeriphResetCmd
                0x0000000000007284       0x1e ./Peripheral/src/ch32v10x_rcc.o
                0x0000000000007284                RCC_APB1PeriphResetCmd
 .text.RCC_GetFlagStatus
                0x00000000000072a2       0x2e ./Peripheral/src/ch32v10x_rcc.o
                0x00000000000072a2                RCC_GetFlagStatus
 .text.SPI_Init
                0x00000000000072d0       0x5a ./Peripheral/src/ch32v10x_spi.o
                0x00000000000072d0                SPI_Init
 .text.SPI_Cmd  0x000000000000732a       0x1e ./Peripheral/src/ch32v10x_spi.o
                0x000000000000732a                SPI_Cmd
 .text.SPI_I2S_DMACmd
                0x0000000000007348       0x16 ./Peripheral/src/ch32v10x_spi.o
                0x0000000000007348                SPI_I2S_DMACmd
 .text.TIM_TimeBaseInit
                0x000000000000735e       0x78 ./Peripheral/src/ch32v10x_tim.o
                0x000000000000735e                TIM_TimeBaseInit
 .text.TIM_OC3Init
                0x00000000000073d6       0xb0 ./Peripheral/src/ch32v10x_tim.o
                0x00000000000073d6                TIM_OC3Init
 .text.TIM_OC4Init
                0x0000000000007486       0x80 ./Peripheral/src/ch32v10x_tim.o
                0x0000000000007486                TIM_OC4Init
 .text.TIM_Cmd  0x0000000000007506       0x1c ./Peripheral/src/ch32v10x_tim.o
                0x0000000000007506                TIM_Cmd
 .text.TIM_CtrlPWMOutputs
                0x0000000000007522       0x16 ./Peripheral/src/ch32v10x_tim.o
                0x0000000000007522                TIM_CtrlPWMOutputs
 .text.TIM_ITConfig
                0x0000000000007538       0x16 ./Peripheral/src/ch32v10x_tim.o
                0x0000000000007538                TIM_ITConfig
 .text.TIM_ARRPreloadConfig
                0x000000000000754e       0x1e ./Peripheral/src/ch32v10x_tim.o
                0x000000000000754e                TIM_ARRPreloadConfig
 .text.TIM_OC3PreloadConfig
                0x000000000000756c       0x12 ./Peripheral/src/ch32v10x_tim.o
                0x000000000000756c                TIM_OC3PreloadConfig
 .text.TIM_OC4PreloadConfig
                0x000000000000757e       0x1a ./Peripheral/src/ch32v10x_tim.o
                0x000000000000757e                TIM_OC4PreloadConfig
 .text.TIM_SetCompare3
                0x0000000000007598        0x6 ./Peripheral/src/ch32v10x_tim.o
                0x0000000000007598                TIM_SetCompare3
 .text.TIM_SetCompare4
                0x000000000000759e        0x6 ./Peripheral/src/ch32v10x_tim.o
                0x000000000000759e                TIM_SetCompare4
 .text.TIM_GetFlagStatus
                0x00000000000075a4        0xc ./Peripheral/src/ch32v10x_tim.o
                0x00000000000075a4                TIM_GetFlagStatus
 .text.TIM_GetITStatus
                0x00000000000075b0       0x1c ./Peripheral/src/ch32v10x_tim.o
                0x00000000000075b0                TIM_GetITStatus
 .text.TIM_ClearITPendingBit
                0x00000000000075cc        0xe ./Peripheral/src/ch32v10x_tim.o
                0x00000000000075cc                TIM_ClearITPendingBit
 .text.USART_Init
                0x00000000000075da       0xa6 ./Peripheral/src/ch32v10x_usart.o
                0x00000000000075da                USART_Init
 .text.USART_Cmd
                0x0000000000007680       0x18 ./Peripheral/src/ch32v10x_usart.o
                0x0000000000007680                USART_Cmd
 .text.USART_DMACmd
                0x0000000000007698       0x16 ./Peripheral/src/ch32v10x_usart.o
                0x0000000000007698                USART_DMACmd
 .text.USART_GetFlagStatus
                0x00000000000076ae        0xc ./Peripheral/src/ch32v10x_usart.o
                0x00000000000076ae                USART_GetFlagStatus
 .text.USART_ClearFlag
                0x00000000000076ba        0xe ./Peripheral/src/ch32v10x_usart.o
                0x00000000000076ba                USART_ClearFlag
 .text.USART_printf_Init
                0x00000000000076c8        0x2 ./Debug/debug.o
                0x00000000000076c8                USART_printf_Init
 .text._write   0x00000000000076ca        0x4 ./Debug/debug.o
                0x00000000000076ca                _write
 .text._sbrk    0x00000000000076ce       0x2a ./Debug/debug.o
                0x00000000000076ce                _sbrk
 .text.sqrtf    0x00000000000076f8       0x48 d:/mounriver_studio/toolchain/risc-v embedded gcc12/bin/../lib/gcc/riscv-none-elf/12.2.0/../../../../riscv-none-elf/lib\libm_nano.a(lib_a-wf_sqrt.o)
                0x00000000000076f8                sqrtf
 .text.__ieee754_sqrtf
                0x0000000000007740      0x114 d:/mounriver_studio/toolchain/risc-v embedded gcc12/bin/../lib/gcc/riscv-none-elf/12.2.0/../../../../riscv-none-elf/lib\libm_nano.a(lib_a-ef_sqrt.o)
                0x0000000000007740                __ieee754_sqrtf
 .text.__udivdi3
                0x0000000000007854      0x3b0 d:/mounriver_studio/toolchain/risc-v embedded gcc12/bin/../lib/gcc/riscv-none-elf/12.2.0\libgcc.a(_udivdi3.o)
                0x0000000000007854                __udivdi3
 .text.__adddf3
                0x0000000000007c04      0x6e8 d:/mounriver_studio/toolchain/risc-v embedded gcc12/bin/../lib/gcc/riscv-none-elf/12.2.0\libgcc.a(adddf3.o)
                0x0000000000007c04                __adddf3
 .text.__divdf3
                0x00000000000082ec      0x5ae d:/mounriver_studio/toolchain/risc-v embedded gcc12/bin/../lib/gcc/riscv-none-elf/12.2.0\libgcc.a(divdf3.o)
                0x00000000000082ec                __divdf3
 .text.__muldf3
                0x000000000000889a      0x54a d:/mounriver_studio/toolchain/risc-v embedded gcc12/bin/../lib/gcc/riscv-none-elf/12.2.0\libgcc.a(muldf3.o)
                0x000000000000889a                __muldf3
 .text.__subdf3
                0x0000000000008de4      0x736 d:/mounriver_studio/toolchain/risc-v embedded gcc12/bin/../lib/gcc/riscv-none-elf/12.2.0\libgcc.a(subdf3.o)
                0x0000000000008de4                __subdf3
 .text.__floatsidf
                0x000000000000951a       0x70 d:/mounriver_studio/toolchain/risc-v embedded gcc12/bin/../lib/gcc/riscv-none-elf/12.2.0\libgcc.a(floatsidf.o)
                0x000000000000951a                __floatsidf
 .text.__floatunsidf
                0x000000000000958a       0x70 d:/mounriver_studio/toolchain/risc-v embedded gcc12/bin/../lib/gcc/riscv-none-elf/12.2.0\libgcc.a(floatunsidf.o)
                0x000000000000958a                __floatunsidf
 .text.__addsf3
                0x00000000000095fa      0x368 d:/mounriver_studio/toolchain/risc-v embedded gcc12/bin/../lib/gcc/riscv-none-elf/12.2.0\libgcc.a(addsf3.o)
                0x00000000000095fa                __addsf3
 .text.__divsf3
                0x0000000000009962      0x2ea d:/mounriver_studio/toolchain/risc-v embedded gcc12/bin/../lib/gcc/riscv-none-elf/12.2.0\libgcc.a(divsf3.o)
                0x0000000000009962                __divsf3
 .text.__gesf2  0x0000000000009c4c       0x96 d:/mounriver_studio/toolchain/risc-v embedded gcc12/bin/../lib/gcc/riscv-none-elf/12.2.0\libgcc.a(gesf2.o)
                0x0000000000009c4c                __gesf2
                0x0000000000009c4c                __gtsf2
 .text.__lesf2  0x0000000000009ce2       0x98 d:/mounriver_studio/toolchain/risc-v embedded gcc12/bin/../lib/gcc/riscv-none-elf/12.2.0\libgcc.a(lesf2.o)
                0x0000000000009ce2                __ltsf2
                0x0000000000009ce2                __lesf2
 .text.__mulsf3
                0x0000000000009d7a      0x2d8 d:/mounriver_studio/toolchain/risc-v embedded gcc12/bin/../lib/gcc/riscv-none-elf/12.2.0\libgcc.a(mulsf3.o)
                0x0000000000009d7a                __mulsf3
 .text.__subsf3
                0x000000000000a052      0x38c d:/mounriver_studio/toolchain/risc-v embedded gcc12/bin/../lib/gcc/riscv-none-elf/12.2.0\libgcc.a(subsf3.o)
                0x000000000000a052                __subsf3
 .text.__unordsf2
                0x000000000000a3de       0x3c d:/mounriver_studio/toolchain/risc-v embedded gcc12/bin/../lib/gcc/riscv-none-elf/12.2.0\libgcc.a(unordsf2.o)
                0x000000000000a3de                __unordsf2
 .text.__fixsfsi
                0x000000000000a41a       0x60 d:/mounriver_studio/toolchain/risc-v embedded gcc12/bin/../lib/gcc/riscv-none-elf/12.2.0\libgcc.a(fixsfsi.o)
                0x000000000000a41a                __fixsfsi
 .text.__floatsisf
                0x000000000000a47a       0xcc d:/mounriver_studio/toolchain/risc-v embedded gcc12/bin/../lib/gcc/riscv-none-elf/12.2.0\libgcc.a(floatsisf.o)
                0x000000000000a47a                __floatsisf
 .text.__truncdfsf2
                0x000000000000a546      0x16c d:/mounriver_studio/toolchain/risc-v embedded gcc12/bin/../lib/gcc/riscv-none-elf/12.2.0\libgcc.a(truncdfsf2.o)
                0x000000000000a546                __truncdfsf2
 .text.__clzsi2
                0x000000000000a6b2       0x6e d:/mounriver_studio/toolchain/risc-v embedded gcc12/bin/../lib/gcc/riscv-none-elf/12.2.0\libgcc.a(_clzsi2.o)
                0x000000000000a6b2                __clzsi2
 .text.__errno  0x000000000000a720        0x6 d:/mounriver_studio/toolchain/risc-v embedded gcc12/bin/../lib/gcc/riscv-none-elf/12.2.0/../../../../riscv-none-elf/lib\libg_nano.a(lib_a-errno.o)
                0x000000000000a720                __errno
 .text.printf   0x000000000000a726       0x3a d:/mounriver_studio/toolchain/risc-v embedded gcc12/bin/../lib/gcc/riscv-none-elf/12.2.0/../../../../riscv-none-elf/lib\libg_nano.a(lib_a-printf.o)
                0x000000000000a726                iprintf
                0x000000000000a726                printf
 .text._puts_r  0x000000000000a760      0x10e d:/mounriver_studio/toolchain/risc-v embedded gcc12/bin/../lib/gcc/riscv-none-elf/12.2.0/../../../../riscv-none-elf/lib\libg_nano.a(lib_a-puts.o)
                0x000000000000a760                _puts_r
 .text.puts     0x000000000000a86e        0xa d:/mounriver_studio/toolchain/risc-v embedded gcc12/bin/../lib/gcc/riscv-none-elf/12.2.0/../../../../riscv-none-elf/lib\libg_nano.a(lib_a-puts.o)
                0x000000000000a86e                puts
 .text.__swbuf_r
                0x000000000000a878       0xc0 d:/mounriver_studio/toolchain/risc-v embedded gcc12/bin/../lib/gcc/riscv-none-elf/12.2.0/../../../../riscv-none-elf/lib\libg_nano.a(lib_a-wbuf.o)
                0x000000000000a878                __swbuf_r
 .text.__swsetup_r
                0x000000000000a938       0xfa d:/mounriver_studio/toolchain/risc-v embedded gcc12/bin/../lib/gcc/riscv-none-elf/12.2.0/../../../../riscv-none-elf/lib\libg_nano.a(lib_a-wsetup.o)
                0x000000000000a938                __swsetup_r
 .text.__sflush_r
                0x000000000000aa32      0x138 d:/mounriver_studio/toolchain/risc-v embedded gcc12/bin/../lib/gcc/riscv-none-elf/12.2.0/../../../../riscv-none-elf/lib\libg_nano.a(lib_a-fflush.o)
                0x000000000000aa32                __sflush_r
 .text._fflush_r
                0x000000000000ab6a       0x8a d:/mounriver_studio/toolchain/risc-v embedded gcc12/bin/../lib/gcc/riscv-none-elf/12.2.0/../../../../riscv-none-elf/lib\libg_nano.a(lib_a-fflush.o)
                0x000000000000ab6a                _fflush_r
 .text.std      0x000000000000abf4       0x6a d:/mounriver_studio/toolchain/risc-v embedded gcc12/bin/../lib/gcc/riscv-none-elf/12.2.0/../../../../riscv-none-elf/lib\libg_nano.a(lib_a-findfp.o)
 .text._cleanup_r
                0x000000000000ac5e        0xa d:/mounriver_studio/toolchain/risc-v embedded gcc12/bin/../lib/gcc/riscv-none-elf/12.2.0/../../../../riscv-none-elf/lib\libg_nano.a(lib_a-findfp.o)
                0x000000000000ac5e                _cleanup_r
 .text.__sfmoreglue
                0x000000000000ac68       0x46 d:/mounriver_studio/toolchain/risc-v embedded gcc12/bin/../lib/gcc/riscv-none-elf/12.2.0/../../../../riscv-none-elf/lib\libg_nano.a(lib_a-findfp.o)
                0x000000000000ac68                __sfmoreglue
 .text.__sfp_lock_acquire
                0x000000000000acae        0x6 d:/mounriver_studio/toolchain/risc-v embedded gcc12/bin/../lib/gcc/riscv-none-elf/12.2.0/../../../../riscv-none-elf/lib\libg_nano.a(lib_a-findfp.o)
                0x000000000000acae                __sfp_lock_acquire
 .text.__sfp_lock_release
                0x000000000000acb4        0x6 d:/mounriver_studio/toolchain/risc-v embedded gcc12/bin/../lib/gcc/riscv-none-elf/12.2.0/../../../../riscv-none-elf/lib\libg_nano.a(lib_a-findfp.o)
                0x000000000000acb4                __sfp_lock_release
 .text.__sinit_lock_acquire
                0x000000000000acba        0x6 d:/mounriver_studio/toolchain/risc-v embedded gcc12/bin/../lib/gcc/riscv-none-elf/12.2.0/../../../../riscv-none-elf/lib\libg_nano.a(lib_a-findfp.o)
                0x000000000000acba                __sinit_lock_acquire
 .text.__sinit_lock_release
                0x000000000000acc0        0x6 d:/mounriver_studio/toolchain/risc-v embedded gcc12/bin/../lib/gcc/riscv-none-elf/12.2.0/../../../../riscv-none-elf/lib\libg_nano.a(lib_a-findfp.o)
                0x000000000000acc0                __sinit_lock_release
 .text.__sinit  0x000000000000acc6       0x72 d:/mounriver_studio/toolchain/risc-v embedded gcc12/bin/../lib/gcc/riscv-none-elf/12.2.0/../../../../riscv-none-elf/lib\libg_nano.a(lib_a-findfp.o)
                0x000000000000acc6                __sinit
 .text.__sfp    0x000000000000ad38       0xb0 d:/mounriver_studio/toolchain/risc-v embedded gcc12/bin/../lib/gcc/riscv-none-elf/12.2.0/../../../../riscv-none-elf/lib\libg_nano.a(lib_a-findfp.o)
                0x000000000000ad38                __sfp
 .text._fwalk_reent
                0x000000000000ade8       0x6a d:/mounriver_studio/toolchain/risc-v embedded gcc12/bin/../lib/gcc/riscv-none-elf/12.2.0/../../../../riscv-none-elf/lib\libg_nano.a(lib_a-fwalk.o)
                0x000000000000ade8                _fwalk_reent
 .text.__retarget_lock_init_recursive
                0x000000000000ae52        0x2 d:/mounriver_studio/toolchain/risc-v embedded gcc12/bin/../lib/gcc/riscv-none-elf/12.2.0/../../../../riscv-none-elf/lib\libg_nano.a(lib_a-lock.o)
                0x000000000000ae52                __retarget_lock_init_recursive
 .text.__retarget_lock_acquire_recursive
                0x000000000000ae54        0x2 d:/mounriver_studio/toolchain/risc-v embedded gcc12/bin/../lib/gcc/riscv-none-elf/12.2.0/../../../../riscv-none-elf/lib\libg_nano.a(lib_a-lock.o)
                0x000000000000ae54                __retarget_lock_acquire_recursive
 .text.__retarget_lock_release_recursive
                0x000000000000ae56        0x2 d:/mounriver_studio/toolchain/risc-v embedded gcc12/bin/../lib/gcc/riscv-none-elf/12.2.0/../../../../riscv-none-elf/lib\libg_nano.a(lib_a-lock.o)
                0x000000000000ae56                __retarget_lock_release_recursive
 .text.__swhatbuf_r
                0x000000000000ae58       0x5c d:/mounriver_studio/toolchain/risc-v embedded gcc12/bin/../lib/gcc/riscv-none-elf/12.2.0/../../../../riscv-none-elf/lib\libg_nano.a(lib_a-makebuf.o)
                0x000000000000ae58                __swhatbuf_r
 .text.__smakebuf_r
                0x000000000000aeb4       0xa4 d:/mounriver_studio/toolchain/risc-v embedded gcc12/bin/../lib/gcc/riscv-none-elf/12.2.0/../../../../riscv-none-elf/lib\libg_nano.a(lib_a-makebuf.o)
                0x000000000000aeb4                __smakebuf_r
 .text._free_r  0x000000000000af58       0x9e d:/mounriver_studio/toolchain/risc-v embedded gcc12/bin/../lib/gcc/riscv-none-elf/12.2.0/../../../../riscv-none-elf/lib\libg_nano.a(lib_a-nano-freer.o)
                0x000000000000af58                _free_r
 .text.sbrk_aligned
                0x000000000000aff6       0x54 d:/mounriver_studio/toolchain/risc-v embedded gcc12/bin/../lib/gcc/riscv-none-elf/12.2.0/../../../../riscv-none-elf/lib\libg_nano.a(lib_a-nano-mallocr.o)
 .text._malloc_r
                0x000000000000b04a      0x10c d:/mounriver_studio/toolchain/risc-v embedded gcc12/bin/../lib/gcc/riscv-none-elf/12.2.0/../../../../riscv-none-elf/lib\libg_nano.a(lib_a-nano-mallocr.o)
                0x000000000000b04a                _malloc_r
 .text.__sfputc_r
                0x000000000000b156       0x2a d:/mounriver_studio/toolchain/risc-v embedded gcc12/bin/../lib/gcc/riscv-none-elf/12.2.0/../../../../riscv-none-elf/lib\libg_nano.a(lib_a-nano-vfprintf.o)
 .text.__sfputs_r
                0x000000000000b180       0x44 d:/mounriver_studio/toolchain/risc-v embedded gcc12/bin/../lib/gcc/riscv-none-elf/12.2.0/../../../../riscv-none-elf/lib\libg_nano.a(lib_a-nano-vfprintf.o)
                0x000000000000b180                __sfputs_r
 .text._vfprintf_r
                0x000000000000b1c4      0x2da d:/mounriver_studio/toolchain/risc-v embedded gcc12/bin/../lib/gcc/riscv-none-elf/12.2.0/../../../../riscv-none-elf/lib\libg_nano.a(lib_a-nano-vfprintf.o)
                0x000000000000b1c4                _vfprintf_r
                0x000000000000b1c4                _vfiprintf_r
 .text._sbrk_r  0x000000000000b49e       0x28 d:/mounriver_studio/toolchain/risc-v embedded gcc12/bin/../lib/gcc/riscv-none-elf/12.2.0/../../../../riscv-none-elf/lib\libg_nano.a(lib_a-sbrkr.o)
                0x000000000000b49e                _sbrk_r
 .text.__sread  0x000000000000b4c6       0x30 d:/mounriver_studio/toolchain/risc-v embedded gcc12/bin/../lib/gcc/riscv-none-elf/12.2.0/../../../../riscv-none-elf/lib\libg_nano.a(lib_a-stdio.o)
                0x000000000000b4c6                __sread
 .text.__swrite
                0x000000000000b4f6       0x4e d:/mounriver_studio/toolchain/risc-v embedded gcc12/bin/../lib/gcc/riscv-none-elf/12.2.0/../../../../riscv-none-elf/lib\libg_nano.a(lib_a-stdio.o)
                0x000000000000b4f6                __swrite
 .text.__sseek  0x000000000000b544       0x36 d:/mounriver_studio/toolchain/risc-v embedded gcc12/bin/../lib/gcc/riscv-none-elf/12.2.0/../../../../riscv-none-elf/lib\libg_nano.a(lib_a-stdio.o)
                0x000000000000b544                __sseek
 .text.__sclose
                0x000000000000b57a        0x6 d:/mounriver_studio/toolchain/risc-v embedded gcc12/bin/../lib/gcc/riscv-none-elf/12.2.0/../../../../riscv-none-elf/lib\libg_nano.a(lib_a-stdio.o)
                0x000000000000b57a                __sclose
 .text._write_r
                0x000000000000b580       0x2c d:/mounriver_studio/toolchain/risc-v embedded gcc12/bin/../lib/gcc/riscv-none-elf/12.2.0/../../../../riscv-none-elf/lib\libg_nano.a(lib_a-writer.o)
                0x000000000000b580                _write_r
 .text._close_r
                0x000000000000b5ac       0x26 d:/mounriver_studio/toolchain/risc-v embedded gcc12/bin/../lib/gcc/riscv-none-elf/12.2.0/../../../../riscv-none-elf/lib\libg_nano.a(lib_a-closer.o)
                0x000000000000b5ac                _close_r
 .text._fstat_r
                0x000000000000b5d2       0x28 d:/mounriver_studio/toolchain/risc-v embedded gcc12/bin/../lib/gcc/riscv-none-elf/12.2.0/../../../../riscv-none-elf/lib\libg_nano.a(lib_a-fstatr.o)
                0x000000000000b5d2                _fstat_r
 .text._isatty_r
                0x000000000000b5fa       0x26 d:/mounriver_studio/toolchain/risc-v embedded gcc12/bin/../lib/gcc/riscv-none-elf/12.2.0/../../../../riscv-none-elf/lib\libg_nano.a(lib_a-isattyr.o)
                0x000000000000b5fa                _isatty_r
 .text._lseek_r
                0x000000000000b620       0x2a d:/mounriver_studio/toolchain/risc-v embedded gcc12/bin/../lib/gcc/riscv-none-elf/12.2.0/../../../../riscv-none-elf/lib\libg_nano.a(lib_a-lseekr.o)
                0x000000000000b620                _lseek_r
 .text.memchr   0x000000000000b64a       0x1a d:/mounriver_studio/toolchain/risc-v embedded gcc12/bin/../lib/gcc/riscv-none-elf/12.2.0/../../../../riscv-none-elf/lib\libg_nano.a(lib_a-memchr.o)
                0x000000000000b64a                memchr
 .text.__malloc_lock
                0x000000000000b664        0x8 d:/mounriver_studio/toolchain/risc-v embedded gcc12/bin/../lib/gcc/riscv-none-elf/12.2.0/../../../../riscv-none-elf/lib\libg_nano.a(lib_a-mlock.o)
                0x000000000000b664                __malloc_lock
 .text.__malloc_unlock
                0x000000000000b66c        0x8 d:/mounriver_studio/toolchain/risc-v embedded gcc12/bin/../lib/gcc/riscv-none-elf/12.2.0/../../../../riscv-none-elf/lib\libg_nano.a(lib_a-mlock.o)
                0x000000000000b66c                __malloc_unlock
 .text._printf_common
                0x000000000000b674      0x110 d:/mounriver_studio/toolchain/risc-v embedded gcc12/bin/../lib/gcc/riscv-none-elf/12.2.0/../../../../riscv-none-elf/lib\libg_nano.a(lib_a-nano-vfprintf_i.o)
                0x000000000000b674                _printf_common
 .text._printf_i
                0x000000000000b784      0x286 d:/mounriver_studio/toolchain/risc-v embedded gcc12/bin/../lib/gcc/riscv-none-elf/12.2.0/../../../../riscv-none-elf/lib\libg_nano.a(lib_a-nano-vfprintf_i.o)
                0x000000000000b784                _printf_i
 .text._read_r  0x000000000000ba0a       0x2a d:/mounriver_studio/toolchain/risc-v embedded gcc12/bin/../lib/gcc/riscv-none-elf/12.2.0/../../../../riscv-none-elf/lib\libg_nano.a(lib_a-readr.o)
                0x000000000000ba0a                _read_r
 .text._close   0x000000000000ba34        0xc d:/mounriver_studio/toolchain/risc-v embedded gcc12/bin/../lib/gcc/riscv-none-elf/12.2.0/../../../../riscv-none-elf/lib\libnosys.a(close.o)
                0x000000000000ba34                _close
 .text._fstat   0x000000000000ba40        0xc d:/mounriver_studio/toolchain/risc-v embedded gcc12/bin/../lib/gcc/riscv-none-elf/12.2.0/../../../../riscv-none-elf/lib\libnosys.a(fstat.o)
                0x000000000000ba40                _fstat
 .text._isatty  0x000000000000ba4c        0xc d:/mounriver_studio/toolchain/risc-v embedded gcc12/bin/../lib/gcc/riscv-none-elf/12.2.0/../../../../riscv-none-elf/lib\libnosys.a(isatty.o)
                0x000000000000ba4c                _isatty
 .text._lseek   0x000000000000ba58        0xc d:/mounriver_studio/toolchain/risc-v embedded gcc12/bin/../lib/gcc/riscv-none-elf/12.2.0/../../../../riscv-none-elf/lib\libnosys.a(lseek.o)
                0x000000000000ba58                _lseek
 .text._read    0x000000000000ba64        0xc d:/mounriver_studio/toolchain/risc-v embedded gcc12/bin/../lib/gcc/riscv-none-elf/12.2.0/../../../../riscv-none-elf/lib\libnosys.a(read.o)
                0x000000000000ba64                _read
 *(.rodata)
 .rodata        0x000000000000ba70       0x18 ./User/ns_com.o
 *(.rodata*)
 .rodata.USBFS_IRQHandler
                0x000000000000ba88       0x5c ./User/ch32v10x_usbfs_device.o
 .rodata.top_timer.str1.4
                0x000000000000bae4        0xd ./User/main.o
 *fill*         0x000000000000baf1        0x3 
 .rodata.init_all.str1.4
                0x000000000000baf4       0x14 ./User/main.o
 .rodata.main.str1.4
                0x000000000000bb08        0xf ./User/main.o
 *fill*         0x000000000000bb17        0x1 
 .rodata.ns_mux_usb_handshake_handler
                0x000000000000bb18       0x18 ./User/ns_com_mux.o
 .rodata.fw_subcommand_dispatcher
                0x000000000000bb30       0x1c ./User/ns_com_mux.o
 .rodata.recv_esp32_connect_control
                0x000000000000bb4c       0x40 ./User/uart_com.o
 .rodata.MySerNumInfo
                0x000000000000bb8c       0x16 ./User/usb_desc.o
                0x000000000000bb8c                MySerNumInfo
 *fill*         0x000000000000bba2        0x2 
 .rodata.MyProdInfo
                0x000000000000bba4       0x2a ./User/usb_desc.o
                0x000000000000bba4                MyProdInfo
 *fill*         0x000000000000bbce        0x2 
 .rodata.MyManuInfo
                0x000000000000bbd0        0xa ./User/usb_desc.o
                0x000000000000bbd0                MyManuInfo
 *fill*         0x000000000000bbda        0x2 
 .rodata.MyHIDReportDesc
                0x000000000000bbdc       0xdf ./User/usb_desc.o
                0x000000000000bbdc                MyHIDReportDesc
 *fill*         0x000000000000bcbb        0x1 
 .rodata.MyDevDescr
                0x000000000000bcbc       0x12 ./User/usb_desc.o
                0x000000000000bcbc                MyDevDescr
 *fill*         0x000000000000bcce        0x2 
 .rodata.__divdf3
                0x000000000000bcd0       0x40 d:/mounriver_studio/toolchain/risc-v embedded gcc12/bin/../lib/gcc/riscv-none-elf/12.2.0\libgcc.a(divdf3.o)
 .rodata.__divsf3
                0x000000000000bd10       0xa8 d:/mounriver_studio/toolchain/risc-v embedded gcc12/bin/../lib/gcc/riscv-none-elf/12.2.0\libgcc.a(divsf3.o)
 .rodata.__clz_tab
                0x000000000000bdb8      0x100 d:/mounriver_studio/toolchain/risc-v embedded gcc12/bin/../lib/gcc/riscv-none-elf/12.2.0\libgcc.a(_clz.o)
                0x000000000000bdb8                __clz_tab
 .rodata.__sf_fake_stderr
                0x000000000000beb8       0x20 d:/mounriver_studio/toolchain/risc-v embedded gcc12/bin/../lib/gcc/riscv-none-elf/12.2.0/../../../../riscv-none-elf/lib\libg_nano.a(lib_a-findfp.o)
                0x000000000000beb8                __sf_fake_stderr
 .rodata.__sf_fake_stdout
                0x000000000000bed8       0x20 d:/mounriver_studio/toolchain/risc-v embedded gcc12/bin/../lib/gcc/riscv-none-elf/12.2.0/../../../../riscv-none-elf/lib\libg_nano.a(lib_a-findfp.o)
                0x000000000000bed8                __sf_fake_stdout
 .rodata.__sf_fake_stdin
                0x000000000000bef8       0x20 d:/mounriver_studio/toolchain/risc-v embedded gcc12/bin/../lib/gcc/riscv-none-elf/12.2.0/../../../../riscv-none-elf/lib\libg_nano.a(lib_a-findfp.o)
                0x000000000000bef8                __sf_fake_stdin
 .rodata._vfprintf_r.str1.4
                0x000000000000bf18       0x13 d:/mounriver_studio/toolchain/risc-v embedded gcc12/bin/../lib/gcc/riscv-none-elf/12.2.0/../../../../riscv-none-elf/lib\libg_nano.a(lib_a-nano-vfprintf.o)
 *fill*         0x000000000000bf2b        0x1 
 .rodata._printf_i.str1.4
                0x000000000000bf2c       0x25 d:/mounriver_studio/toolchain/risc-v embedded gcc12/bin/../lib/gcc/riscv-none-elf/12.2.0/../../../../riscv-none-elf/lib\libg_nano.a(lib_a-nano-vfprintf_i.o)
 *fill*         0x000000000000bf51        0x3 
 .rodata._printf_i
                0x000000000000bf54       0x58 d:/mounriver_studio/toolchain/risc-v embedded gcc12/bin/../lib/gcc/riscv-none-elf/12.2.0/../../../../riscv-none-elf/lib\libg_nano.a(lib_a-nano-vfprintf_i.o)
 *(.gnu.linkonce.t.*)
                0x000000000000bfac                . = ALIGN (0x4)

.rela.dyn       0x000000000000bfac        0x0
 .rela.init     0x000000000000bfac        0x0 ./User/ch32v10x_it.o
 .rela.vector   0x000000000000bfac        0x0 ./User/ch32v10x_it.o
 .rela.text.handle_reset
                0x000000000000bfac        0x0 ./User/ch32v10x_it.o
 .rela.text._sbrk
                0x000000000000bfac        0x0 ./User/ch32v10x_it.o
 .rela.sdata.curbrk.0
                0x000000000000bfac        0x0 ./User/ch32v10x_it.o
 .rela.text._vfprintf_r
                0x000000000000bfac        0x0 ./User/ch32v10x_it.o

.fini           0x000000000000bfac        0x0
 *(SORT_NONE(.fini))
                0x000000000000bfac                . = ALIGN (0x4)
                [!provide]                        PROVIDE (_etext = .)
                [!provide]                        PROVIDE (_eitcm = .)

.preinit_array  0x000000000000bfac        0x0
                [!provide]                        PROVIDE (__preinit_array_start = .)
 *(.preinit_array)
                [!provide]                        PROVIDE (__preinit_array_end = .)

.init_array     0x000000000000bfac        0x0
                [!provide]                        PROVIDE (__init_array_start = .)
 *(SORT_BY_INIT_PRIORITY(.init_array.*) SORT_BY_INIT_PRIORITY(.ctors.*))
 *(.init_array EXCLUDE_FILE(*crtend?.o *crtend.o *crtbegin?.o *crtbegin.o) .ctors)
                [!provide]                        PROVIDE (__init_array_end = .)

.fini_array     0x000000000000bfac        0x0
                [!provide]                        PROVIDE (__fini_array_start = .)
 *(SORT_BY_INIT_PRIORITY(.fini_array.*) SORT_BY_INIT_PRIORITY(.dtors.*))
 *(.fini_array EXCLUDE_FILE(*crtend?.o *crtend.o *crtbegin?.o *crtbegin.o) .dtors)
                [!provide]                        PROVIDE (__fini_array_end = .)

.ctors
 *crtbegin.o(.ctors)
 *crtbegin?.o(.ctors)
 *(EXCLUDE_FILE(*crtend?.o *crtend.o) .ctors)
 *(SORT_BY_NAME(.ctors.*))
 *(.ctors)

.dtors
 *crtbegin.o(.dtors)
 *crtbegin?.o(.dtors)
 *(EXCLUDE_FILE(*crtend?.o *crtend.o) .dtors)
 *(SORT_BY_NAME(.dtors.*))
 *(.dtors)

.dalign         0x0000000020000000        0x0 load address 0x000000000000bfac
                0x0000000020000000                . = ALIGN (0x4)
                0x0000000020000000                PROVIDE (_data_vma = .)

.dlalign        0x000000000000bfac        0x0
                0x000000000000bfac                . = ALIGN (0x4)
                0x000000000000bfac                PROVIDE (_data_lma = .)

.data           0x0000000020000000     0x19c8 load address 0x000000000000bfac
 *(.gnu.linkonce.r.*)
 *(.data .data.*)
 .data.kb_scan  0x0000000020000000       0x10 ./User/gpio_digit.o
                0x0000000020000000                kb_scan
 .data.kb_pull  0x0000000020000010       0x10 ./User/gpio_digit.o
                0x0000000020000010                kb_pull
 .data.kb_scan_to_hid
                0x0000000020000020       0x40 ./User/gpio_digit.o
                0x0000000020000020                kb_scan_to_hid
 .data._gpio_mask_to_group_unsafe
                0x0000000020000060       0x20 ./User/gpio_digit.o
                0x0000000020000060                _gpio_mask_to_group_unsafe
 .data.CommandTable
                0x0000000020000080       0xc0 ./User/hd_rumble2.o
                0x0000000020000080                CommandTable
 .data.freq_exp2_index_lookup_tb
                0x0000000020000140      0x100 ./User/hd_rumble2.o
                0x0000000020000140                freq_exp2_index_lookup_tb
 .data.amp_exp2_index_lookup_tb
                0x0000000020000240      0x100 ./User/hd_rumble2.o
                0x0000000020000240                amp_exp2_index_lookup_tb
 .data.amp_exp2_index_lookup_tb_low_amp_raw
                0x0000000020000340       0x10 ./User/hd_rumble2.o
                0x0000000020000340                amp_exp2_index_lookup_tb_low_amp_raw
 .data.amp_exp2_index_lookup_tb_low_amp_rise
                0x0000000020000350       0x10 ./User/hd_rumble2.o
                0x0000000020000350                amp_exp2_index_lookup_tb_low_amp_rise
 .data.exp2_lookup_tb
                0x0000000020000360      0x500 ./User/hd_rumble2.o
                0x0000000020000360                exp2_lookup_tb
 .data.ccr_lookup_tb
                0x0000000020000860     0x1000 ./User/hd_rumble_high_accuracy.o
                0x0000000020000860                ccr_lookup_tb
 .data._imu_quat_state
                0x0000000020001860       0x1c ./User/imu_quaternion.o
                0x0000000020001860                _imu_quat_state
 .data.default_et
                0x000000002000187c        0xe ./User/ns_com.o
                0x000000002000187c                default_et
 *fill*         0x000000002000188a        0x2 
 .data.default_device_info
                0x000000002000188c        0xc ./User/ns_com.o
                0x000000002000188c                default_device_info
 .data.AHBPrescTable
                0x0000000020001898       0x10 ./User/system_ch32v10x.o
                0x0000000020001898                AHBPrescTable
 .data.MyCfgDescr
                0x00000000200018a8       0x29 ./User/usb_desc.o
                0x00000000200018a8                MyCfgDescr
 *fill*         0x00000000200018d1        0x3 
 .data.APBAHBPrescTable
                0x00000000200018d4       0x10 ./Peripheral/src/ch32v10x_rcc.o
 .data.impure_data
                0x00000000200018e4       0x60 d:/mounriver_studio/toolchain/risc-v embedded gcc12/bin/../lib/gcc/riscv-none-elf/12.2.0/../../../../riscv-none-elf/lib\libg_nano.a(lib_a-impure.o)
 *(.gnu.linkonce.d.*)
                0x0000000020001948                . = ALIGN (0x8)
 *fill*         0x0000000020001944        0x4 
                0x0000000020002148                PROVIDE (__global_pointer$ = (. + 0x800))
 *(.sdata .sdata.*)
 .sdata.rumble_state
                0x0000000020001948        0x1 ./User/hd_rumble.o
                0x0000000020001948                rumble_state
 *fill*         0x0000000020001949        0x1 
 .sdata.hd_rumble_cvr_max
                0x000000002000194a        0x2 ./User/hd_rumble_high_accuracy.o
                0x000000002000194a                hd_rumble_cvr_max
 .sdata.switch_flag
                0x000000002000194c        0x1 ./User/hd_rumble_high_accuracy.o
 .sdata.input_mode
                0x000000002000194d        0x1 ./User/ns_com.o
                0x000000002000194d                input_mode
 *fill*         0x000000002000194e        0x2 
 .sdata.rts_tcnt
                0x0000000020001950        0x4 ./User/ns_com_mux.o
                0x0000000020001950                rts_tcnt
 .sdata.spi_rgb_trans
                0x0000000020001954        0x2 ./User/spi.o
                0x0000000020001954                spi_rgb_trans
 *fill*         0x0000000020001956        0x2 
 .sdata.SystemCoreClock
                0x0000000020001958        0x4 ./User/system_ch32v10x.o
                0x0000000020001958                SystemCoreClock
 .sdata.ADCPrescTable
                0x000000002000195c        0x4 ./Peripheral/src/ch32v10x_rcc.o
 .sdata.curbrk.0
                0x0000000020001960        0x4 ./Debug/debug.o
 .sdata.tiny    0x0000000020001964        0x4 d:/mounriver_studio/toolchain/risc-v embedded gcc12/bin/../lib/gcc/riscv-none-elf/12.2.0/../../../../riscv-none-elf/lib\libm_nano.a(lib_a-ef_sqrt.o)
 .sdata.one     0x0000000020001968        0x4 d:/mounriver_studio/toolchain/risc-v embedded gcc12/bin/../lib/gcc/riscv-none-elf/12.2.0/../../../../riscv-none-elf/lib\libm_nano.a(lib_a-ef_sqrt.o)
 .sdata._impure_ptr
                0x000000002000196c        0x4 d:/mounriver_studio/toolchain/risc-v embedded gcc12/bin/../lib/gcc/riscv-none-elf/12.2.0/../../../../riscv-none-elf/lib\libg_nano.a(lib_a-impure.o)
                0x000000002000196c                _impure_ptr
 *(.sdata2.*)
 *(.gnu.linkonce.s.*)
                0x0000000020001970                . = ALIGN (0x8)
 *(.srodata.cst16)
 *(.srodata.cst8)
 .srodata.cst8  0x0000000020001970       0x38 ./User/imu_quaternion.o
 *(.srodata.cst4)
 .srodata.cst4  0x00000000200019a8        0x4 ./User/conf.o
 .srodata.cst4  0x00000000200019ac        0xc ./User/imu_quaternion.o
 .srodata.cst4  0x00000000200019b8        0x8 ./User/ns_com_mux.o
 *(.srodata.cst2)
 *(.srodata .srodata.*)
 .srodata.MyLangDescr
                0x00000000200019c0        0x4 ./User/usb_desc.o
                0x00000000200019c0                MyLangDescr
 .srodata._global_impure_ptr
                0x00000000200019c4        0x4 d:/mounriver_studio/toolchain/risc-v embedded gcc12/bin/../lib/gcc/riscv-none-elf/12.2.0/../../../../riscv-none-elf/lib\libg_nano.a(lib_a-impure.o)
                0x00000000200019c4                _global_impure_ptr
                0x00000000200019c8                . = ALIGN (0x4)
                0x00000000200019c8                PROVIDE (_edata = .)

.bss            0x00000000200019c8     0x273c load address 0x000000000000d974
                0x00000000200019c8                . = ALIGN (0x4)
                0x00000000200019c8                PROVIDE (_sbss = .)
 *(.sbss*)
 .sbss.EXC_PC   0x00000000200019c8        0x4 ./User/ch32v10x_it.o
                0x00000000200019c8                EXC_PC
 .sbss.EXC_CAUSE
                0x00000000200019cc        0x4 ./User/ch32v10x_it.o
                0x00000000200019cc                EXC_CAUSE
 .sbss.USBFS_Endp_Busy
                0x00000000200019d0        0x8 ./User/ch32v10x_usbfs_device.o
                0x00000000200019d0                USBFS_Endp_Busy
 .sbss.USBFS_HidProtocol
                0x00000000200019d8        0x1 ./User/ch32v10x_usbfs_device.o
                0x00000000200019d8                USBFS_HidProtocol
 .sbss.USBFS_HidIdle
                0x00000000200019d9        0x1 ./User/ch32v10x_usbfs_device.o
                0x00000000200019d9                USBFS_HidIdle
 .sbss.USBFS_DevEnumStatus
                0x00000000200019da        0x1 ./User/ch32v10x_usbfs_device.o
                0x00000000200019da                USBFS_DevEnumStatus
 .sbss.USBFS_DevSleepStatus
                0x00000000200019db        0x1 ./User/ch32v10x_usbfs_device.o
                0x00000000200019db                USBFS_DevSleepStatus
 .sbss.USBFS_DevAddr
                0x00000000200019dc        0x1 ./User/ch32v10x_usbfs_device.o
                0x00000000200019dc                USBFS_DevAddr
 .sbss.USBFS_DevConfig
                0x00000000200019dd        0x1 ./User/ch32v10x_usbfs_device.o
                0x00000000200019dd                USBFS_DevConfig
 .sbss.USBFS_SetupReqLen
                0x00000000200019de        0x2 ./User/ch32v10x_usbfs_device.o
                0x00000000200019de                USBFS_SetupReqLen
 .sbss.USBFS_SetupReqIndex
                0x00000000200019e0        0x2 ./User/ch32v10x_usbfs_device.o
                0x00000000200019e0                USBFS_SetupReqIndex
 .sbss.USBFS_SetupReqValue
                0x00000000200019e2        0x2 ./User/ch32v10x_usbfs_device.o
                0x00000000200019e2                USBFS_SetupReqValue
 .sbss.USBFS_SetupReqType
                0x00000000200019e4        0x1 ./User/ch32v10x_usbfs_device.o
                0x00000000200019e4                USBFS_SetupReqType
 .sbss.USBFS_SetupReqCode
                0x00000000200019e5        0x1 ./User/ch32v10x_usbfs_device.o
                0x00000000200019e5                USBFS_SetupReqCode
 *fill*         0x00000000200019e6        0x2 
 .sbss.pUSBFS_Descr
                0x00000000200019e8        0x4 ./User/ch32v10x_usbfs_device.o
                0x00000000200019e8                pUSBFS_Descr
 .sbss.joystick_snapback_deadzone_sq
                0x00000000200019ec        0x8 ./User/conf.o
                0x00000000200019ec                joystick_snapback_deadzone_sq
 .sbss.Calibrattion_Val
                0x00000000200019f4        0x2 ./User/gpio_adc.o
                0x00000000200019f4                Calibrattion_Val
 *fill*         0x00000000200019f6        0x2 
 .sbss.adc_data
                0x00000000200019f8        0x8 ./User/gpio_adc.o
                0x00000000200019f8                adc_data
 .sbss.sts_button
                0x0000000020001a00        0x4 ./User/gpio_digit.o
                0x0000000020001a00                sts_button
 .sbss.sample   0x0000000020001a04        0x8 ./User/hd_rumble2.o
                0x0000000020001a04                sample
 .sbss.m_state  0x0000000020001a0c        0x8 ./User/hd_rumble2.o
                0x0000000020001a0c                m_state
 .sbss.global_sample_channel
                0x0000000020001a14        0x1 ./User/hd_rumble2.o
                0x0000000020001a14                global_sample_channel
 .sbss.decoded_cnt
                0x0000000020001a15        0x1 ./User/hd_rumble2.o
                0x0000000020001a15                decoded_cnt
 .sbss.hd_rumble_cvr_min
                0x0000000020001a16        0x2 ./User/hd_rumble_high_accuracy.o
                0x0000000020001a16                hd_rumble_cvr_min
 .sbss.switch_upd
                0x0000000020001a18        0x1 ./User/hd_rumble_high_accuracy.o
 *fill*         0x0000000020001a19        0x3 
 .sbss.tim3_counter
                0x0000000020001a1c        0x4 ./User/hd_rumble_high_accuracy.o
 .sbss.right_low_tick
                0x0000000020001a20        0x4 ./User/hd_rumble_high_accuracy.o
 .sbss.right_high_tick
                0x0000000020001a24        0x4 ./User/hd_rumble_high_accuracy.o
 .sbss.left_low_tick
                0x0000000020001a28        0x4 ./User/hd_rumble_high_accuracy.o
 .sbss.left_high_tick
                0x0000000020001a2c        0x4 ./User/hd_rumble_high_accuracy.o
 .sbss.tim3_irq_tmp_r
                0x0000000020001a30        0x4 ./User/hd_rumble_high_accuracy.o
 .sbss.tim3_irq_tmp_l
                0x0000000020001a34        0x4 ./User/hd_rumble_high_accuracy.o
 .sbss.rumble_rb_overflow
                0x0000000020001a38        0x1 ./User/hd_rumble_high_accuracy.o
                0x0000000020001a38                rumble_rb_overflow
 *fill*         0x0000000020001a39        0x3 
 .sbss.right_low_sum
                0x0000000020001a3c        0x4 ./User/hd_rumble_high_accuracy.o
                0x0000000020001a3c                right_low_sum
 .sbss.right_high_sum
                0x0000000020001a40        0x4 ./User/hd_rumble_high_accuracy.o
                0x0000000020001a40                right_high_sum
 .sbss.left_low_sum
                0x0000000020001a44        0x4 ./User/hd_rumble_high_accuracy.o
                0x0000000020001a44                left_low_sum
 .sbss.left_high_sum
                0x0000000020001a48        0x4 ./User/hd_rumble_high_accuracy.o
                0x0000000020001a48                left_high_sum
 .sbss.right_low_pos
                0x0000000020001a4c        0x2 ./User/hd_rumble_high_accuracy.o
                0x0000000020001a4c                right_low_pos
 .sbss.right_high_pos
                0x0000000020001a4e        0x2 ./User/hd_rumble_high_accuracy.o
                0x0000000020001a4e                right_high_pos
 .sbss.left_low_pos
                0x0000000020001a50        0x2 ./User/hd_rumble_high_accuracy.o
                0x0000000020001a50                left_low_pos
 .sbss.left_high_pos
                0x0000000020001a52        0x2 ./User/hd_rumble_high_accuracy.o
                0x0000000020001a52                left_high_pos
 .sbss.right_low_buf_stdby
                0x0000000020001a54        0x1 ./User/hd_rumble_high_accuracy.o
                0x0000000020001a54                right_low_buf_stdby
 .sbss.right_high_buf_stdby
                0x0000000020001a55        0x1 ./User/hd_rumble_high_accuracy.o
                0x0000000020001a55                right_high_buf_stdby
 .sbss.left_low_buf_stdby
                0x0000000020001a56        0x1 ./User/hd_rumble_high_accuracy.o
                0x0000000020001a56                left_low_buf_stdby
 .sbss.left_high_buf_stdby
                0x0000000020001a57        0x1 ./User/hd_rumble_high_accuracy.o
                0x0000000020001a57                left_high_buf_stdby
 .sbss.right_low_buf_rdy
                0x0000000020001a58        0x1 ./User/hd_rumble_high_accuracy.o
                0x0000000020001a58                right_low_buf_rdy
 .sbss.right_high_buf_rdy
                0x0000000020001a59        0x1 ./User/hd_rumble_high_accuracy.o
                0x0000000020001a59                right_high_buf_rdy
 .sbss.left_low_buf_rdy
                0x0000000020001a5a        0x1 ./User/hd_rumble_high_accuracy.o
                0x0000000020001a5a                left_low_buf_rdy
 .sbss.left_high_buf_rdy
                0x0000000020001a5b        0x1 ./User/hd_rumble_high_accuracy.o
                0x0000000020001a5b                left_high_buf_rdy
 .sbss.right_low_buf
                0x0000000020001a5c        0x8 ./User/hd_rumble_high_accuracy.o
                0x0000000020001a5c                right_low_buf
 .sbss.right_high_buf
                0x0000000020001a64        0x8 ./User/hd_rumble_high_accuracy.o
                0x0000000020001a64                right_high_buf
 .sbss.left_low_buf
                0x0000000020001a6c        0x8 ./User/hd_rumble_high_accuracy.o
                0x0000000020001a6c                left_low_buf
 .sbss.left_high_buf
                0x0000000020001a74        0x8 ./User/hd_rumble_high_accuracy.o
                0x0000000020001a74                left_high_buf
 .sbss.right_low
                0x0000000020001a7c        0x8 ./User/hd_rumble_high_accuracy.o
                0x0000000020001a7c                right_low
 .sbss.right_high
                0x0000000020001a84        0x8 ./User/hd_rumble_high_accuracy.o
                0x0000000020001a84                right_high
 .sbss.left_low
                0x0000000020001a8c        0x8 ./User/hd_rumble_high_accuracy.o
                0x0000000020001a8c                left_low
 .sbss.left_high
                0x0000000020001a94        0x8 ./User/hd_rumble_high_accuracy.o
                0x0000000020001a94                left_high
 .sbss.res.0    0x0000000020001a9c        0x1 ./User/i2c.o
 .sbss.i2c_intr_error
                0x0000000020001a9d        0x1 ./User/i2c.o
                0x0000000020001a9d                i2c_intr_error
 .sbss.i2c_error_code
                0x0000000020001a9e        0x1 ./User/i2c.o
                0x0000000020001a9e                i2c_error_code
 .sbss.i2c_status
                0x0000000020001a9f        0x1 ./User/i2c.o
                0x0000000020001a9f                i2c_status
 .sbss.last_upd.0
                0x0000000020001aa0        0x4 ./User/imu.o
 .sbss.rep      0x0000000020001aa4        0x4 ./User/imu.o
 .sbss.imu_buf_pos
                0x0000000020001aa8        0x1 ./User/imu.o
                0x0000000020001aa8                imu_buf_pos
 .sbss.imu_sample_cnt