Archive member included to satisfy reference by file (symbol)

d:/mounriver_studio/toolchain/risc-v embedded gcc12/bin/../lib/gcc/riscv-none-elf/12.2.0/../../../../riscv-none-elf/lib\libm_nano.a(lib_a-wf_sqrt.o)
                              ./User/imu_quaternion.o (sqrtf)
d:/mounriver_studio/toolchain/risc-v embedded gcc12/bin/../lib/gcc/riscv-none-elf/12.2.0/../../../../riscv-none-elf/lib\libm_nano.a(lib_a-ef_sqrt.o)
                              d:/mounriver_studio/toolchain/risc-v embedded gcc12/bin/../lib/gcc/riscv-none-elf/12.2.0/../../../../riscv-none-elf/lib\libm_nano.a(lib_a-wf_sqrt.o) (__ieee754_sqrtf)
d:/mounriver_studio/toolchain/risc-v embedded gcc12/bin/../lib/gcc/riscv-none-elf/12.2.0\libgcc.a(_divdi3.o)
                              ./User/hd_rumble2.o (__divdi3)
d:/mounriver_studio/toolchain/risc-v embedded gcc12/bin/../lib/gcc/riscv-none-elf/12.2.0\libgcc.a(_udivdi3.o)
                              ./User/hd_rumble2.o (__udivdi3)
d:/mounriver_studio/toolchain/risc-v embedded gcc12/bin/../lib/gcc/riscv-none-elf/12.2.0\libgcc.a(adddf3.o)
                              ./User/imu_quaternion.o (__adddf3)
d:/mounriver_studio/toolchain/risc-v embedded gcc12/bin/../lib/gcc/riscv-none-elf/12.2.0\libgcc.a(divdf3.o)
                              ./User/imu_quaternion.o (__divdf3)
d:/mounriver_studio/toolchain/risc-v embedded gcc12/bin/../lib/gcc/riscv-none-elf/12.2.0\libgcc.a(muldf3.o)
                              ./User/imu_quaternion.o (__muldf3)
d:/mounriver_studio/toolchain/risc-v embedded gcc12/bin/../lib/gcc/riscv-none-elf/12.2.0\libgcc.a(subdf3.o)
                              ./User/imu_quaternion.o (__subdf3)
d:/mounriver_studio/toolchain/risc-v embedded gcc12/bin/../lib/gcc/riscv-none-elf/12.2.0\libgcc.a(floatsidf.o)
                              ./User/imu_quaternion.o (__floatsidf)
d:/mounriver_studio/toolchain/risc-v embedded gcc12/bin/../lib/gcc/riscv-none-elf/12.2.0\libgcc.a(floatunsidf.o)
                              ./User/imu_quaternion.o (__floatunsidf)
d:/mounriver_studio/toolchain/risc-v embedded gcc12/bin/../lib/gcc/riscv-none-elf/12.2.0\libgcc.a(addsf3.o)
                              ./User/imu_quaternion.o (__addsf3)
d:/mounriver_studio/toolchain/risc-v embedded gcc12/bin/../lib/gcc/riscv-none-elf/12.2.0\libgcc.a(divsf3.o)
                              ./User/conf.o (__divsf3)
d:/mounriver_studio/toolchain/risc-v embedded gcc12/bin/../lib/gcc/riscv-none-elf/12.2.0\libgcc.a(gesf2.o)
                              ./User/imu_quaternion.o (__gtsf2)
d:/mounriver_studio/toolchain/risc-v embedded gcc12/bin/../lib/gcc/riscv-none-elf/12.2.0\libgcc.a(lesf2.o)
                              d:/mounriver_studio/toolchain/risc-v embedded gcc12/bin/../lib/gcc/riscv-none-elf/12.2.0/../../../../riscv-none-elf/lib\libm_nano.a(lib_a-ef_sqrt.o) (__lesf2)
d:/mounriver_studio/toolchain/risc-v embedded gcc12/bin/../lib/gcc/riscv-none-elf/12.2.0\libgcc.a(mulsf3.o)
                              ./User/imu.o (__mulsf3)
d:/mounriver_studio/toolchain/risc-v embedded gcc12/bin/../lib/gcc/riscv-none-elf/12.2.0\libgcc.a(subsf3.o)
                              ./User/imu_quaternion.o (__subsf3)
d:/mounriver_studio/toolchain/risc-v embedded gcc12/bin/../lib/gcc/riscv-none-elf/12.2.0\libgcc.a(unordsf2.o)
                              d:/mounriver_studio/toolchain/risc-v embedded gcc12/bin/../lib/gcc/riscv-none-elf/12.2.0/../../../../riscv-none-elf/lib\libm_nano.a(lib_a-wf_sqrt.o) (__unordsf2)
d:/mounriver_studio/toolchain/risc-v embedded gcc12/bin/../lib/gcc/riscv-none-elf/12.2.0\libgcc.a(fixsfsi.o)
                              ./User/imu.o (__fixsfsi)
d:/mounriver_studio/toolchain/risc-v embedded gcc12/bin/../lib/gcc/riscv-none-elf/12.2.0\libgcc.a(floatsisf.o)
                              ./User/conf.o (__floatsisf)
d:/mounriver_studio/toolchain/risc-v embedded gcc12/bin/../lib/gcc/riscv-none-elf/12.2.0\libgcc.a(fixsfdi.o)
                              ./User/ns_com_mux.o (__fixsfdi)
d:/mounriver_studio/toolchain/risc-v embedded gcc12/bin/../lib/gcc/riscv-none-elf/12.2.0\libgcc.a(floatdisf.o)
                              ./User/ns_com_mux.o (__floatdisf)
d:/mounriver_studio/toolchain/risc-v embedded gcc12/bin/../lib/gcc/riscv-none-elf/12.2.0\libgcc.a(truncdfsf2.o)
                              ./User/imu_quaternion.o (__truncdfsf2)
d:/mounriver_studio/toolchain/risc-v embedded gcc12/bin/../lib/gcc/riscv-none-elf/12.2.0\libgcc.a(save-restore.o)
                              ./User/imu.o (__riscv_save_12)
d:/mounriver_studio/toolchain/risc-v embedded gcc12/bin/../lib/gcc/riscv-none-elf/12.2.0\libgcc.a(_clz.o)
                              d:/mounriver_studio/toolchain/risc-v embedded gcc12/bin/../lib/gcc/riscv-none-elf/12.2.0\libgcc.a(_divdi3.o) (__clz_tab)
d:/mounriver_studio/toolchain/risc-v embedded gcc12/bin/../lib/gcc/riscv-none-elf/12.2.0\libgcc.a(_clzsi2.o)
[...]
Memory Configuration

Name             Origin             Length             Attributes
FLASH            0x0000000000000000 0x0000000000010000 xr
RAM              0x0000000020000000 0x0000000000005000 xrw
*default*        0x0000000000000000 0xffffffffffffffff

Linker script and memory map

LOAD ./User/ch32v10x_it.o
LOAD ./User/ch32v10x_usbfs_device.o
LOAD ./User/conf.o
LOAD ./User/flash.o
LOAD ./User/global_api.o
LOAD ./User/gpio_adc.o
LOAD ./User/gpio_digit.o
LOAD ./User/hd_rumble.o
LOAD ./User/hd_rumble2.o
LOAD ./User/hd_rumble_high_accuracy.o
LOAD ./User/hd_rumble_high_accurary_packed.o
LOAD ./User/i2c.o
LOAD ./User/imu.o
LOAD ./User/imu_quaternion.o
LOAD ./User/main.o
LOAD ./User/ns_com.o
LOAD ./User/ns_com_mux.o
LOAD ./User/pwr.o
LOAD ./User/ring_buffer.o
LOAD ./User/spi.o
LOAD ./User/system_ch32v10x.o
LOAD ./User/tick.o
LOAD ./User/uart.o
LOAD ./User/uart_com.o
LOAD ./User/usb_desc.o
LOAD ./User/usbd_compatibility_hid.o
LOAD ./Startup/startup_ch32v10x.o
LOAD ./Peripheral/src/ch32v10x_adc.o
LOAD ./Peripheral/src/ch32v10x_bkp.o
LOAD ./Peripheral/src/ch32v10x_crc.o
LOAD ./Peripheral/src/ch32v10x_dbgmcu.o
LOAD ./Peripheral/src/ch32v10x_dma.o
LOAD ./Peripheral/src/ch32v10x_exti.o
LOAD ./Peripheral/src/ch32v10x_flash.o
LOAD ./Peripheral/src/ch32v10x_gpio.o
LOAD ./Peripheral/src/ch32v10x_i2c.o
LOAD ./Peripheral/src/ch32v10x_iwdg.o
LOAD ./Peripheral/src/ch32v10x_misc.o
LOAD ./Peripheral/src/ch32v10x_pwr.o
LOAD ./Peripheral/src/ch32v10x_rcc.o
LOAD ./Peripheral/src/ch32v10x_rtc.o
LOAD ./Peripheral/src/ch32v10x_spi.o
LOAD ./Peripheral/src/ch32v10x_tim.o
LOAD ./Peripheral/src/ch32v10x_usart.o
LOAD ./Peripheral/src/ch32v10x_usb.o
LOAD ./Peripheral/src/ch32v10x_usb_host.o
LOAD ./Peripheral/src/ch32v10x_wwdg.o
LOAD ./Debug/debug.o
LOAD ./Core/core_riscv.o
LOAD d:/mounriver_studio/toolchain/risc-v embedded gcc12/bin/../lib/gcc/riscv-none-elf/12.2.0/../../../../riscv-none-elf/lib\libm_nano.a
LOAD d:/mounriver_studio/toolchain/risc-v embedded gcc12/bin/../lib/gcc/riscv-none-elf/12.2.0\libgcc.a
LOAD d:/mounriver_studio/toolchain/risc-v embedded gcc12/bin/../lib/gcc/riscv-none-elf/12.2.0/../../../../riscv-none-elf/lib\libg_nano.a
LOAD d:/mounriver_studio/toolchain/risc-v embedded gcc12/bin/../lib/gcc/riscv-none-elf/12.2.0/../../../../riscv-none-elf/lib\libc_nano.a
LOAD d:/mounriver_studio/toolchain/risc-v embedded gcc12/bin/../lib/gcc/riscv-none-elf/12.2.0\libgcc.a
START GROUP
LOAD d:/mounriver_studio/toolchain/risc-v embedded gcc12/bin/../lib/gcc/riscv-none-elf/12.2.0\libgcc.a
LOAD d:/mounriver_studio/toolchain/risc-v embedded gcc12/bin/../lib/gcc/riscv-none-elf/12.2.0/../../../../riscv-none-elf/lib\libc_nano.a
LOAD d:/mounriver_studio/toolchain/risc-v embedded gcc12/bin/../lib/gcc/riscv-none-elf/12.2.0/../../../../riscv-none-elf/lib\libnosys.a
END GROUP
START GROUP
LOAD d:/mounriver_studio/toolchain/risc-v embedded gcc12/bin/../lib/gcc/riscv-none-elf/12.2.0\libgcc.a
LOAD d:/mounriver_studio/toolchain/risc-v embedded gcc12/bin/../lib/gcc/riscv-none-elf/12.2.0/../../../../riscv-none-elf/lib\libc_nano.a
LOAD d:/mounriver_studio/toolchain/risc-v embedded gcc12/bin/../lib/gcc/riscv-none-elf/12.2.0/../../../../riscv-none-elf/lib\libnosys.a
END GROUP
                0x0000000000000800                __stack_size = 0x800
                [!provide]                        PROVIDE (_stack_size = __stack_size)

.init           0x0000000000000000       0x38
                0x0000000000000000                _sinit = .
                0x0000000000000000                . = ALIGN (0x4)
 *(SORT_NONE(.init))
 .init          0x0000000000000000       0x38 ./Startup/startup_ch32v10x.o
                0x0000000000000000                _start
                0x0000000000000038                . = ALIGN (0x4)
                0x0000000000000038                _einit = .

.vector         0x0000000000000038      0x108
 *(.vector)
 .vector        0x0000000000000038       0xf0 ./Startup/startup_ch32v10x.o
                0x0000000000000140                . = ALIGN (0x40)
 *fill*         0x0000000000000128       0x18 

.text           0x0000000000000140     0xced4
                0x0000000000000140                . = ALIGN (0x4)
 *(.text)
 .text          0x0000000000000140       0x60 d:/mounriver_studio/toolchain/risc-v embedded gcc12/bin/../lib/gcc/riscv-none-elf/12.2.0\libgcc.a(save-restore.o)
                0x0000000000000140                __riscv_save_12
                0x0000000000000148                __riscv_save_9
                0x0000000000000148                __riscv_save_11
                0x0000000000000148                __riscv_save_10
                0x0000000000000148                __riscv_save_8
                0x0000000000000156                __riscv_save_4
                0x0000000000000156                __riscv_save_6
                0x0000000000000156                __riscv_save_5
                0x0000000000000156                __riscv_save_7
                0x0000000000000170                __riscv_save_3
                0x0000000000000170                __riscv_save_2
                0x0000000000000170                __riscv_save_1
                0x0000000000000170                __riscv_save_0
                0x000000000000017c                __riscv_restore_12
                0x0000000000000180                __riscv_restore_11
                0x0000000000000180                __riscv_restore_9
                0x0000000000000180                __riscv_restore_10
                0x0000000000000180                __riscv_restore_8
                0x000000000000018a                __riscv_restore_5
                0x000000000000018a                __riscv_restore_7
                0x000000000000018a                __riscv_restore_6
                0x000000000000018a                __riscv_restore_4
                0x0000000000000194                __riscv_restore_3
                0x0000000000000194                __riscv_restore_0
                0x0000000000000194                __riscv_restore_2
                0x0000000000000194                __riscv_restore_1
 .text          0x00000000000001a0       0x16 d:/mounriver_studio/toolchain/risc-v embedded gcc12/bin/../lib/gcc/riscv-none-elf/12.2.0/../../../../riscv-none-elf/lib\libg_nano.a(lib_a-memcpy-asm.o)
                0x00000000000001a0                memcpy
 .text          0x00000000000001b6       0x10 d:/mounriver_studio/toolchain/risc-v embedded gcc12/bin/../lib/gcc/riscv-none-elf/12.2.0/../../../../riscv-none-elf/lib\libg_nano.a(lib_a-memset.o)
                0x00000000000001b6                memset
 *(.text.*)
 .text.NMI_Handler
                0x00000000000001c6       0x28 ./User/ch32v10x_it.o
                0x00000000000001c6                NMI_Handler
 .text.HardFault_Handler
                0x00000000000001ee        0x4 ./User/ch32v10x_it.o
                0x00000000000001ee                HardFault_Handler
 .text.USBFS_RCC_Init
                0x00000000000001f2       0x4a ./User/ch32v10x_usbfs_device.o
                0x00000000000001f2                USBFS_RCC_Init
 .text.USBFS_Device_Endp_Init
                0x000000000000023c       0x3c ./User/ch32v10x_usbfs_device.o
                0x000000000000023c                USBFS_Device_Endp_Init
 .text.USBFS_IRQHandler
                0x0000000000000278      0x672 ./User/ch32v10x_usbfs_device.o
                0x0000000000000278                USBFS_IRQHandler
 .text.USBFS_Device_Init
                0x00000000000008ea       0xbc ./User/ch32v10x_usbfs_device.o
                0x00000000000008ea                USBFS_Device_Init
 .text.set_hd_rumble_range
                0x00000000000009a6       0x4a ./User/conf.o
                0x00000000000009a6                set_hd_rumble_range
 .text.conf_read
                0x00000000000009f0       0x7c ./User/conf.o
                0x00000000000009f0                conf_read
 .text.custom_conf_read
                0x0000000000000a6c       0x10 ./User/conf.o
                0x0000000000000a6c                custom_conf_read
 .text.custom_conf_write
                0x0000000000000a7c       0x10 ./User/conf.o
                0x0000000000000a7c                custom_conf_write
 .text.fac_conf_read
                0x0000000000000a8c       0x12 ./User/conf.o
                0x0000000000000a8c                fac_conf_read
 .text.fac_conf_write
                0x0000000000000a9e       0x12 ./User/conf.o
                0x0000000000000a9e                fac_conf_write
 .text.conf_flush
                0x0000000000000ab0       0x8c ./User/conf.o
                0x0000000000000ab0                conf_flush
 .text.conf_init
                0x0000000000000b3c      0x31e ./User/conf.o
                0x0000000000000b3c                conf_init
 .text.hw_config_flush
                0x0000000000000e5a       0x10 ./User/conf.o
                0x0000000000000e5a                hw_config_flush
 .text.conf_write
                0x0000000000000e6a      0x10c ./User/conf.o
                0x0000000000000e6a                conf_write
 .text.write_flash
                0x0000000000000f76       0x6e ./User/flash.o
                0x0000000000000f76                write_flash
 .text.read_flash
                0x0000000000000fe4       0x30 ./User/flash.o
                0x0000000000000fe4                read_flash
 .text.i32_min  0x0000000000001014        0xc ./User/global_api.o
                0x0000000000001014                i32_min
 .text.fetch_uint32
                0x0000000000001020       0x18 ./User/global_api.o
                0x0000000000001020                fetch_uint32
 .text.i32_clamp
                0x0000000000001038       0x12 ./User/global_api.o
                0x0000000000001038                i32_clamp
 .text.ADC_Function_Init
                0x000000000000104a       0xb2 ./User/gpio_adc.o
                0x000000000000104a                ADC_Function_Init
 .text.DMA_Tx_Init
                0x00000000000010fc       0x56 ./User/gpio_adc.o
                0x00000000000010fc                DMA_Tx_Init
 .text.adc_init
                0x0000000000001152       0x6e ./User/gpio_adc.o
                0x0000000000001152                adc_init
 .text.gpio_tb_init
                0x00000000000011c0       0xa2 ./User/gpio_digit.o
                0x00000000000011c0                gpio_tb_init
 .text._gpio_init
                0x0000000000001262       0xce ./User/gpio_digit.o
                0x0000000000001262                _gpio_init
 .text.gpio_kb_scan_init
                0x0000000000001330       0x8c ./User/gpio_digit.o
                0x0000000000001330                gpio_kb_scan_init
 .text.gpio_init
                0x00000000000013bc       0x22 ./User/gpio_digit.o
                0x00000000000013bc                gpio_init
 .text.gpio_kb_scan
                0x00000000000013de       0xa0 ./User/gpio_digit.o
                0x00000000000013de                gpio_kb_scan
 .text.gpio_read_all
                0x000000000000147e       0x82 ./User/gpio_digit.o
                0x000000000000147e                gpio_read_all
 .text.gpio_read
                0x0000000000001500       0x54 ./User/gpio_digit.o
                0x0000000000001500                gpio_read
 .text.gpio_set
                0x0000000000001554       0x1e ./User/gpio_digit.o
                0x0000000000001554                gpio_set
 .text.button_read_raw
                0x0000000000001572       0x12 ./User/gpio_digit.o
                0x0000000000001572                button_read_raw
 .text.hd_rumble_init
                0x0000000000001584      0x116 ./User/hd_rumble.o
                0x0000000000001584                hd_rumble_init
 .text.hd_rumble_set_status
                0x000000000000169a        0xe ./User/hd_rumble.o
                0x000000000000169a                hd_rumble_set_status
 .text.ApplyCommand
                0x00000000000016a8       0x36 ./User/hd_rumble2.o
                0x00000000000016a8                ApplyCommand
 .text.ApplyAmCommand
                0x00000000000016de       0x24 ./User/hd_rumble2.o
                0x00000000000016de                ApplyAmCommand
 .text.ApplyFmCommand
                0x0000000000001702       0x28 ./User/hd_rumble2.o
                0x0000000000001702                ApplyFmCommand
 .text.get_hd_rumble_pack
                0x000000000000172a       0x1a ./User/hd_rumble2.o
                0x000000000000172a                get_hd_rumble_pack
 .text.deocde_hd_rumble_format1
                0x0000000000001744       0x70 ./User/hd_rumble2.o
                0x0000000000001744                deocde_hd_rumble_format1
 .text.decode_hd_rumble_format1long
                0x00000000000017b4       0x82 ./User/hd_rumble2.o
                0x00000000000017b4                decode_hd_rumble_format1long
 .text.decode_hd_rumble_format1full
                0x0000000000001836      0x12a ./User/hd_rumble2.o
                0x0000000000001836                decode_hd_rumble_format1full
 .text.decode_hd_rumble_format2
                0x0000000000001960       0xcc ./User/hd_rumble2.o
                0x0000000000001960                decode_hd_rumble_format2
 .text.decode_hd_rumble_format2long
                0x0000000000001a2c      0x10e ./User/hd_rumble2.o
                0x0000000000001a2c                decode_hd_rumble_format2long
 .text.decode_hd_rumble_format3
                0x0000000000001b3a      0x142 ./User/hd_rumble2.o
                0x0000000000001b3a                decode_hd_rumble_format3
 .text.decode_hd_rumble_multiformat_high_acc
                0x0000000000001c7c      0x27e ./User/hd_rumble2.o
                0x0000000000001c7c                decode_hd_rumble_multiformat_high_acc
 .text.hd_rumble_lookup_tb_init
                0x0000000000001efa       0x4a ./User/hd_rumble2.o
                0x0000000000001efa                hd_rumble_lookup_tb_init
 .text.hd_rumble_high_accurary_init
                0x0000000000001f44       0xa2 ./User/hd_rumble_high_accuracy.o
                0x0000000000001f44                hd_rumble_high_accurary_init
 .text.push_waveform
                0x0000000000001fe6       0x60 ./User/hd_rumble_high_accuracy.o
                0x0000000000001fe6                push_waveform
 .text.push_waveform_into_buffer_task
                0x0000000000002046      0x108 ./User/hd_rumble_high_accuracy.o
                0x0000000000002046                push_waveform_into_buffer_task
 .text.step_forward
                0x000000000000214e       0x44 ./User/hd_rumble_high_accuracy.o
                0x000000000000214e                step_forward
 .text.rumble_pattern_check
                0x0000000000002192       0x5c ./User/hd_rumble_high_accuracy.o
                0x0000000000002192                rumble_pattern_check
 .text.TIM3_IRQHandler
                0x00000000000021ee      0x484 ./User/hd_rumble_high_accuracy.o
                0x00000000000021ee                TIM3_IRQHandler
 .text.i2c2_check_flag
                0x0000000000002672       0x1a ./User/i2c.o
                0x0000000000002672                i2c2_check_flag
 .text.i2c2_check_event
                0x000000000000268c       0x1a ./User/i2c.o
                0x000000000000268c                i2c2_check_event
 .text.I2C2_ER_IRQHandler
                0x00000000000026a6       0x2a ./User/i2c.o
                0x00000000000026a6                I2C2_ER_IRQHandler
 .text.i2c_software_recovery
                0x00000000000026d0      0x11e ./User/i2c.o
                0x00000000000026d0                i2c_software_recovery
 .text.i2c2_reset
                0x00000000000027ee       0x44 ./User/i2c.o
                0x00000000000027ee                i2c2_reset
 .text.i2c_hardware_init
                0x0000000000002832       0xc0 ./User/i2c.o
                0x0000000000002832                i2c_hardware_init
 .text.i2c_read_start
                0x00000000000028f2      0x140 ./User/i2c.o
                0x00000000000028f2                i2c_read_start
 .text.i2c_read_byte
                0x0000000000002a32       0x84 ./User/i2c.o
                0x0000000000002a32                i2c_read_byte
 .text.i2c_read_continuous
                0x0000000000002ab6       0xac ./User/i2c.o
                0x0000000000002ab6                i2c_read_continuous
 .text.i2c_write_byte
                0x0000000000002b62      0x116 ./User/i2c.o
                0x0000000000002b62                i2c_write_byte
 .text.i2c_init
                0x0000000000002c78       0x10 ./User/i2c.o
                0x0000000000002c78                i2c_init
 .text.imu_set_reg
                0x0000000000002c88       0x34 ./User/imu.o
                0x0000000000002c88                imu_set_reg
 .text.imu_read
                0x0000000000002cbc       0xca ./User/imu.o
                0x0000000000002cbc                imu_read
 .text.set_imu_awake
                0x0000000000002d86       0x96 ./User/imu.o
                0x0000000000002d86                set_imu_awake
 .text.set_imu_sleep
                0x0000000000002e1c       0x24 ./User/imu.o
                0x0000000000002e1c                set_imu_sleep
 .text.imu_init
                0x0000000000002e40        0x2 ./User/imu.o
                0x0000000000002e40                imu_init
 .text.imu_upd  0x0000000000002e42      0x264 ./User/imu.o
                0x0000000000002e42                imu_upd
 .text._imu_quat_normalize
                0x00000000000030a6       0x90 ./User/imu_quaternion.o
                0x00000000000030a6                _imu_quat_normalize
 .text._imu_rotate_quaternion
                0x0000000000003136      0x128 ./User/imu_quaternion.o
                0x0000000000003136                _imu_rotate_quaternion
 .text._imu_update_quaternion
                0x000000000000325e      0x1fe ./User/imu_quaternion.o
                0x000000000000325e                _imu_update_quaternion
 .text.switch_motion_pack_quat
                0x000000000000345c      0x326 ./User/imu_quaternion.o
                0x000000000000345c                switch_motion_pack_quat
 .text.imu_upd2
                0x0000000000003782       0x32 ./User/imu_quaternion.o
                0x0000000000003782                imu_upd2
 .text.button_upd_all
                0x00000000000037b4       0x18 ./User/main.o
                0x00000000000037b4                button_upd_all
 .text.get_peripheral_data_handler.part.0
                0x00000000000037cc       0xce ./User/main.o
 .text.get_peripheral_data_handler
                0x000000000000389a        0x8 ./User/main.o
                0x000000000000389a                get_peripheral_data_handler
 .text.joystick_snapback_filter
                0x00000000000038a2      0x2ce ./User/main.o
                0x00000000000038a2                joystick_snapback_filter
 .text.joystick_debounce_task
                0x0000000000003b70       0x84 ./User/main.o
                0x0000000000003b70                joystick_debounce_task
 .text.func_switch_task
                0x0000000000003bf4      0x202 ./User/main.o
                0x0000000000003bf4                func_switch_task
 .text.top_timer
                0x0000000000003df6       0x58 ./User/main.o
                0x0000000000003df6                top_timer
 .text.routine_service
                0x0000000000003e4e       0x62 ./User/main.o
                0x0000000000003e4e                routine_service
 .text.set_peripherals_state
                0x0000000000003eb0       0x92 ./User/main.o
                0x0000000000003eb0                set_peripherals_state
 .text.init_all
                0x0000000000003f42       0xd8 ./User/main.o
                0x0000000000003f42                init_all
 .text.startup.main
                0x000000000000401a       0x8a ./User/main.o
                0x000000000000401a                main
 .text.ns_subcommand_set_hci_state
                0x00000000000040a4        0x2 ./User/ns_com.o
                0x00000000000040a4                ns_subcommand_set_hci_state
 .text.ns_subcommand_set_imu_register
                0x00000000000040a6       0x10 ./User/ns_com.o
                0x00000000000040a6                ns_subcommand_set_imu_register
 .text.ns_subcommand_reset_mcu
                0x00000000000040b6        0x2 ./User/ns_com.o
                0x00000000000040b6                ns_subcommand_reset_mcu
 .text.ns_subcommand_set_home_led
                0x00000000000040b8        0x2 ./User/ns_com.o
                0x00000000000040b8                ns_subcommand_set_home_led
 .text.ns_subcommand_reset_pairing_info
                0x00000000000040ba        0x2 ./User/ns_com.o
                0x00000000000040ba                ns_subcommand_reset_pairing_info
 .text.pkt_clr  0x00000000000040bc       0x16 ./User/ns_com.o
                0x00000000000040bc                pkt_clr
 .text.ns_subcommand_set_mcu_conf
                0x00000000000040d2       0x40 ./User/ns_com.o
                0x00000000000040d2                ns_subcommand_set_mcu_conf
 .text.ns_subcommand_default
                0x0000000000004112       0x38 ./User/ns_com.o
                0x0000000000004112                ns_subcommand_default
 .text.ns_subcommand_pair_by_wire
                0x000000000000414a       0xa0 ./User/ns_com.o
                0x000000000000414a                ns_subcommand_pair_by_wire
 .text.ns_subcommand_get_device_info
                0x00000000000041ea       0x9c ./User/ns_com.o
                0x00000000000041ea                ns_subcommand_get_device_info
 .text.ns_subcommand_set_input_mode
                0x0000000000004286       0x4a ./User/ns_com.o
                0x0000000000004286                ns_subcommand_set_input_mode
 .text.ns_subcommand_trigger_buttons_elapsed_time
                0x00000000000042d0       0x46 ./User/ns_com.o
                0x00000000000042d0                ns_subcommand_trigger_buttons_elapsed_time
 .text.ns_subcommand_get_page_list_state
                0x0000000000004316       0x3a ./User/ns_com.o
                0x0000000000004316                ns_subcommand_get_page_list_state
 .text.ns_subcommand_set_shipping_mode
                0x0000000000004350       0x38 ./User/ns_com.o
                0x0000000000004350                ns_subcommand_set_shipping_mode
 .text.ns_subcommand_spi_erase
                0x0000000000004388        0x4 ./User/ns_com.o
                0x0000000000004388                ns_subcommand_spi_erase
 .text.ns_subcommand_enable_mcu_polling
                0x000000000000438c        0x4 ./User/ns_com.o
                0x000000000000438c                ns_subcommand_enable_mcu_polling
 .text.ns_subcommand_disable_mcu_polling
                0x0000000000004390        0x4 ./User/ns_com.o
                0x0000000000004390                ns_subcommand_disable_mcu_polling
 .text.ns_subcommand_spi_read
                0x0000000000004394       0x7a ./User/ns_com.o
                0x0000000000004394                ns_subcommand_spi_read
 .text.ns_subcommand_spi_write
                0x000000000000440e       0x62 ./User/ns_com.o
                0x000000000000440e                ns_subcommand_spi_write
 .text.ns_subcommand_set_mcu_state
                0x0000000000004470       0x34 ./User/ns_com.o
                0x0000000000004470                ns_subcommand_set_mcu_state
 .text.ns_subcommand_attachmend_write
                0x00000000000044a4        0x4 ./User/ns_com.o
                0x00000000000044a4                ns_subcommand_attachmend_write
 .text.ns_subcommand_write_charge_setting
                0x00000000000044a8        0x4 ./User/ns_com.o
                0x00000000000044a8                ns_subcommand_write_charge_setting
 .text.ns_subcommand_attachmend_read
                0x00000000000044ac       0x36 ./User/ns_com.o
                0x00000000000044ac                ns_subcommand_attachmend_read
 .text.ns_subcommand_attachment_state
                0x00000000000044e2       0x30 ./User/ns_com.o
                0x00000000000044e2                ns_subcommand_attachment_state
 .text.ns_subcommand_get_attachment_info
                0x0000000000004512       0x34 ./User/ns_com.o
                0x0000000000004512                ns_subcommand_get_attachment_info
 .text.ns_subcommand_set_indicate_led
                0x0000000000004546       0x4a ./User/ns_com.o
                0x0000000000004546                ns_subcommand_set_indicate_led
 .text.ns_subcommand_get_indicate_led
                0x0000000000004590       0x3c ./User/ns_com.o
                0x0000000000004590                ns_subcommand_get_indicate_led
 .text.ns_subcommand_set_imu_state
                0x00000000000045cc       0x40 ./User/ns_com.o
                0x00000000000045cc                ns_subcommand_set_imu_state
 .text.ns_subcommand_set_imu_conf
                0x000000000000460c       0x5e ./User/ns_com.o
                0x000000000000460c                ns_subcommand_set_imu_conf
 .text.ns_subcommand_read_imu_register
                0x000000000000466a       0x68 ./User/ns_com.o
                0x000000000000466a                ns_subcommand_read_imu_register
 .text.ns_subcommand_set_rumble_state
                0x00000000000046d2       0x40 ./User/ns_com.o
                0x00000000000046d2                ns_subcommand_set_rumble_state
 .text.ns_subcommand_get_battery_voltage
                0x0000000000004712       0x3c ./User/ns_com.o
                0x0000000000004712                ns_subcommand_get_battery_voltage
 .text.ns_subcommand_read_charge_setting
                0x000000000000474e       0x3a ./User/ns_com.o
                0x000000000000474e                ns_subcommand_read_charge_setting
 .text.ns_subcommand_callback_init
                0x0000000000004788      0x112 ./User/ns_com.o
                0x0000000000004788                ns_subcommand_callback_init
 .text.ns_rumble_handler
                0x000000000000489a       0x14 ./User/ns_com_mux.o
                0x000000000000489a                ns_rumble_handler
 .text.ns_cmd_subcommand_dispatcher
                0x00000000000048ae       0x3c ./User/ns_com_mux.o
                0x00000000000048ae                ns_cmd_subcommand_dispatcher
 .text.ns_mux_usb_handshake_handler
                0x00000000000048ea       0x8e ./User/ns_com_mux.o
                0x00000000000048ea                ns_mux_usb_handshake_handler
 .text.fw_snd_pkt
                0x0000000000004978       0x28 ./User/ns_com_mux.o
                0x0000000000004978                fw_snd_pkt
 .text.fw_subcommand_read_setting
                0x00000000000049a0       0x52 ./User/ns_com_mux.o
                0x00000000000049a0                fw_subcommand_read_setting
 .text.fw_subcommand_read_emulate_rom
                0x00000000000049f2       0xb8 ./User/ns_com_mux.o
                0x00000000000049f2                fw_subcommand_read_emulate_rom
 .text.fw_subcommand_write_emulate_rom
                0x0000000000004aaa       0x40 ./User/ns_com_mux.o
                0x0000000000004aaa                fw_subcommand_write_emulate_rom
 .text._calibrate_imu_raw
                0x0000000000004aea      0x118 ./User/ns_com_mux.o
                0x0000000000004aea                _calibrate_imu_raw
 .text.calibrate_imu
                0x0000000000004c02      0x18a ./User/ns_com_mux.o
                0x0000000000004c02                calibrate_imu
 .text.fw_subcommand_calibrate_imu
                0x0000000000004d8c       0x2c ./User/ns_com_mux.o
                0x0000000000004d8c                fw_subcommand_calibrate_imu
 .text.fw_subcommand_calibrate_js_offset
                0x0000000000004db8       0x6c ./User/ns_com_mux.o
                0x0000000000004db8                fw_subcommand_calibrate_js_offset
 .text.fw_subcommand_get_status
                0x0000000000004e24       0x70 ./User/ns_com_mux.o
                0x0000000000004e24                fw_subcommand_get_status
 .text.fw_subcommand_reboot
                0x0000000000004e94       0x22 ./User/ns_com_mux.o
                0x0000000000004e94                fw_subcommand_reboot
 .text.fw_subcommand_get_version
                0x0000000000004eb6       0x42 ./User/ns_com_mux.o
                0x0000000000004eb6                fw_subcommand_get_version
 .text.fw_subcommand_dispatcher
                0x0000000000004ef8       0x96 ./User/ns_com_mux.o
                0x0000000000004ef8                fw_subcommand_dispatcher
 .text.ns_mux_init
                0x0000000000004f8e        0x4 ./User/ns_com_mux.o
                0x0000000000004f8e                ns_mux_init
 .text.hid_dispatch
                0x0000000000004f92       0x46 ./User/ns_com_mux.o
                0x0000000000004f92                hid_dispatch
 .text.ns_send_report
                0x0000000000004fd8        0xe ./User/ns_com_mux.o
                0x0000000000004fd8                ns_send_report
 .text.setup_exti
                0x0000000000004fe6       0xae ./User/pwr.o
                0x0000000000004fe6                setup_exti
 .text.top_init
                0x0000000000005094       0x2e ./User/pwr.o
                0x0000000000005094                top_init
 .text.set_pwr_mode_sleep
                0x00000000000050c2       0x4c ./User/pwr.o
                0x00000000000050c2                set_pwr_mode_sleep
 .text.set_pwr_mode_stop
                0x000000000000510e       0x4c ./User/pwr.o
                0x000000000000510e                set_pwr_mode_stop
 .text.ring_buffer_init
                0x000000000000515a       0x3e ./User/ring_buffer.o
                0x000000000000515a                ring_buffer_init
 .text.ring_buffer_push
                0x0000000000005198       0x90 ./User/ring_buffer.o
                0x0000000000005198                ring_buffer_push
 .text.ring_buffer_push_with_hdr
                0x0000000000005228       0xaa ./User/ring_buffer.o
                0x0000000000005228                ring_buffer_push_with_hdr
 .text.ring_buffer_pop
                0x00000000000052d2       0x54 ./User/ring_buffer.o
                0x00000000000052d2                ring_buffer_pop
 .text.SPI_FullDuplex_Init
                0x0000000000005326       0x76 ./User/spi.o
                0x0000000000005326                SPI_FullDuplex_Init
 .text.spi_DMA_Tx_Init
                0x000000000000539c       0x54 ./User/spi.o
                0x000000000000539c                spi_DMA_Tx_Init
 .text.rgb_spi_pkg_gen
                0x00000000000053f0       0x54 ./User/spi.o
                0x00000000000053f0                rgb_spi_pkg_gen
 .text.set_led_rgb
                0x0000000000005444       0x7e ./User/spi.o
                0x0000000000005444                set_led_rgb
 .text.flush_spi_tx_seq
                0x00000000000054c2      0x100 ./User/spi.o
                0x00000000000054c2                flush_spi_tx_seq
 .text._flush_rgb
                0x00000000000055c2       0x52 ./User/spi.o
                0x00000000000055c2                _flush_rgb
 .text.flush_rgb
                0x0000000000005614       0x14 ./User/spi.o
                0x0000000000005614                flush_rgb
 .text.spi_init
                0x0000000000005628       0x54 ./User/spi.o
                0x0000000000005628                spi_init
 .text.set_indicate_led_function
                0x000000000000567c       0xd6 ./User/spi.o
                0x000000000000567c                set_indicate_led_function
 .text.set_indicate_led_player
                0x0000000000005752       0x9e ./User/spi.o
                0x0000000000005752                set_indicate_led_player
 .text.set_indicate_led_status
                0x00000000000057f0        0xc ./User/spi.o
                0x00000000000057f0                set_indicate_led_status
 .text.set_indicate_led_mode
                0x00000000000057fc       0x14 ./User/spi.o
                0x00000000000057fc                set_indicate_led_mode
 .text.indicate_rgb_task
                0x0000000000005810       0x46 ./User/spi.o
                0x0000000000005810                indicate_rgb_task
 .text.DMA1_Channel3_IRQHandler
                0x0000000000005856       0x2e ./User/spi.o
                0x0000000000005856                DMA1_Channel3_IRQHandler
 .text.SetSysClockTo72_HSE
                0x0000000000005884       0xc6 ./User/system_ch32v10x.o
 .text.SystemInit
                0x000000000000594a       0x44 ./User/system_ch32v10x.o
                0x000000000000594a                SystemInit
 .text.SystemCoreClockUpdate
                0x000000000000598e       0x76 ./User/system_ch32v10x.o
                0x000000000000598e                SystemCoreClockUpdate
 .text.SetSysClock
                0x0000000000005a04        0x4 ./User/system_ch32v10x.o
                0x0000000000005a04                SetSysClock
 .text.TIM2_IRQHandler
                0x0000000000005a08       0x28 ./User/tick.o
                0x0000000000005a08                TIM2_IRQHandler
 .text._systick_init
                0x0000000000005a30       0x68 ./User/tick.o
                0x0000000000005a30                _systick_init
 .text.SysTick_Init
                0x0000000000005a98       0x12 ./User/tick.o
                0x0000000000005a98                SysTick_Init
 .text.Get_Systick_US
                0x0000000000005aaa       0x18 ./User/tick.o
                0x0000000000005aaa                Get_Systick_US
 .text.Get_Systick_MS
                0x0000000000005ac2        0x6 ./User/tick.o
                0x0000000000005ac2                Get_Systick_MS
 .text.HighPrecisionTimer_Init
                0x0000000000005ac8       0x16 ./User/tick.o
                0x0000000000005ac8                HighPrecisionTimer_Init
 .text.wait_nonblocking_us
                0x0000000000005ade       0x3c ./User/tick.o
                0x0000000000005ade                wait_nonblocking_us
 .text.Delay_Us
                0x0000000000005b1a       0x20 ./User/tick.o
                0x0000000000005b1a                Delay_Us
 .text.Delay_Ms
                0x0000000000005b3a       0x18 ./User/tick.o
                0x0000000000005b3a                Delay_Ms
 .text.decode_uart_pkt.part.0
                0x0000000000005b52       0x52 ./User/uart.o
 .text.UART1_DMA_Init
                0x0000000000005ba4       0xae ./User/uart.o
                0x0000000000005ba4                UART1_DMA_Init
 .text.UART1_Init
                0x0000000000005c52       0xde ./User/uart.o
                0x0000000000005c52                UART1_Init
 .text.UART1_DMA_Tx
                0x0000000000005d30       0x48 ./User/uart.o
                0x0000000000005d30                UART1_DMA_Tx
 .text.UART1_Tx_Service
                0x0000000000005d78       0xb2 ./User/uart.o
                0x0000000000005d78                UART1_Tx_Service
 .text.encode_uart_pkt
                0x0000000000005e2a       0xae ./User/uart.o
                0x0000000000005e2a                encode_uart_pkt
 .text.check_uart_pkt
                0x0000000000005ed8       0x34 ./User/uart.o
                0x0000000000005ed8                check_uart_pkt
 .text.UART1_Rx_Service
                0x0000000000005f0c      0x13c ./User/uart.o
                0x0000000000005f0c                UART1_Rx_Service
 .text.send_uart_pkt
                0x0000000000006048       0x4a ./User/uart.o
                0x0000000000006048                send_uart_pkt
 .text.send_uart_large_pkt
                0x0000000000006092       0x9e ./User/uart.o
                0x0000000000006092                send_uart_large_pkt
 .text.reliable_uart_send_acc.part.0
                0x0000000000006130       0x28 ./User/uart_com.o
 .text.uart_conf_write
                0x0000000000006158       0x6a ./User/uart_com.o
                0x0000000000006158                uart_conf_write
 .text.imu_buffer_reset_notifier
                0x00000000000061c2        0x8 ./User/uart_com.o
                0x00000000000061c2                imu_buffer_reset_notifier
 .text.send_input_with_uart
                0x00000000000061ca       0x64 ./User/uart_com.o
                0x00000000000061ca                send_input_with_uart
 .text.set_bt_connect_mode
                0x000000000000622e        0x6 ./User/uart_com.o
                0x000000000000622e                set_bt_connect_mode
 .text.start_connect
                0x0000000000006234       0xbc ./User/uart_com.o
                0x0000000000006234                start_connect
 .text.wake_esp32
                0x00000000000062f0       0x38 ./User/uart_com.o
                0x00000000000062f0                wake_esp32
 .text.recv_esp32_connect_control
                0x0000000000006328       0xe2 ./User/uart_com.o
                0x0000000000006328                recv_esp32_connect_control
 .text.recv_rumble_frame
                0x000000000000640a       0x24 ./User/uart_com.o
                0x000000000000640a                recv_rumble_frame
 .text.recv_pwr_control
                0x000000000000642e       0x58 ./User/uart_com.o
                0x000000000000642e                recv_pwr_control
 .text.recv_flash_operation
                0x0000000000006486      0x10a ./User/uart_com.o
                0x0000000000006486                recv_flash_operation
 .text.connection_state_handler
                0x0000000000006590      0x126 ./User/uart_com.o
                0x0000000000006590                connection_state_handler
 .text.reliable_uart_init
                0x00000000000066b6       0x36 ./User/uart_com.o
                0x00000000000066b6                reliable_uart_init
 .text.reliable_uart_task
                0x00000000000066ec       0x7c ./User/uart_com.o
                0x00000000000066ec                reliable_uart_task
 .text.reliable_uart_handler
                0x0000000000006768       0x86 ./User/uart_com.o
                0x0000000000006768                reliable_uart_handler
 .text.recv_esp32_pkg
                0x00000000000067ee       0x56 ./User/uart_com.o
                0x00000000000067ee                recv_esp32_pkg
 .text.uart_com_task
                0x0000000000006844       0x60 ./User/uart_com.o
                0x0000000000006844                uart_com_task
 .text.ns_set_peripheral_data_getter
                0x00000000000068a4        0x6 ./User/usbd_compatibility_hid.o
                0x00000000000068a4                ns_set_peripheral_data_getter
 .text.ns_hid_get_packet_timer
                0x00000000000068aa       0x3e ./User/usbd_compatibility_hid.o
                0x00000000000068aa                ns_hid_get_packet_timer
 .text.rpt_wrapper
                0x00000000000068e8       0x8e ./User/usbd_compatibility_hid.o
                0x00000000000068e8                rpt_wrapper
 .text.set_imu_available
                0x0000000000006976        0x8 ./User/usbd_compatibility_hid.o
                0x0000000000006976                set_imu_available
 .text.hid_init
                0x000000000000697e        0xe ./User/usbd_compatibility_hid.o
                0x000000000000697e                hid_init
 .text.hid_tx_service
                0x000000000000698c       0xec ./User/usbd_compatibility_hid.o
                0x000000000000698c                hid_tx_service
 .text.hid_rx_service
                0x0000000000006a78       0x5c ./User/usbd_compatibility_hid.o
                0x0000000000006a78                hid_rx_service
 .text.vector_handler
                0x0000000000006ad4        0x2 ./Startup/startup_ch32v10x.o
                0x0000000000006ad4                EXTI2_IRQHandler
                0x0000000000006ad4                TIM1_CC_IRQHandler
                0x0000000000006ad4                SysTick_Handler
                0x0000000000006ad4                PVD_IRQHandler
                0x0000000000006ad4                EXTI3_IRQHandler
                0x0000000000006ad4                EXTI0_IRQHandler
                0x0000000000006ad4                I2C2_EV_IRQHandler
                0x0000000000006ad4                ADC1_2_IRQHandler
                0x0000000000006ad4                SPI1_IRQHandler
                0x0000000000006ad4                TAMPER_IRQHandler
                0x0000000000006ad4                DMA1_Channel4_IRQHandler
                0x0000000000006ad4                USART3_IRQHandler
                0x0000000000006ad4                RTC_IRQHandler
                0x0000000000006ad4                DMA1_Channel7_IRQHandler
                0x0000000000006ad4                TIM4_IRQHandler
                0x0000000000006ad4                I2C1_EV_IRQHandler
                0x0000000000006ad4                DMA1_Channel6_IRQHandler
                0x0000000000006ad4                RCC_IRQHandler
                0x0000000000006ad4                TIM1_TRG_COM_IRQHandler
                0x0000000000006ad4                DMA1_Channel1_IRQHandler
                0x0000000000006ad4                EXTI15_10_IRQHandler
                0x0000000000006ad4                EXTI9_5_IRQHandler
                0x0000000000006ad4                SPI2_IRQHandler
                0x0000000000006ad4                DMA1_Channel5_IRQHandler
                0x0000000000006ad4                EXTI4_IRQHandler
                0x0000000000006ad4                TIM1_UP_IRQHandler
                0x0000000000006ad4                WWDG_IRQHandler
                0x0000000000006ad4                SW_Handler
                0x0000000000006ad4                TIM1_BRK_IRQHandler
                0x0000000000006ad4                EXTI1_IRQHandler
                0x0000000000006ad4                RTCAlarm_IRQHandler
                0x0000000000006ad4                USART2_IRQHandler
                0x0000000000006ad4                DMA1_Channel2_IRQHandler
                0x0000000000006ad4                FLASH_IRQHandler
                0x0000000000006ad4                USART1_IRQHandler
                0x0000000000006ad4                I2C1_ER_IRQHandler
                0x0000000000006ad4                USBWakeUp_IRQHandler
 .text.handle_reset
                0x0000000000006ad6       0x7e ./Startup/startup_ch32v10x.o
                0x0000000000006ad6                handle_reset
 .text.ADC_DeInit
                0x0000000000006b54       0x2a ./Peripheral/src/ch32v10x_adc.o
                0x0000000000006b54                ADC_DeInit
 .text.ADC_Init
                0x0000000000006b7e       0x50 ./Peripheral/src/ch32v10x_adc.o
                0x0000000000006b7e                ADC_Init
 .text.ADC_Cmd  0x0000000000006bce       0x10 ./Peripheral/src/ch32v10x_adc.o
                0x0000000000006bce                ADC_Cmd
 .text.ADC_DMACmd
                0x0000000000006bde       0x12 ./Peripheral/src/ch32v10x_adc.o
                0x0000000000006bde                ADC_DMACmd
 .text.ADC_ResetCalibration
                0x0000000000006bf0        0xa ./Peripheral/src/ch32v10x_adc.o
                0x0000000000006bf0                ADC_ResetCalibration
 .text.ADC_GetResetCalibrationStatus
                0x0000000000006bfa        0x8 ./Peripheral/src/ch32v10x_adc.o
                0x0000000000006bfa                ADC_GetResetCalibrationStatus
 .text.ADC_StartCalibration
                0x0000000000006c02        0xa ./Peripheral/src/ch32v10x_adc.o
                0x0000000000006c02                ADC_StartCalibration
 .text.ADC_GetCalibrationStatus
                0x0000000000006c0c        0x8 ./Peripheral/src/ch32v10x_adc.o
                0x0000000000006c0c                ADC_GetCalibrationStatus
 .text.ADC_SoftwareStartConvCmd
                0x0000000000006c14       0x18 ./Peripheral/src/ch32v10x_adc.o
                0x0000000000006c14                ADC_SoftwareStartConvCmd
 .text.ADC_RegularChannelConfig
                0x0000000000006c2c       0xb8 ./Peripheral/src/ch32v10x_adc.o
                0x0000000000006c2c                ADC_RegularChannelConfig
 .text.Get_CalibrationValue
                0x0000000000006ce4      0x182 ./Peripheral/src/ch32v10x_adc.o
                0x0000000000006ce4                Get_CalibrationValue
 .text.DMA_DeInit
                0x0000000000006e66       0xe0 ./Peripheral/src/ch32v10x_dma.o
                0x0000000000006e66                DMA_DeInit
 .text.DMA_Init
                0x0000000000006f46       0x38 ./Peripheral/src/ch32v10x_dma.o
                0x0000000000006f46                DMA_Init
 .text.DMA_Cmd  0x0000000000006f7e       0x14 ./Peripheral/src/ch32v10x_dma.o
                0x0000000000006f7e                DMA_Cmd
 .text.DMA_GetCurrDataCounter
                0x0000000000006f92        0x8 ./Peripheral/src/ch32v10x_dma.o
                0x0000000000006f92                DMA_GetCurrDataCounter
 .text.DMA_GetFlagStatus
                0x0000000000006f9a       0x20 ./Peripheral/src/ch32v10x_dma.o
                0x0000000000006f9a                DMA_GetFlagStatus
 .text.DMA_ClearFlag
                0x0000000000006fba       0x1a ./Peripheral/src/ch32v10x_dma.o
                0x0000000000006fba                DMA_ClearFlag
 .text.DMA_GetITStatus
                0x0000000000006fd4        0x4 ./Peripheral/src/ch32v10x_dma.o
                0x0000000000006fd4                DMA_GetITStatus
 .text.DMA_ClearITPendingBit
                0x0000000000006fd8        0x4 ./Peripheral/src/ch32v10x_dma.o
                0x0000000000006fd8                DMA_ClearITPendingBit
 .text.EXTI_Init
                0x0000000000006fdc       0x62 ./Peripheral/src/ch32v10x_exti.o
                0x0000000000006fdc                EXTI_Init
 .text.ROM_ERASE
                0x000000000000703e       0x80 ./Peripheral/src/ch32v10x_flash.o
 .text.FLASH_ROM_ERASE
                0x00000000000070be      0x11a ./Peripheral/src/ch32v10x_flash.o
                0x00000000000070be                FLASH_ROM_ERASE
 .text.FLASH_ROM_WRITE
                0x00000000000071d8      0x11a ./Peripheral/src/ch32v10x_flash.o
                0x00000000000071d8                FLASH_ROM_WRITE
 .text.GPIO_Init
                0x00000000000072f2       0xbe ./Peripheral/src/ch32v10x_gpio.o
                0x00000000000072f2                GPIO_Init
 .text.GPIO_ReadInputDataBit
                0x00000000000073b0        0xc ./Peripheral/src/ch32v10x_gpio.o
                0x00000000000073b0                GPIO_ReadInputDataBit
 .text.GPIO_SetBits
                0x00000000000073bc        0x4 ./Peripheral/src/ch32v10x_gpio.o
                0x00000000000073bc                GPIO_SetBits
 .text.GPIO_ResetBits
                0x00000000000073c0        0x4 ./Peripheral/src/ch32v10x_gpio.o
                0x00000000000073c0                GPIO_ResetBits
 .text.GPIO_WriteBit
                0x00000000000073c4        0xa ./Peripheral/src/ch32v10x_gpio.o
                0x00000000000073c4                GPIO_WriteBit
 .text.GPIO_EXTILineConfig
                0x00000000000073ce       0x2c ./Peripheral/src/ch32v10x_gpio.o
                0x00000000000073ce                GPIO_EXTILineConfig
 .text.I2C_DeInit
                0x00000000000073fa       0x32 ./Peripheral/src/ch32v10x_i2c.o
                0x00000000000073fa                I2C_DeInit
 .text.I2C_Init
                0x000000000000742c      0x112 ./Peripheral/src/ch32v10x_i2c.o
                0x000000000000742c                I2C_Init
 .text.I2C_Cmd  0x000000000000753e       0x1c ./Peripheral/src/ch32v10x_i2c.o
                0x000000000000753e                I2C_Cmd
 .text.I2C_GenerateSTART
                0x000000000000755a       0x1e ./Peripheral/src/ch32v10x_i2c.o
                0x000000000000755a                I2C_GenerateSTART
 .text.I2C_GenerateSTOP
                0x0000000000007578       0x1e ./Peripheral/src/ch32v10x_i2c.o
                0x0000000000007578                I2C_GenerateSTOP
 .text.I2C_AcknowledgeConfig
                0x0000000000007596       0x1e ./Peripheral/src/ch32v10x_i2c.o
                0x0000000000007596                I2C_AcknowledgeConfig
 .text.I2C_SendData
                0x00000000000075b4        0x6 ./Peripheral/src/ch32v10x_i2c.o
                0x00000000000075b4                I2C_SendData
 .text.I2C_ReceiveData
                0x00000000000075ba        0xa ./Peripheral/src/ch32v10x_i2c.o
                0x00000000000075ba                I2C_ReceiveData
 .text.I2C_Send7bitAddress
                0x00000000000075c4       0x10 ./Peripheral/src/ch32v10x_i2c.o
                0x00000000000075c4                I2C_Send7bitAddress
 .text.I2C_SoftwareResetCmd
                0x00000000000075d4       0x16 ./Peripheral/src/ch32v10x_i2c.o
                0x00000000000075d4                I2C_SoftwareResetCmd
 .text.I2C_NACKPositionConfig
                0x00000000000075ea       0x26 ./Peripheral/src/ch32v10x_i2c.o
                0x00000000000075ea                I2C_NACKPositionConfig
 .text.I2C_CheckEvent
                0x0000000000007610       0x1a ./Peripheral/src/ch32v10x_i2c.o
                0x0000000000007610                I2C_CheckEvent
 .text.I2C_GetFlagStatus
                0x000000000000762a       0x32 ./Peripheral/src/ch32v10x_i2c.o
                0x000000000000762a                I2C_GetFlagStatus
 .text.NVIC_PriorityGroupConfig
                0x000000000000765c       0x10 ./Peripheral/src/ch32v10x_misc.o
                0x000000000000765c                NVIC_PriorityGroupConfig
 .text.NVIC_Init
                0x000000000000766c       0x6e ./Peripheral/src/ch32v10x_misc.o
                0x000000000000766c                NVIC_Init
 .text.PWR_PVDCmd
                0x00000000000076da       0x14 ./Peripheral/src/ch32v10x_pwr.o
                0x00000000000076da                PWR_PVDCmd
 .text.PWR_PVDLevelConfig
                0x00000000000076ee       0x10 ./Peripheral/src/ch32v10x_pwr.o
                0x00000000000076ee                PWR_PVDLevelConfig
 .text.PWR_GetFlagStatus
                0x00000000000076fe        0xe ./Peripheral/src/ch32v10x_pwr.o
                0x00000000000076fe                PWR_GetFlagStatus
 .text.PWR_VDD_SupplyVoltage
                0x000000000000770c       0x42 ./Peripheral/src/ch32v10x_pwr.o
                0x000000000000770c                PWR_VDD_SupplyVoltage
 .text.RCC_HSICmd
                0x000000000000774e       0x14 ./Peripheral/src/ch32v10x_rcc.o
                0x000000000000774e                RCC_HSICmd
 .text.RCC_USBCLKConfig
                0x0000000000007762       0x24 ./Peripheral/src/ch32v10x_rcc.o
                0x0000000000007762                RCC_USBCLKConfig
 .text.RCC_ADCCLKConfig
                0x0000000000007786       0x12 ./Peripheral/src/ch32v10x_rcc.o
                0x0000000000007786                RCC_ADCCLKConfig
 .text.RCC_LSICmd
                0x0000000000007798       0x14 ./Peripheral/src/ch32v10x_rcc.o
                0x0000000000007798                RCC_LSICmd
 .text.RCC_GetClocksFreq
                0x00000000000077ac       0xb0 ./Peripheral/src/ch32v10x_rcc.o
                0x00000000000077ac                RCC_GetClocksFreq
 .text.RCC_AHBPeriphClockCmd
                0x000000000000785c       0x1e ./Peripheral/src/ch32v10x_rcc.o
                0x000000000000785c                RCC_AHBPeriphClockCmd
 .text.RCC_APB2PeriphClockCmd
                0x000000000000787a       0x1e ./Peripheral/src/ch32v10x_rcc.o
                0x000000000000787a                RCC_APB2PeriphClockCmd
 .text.RCC_APB1PeriphClockCmd
                0x0000000000007898       0x1e ./Peripheral/src/ch32v10x_rcc.o
                0x0000000000007898                RCC_APB1PeriphClockCmd
 .text.RCC_APB2PeriphResetCmd
                0x00000000000078b6       0x1e ./Peripheral/src/ch32v10x_rcc.o
                0x00000000000078b6                RCC_APB2PeriphResetCmd
 .text.RCC_APB1PeriphResetCmd
                0x00000000000078d4       0x1e ./Peripheral/src/ch32v10x_rcc.o
                0x00000000000078d4                RCC_APB1PeriphResetCmd
 .text.RCC_GetFlagStatus
                0x00000000000078f2       0x2e ./Peripheral/src/ch32v10x_rcc.o
                0x00000000000078f2                RCC_GetFlagStatus
 .text.SPI_Init
                0x0000000000007920       0x5a ./Peripheral/src/ch32v10x_spi.o
                0x0000000000007920                SPI_Init
 .text.SPI_Cmd  0x000000000000797a       0x1e ./Peripheral/src/ch32v10x_spi.o
                0x000000000000797a                SPI_Cmd
 .text.SPI_I2S_DMACmd
                0x0000000000007998       0x16 ./Peripheral/src/ch32v10x_spi.o
                0x0000000000007998                SPI_I2S_DMACmd
 .text.TIM_TimeBaseInit
                0x00000000000079ae       0x78 ./Peripheral/src/ch32v10x_tim.o
                0x00000000000079ae                TIM_TimeBaseInit
 .text.TIM_OC3Init
                0x0000000000007a26       0xb0 ./Peripheral/src/ch32v10x_tim.o
                0x0000000000007a26                TIM_OC3Init
 .text.TIM_OC4Init
                0x0000000000007ad6       0x80 ./Peripheral/src/ch32v10x_tim.o
                0x0000000000007ad6                TIM_OC4Init
 .text.TIM_Cmd  0x0000000000007b56       0x1c ./Peripheral/src/ch32v10x_tim.o
                0x0000000000007b56                TIM_Cmd
 .text.TIM_CtrlPWMOutputs
                0x0000000000007b72       0x16 ./Peripheral/src/ch32v10x_tim.o
                0x0000000000007b72                TIM_CtrlPWMOutputs
 .text.TIM_ITConfig
                0x0000000000007b88       0x16 ./Peripheral/src/ch32v10x_tim.o
                0x0000000000007b88                TIM_ITConfig
 .text.TIM_ARRPreloadConfig
                0x0000000000007b9e       0x1e ./Peripheral/src/ch32v10x_tim.o
                0x0000000000007b9e                TIM_ARRPreloadConfig
 .text.TIM_OC3PreloadConfig
                0x0000000000007bbc       0x12 ./Peripheral/src/ch32v10x_tim.o
                0x0000000000007bbc                TIM_OC3PreloadConfig
 .text.TIM_OC4PreloadConfig
                0x0000000000007bce       0x1a ./Peripheral/src/ch32v10x_tim.o
                0x0000000000007bce                TIM_OC4PreloadConfig
 .text.TIM_SetCompare3
                0x0000000000007be8        0x6 ./Peripheral/src/ch32v10x_tim.o
                0x0000000000007be8                TIM_SetCompare3
 .text.TIM_SetCompare4
                0x0000000000007bee        0x6 ./Peripheral/src/ch32v10x_tim.o
                0x0000000000007bee                TIM_SetCompare4
 .text.TIM_GetFlagStatus
                0x0000000000007bf4        0xc ./Peripheral/src/ch32v10x_tim.o
                0x0000000000007bf4                TIM_GetFlagStatus
 .text.TIM_GetITStatus
                0x0000000000007c00       0x1c ./Peripheral/src/ch32v10x_tim.o
                0x0000000000007c00                TIM_GetITStatus
 .text.TIM_ClearITPendingBit
                0x0000000000007c1c        0xe ./Peripheral/src/ch32v10x_tim.o
                0x0000000000007c1c                TIM_ClearITPendingBit
 .text.USART_Init
                0x0000000000007c2a       0xa6 ./Peripheral/src/ch32v10x_usart.o
                0x0000000000007c2a                USART_Init
 .text.USART_Cmd
                0x0000000000007cd0       0x18 ./Peripheral/src/ch32v10x_usart.o
                0x0000000000007cd0                USART_Cmd
 .text.USART_DMACmd
                0x0000000000007ce8       0x16 ./Peripheral/src/ch32v10x_usart.o
                0x0000000000007ce8                USART_DMACmd
 .text.USART_GetFlagStatus
                0x0000000000007cfe        0xc ./Peripheral/src/ch32v10x_usart.o
                0x0000000000007cfe                USART_GetFlagStatus
 .text.USART_ClearFlag
                0x0000000000007d0a        0xe ./Peripheral/src/ch32v10x_usart.o
                0x0000000000007d0a                USART_ClearFlag
 .text.USART_printf_Init
                0x0000000000007d18        0x2 ./Debug/debug.o
                0x0000000000007d18                USART_printf_Init
 .text._write   0x0000000000007d1a        0x4 ./Debug/debug.o
                0x0000000000007d1a                _write
 .text._sbrk    0x0000000000007d1e       0x2a ./Debug/debug.o
                0x0000000000007d1e                _sbrk
 .text.sqrtf    0x0000000000007d48       0x48 d:/mounriver_studio/toolchain/risc-v embedded gcc12/bin/../lib/gcc/riscv-none-elf/12.2.0/../../../../riscv-none-elf/lib\libm_nano.a(lib_a-wf_sqrt.o)
                0x0000000000007d48                sqrtf
 .text.__ieee754_sqrtf
                0x0000000000007d90      0x114 d:/mounriver_studio/toolchain/risc-v embedded gcc12/bin/../lib/gcc/riscv-none-elf/12.2.0/../../../../riscv-none-elf/lib\libm_nano.a(lib_a-ef_sqrt.o)
                0x0000000000007d90                __ieee754_sqrtf
 .text.__udivdi3
                0x0000000000007ea4      0x3b0 d:/mounriver_studio/toolchain/risc-v embedded gcc12/bin/../lib/gcc/riscv-none-elf/12.2.0\libgcc.a(_udivdi3.o)
                0x0000000000007ea4                __udivdi3
 .text.__adddf3
                0x0000000000008254      0x6e8 d:/mounriver_studio/toolchain/risc-v embedded gcc12/bin/../lib/gcc/riscv-none-elf/12.2.0\libgcc.a(adddf3.o)
                0x0000000000008254                __adddf3
 .text.__divdf3
                0x000000000000893c      0x5ae d:/mounriver_studio/toolchain/risc-v embedded gcc12/bin/../lib/gcc/riscv-none-elf/12.2.0\libgcc.a(divdf3.o)
                0x000000000000893c                __divdf3
 .text.__muldf3
                0x0000000000008eea      0x54a d:/mounriver_studio/toolchain/risc-v embedded gcc12/bin/../lib/gcc/riscv-none-elf/12.2.0\libgcc.a(muldf3.o)
                0x0000000000008eea                __muldf3
 .text.__subdf3
                0x0000000000009434      0x736 d:/mounriver_studio/toolchain/risc-v embedded gcc12/bin/../lib/gcc/riscv-none-elf/12.2.0\libgcc.a(subdf3.o)
                0x0000000000009434                __subdf3
 .text.__floatsidf
                0x0000000000009b6a       0x70 d:/mounriver_studio/toolchain/risc-v embedded gcc12/bin/../lib/gcc/riscv-none-elf/12.2.0\libgcc.a(floatsidf.o)
                0x0000000000009b6a                __floatsidf
 .text.__floatunsidf
                0x0000000000009bda       0x70 d:/mounriver_studio/toolchain/risc-v embedded gcc12/bin/../lib/gcc/riscv-none-elf/12.2.0\libgcc.a(floatunsidf.o)
                0x0000000000009bda                __floatunsidf
 .text.__addsf3
                0x0000000000009c4a      0x368 d:/mounriver_studio/toolchain/risc-v embedded gcc12/bin/../lib/gcc/riscv-none-elf/12.2.0\libgcc.a(addsf3.o)
                0x0000000000009c4a                __addsf3
 .text.__divsf3
                0x0000000000009fb2      0x2ea d:/mounriver_studio/toolchain/risc-v embedded gcc12/bin/../lib/gcc/riscv-none-elf/12.2.0\libgcc.a(divsf3.o)
                0x0000000000009fb2                __divsf3
 .text.__gesf2  0x000000000000a29c       0x96 d:/mounriver_studio/toolchain/risc-v embedded gcc12/bin/../lib/gcc/riscv-none-elf/12.2.0\libgcc.a(gesf2.o)
                0x000000000000a29c                __gesf2
                0x000000000000a29c                __gtsf2
 .text.__lesf2  0x000000000000a332       0x98 d:/mounriver_studio/toolchain/risc-v embedded gcc12/bin/../lib/gcc/riscv-none-elf/12.2.0\libgcc.a(lesf2.o)
                0x000000000000a332                __ltsf2
                0x000000000000a332                __lesf2
 .text.__mulsf3
                0x000000000000a3ca      0x2dc d:/mounriver_studio/toolchain/risc-v embedded gcc12/bin/../lib/gcc/riscv-none-elf/12.2.0\libgcc.a(mulsf3.o)
                0x000000000000a3ca                __mulsf3
 .text.__subsf3
                0x000000000000a6a6      0x38c d:/mounriver_studio/toolchain/risc-v embedded gcc12/bin/../lib/gcc/riscv-none-elf/12.2.0\libgcc.a(subsf3.o)
                0x000000000000a6a6                __subsf3
 .text.__unordsf2
                0x000000000000aa32       0x3c d:/mounriver_studio/toolchain/risc-v embedded gcc12/bin/../lib/gcc/riscv-none-elf/12.2.0\libgcc.a(unordsf2.o)
                0x000000000000aa32                __unordsf2
 .text.__fixsfsi
                0x000000000000aa6e       0x60 d:/mounriver_studio/toolchain/risc-v embedded gcc12/bin/../lib/gcc/riscv-none-elf/12.2.0\libgcc.a(fixsfsi.o)
                0x000000000000aa6e                __fixsfsi
 .text.__floatsisf
                0x000000000000aace       0xcc d:/mounriver_studio/toolchain/risc-v embedded gcc12/bin/../lib/gcc/riscv-none-elf/12.2.0\libgcc.a(floatsisf.o)
                0x000000000000aace                __floatsisf
 .text.__fixsfdi
                0x000000000000ab9a       0x96 d:/mounriver_studio/toolchain/risc-v embedded gcc12/bin/../lib/gcc/riscv-none-elf/12.2.0\libgcc.a(fixsfdi.o)
                0x000000000000ab9a                __fixsfdi
 .text.__floatdisf
                0x000000000000ac30      0x146 d:/mounriver_studio/toolchain/risc-v embedded gcc12/bin/../lib/gcc/riscv-none-elf/12.2.0\libgcc.a(floatdisf.o)
                0x000000000000ac30                __floatdisf
 .text.__truncdfsf2
                0x000000000000ad76      0x16c d:/mounriver_studio/toolchain/risc-v embedded gcc12/bin/../lib/gcc/riscv-none-elf/12.2.0\libgcc.a(truncdfsf2.o)
                0x000000000000ad76                __truncdfsf2
 .text.__clzsi2
                0x000000000000aee2       0x6e d:/mounriver_studio/toolchain/risc-v embedded gcc12/bin/../lib/gcc/riscv-none-elf/12.2.0\libgcc.a(_clzsi2.o)
                0x000000000000aee2                __clzsi2
 .text.__errno  0x000000000000af50        0x6 d:/mounriver_studio/toolchain/risc-v embedded gcc12/bin/../lib/gcc/riscv-none-elf/12.2.0/../../../../riscv-none-elf/lib\libg_nano.a(lib_a-errno.o)
                0x000000000000af50                __errno
 .text.printf   0x000000000000af56       0x3a d:/mounriver_studio/toolchain/risc-v embedded gcc12/bin/../lib/gcc/riscv-none-elf/12.2.0/../../../../riscv-none-elf/lib\libg_nano.a(lib_a-printf.o)
                0x000000000000af56                iprintf
                0x000000000000af56                printf
 .text._puts_r  0x000000000000af90      0x10e d:/mounriver_studio/toolchain/risc-v embedded gcc12/bin/../lib/gcc/riscv-none-elf/12.2.0/../../../../riscv-none-elf/lib\libg_nano.a(lib_a-puts.o)
                0x000000000000af90                _puts_r
 .text.puts     0x000000000000b09e        0xa d:/mounriver_studio/toolchain/risc-v embedded gcc12/bin/../lib/gcc/riscv-none-elf/12.2.0/../../../../riscv-none-elf/lib\libg_nano.a(lib_a-puts.o)
                0x000000000000b09e                puts
 .text.__swbuf_r
                0x000000000000b0a8       0xc0 d:/mounriver_studio/toolchain/risc-v embedded gcc12/bin/../lib/gcc/riscv-none-elf/12.2.0/../../../../riscv-none-elf/lib\libg_nano.a(lib_a-wbuf.o)
                0x000000000000b0a8                __swbuf_r
 .text.__swsetup_r
                0x000000000000b168       0xfa d:/mounriver_studio/toolchain/risc-v embedded gcc12/bin/../lib/gcc/riscv-none-elf/12.2.0/../../../../riscv-none-elf/lib\libg_nano.a(lib_a-wsetup.o)
                0x000000000000b168                __swsetup_r
 .text.__sflush_r
                0x000000000000b262      0x138 d:/mounriver_studio/toolchain/risc-v embedded gcc12/bin/../lib/gcc/riscv-none-elf/12.2.0/../../../../riscv-none-elf/lib\libg_nano.a(lib_a-fflush.o)
                0x000000000000b262                __sflush_r
 .text._fflush_r
                0x000000000000b39a       0x8a d:/mounriver_studio/toolchain/risc-v embedded gcc12/bin/../lib/gcc/riscv-none-elf/12.2.0/../../../../riscv-none-elf/lib\libg_nano.a(lib_a-fflush.o)
                0x000000000000b39a                _fflush_r
 .text.std      0x000000000000b424       0x6a d:/mounriver_studio/toolchain/risc-v embedded gcc12/bin/../lib/gcc/riscv-none-elf/12.2.0/../../../../riscv-none-elf/lib\libg_nano.a(lib_a-findfp.o)
 .text._cleanup_r
                0x000000000000b48e        0xa d:/mounriver_studio/toolchain/risc-v embedded gcc12/bin/../lib/gcc/riscv-none-elf/12.2.0/../../../../riscv-none-elf/lib\libg_nano.a(lib_a-findfp.o)
                0x000000000000b48e                _cleanup_r
 .text.__sfmoreglue
                0x000000000000b498       0x46 d:/mounriver_studio/toolchain/risc-v embedded gcc12/bin/../lib/gcc/riscv-none-elf/12.2.0/../../../../riscv-none-elf/lib\libg_nano.a(lib_a-findfp.o)
                0x000000000000b498                __sfmoreglue
 .text.__sfp_lock_acquire
                0x000000000000b4de        0x6 d:/mounriver_studio/toolchain/risc-v embedded gcc12/bin/../lib/gcc/riscv-none-elf/12.2.0/../../../../riscv-none-elf/lib\libg_nano.a(lib_a-findfp.o)
                0x000000000000b4de                __sfp_lock_acquire
 .text.__sfp_lock_release
                0x000000000000b4e4        0x6 d:/mounriver_studio/toolchain/risc-v embedded gcc12/bin/../lib/gcc/riscv-none-elf/12.2.0/../../../../riscv-none-elf/lib\libg_nano.a(lib_a-findfp.o)
                0x000000000000b4e4                __sfp_lock_release
 .text.__sinit_lock_acquire
                0x000000000000b4ea        0x6 d:/mounriver_studio/toolchain/risc-v embedded gcc12/bin/../lib/gcc/riscv-none-elf/12.2.0/../../../../riscv-none-elf/lib\libg_nano.a(lib_a-findfp.o)
                0x000000000000b4ea                __sinit_lock_acquire
 .text.__sinit_lock_release
                0x000000000000b4f0        0x6 d:/mounriver_studio/toolchain/risc-v embedded gcc12/bin/../lib/gcc/riscv-none-elf/12.2.0/../../../../riscv-none-elf/lib\libg_nano.a(lib_a-findfp.o)
                0x000000000000b4f0                __sinit_lock_release
 .text.__sinit  0x000000000000b4f6       0x72 d:/mounriver_studio/toolchain/risc-v embedded gcc12/bin/../lib/gcc/riscv-none-elf/12.2.0/../../../../riscv-none-elf/lib\libg_nano.a(lib_a-findfp.o)
                0x000000000000b4f6                __sinit
 .text.__sfp    0x000000000000b568       0xb0 d:/mounriver_studio/toolchain/risc-v embedded gcc12/bin/../lib/gcc/riscv-none-elf/12.2.0/../../../../riscv-none-elf/lib\libg_nano.a(lib_a-findfp.o)
                0x000000000000b568                __sfp
 .text._fwalk_reent
                0x000000000000b618       0x6a d:/mounriver_studio/toolchain/risc-v embedded gcc12/bin/../lib/gcc/riscv-none-elf/12.2.0/../../../../riscv-none-elf/lib\libg_nano.a(lib_a-fwalk.o)
                0x000000000000b618                _fwalk_reent
 .text.__retarget_lock_init_recursive
                0x000000000000b682        0x2 d:/mounriver_studio/toolchain/risc-v embedded gcc12/bin/../lib/gcc/riscv-none-elf/12.2.0/../../../../riscv-none-elf/lib\libg_nano.a(lib_a-lock.o)
                0x000000000000b682                __retarget_lock_init_recursive
 .text.__retarget_lock_acquire_recursive
                0x000000000000b684        0x2 d:/mounriver_studio/toolchain/risc-v embedded gcc12/bin/../lib/gcc/riscv-none-elf/12.2.0/../../../../riscv-none-elf/lib\libg_nano.a(lib_a-lock.o)
                0x000000000000b684                __retarget_lock_acquire_recursive
 .text.__retarget_lock_release_recursive
                0x000000000000b686        0x2 d:/mounriver_studio/toolchain/risc-v embedded gcc12/bin/../lib/gcc/riscv-none-elf/12.2.0/../../../../riscv-none-elf/lib\libg_nano.a(lib_a-lock.o)
                0x000000000000b686                __retarget_lock_release_recursive
 .text.__swhatbuf_r
                0x000000000000b688       0x5c d:/mounriver_studio/toolchain/risc-v embedded gcc12/bin/../lib/gcc/riscv-none-elf/12.2.0/../../../../riscv-none-elf/lib\libg_nano.a(lib_a-makebuf.o)
                0x000000000000b688                __swhatbuf_r
 .text.__smakebuf_r
                0x000000000000b6e4       0xa4 d:/mounriver_studio/toolchain/risc-v embedded gcc12/bin/../lib/gcc/riscv-none-elf/12.2.0/../../../../riscv-none-elf/lib\libg_nano.a(lib_a-makebuf.o)
                0x000000000000b6e4                __smakebuf_r
 .text._free_r  0x000000000000b788       0x9e d:/mounriver_studio/toolchain/risc-v embedded gcc12/bin/../lib/gcc/riscv-none-elf/12.2.0/../../../../riscv-none-elf/lib\libg_nano.a(lib_a-nano-freer.o)
                0x000000000000b788                _free_r
 .text.sbrk_aligned
                0x000000000000b826       0x54 d:/mounriver_studio/toolchain/risc-v embedded gcc12/bin/../lib/gcc/riscv-none-elf/12.2.0/../../../../riscv-none-elf/lib\libg_nano.a(lib_a-nano-mallocr.o)
 .text._malloc_r
                0x000000000000b87a      0x10c d:/mounriver_studio/toolchain/risc-v embedded gcc12/bin/../lib/gcc/riscv-none-elf/12.2.0/../../../../riscv-none-elf/lib\libg_nano.a(lib_a-nano-mallocr.o)
                0x000000000000b87a                _malloc_r
 .text.__sfputc_r
                0x000000000000b986       0x2a d:/mounriver_studio/toolchain/risc-v embedded gcc12/bin/../lib/gcc/riscv-none-elf/12.2.0/../../../../riscv-none-elf/lib\libg_nano.a(lib_a-nano-vfprintf.o)
 .text.__sfputs_r
                0x000000000000b9b0       0x44 d:/mounriver_studio/toolchain/risc-v embedded gcc12/bin/../lib/gcc/riscv-none-elf/12.2.0/../../../../riscv-none-elf/lib\libg_nano.a(lib_a-nano-vfprintf.o)
                0x000000000000b9b0                __sfputs_r
 .text._vfprintf_r
                0x000000000000b9f4      0x2da d:/mounriver_studio/toolchain/risc-v embedded gcc12/bin/../lib/gcc/riscv-none-elf/12.2.0/../../../../riscv-none-elf/lib\libg_nano.a(lib_a-nano-vfprintf.o)
                0x000000000000b9f4                _vfprintf_r
                0x000000000000b9f4                _vfiprintf_r
 .text._sbrk_r  0x000000000000bcce       0x28 d:/mounriver_studio/toolchain/risc-v embedded gcc12/bin/../lib/gcc/riscv-none-elf/12.2.0/../../../../riscv-none-elf/lib\libg_nano.a(lib_a-sbrkr.o)
                0x000000000000bcce                _sbrk_r
 .text.__sread  0x000000000000bcf6       0x30 d:/mounriver_studio/toolchain/risc-v embedded gcc12/bin/../lib/gcc/riscv-none-elf/12.2.0/../../../../riscv-none-elf/lib\libg_nano.a(lib_a-stdio.o)
                0x000000000000bcf6                __sread
 .text.__swrite
                0x000000000000bd26       0x4e d:/mounriver_studio/toolchain/risc-v embedded gcc12/bin/../lib/gcc/riscv-none-elf/12.2.0/../../../../riscv-none-elf/lib\libg_nano.a(lib_a-stdio.o)
                0x000000000000bd26                __swrite
 .text.__sseek  0x000000000000bd74       0x36 d:/mounriver_studio/toolchain/risc-v embedded gcc12/bin/../lib/gcc/riscv-none-elf/12.2.0/../../../../riscv-none-elf/lib\libg_nano.a(lib_a-stdio.o)
                0x000000000000bd74                __sseek
 .text.__sclose
                0x000000000000bdaa        0x6 d:/mounriver_studio/toolchain/risc-v embedded gcc12/bin/../lib/gcc/riscv-none-elf/12.2.0/../../../../riscv-none-elf/lib\libg_nano.a(lib_a-stdio.o)
                0x000000000000bdaa                __sclose
 .text._write_r
                0x000000000000bdb0       0x2c d:/mounriver_studio/toolchain/risc-v embedded gcc12/bin/../lib/gcc/riscv-none-elf/12.2.0/../../../../riscv-none-elf/lib\libg_nano.a(lib_a-writer.o)
                0x000000000000bdb0                _write_r
 .text._close_r
                0x000000000000bddc       0x26 d:/mounriver_studio/toolchain/risc-v embedded gcc12/bin/../lib/gcc/riscv-none-elf/12.2.0/../../../../riscv-none-elf/lib\libg_nano.a(lib_a-closer.o)
                0x000000000000bddc                _close_r
 .text._fstat_r
                0x000000000000be02       0x28 d:/mounriver_studio/toolchain/risc-v embedded gcc12/bin/../lib/gcc/riscv-none-elf/12.2.0/../../../../riscv-none-elf/lib\libg_nano.a(lib_a-fstatr.o)
                0x000000000000be02                _fstat_r
 .text._isatty_r
                0x000000000000be2a       0x26 d:/mounriver_studio/toolchain/risc-v embedded gcc12/bin/../lib/gcc/riscv-none-elf/12.2.0/../../../../riscv-none-elf/lib\libg_nano.a(lib_a-isattyr.o)
                0x000000000000be2a                _isatty_r
 .text._lseek_r
                0x000000000000be50       0x2a d:/mounriver_studio/toolchain/risc-v embedded gcc12/bin/../lib/gcc/riscv-none-elf/12.2.0/../../../../riscv-none-elf/lib\libg_nano.a(lib_a-lseekr.o)
                0x000000000000be50                _lseek_r
 .text.memchr   0x000000000000be7a       0x1a d:/mounriver_studio/toolchain/risc-v embedded gcc12/bin/../lib/gcc/riscv-none-elf/12.2.0/../../../../riscv-none-elf/lib\libg_nano.a(lib_a-memchr.o)
                0x000000000000be7a                memchr
 .text.__malloc_lock
                0x000000000000be94        0x8 d:/mounriver_studio/toolchain/risc-v embedded gcc12/bin/../lib/gcc/riscv-none-elf/12.2.0/../../../../riscv-none-elf/lib\libg_nano.a(lib_a-mlock.o)
                0x000000000000be94                __malloc_lock
 .text.__malloc_unlock
                0x000000000000be9c        0x8 d:/mounriver_studio/toolchain/risc-v embedded gcc12/bin/../lib/gcc/riscv-none-elf/12.2.0/../../../../riscv-none-elf/lib\libg_nano.a(lib_a-mlock.o)
                0x000000000000be9c                __malloc_unlock
 .text._printf_common
                0x000000000000bea4      0x110 d:/mounriver_studio/toolchain/risc-v embedded gcc12/bin/../lib/gcc/riscv-none-elf/12.2.0/../../../../riscv-none-elf/lib\libg_nano.a(lib_a-nano-vfprintf_i.o)
                0x000000000000bea4                _printf_common
 .text._printf_i
                0x000000000000bfb4      0x286 d:/mounriver_studio/toolchain/risc-v embedded gcc12/bin/../lib/gcc/riscv-none-elf/12.2.0/../../../../riscv-none-elf/lib\libg_nano.a(lib_a-nano-vfprintf_i.o)
                0x000000000000bfb4                _printf_i
 .text._read_r  0x000000000000c23a       0x2a d:/mounriver_studio/toolchain/risc-v embedded gcc12/bin/../lib/gcc/riscv-none-elf/12.2.0/../../../../riscv-none-elf/lib\libg_nano.a(lib_a-readr.o)
                0x000000000000c23a                _read_r
 .text._close   0x000000000000c264        0xc d:/mounriver_studio/toolchain/risc-v embedded gcc12/bin/../lib/gcc/riscv-none-elf/12.2.0/../../../../riscv-none-elf/lib\libnosys.a(close.o)
                0x000000000000c264                _close
 .text._fstat   0x000000000000c270        0xc d:/mounriver_studio/toolchain/risc-v embedded gcc12/bin/../lib/gcc/riscv-none-elf/12.2.0/../../../../riscv-none-elf/lib\libnosys.a(fstat.o)
                0x000000000000c270                _fstat
 .text._isatty  0x000000000000c27c        0xc d:/mounriver_studio/toolchain/risc-v embedded gcc12/bin/../lib/gcc/riscv-none-elf/12.2.0/../../../../riscv-none-elf/lib\libnosys.a(isatty.o)
                0x000000000000c27c                _isatty
 .text._lseek   0x000000000000c288        0xc d:/mounriver_studio/toolchain/risc-v embedded gcc12/bin/../lib/gcc/riscv-none-elf/12.2.0/../../../../riscv-none-elf/lib\libnosys.a(lseek.o)
                0x000000000000c288                _lseek
 .text._read    0x000000000000c294        0xc d:/mounriver_studio/toolchain/risc-v embedded gcc12/bin/../lib/gcc/riscv-none-elf/12.2.0/../../../../riscv-none-elf/lib\libnosys.a(read.o)
                0x000000000000c294                _read
 *(.rodata)
 *fill*         0x000000000000c2a0        0x0 
 .rodata        0x000000000000c2a0       0x18 ./User/ns_com.o
 *(.rodata*)
 .rodata.USBFS_IRQHandler
                0x000000000000c2b8       0x5c ./User/ch32v10x_usbfs_device.o
 .rodata.freq_exp2_index_lookup_tb
                0x000000000000c314      0x100 ./User/hd_rumble2.o
 .rodata.amp_exp2_index_lookup_tb_high_amp_drop
                0x000000000000c414      0x100 ./User/hd_rumble2.o
 .rodata.amp_exp2_index_lookup_tb_low_amp_rise
                0x000000000000c514       0x10 ./User/hd_rumble2.o
 .rodata.amp_exp2_index_lookup_tb_raw
                0x000000000000c524      0x100 ./User/hd_rumble2.o
 .rodata.exp2_lookup_tb
                0x000000000000c624      0x500 ./User/hd_rumble2.o
 .rodata.init_all.str1.4
                0x000000000000cb24       0x14 ./User/main.o
 .rodata.main.str1.4
                0x000000000000cb38        0xf ./User/main.o
 *fill*         0x000000000000cb47        0x1 
 .rodata.ns_mux_usb_handshake_handler
                0x000000000000cb48       0x18 ./User/ns_com_mux.o
 .rodata.fw_subcommand_dispatcher
                0x000000000000cb60       0x1c ./User/ns_com_mux.o
 .rodata.set_pwr_mode_stop.str1.4
                0x000000000000cb7c        0x7 ./User/pwr.o
 *fill*         0x000000000000cb83        0x1 
 .rodata.recv_esp32_connect_control
                0x000000000000cb84       0x40 ./User/uart_com.o
 .rodata.recv_esp32_pkg
                0x000000000000cbc4       0x30 ./User/uart_com.o
 .rodata.MySerNumInfo
                0x000000000000cbf4       0x16 ./User/usb_desc.o
                0x000000000000cbf4                MySerNumInfo
 *fill*         0x000000000000cc0a        0x2 
 .rodata.MyProdInfo
                0x000000000000cc0c       0x2a ./User/usb_desc.o
                0x000000000000cc0c                MyProdInfo
 *fill*         0x000000000000cc36        0x2 
 .rodata.MyManuInfo
                0x000000000000cc38        0xa ./User/usb_desc.o
                0x000000000000cc38                MyManuInfo
 *fill*         0x000000000000cc42        0x2 
 .rodata.MyHIDReportDesc
                0x000000000000cc44       0xdf ./User/usb_desc.o
                0x000000000000cc44                MyHIDReportDesc
 *fill*         0x000000000000cd23        0x1 
 .rodata.MyDevDescr
                0x000000000000cd24       0x12 ./User/usb_desc.o
                0x000000000000cd24                MyDevDescr
 *fill*         0x000000000000cd36        0x2 
 .rodata.__divdf3
                0x000000000000cd38       0x40 d:/mounriver_studio/toolchain/risc-v embedded gcc12/bin/../lib/gcc/riscv-none-elf/12.2.0\libgcc.a(divdf3.o)
 .rodata.__divsf3
                0x000000000000cd78       0xa8 d:/mounriver_studio/toolchain/risc-v embedded gcc12/bin/../lib/gcc/riscv-none-elf/12.2.0\libgcc.a(divsf3.o)
 .rodata.__clz_tab
                0x000000000000ce20      0x100 d:/mounriver_studio/toolchain/risc-v embedded gcc12/bin/../lib/gcc/riscv-none-elf/12.2.0\libgcc.a(_clz.o)
                0x000000000000ce20                __clz_tab
 .rodata.__sf_fake_stderr
                0x000000000000cf20       0x20 d:/mounriver_studio/toolchain/risc-v embedded gcc12/bin/../lib/gcc/riscv-none-elf/12.2.0/../../../../riscv-none-elf/lib\libg_nano.a(lib_a-findfp.o)
                0x000000000000cf20                __sf_fake_stderr
 .rodata.__sf_fake_stdout
                0x000000000000cf40       0x20 d:/mounriver_studio/toolchain/risc-v embedded gcc12/bin/../lib/gcc/riscv-none-elf/12.2.0/../../../../riscv-none-elf/lib\libg_nano.a(lib_a-findfp.o)
                0x000000000000cf40                __sf_fake_stdout
 .rodata.__sf_fake_stdin
                0x000000000000cf60       0x20 d:/mounriver_studio/toolchain/risc-v embedded gcc12/bin/../lib/gcc/riscv-none-elf/12.2.0/../../../../riscv-none-elf/lib\libg_nano.a(lib_a-findfp.o)
                0x000000000000cf60                __sf_fake_stdin
 .rodata._vfprintf_r.str1.4
                0x000000000000cf80       0x13 d:/mounriver_studio/toolchain/risc-v embedded gcc12/bin/../lib/gcc/riscv-none-elf/12.2.0/../../../../riscv-none-elf/lib\libg_nano.a(lib_a-nano-vfprintf.o)
 *fill*         0x000000000000cf93        0x1 
 .rodata._printf_i.str1.4
                0x000000000000cf94       0x25 d:/mounriver_studio/toolchain/risc-v embedded gcc12/bin/../lib/gcc/riscv-none-elf/12.2.0/../../../../riscv-none-elf/lib\libg_nano.a(lib_a-nano-vfprintf_i.o)
 *fill*         0x000000000000cfb9        0x3 
 .rodata._printf_i
                0x000000000000cfbc       0x58 d:/mounriver_studio/toolchain/risc-v embedded gcc12/bin/../lib/gcc/riscv-none-elf/12.2.0/../../../../riscv-none-elf/lib\libg_nano.a(lib_a-nano-vfprintf_i.o)
 *(.gnu.linkonce.t.*)
                0x000000000000d014                . = ALIGN (0x4)

.rela.dyn       0x000000000000d014        0x0
 .rela.init     0x000000000000d014        0x0 ./User/ch32v10x_it.o
 .rela.vector   0x000000000000d014        0x0 ./User/ch32v10x_it.o
 .rela.text.handle_reset
                0x000000000000d014        0x0 ./User/ch32v10x_it.o
 .rela.text._sbrk
                0x000000000000d014        0x0 ./User/ch32v10x_it.o
 .rela.sdata.curbrk.0
                0x000000000000d014        0x0 ./User/ch32v10x_it.o
 .rela.text._vfprintf_r
                0x000000000000d014        0x0 ./User/ch32v10x_it.o

.fini           0x000000000000d014        0x0
 *(SORT_NONE(.fini))
                0x000000000000d014                . = ALIGN (0x4)
                [!provide]                        PROVIDE (_etext = .)
                [!provide]                        PROVIDE (_eitcm = .)

.preinit_array  0x000000000000d014        0x0
                [!provide]                        PROVIDE (__preinit_array_start = .)
 *(.preinit_array)
                [!provide]                        PROVIDE (__preinit_array_end = .)

.init_array     0x000000000000d014        0x0
                [!provide]                        PROVIDE (__init_array_start = .)
 *(SORT_BY_INIT_PRIORITY(.init_array.*) SORT_BY_INIT_PRIORITY(.ctors.*))
 *(.init_array EXCLUDE_FILE(*crtend?.o *crtend.o *crtbegin?.o *crtbegin.o) .ctors)
                [!provide]                        PROVIDE (__init_array_end = .)

.fini_array     0x000000000000d014        0x0
                [!provide]                        PROVIDE (__fini_array_start = .)
 *(SORT_BY_INIT_PRIORITY(.fini_array.*) SORT_BY_INIT_PRIORITY(.dtors.*))
 *(.fini_array EXCLUDE_FILE(*crtend?.o *crtend.o *crtbegin?.o *crtbegin.o) .dtors)
                [!provide]                        PROVIDE (__fini_array_end = .)

.ctors
 *crtbegin.o(.ctors)
 *crtbegin?.o(.ctors)
 *(EXCLUDE_FILE(*crtend?.o *crtend.o) .ctors)
 *(SORT_BY_NAME(.ctors.*))
 *(.ctors)

.dtors
 *crtbegin.o(.dtors)
 *crtbegin?.o(.dtors)
 *(EXCLUDE_FILE(*crtend?.o *crtend.o) .dtors)
 *(SORT_BY_NAME(.dtors.*))
 *(.dtors)

.dalign         0x0000000020000000        0x0 load address 0x000000000000d014
                0x0000000020000000                . = ALIGN (0x4)
                0x0000000020000000                PROVIDE (_data_vma = .)

.dlalign        0x000000000000d014        0x0
                0x000000000000d014                . = ALIGN (0x4)
                0x000000000000d014                PROVIDE (_data_lma = .)

.data           0x0000000020000000     0x13cc load address 0x000000000000d014
 *(.gnu.linkonce.r.*)
 *(.data .data.*)
 .data.kb_scan  0x0000000020000000       0x10 ./User/gpio_digit.o
                0x0000000020000000                kb_scan
 .data.kb_pull  0x0000000020000010       0x10 ./User/gpio_digit.o
                0x0000000020000010                kb_pull
 .data.kb_scan_to_hid
                0x0000000020000020       0x40 ./User/gpio_digit.o
                0x0000000020000020                kb_scan_to_hid
 .data._gpio_mask_to_group_unsafe
                0x0000000020000060       0x20 ./User/gpio_digit.o
                0x0000000020000060                _gpio_mask_to_group_unsafe
 .data.CommandTable
                0x0000000020000080       0xc0 ./User/hd_rumble2.o
                0x0000000020000080                CommandTable
 .data.amp_exp2_index_lookup_tb
                0x0000000020000140      0x100 ./User/hd_rumble2.o
                0x0000000020000140                amp_exp2_index_lookup_tb
 .data.ccr_lookup_tb
                0x0000000020000240     0x1000 ./User/hd_rumble_high_accuracy.o
                0x0000000020000240                ccr_lookup_tb
 .data._imu_quat_state
                0x0000000020001240       0x1c ./User/imu_quaternion.o
                0x0000000020001240                _imu_quat_state
 .data.default_et
                0x000000002000125c        0xe ./User/ns_com.o
                0x000000002000125c                default_et
 *fill*         0x000000002000126a        0x2 
 .data.default_device_info
                0x000000002000126c        0xc ./User/ns_com.o
                0x000000002000126c                default_device_info
 .data.AHBPrescTable
                0x0000000020001278       0x10 ./User/system_ch32v10x.o
                0x0000000020001278                AHBPrescTable
 .data.MyCfgDescr
                0x0000000020001288       0x29 ./User/usb_desc.o
                0x0000000020001288                MyCfgDescr
 *fill*         0x00000000200012b1        0x3 
 .data.APBAHBPrescTable
                0x00000000200012b4       0x10 ./Peripheral/src/ch32v10x_rcc.o
 .data.impure_data
                0x00000000200012c4       0x60 d:/mounriver_studio/toolchain/risc-v embedded gcc12/bin/../lib/gcc/riscv-none-elf/12.2.0/../../../../riscv-none-elf/lib\libg_nano.a(lib_a-impure.o)
 *(.gnu.linkonce.d.*)
                0x0000000020001328                . = ALIGN (0x8)
 *fill*         0x0000000020001324        0x4 
                0x0000000020001b28                PROVIDE (__global_pointer$ = (. + 0x800))
 *(.sdata .sdata.*)
 .sdata.rumble_state
                0x0000000020001328        0x1 ./User/hd_rumble.o
                0x0000000020001328                rumble_state
 *fill*         0x0000000020001329        0x3 
 .sdata.hd_rumble_cvr_min
                0x000000002000132c        0x4 ./User/hd_rumble_high_accuracy.o
                0x000000002000132c                hd_rumble_cvr_min
 .sdata.hd_rumble_cvr_max
                0x0000000020001330        0x4 ./User/hd_rumble_high_accuracy.o
                0x0000000020001330                hd_rumble_cvr_max
 .sdata.hd_rumble_cvr_max_offset
                0x0000000020001334        0x4 ./User/hd_rumble_high_accuracy.o
                0x0000000020001334                hd_rumble_cvr_max_offset
 .sdata.hd_rumble_cvr_range
                0x0000000020001338        0x4 ./User/hd_rumble_high_accuracy.o
                0x0000000020001338                hd_rumble_cvr_range
 .sdata.switch_flag
                0x000000002000133c        0x1 ./User/hd_rumble_high_accuracy.o
 .sdata.input_mode
                0x000000002000133d        0x1 ./User/ns_com.o
                0x000000002000133d                input_mode
 *fill*         0x000000002000133e        0x2 
 .sdata.rts_tcnt
                0x0000000020001340        0x4 ./User/ns_com_mux.o
                0x0000000020001340                rts_tcnt
 .sdata.indicate_led_updated
                0x0000000020001344        0x1 ./User/spi.o
 *fill*         0x0000000020001345        0x3 
 .sdata.spi_rgb_trans
                0x0000000020001348        0x2 ./User/spi.o
                0x0000000020001348                spi_rgb_trans
 *fill*         0x000000002000134a        0x2 
 .sdata.SystemCoreClock
                0x000000002000134c        0x4 ./User/system_ch32v10x.o
                0x000000002000134c                SystemCoreClock
 .sdata.bt_connect_mode
                0x0000000020001350        0x1 ./User/uart_com.o
 *fill*         0x0000000020001351        0x3 
 .sdata.ADCPrescTable
                0x0000000020001354        0x4 ./Peripheral/src/ch32v10x_rcc.o
 .sdata.curbrk.0
                0x0000000020001358        0x4 ./Debug/debug.o
 .sdata.tiny    0x000000002000135c        0x4 d:/mounriver_studio/toolchain/risc-v embedded gcc12/bin/../lib/gcc/riscv-none-elf/12.2.0/../../../../riscv-none-elf/lib\libm_nano.a(lib_a-ef_sqrt.o)
 .sdata.one     0x0000000020001360        0x4 d:/mounriver_studio/toolchain/risc-v embedded gcc12/bin/../lib/gcc/riscv-none-elf/12.2.0/../../../../riscv-none-elf/lib\libm_nano.a(lib_a-ef_sqrt.o)
 .sdata._impure_ptr
                0x0000000020001364        0x4 d:/mounriver_studio/toolchain/risc-v embedded gcc12/bin/../lib/gcc/riscv-none-elf/12.2.0/../../../../riscv-none-elf/lib\libg_nano.a(lib_a-impure.o)
                0x0000000020001364                _impure_ptr
 *(.sdata2.*)
 *(.gnu.linkonce.s.*)
                0x0000000020001368                . = ALIGN (0x8)
 *(.srodata.cst16)
 *(.srodata.cst8)
 .srodata.cst8  0x0000000020001368       0x38 ./User/imu_quaternion.o
 *(.srodata.cst4)
 .srodata.cst4  0x00000000200013a0        0x4 ./User/conf.o
 .srodata.cst4  0x00000000200013a4        0xc ./User/imu_quaternion.o
 .srodata.cst4  0x00000000200013b0        0xc ./User/ns_com_mux.o
 *(.srodata.cst2)
 *(.srodata .srodata.*)
 .srodata.FW_SUB_VERSION
                0x00000000200013bc        0x4 ./User/conf.o
                0x00000000200013bc                FW_SUB_VERSION
 .srodata.FW_VERSION
                0x00000000200013c0        0x4 ./User/conf.o
                0x00000000200013c0                FW_VERSION
 .srodata.MyLangDescr
                0x00000000200013c4        0x4 ./User/usb_desc.o
                0x00000000200013c4                MyLangDescr
 .srodata._global_impure_ptr
                0x00000000200013c8        0x4 d:/mounriver_studio/toolchain/risc-v embedded gcc12/bin/../lib/gcc/riscv-none-elf/12.2.0/../../../../riscv-none-elf/lib\libg_nano.a(lib_a-impure.o)
                0x00000000200013c8                _global_impure_ptr
                0x00000000200013cc                . = ALIGN (0x4)
                0x00000000200013cc                PROVIDE (_edata = .)

.bss            0x00000000200013d0     0x2e8c load address 0x000000000000e3e0
                0x00000000200013d0                . = ALIGN (0x4)
                0x00000000200013d0                PROVIDE (_sbss = .)
 *(.sbss*)
 .sbss.USBFS_Endp_Busy
                0x00000000200013d0        0x8 ./User/ch32v10x_usbfs_device.o
                0x00000000200013d0                USBFS_Endp_Busy
 .sbss.USBFS_HidProtocol
                0x00000000200013d8        0x1 ./User/ch32v10x_usbfs_device.o
                0x00000000200013d8                USBFS_HidProtocol
 .sbss.USBFS_HidIdle
                0x00000000200013d9        0x1 ./User/ch32v10x_usbfs_device.o
                0x00000000200013d9                USBFS_HidIdle
 .sbss.USBFS_DevEnumStatus
                0x00000000200013da        0x1 ./User/ch32v10x_usbfs_device.o
                0x00000000200013da                USBFS_DevEnumStatus
 .sbss.USBFS_DevSleepStatus
                0x00000000200013db        0x1 ./User/ch32v10x_usbfs_device.o
                0x00000000200013db                USBFS_DevSleepStatus
 .sbss.USBFS_DevAddr
                0x00000000200013dc        0x1 ./User/ch32v10x_usbfs_device.o
                0x00000000200013dc                USBFS_DevAddr
 .sbss.USBFS_DevConfig
                0x00000000200013dd        0x1 ./User/ch32v10x_usbfs_device.o
                0x00000000200013dd                USBFS_DevConfig
 .sbss.USBFS_SetupReqLen
                0x00000000200013de        0x2 ./User/ch32v10x_usbfs_device.o
                0x00000000200013de                USBFS_SetupReqLen
 .sbss.USBFS_SetupReqIndex
                0x00000000200013e0        0x2 ./User/ch32v10x_usbfs_device.o
                0x00000000200013e0                USBFS_SetupReqIndex
 .sbss.USBFS_SetupReqValue
                0x00000000200013e2        0x2 ./User/ch32v10x_usbfs_device.o
                0x00000000200013e2                USBFS_SetupReqValue
 .sbss.USBFS_SetupReqType
                0x00000000200013e4        0x1 ./User/ch32v10x_usbfs_device.o
                0x00000000200013e4                USBFS_SetupReqType
 .sbss.USBFS_SetupReqCode
                0x00000000200013e5        0x1 ./User/ch32v10x_usbfs_device.o
                0x00000000200013e5                USBFS_SetupReqCode
 *fill*         0x00000000200013e6        0x2 
 .sbss.pUSBFS_Descr
                0x00000000200013e8        0x4 ./User/ch32v10x_usbfs_device.o
                0x00000000200013e8                pUSBFS_Descr
 .sbss.button_active_mask
                0x00000000200013ec        0x4 ./User/conf.o
                0x00000000200013ec                button_active_mask
 .sbss.joystick_snapback_deadzone_sq
                0x00000000200013f0        0x8 ./User/conf.o
                0x00000000200013f0                joystick_snapback_deadzone_sq
 .sbss.Calibrattion_Val
                0x00000000200013f8        0x2 ./User/gpio_adc.o
                0x00000000200013f8                Calibrattion_Val
 *fill*         0x00000000200013fa        0x2 
 .sbss.adc_data
                0x00000000200013fc        0x8 ./User/gpio_adc.o
                0x00000000200013fc                adc_data
 .sbss.sts_button_raw
                0x0000000020001404        0x4 ./User/gpio_digit.o
                0x0000000020001404                sts_button_raw
 .sbss.sts_button
                0x0000000020001408        0x4 ./User/gpio_digit.o
                0x0000000020001408                sts_button
 .sbss.sample   0x000000002000140c        0x8 ./User/hd_rumble2.o
                0x000000002000140c                sample
 .sbss.m_state  0x0000000020001414        0x8 ./User/hd_rumble2.o
                0x0000000020001414                m_state
 .sbss.global_sample_channel
                0x000000002000141c        0x1 ./User/hd_rumble2.o
                0x000000002000141c                global_sample_channel
 .sbss.decoded_cnt
                0x000000002000141d        0x1 ./User/hd_rumble2.o
                0x000000002000141d                decoded_cnt
 .sbss.switch_upd
                0x000000002000141e        0x1 ./User/hd_rumble_high_accuracy.o
 *fill*         0x000000002000141f        0x1 
 .sbss.tim3_counter
                0x0000000020001420        0x4 ./User/hd_rumble_high_accuracy.o
 .sbss.right_low_tick
                0x0000000020001424        0x4 ./User/hd_rumble_high_accuracy.o
 .sbss.right_high_tick
                0x0000000020001428        0x4 ./User/hd_rumble_high_accuracy.o
 .sbss.left_low_tick
                0x000000002000142c        0x4 ./User/hd_rumble_high_accuracy.o
 .sbss.left_high_tick
                0x0000000020001430        0x4 ./User/hd_rumble_high_accuracy.o
 .sbss.tim3_irq_tmp_r
                0x0000000020001434        0x4 ./User/hd_rumble_high_accuracy.o
 .sbss.tim3_irq_tmp_l
                0x0000000020001438        0x4 ./User/hd_rumble_high_accuracy.o
 .sbss.rumble_rb_overflow
                0x000000002000143c        0x1 ./User/hd_rumble_high_accuracy.o
                0x000000002000143c                rumble_rb_overflow
 *fill*         0x000000002000143d        0x3 
 .sbss.right_low_sum
                0x0000000020001440        0x4 ./User/hd_rumble_high_accuracy.o
                0x0000000020001440                right_low_sum
 .sbss.right_high_sum
                0x0000000020001444        0x4 ./User/hd_rumble_high_accuracy.o
                0x0000000020001444                right_high_sum
 .sbss.left_low_sum
                0x0000000020001448        0x4 ./User/hd_rumble_high_accuracy.o
                0x0000000020001448                left_low_sum
 .sbss.left_high_sum
                0x000000002000144c        0x4 ./User/hd_rumble_high_accuracy.o
                0x000000002000144c                left_high_sum
 .sbss.right_low_pos
                0x0000000020001450        0x2 ./User/hd_rumble_high_accuracy.o
                0x0000000020001450                right_low_pos
 .sbss.right_high_pos
                0x0000000020001452        0x2 ./User/hd_rumble_high_accuracy.o
                0x0000000020001452                right_high_pos
 .sbss.left_low_pos
                0x0000000020001454        0x2 ./User/hd_rumble_high_accuracy.o
                0x0000000020001454                left_low_pos
 .sbss.left_high_pos